[2026-08-13T17:33:29.839+0000] {taskinstance.py:1956} INFO - Dependencies all met for dep_context=non-requeueable deps ti=<TaskInstance: tlc_yellow_taxi_training_pipeline.train_model manual__2026-08-13T13:13:52.884350+00:00 [queued]>
[2026-08-13T17:33:29.864+0000] {taskinstance.py:1956} INFO - Dependencies all met for dep_context=requeueable deps ti=<TaskInstance: tlc_yellow_taxi_training_pipeline.train_model manual__2026-08-13T13:13:52.884350+00:00 [queued]>
[2026-08-13T17:33:29.865+0000] {taskinstance.py:2170} INFO - Starting attempt 2 of 2
[2026-08-13T17:33:29.896+0000] {taskinstance.py:2191} INFO - Executing <Task(_PythonDecoratedOperator): train_model> on 2026-08-13 13:13:52.884350+00:00
[2026-08-13T17:33:29.913+0000] {standard_task_runner.py:60} INFO - Started process 79 to run task
[2026-08-13T17:33:29.923+0000] {standard_task_runner.py:87} INFO - Running: ['***', 'tasks', 'run', 'tlc_yellow_taxi_training_pipeline', 'train_model', 'manual__2026-08-13T13:13:52.884350+00:00', '--job-id', '19', '--raw', '--subdir', 'DAGS_FOLDER/training_pipeline.py', '--cfg-path', '/tmp/tmpl45snjan']
[2026-08-13T17:33:29.928+0000] {standard_task_runner.py:88} INFO - Job 19: Subtask train_model
[2026-08-13T17:33:30.161+0000] {task_command.py:423} INFO - Running <TaskInstance: tlc_yellow_taxi_training_pipeline.train_model manual__2026-08-13T13:13:52.884350+00:00 [running]> on host 277e95066f0c
[2026-08-13T17:33:30.445+0000] {taskinstance.py:2480} INFO - Exporting env vars: AIRFLOW_CTX_DAG_OWNER='mlops_team' AIRFLOW_CTX_DAG_ID='tlc_yellow_taxi_training_pipeline' AIRFLOW_CTX_TASK_ID='train_model' AIRFLOW_CTX_EXECUTION_DATE='2026-08-13T13:13:52.884350+00:00' AIRFLOW_CTX_TRY_NUMBER='2' AIRFLOW_CTX_DAG_RUN_ID='manual__2026-08-13T13:13:52.884350+00:00'
[2026-08-13T17:33:35.272+0000] {taskinstance.py:2698} ERROR - Task failed with exception
Traceback (most recent call last):
  File "/home/airflow/.local/lib/python3.8/site-packages/airflow/models/taskinstance.py", line 433, in _execute_task
    result = execute_callable(context=context, **execute_callable_kwargs)
  File "/home/airflow/.local/lib/python3.8/site-packages/airflow/decorators/base.py", line 241, in execute
    return_value = super().execute(context)
  File "/home/airflow/.local/lib/python3.8/site-packages/airflow/operators/python.py", line 199, in execute
    return_value = self.execute_callable()
  File "/home/airflow/.local/lib/python3.8/site-packages/airflow/operators/python.py", line 216, in execute_callable
    return self.python_callable(*self.op_args, **self.op_kwargs)
  File "/opt/airflow/dags/training_pipeline.py", line 92, in train_model
    df = pd.read_parquet(processed_data_path)
  File "/home/airflow/.local/lib/python3.8/site-packages/pandas/io/parquet.py", line 509, in read_parquet
    return impl.read(
  File "/home/airflow/.local/lib/python3.8/site-packages/pandas/io/parquet.py", line 220, in read
    path_or_handle, handles, kwargs["filesystem"] = _get_path_or_handle(
  File "/home/airflow/.local/lib/python3.8/site-packages/pandas/io/parquet.py", line 110, in _get_path_or_handle
    handles = get_handle(
  File "/home/airflow/.local/lib/python3.8/site-packages/pandas/io/common.py", line 868, in get_handle
    handle = open(handle, ioargs.mode)
FileNotFoundError: [Errno 2] No such file or directory: '/tmp/airflow_ml/processed_taxi_data.parquet'
[2026-08-13T17:33:35.346+0000] {taskinstance.py:1138} INFO - Marking task as FAILED. dag_id=tlc_yellow_taxi_training_pipeline, task_id=train_model, execution_date=20260813T131352, start_date=20260813T173329, end_date=20260813T173335
[2026-08-13T17:33:35.384+0000] {standard_task_runner.py:107} ERROR - Failed to execute job 19 for task train_model ([Errno 2] No such file or directory: '/tmp/airflow_ml/processed_taxi_data.parquet'; 79)
[2026-08-13T17:33:35.446+0000] {local_task_job_runner.py:234} INFO - Task exited with return code 1
[2026-08-13T17:33:35.508+0000] {taskinstance.py:3280} INFO - 0 downstream tasks scheduled from follow-on schedule check
