[2026-08-13T13:05:35.709+0000] {processor.py:161} INFO - Started process (PID=129) to work on /opt/airflow/dags/training_pipeline.py
[2026-08-13T13:05:35.719+0000] {processor.py:830} INFO - Processing file /opt/airflow/dags/training_pipeline.py for tasks to queue
[2026-08-13T13:05:35.801+0000] {logging_mixin.py:188} INFO - [2026-08-13T13:05:35.794+0000] {dagbag.py:538} INFO - Filling up the DagBag from /opt/airflow/dags/training_pipeline.py
[2026-08-13T13:05:54.101+0000] {processor.py:840} INFO - DAG(s) 'tlc_yellow_taxi_training_pipeline' retrieved from /opt/airflow/dags/training_pipeline.py
[2026-08-13T13:05:54.662+0000] {logging_mixin.py:188} INFO - [2026-08-13T13:05:54.661+0000] {override.py:1769} INFO - Created Permission View: can delete on DAG:tlc_yellow_taxi_training_pipeline
[2026-08-13T13:05:54.675+0000] {logging_mixin.py:188} INFO - [2026-08-13T13:05:54.674+0000] {override.py:1769} INFO - Created Permission View: can edit on DAG:tlc_yellow_taxi_training_pipeline
[2026-08-13T13:05:54.683+0000] {logging_mixin.py:188} INFO - [2026-08-13T13:05:54.683+0000] {override.py:1769} INFO - Created Permission View: can read on DAG:tlc_yellow_taxi_training_pipeline
[2026-08-13T13:05:54.684+0000] {logging_mixin.py:188} INFO - [2026-08-13T13:05:54.684+0000] {dag.py:3036} INFO - Sync 1 DAGs
[2026-08-13T13:05:54.700+0000] {logging_mixin.py:188} INFO - [2026-08-13T13:05:54.700+0000] {dag.py:3058} INFO - Creating ORM DAG for tlc_yellow_taxi_training_pipeline
[2026-08-13T13:05:54.721+0000] {logging_mixin.py:188} INFO - [2026-08-13T13:05:54.720+0000] {dag.py:3823} INFO - Setting next_dagrun for tlc_yellow_taxi_training_pipeline to 2026-08-02 00:00:00+00:00, run_after=2026-08-09 00:00:00+00:00
[2026-08-13T13:05:54.762+0000] {processor.py:183} INFO - Processing /opt/airflow/dags/training_pipeline.py took 19.137 seconds
[2026-08-13T13:06:00.435+0000] {processor.py:161} INFO - Started process (PID=137) to work on /opt/airflow/dags/training_pipeline.py
[2026-08-13T13:06:00.441+0000] {processor.py:830} INFO - Processing file /opt/airflow/dags/training_pipeline.py for tasks to queue
[2026-08-13T13:06:00.456+0000] {logging_mixin.py:188} INFO - [2026-08-13T13:06:00.455+0000] {dagbag.py:538} INFO - Filling up the DagBag from /opt/airflow/dags/training_pipeline.py
[2026-08-13T13:06:01.972+0000] {processor.py:840} INFO - DAG(s) 'tlc_yellow_taxi_training_pipeline' retrieved from /opt/airflow/dags/training_pipeline.py
[2026-08-13T13:06:02.002+0000] {logging_mixin.py:188} INFO - [2026-08-13T13:06:02.001+0000] {dag.py:3036} INFO - Sync 1 DAGs
[2026-08-13T13:06:02.037+0000] {logging_mixin.py:188} INFO - [2026-08-13T13:06:02.037+0000] {dag.py:3823} INFO - Setting next_dagrun for tlc_yellow_taxi_training_pipeline to 2026-08-02 00:00:00+00:00, run_after=2026-08-09 00:00:00+00:00
[2026-08-13T13:06:02.072+0000] {processor.py:183} INFO - Processing /opt/airflow/dags/training_pipeline.py took 1.657 seconds
[2026-08-13T13:08:26.455+0000] {processor.py:161} INFO - Started process (PID=81) to work on /opt/airflow/dags/training_pipeline.py
[2026-08-13T13:08:26.501+0000] {processor.py:830} INFO - Processing file /opt/airflow/dags/training_pipeline.py for tasks to queue
[2026-08-13T13:08:26.572+0000] {logging_mixin.py:188} INFO - [2026-08-13T13:08:26.566+0000] {dagbag.py:538} INFO - Filling up the DagBag from /opt/airflow/dags/training_pipeline.py
[2026-08-13T13:08:33.813+0000] {processor.py:840} INFO - DAG(s) 'tlc_yellow_taxi_training_pipeline' retrieved from /opt/airflow/dags/training_pipeline.py
[2026-08-13T13:08:59.409+0000] {logging_mixin.py:188} INFO - [2026-08-13T13:08:59.401+0000] {dag.py:3036} INFO - Sync 1 DAGs
[2026-08-13T13:08:59.547+0000] {logging_mixin.py:188} INFO - [2026-08-13T13:08:59.546+0000] {dag.py:3823} INFO - Setting next_dagrun for tlc_yellow_taxi_training_pipeline to 2026-08-02 00:00:00+00:00, run_after=2026-08-09 00:00:00+00:00
[2026-08-13T13:08:59.662+0000] {processor.py:183} INFO - Processing /opt/airflow/dags/training_pipeline.py took 33.320 seconds
[2026-08-13T13:09:30.082+0000] {processor.py:161} INFO - Started process (PID=95) to work on /opt/airflow/dags/training_pipeline.py
[2026-08-13T13:09:30.087+0000] {processor.py:830} INFO - Processing file /opt/airflow/dags/training_pipeline.py for tasks to queue
[2026-08-13T13:09:30.123+0000] {logging_mixin.py:188} INFO - [2026-08-13T13:09:30.120+0000] {dagbag.py:538} INFO - Filling up the DagBag from /opt/airflow/dags/training_pipeline.py
[2026-08-13T13:09:31.819+0000] {processor.py:840} INFO - DAG(s) 'tlc_yellow_taxi_training_pipeline' retrieved from /opt/airflow/dags/training_pipeline.py
[2026-08-13T13:09:34.577+0000] {logging_mixin.py:188} INFO - [2026-08-13T13:09:34.576+0000] {dag.py:3036} INFO - Sync 1 DAGs
[2026-08-13T13:09:34.670+0000] {logging_mixin.py:188} INFO - [2026-08-13T13:09:34.669+0000] {dag.py:3823} INFO - Setting next_dagrun for tlc_yellow_taxi_training_pipeline to 2026-08-02 00:00:00+00:00, run_after=2026-08-09 00:00:00+00:00
[2026-08-13T13:09:34.758+0000] {processor.py:183} INFO - Processing /opt/airflow/dags/training_pipeline.py took 4.724 seconds
[2026-08-13T13:10:05.415+0000] {processor.py:161} INFO - Started process (PID=103) to work on /opt/airflow/dags/training_pipeline.py
[2026-08-13T13:10:05.419+0000] {processor.py:830} INFO - Processing file /opt/airflow/dags/training_pipeline.py for tasks to queue
[2026-08-13T13:10:05.432+0000] {logging_mixin.py:188} INFO - [2026-08-13T13:10:05.430+0000] {dagbag.py:538} INFO - Filling up the DagBag from /opt/airflow/dags/training_pipeline.py
[2026-08-13T13:10:06.137+0000] {processor.py:840} INFO - DAG(s) 'tlc_yellow_taxi_training_pipeline' retrieved from /opt/airflow/dags/training_pipeline.py
[2026-08-13T13:10:06.220+0000] {logging_mixin.py:188} INFO - [2026-08-13T13:10:06.219+0000] {dag.py:3036} INFO - Sync 1 DAGs
[2026-08-13T13:10:06.306+0000] {logging_mixin.py:188} INFO - [2026-08-13T13:10:06.305+0000] {dag.py:3823} INFO - Setting next_dagrun for tlc_yellow_taxi_training_pipeline to 2026-08-02 00:00:00+00:00, run_after=2026-08-09 00:00:00+00:00
[2026-08-13T13:10:06.347+0000] {processor.py:183} INFO - Processing /opt/airflow/dags/training_pipeline.py took 0.949 seconds
[2026-08-13T13:10:36.915+0000] {processor.py:161} INFO - Started process (PID=111) to work on /opt/airflow/dags/training_pipeline.py
[2026-08-13T13:10:36.922+0000] {processor.py:830} INFO - Processing file /opt/airflow/dags/training_pipeline.py for tasks to queue
[2026-08-13T13:10:36.947+0000] {logging_mixin.py:188} INFO - [2026-08-13T13:10:36.945+0000] {dagbag.py:538} INFO - Filling up the DagBag from /opt/airflow/dags/training_pipeline.py
[2026-08-13T13:10:39.317+0000] {processor.py:840} INFO - DAG(s) 'tlc_yellow_taxi_training_pipeline' retrieved from /opt/airflow/dags/training_pipeline.py
[2026-08-13T13:10:39.940+0000] {logging_mixin.py:188} INFO - [2026-08-13T13:10:39.938+0000] {dag.py:3036} INFO - Sync 1 DAGs
[2026-08-13T13:10:46.146+0000] {logging_mixin.py:188} INFO - [2026-08-13T13:10:46.144+0000] {dag.py:3823} INFO - Setting next_dagrun for tlc_yellow_taxi_training_pipeline to 2026-08-02 00:00:00+00:00, run_after=2026-08-09 00:00:00+00:00
[2026-08-13T13:10:46.203+0000] {processor.py:183} INFO - Processing /opt/airflow/dags/training_pipeline.py took 9.328 seconds
[2026-08-13T13:11:16.886+0000] {processor.py:161} INFO - Started process (PID=119) to work on /opt/airflow/dags/training_pipeline.py
[2026-08-13T13:11:16.901+0000] {processor.py:830} INFO - Processing file /opt/airflow/dags/training_pipeline.py for tasks to queue
[2026-08-13T13:11:16.936+0000] {logging_mixin.py:188} INFO - [2026-08-13T13:11:16.933+0000] {dagbag.py:538} INFO - Filling up the DagBag from /opt/airflow/dags/training_pipeline.py
[2026-08-13T13:11:19.311+0000] {processor.py:840} INFO - DAG(s) 'tlc_yellow_taxi_training_pipeline' retrieved from /opt/airflow/dags/training_pipeline.py
[2026-08-13T13:11:22.315+0000] {logging_mixin.py:188} INFO - [2026-08-13T13:11:22.313+0000] {dag.py:3036} INFO - Sync 1 DAGs
[2026-08-13T13:11:22.536+0000] {logging_mixin.py:188} INFO - [2026-08-13T13:11:22.535+0000] {dag.py:3823} INFO - Setting next_dagrun for tlc_yellow_taxi_training_pipeline to 2026-08-02 00:00:00+00:00, run_after=2026-08-09 00:00:00+00:00
[2026-08-13T13:11:22.689+0000] {processor.py:183} INFO - Processing /opt/airflow/dags/training_pipeline.py took 5.865 seconds
[2026-08-13T13:11:53.295+0000] {processor.py:161} INFO - Started process (PID=135) to work on /opt/airflow/dags/training_pipeline.py
[2026-08-13T13:11:53.298+0000] {processor.py:830} INFO - Processing file /opt/airflow/dags/training_pipeline.py for tasks to queue
[2026-08-13T13:11:53.313+0000] {logging_mixin.py:188} INFO - [2026-08-13T13:11:53.311+0000] {dagbag.py:538} INFO - Filling up the DagBag from /opt/airflow/dags/training_pipeline.py
[2026-08-13T13:11:54.075+0000] {processor.py:840} INFO - DAG(s) 'tlc_yellow_taxi_training_pipeline' retrieved from /opt/airflow/dags/training_pipeline.py
[2026-08-13T13:11:55.145+0000] {logging_mixin.py:188} INFO - [2026-08-13T13:11:55.144+0000] {dag.py:3036} INFO - Sync 1 DAGs
[2026-08-13T13:11:55.190+0000] {logging_mixin.py:188} INFO - [2026-08-13T13:11:55.190+0000] {dag.py:3823} INFO - Setting next_dagrun for tlc_yellow_taxi_training_pipeline to 2026-08-09 00:00:00+00:00, run_after=2026-08-16 00:00:00+00:00
[2026-08-13T13:11:55.236+0000] {processor.py:183} INFO - Processing /opt/airflow/dags/training_pipeline.py took 1.958 seconds
[2026-08-13T13:12:25.698+0000] {processor.py:161} INFO - Started process (PID=143) to work on /opt/airflow/dags/training_pipeline.py
[2026-08-13T13:12:25.700+0000] {processor.py:830} INFO - Processing file /opt/airflow/dags/training_pipeline.py for tasks to queue
[2026-08-13T13:12:25.709+0000] {logging_mixin.py:188} INFO - [2026-08-13T13:12:25.708+0000] {dagbag.py:538} INFO - Filling up the DagBag from /opt/airflow/dags/training_pipeline.py
[2026-08-13T13:12:26.325+0000] {processor.py:840} INFO - DAG(s) 'tlc_yellow_taxi_training_pipeline' retrieved from /opt/airflow/dags/training_pipeline.py
[2026-08-13T13:12:26.367+0000] {logging_mixin.py:188} INFO - [2026-08-13T13:12:26.366+0000] {dag.py:3036} INFO - Sync 1 DAGs
[2026-08-13T13:12:26.408+0000] {logging_mixin.py:188} INFO - [2026-08-13T13:12:26.408+0000] {dag.py:3823} INFO - Setting next_dagrun for tlc_yellow_taxi_training_pipeline to 2026-08-09 00:00:00+00:00, run_after=2026-08-16 00:00:00+00:00
[2026-08-13T13:12:26.888+0000] {processor.py:183} INFO - Processing /opt/airflow/dags/training_pipeline.py took 1.196 seconds
[2026-08-13T13:12:57.127+0000] {processor.py:161} INFO - Started process (PID=151) to work on /opt/airflow/dags/training_pipeline.py
[2026-08-13T13:12:57.129+0000] {processor.py:830} INFO - Processing file /opt/airflow/dags/training_pipeline.py for tasks to queue
[2026-08-13T13:12:57.138+0000] {logging_mixin.py:188} INFO - [2026-08-13T13:12:57.137+0000] {dagbag.py:538} INFO - Filling up the DagBag from /opt/airflow/dags/training_pipeline.py
[2026-08-13T13:12:57.766+0000] {processor.py:840} INFO - DAG(s) 'tlc_yellow_taxi_training_pipeline' retrieved from /opt/airflow/dags/training_pipeline.py
[2026-08-13T13:12:57.874+0000] {logging_mixin.py:188} INFO - [2026-08-13T13:12:57.873+0000] {dag.py:3036} INFO - Sync 1 DAGs
[2026-08-13T13:12:58.397+0000] {logging_mixin.py:188} INFO - [2026-08-13T13:12:58.396+0000] {dag.py:3823} INFO - Setting next_dagrun for tlc_yellow_taxi_training_pipeline to 2026-08-09 00:00:00+00:00, run_after=2026-08-16 00:00:00+00:00
[2026-08-13T13:12:58.441+0000] {processor.py:183} INFO - Processing /opt/airflow/dags/training_pipeline.py took 1.322 seconds
[2026-08-13T13:13:28.703+0000] {processor.py:161} INFO - Started process (PID=160) to work on /opt/airflow/dags/training_pipeline.py
[2026-08-13T13:13:28.705+0000] {processor.py:830} INFO - Processing file /opt/airflow/dags/training_pipeline.py for tasks to queue
[2026-08-13T13:13:28.710+0000] {logging_mixin.py:188} INFO - [2026-08-13T13:13:28.709+0000] {dagbag.py:538} INFO - Filling up the DagBag from /opt/airflow/dags/training_pipeline.py
[2026-08-13T13:13:29.192+0000] {processor.py:840} INFO - DAG(s) 'tlc_yellow_taxi_training_pipeline' retrieved from /opt/airflow/dags/training_pipeline.py
[2026-08-13T13:13:29.546+0000] {logging_mixin.py:188} INFO - [2026-08-13T13:13:29.545+0000] {dag.py:3036} INFO - Sync 1 DAGs
[2026-08-13T13:13:29.585+0000] {logging_mixin.py:188} INFO - [2026-08-13T13:13:29.585+0000] {dag.py:3823} INFO - Setting next_dagrun for tlc_yellow_taxi_training_pipeline to 2026-08-09 00:00:00+00:00, run_after=2026-08-16 00:00:00+00:00
[2026-08-13T13:13:29.619+0000] {processor.py:183} INFO - Processing /opt/airflow/dags/training_pipeline.py took 0.920 seconds
[2026-08-13T13:14:00.377+0000] {processor.py:161} INFO - Started process (PID=172) to work on /opt/airflow/dags/training_pipeline.py
[2026-08-13T13:14:00.393+0000] {processor.py:830} INFO - Processing file /opt/airflow/dags/training_pipeline.py for tasks to queue
[2026-08-13T13:14:00.431+0000] {logging_mixin.py:188} INFO - [2026-08-13T13:14:00.429+0000] {dagbag.py:538} INFO - Filling up the DagBag from /opt/airflow/dags/training_pipeline.py
[2026-08-13T13:14:02.159+0000] {processor.py:840} INFO - DAG(s) 'tlc_yellow_taxi_training_pipeline' retrieved from /opt/airflow/dags/training_pipeline.py
[2026-08-13T13:14:02.349+0000] {logging_mixin.py:188} INFO - [2026-08-13T13:14:02.348+0000] {dag.py:3036} INFO - Sync 1 DAGs
[2026-08-13T13:14:02.455+0000] {logging_mixin.py:188} INFO - [2026-08-13T13:14:02.454+0000] {dag.py:3823} INFO - Setting next_dagrun for tlc_yellow_taxi_training_pipeline to 2026-08-09 00:00:00+00:00, run_after=2026-08-16 00:00:00+00:00
[2026-08-13T13:14:04.459+0000] {processor.py:183} INFO - Processing /opt/airflow/dags/training_pipeline.py took 4.144 seconds
[2026-08-13T13:14:34.771+0000] {processor.py:161} INFO - Started process (PID=186) to work on /opt/airflow/dags/training_pipeline.py
[2026-08-13T13:14:34.774+0000] {processor.py:830} INFO - Processing file /opt/airflow/dags/training_pipeline.py for tasks to queue
[2026-08-13T13:14:34.786+0000] {logging_mixin.py:188} INFO - [2026-08-13T13:14:34.784+0000] {dagbag.py:538} INFO - Filling up the DagBag from /opt/airflow/dags/training_pipeline.py
[2026-08-13T13:14:35.515+0000] {processor.py:840} INFO - DAG(s) 'tlc_yellow_taxi_training_pipeline' retrieved from /opt/airflow/dags/training_pipeline.py
[2026-08-13T13:14:35.578+0000] {logging_mixin.py:188} INFO - [2026-08-13T13:14:35.578+0000] {dag.py:3036} INFO - Sync 1 DAGs
[2026-08-13T13:14:36.171+0000] {logging_mixin.py:188} INFO - [2026-08-13T13:14:36.170+0000] {dag.py:3823} INFO - Setting next_dagrun for tlc_yellow_taxi_training_pipeline to 2026-08-09 00:00:00+00:00, run_after=2026-08-16 00:00:00+00:00
[2026-08-13T13:14:36.219+0000] {processor.py:183} INFO - Processing /opt/airflow/dags/training_pipeline.py took 1.462 seconds
[2026-08-13T13:15:06.954+0000] {processor.py:161} INFO - Started process (PID=194) to work on /opt/airflow/dags/training_pipeline.py
[2026-08-13T13:15:06.958+0000] {processor.py:830} INFO - Processing file /opt/airflow/dags/training_pipeline.py for tasks to queue
[2026-08-13T13:15:06.977+0000] {logging_mixin.py:188} INFO - [2026-08-13T13:15:06.974+0000] {dagbag.py:538} INFO - Filling up the DagBag from /opt/airflow/dags/training_pipeline.py
[2026-08-13T13:43:42.246+0000] {processor.py:161} INFO - Started process (PID=109) to work on /opt/airflow/dags/training_pipeline.py
[2026-08-13T13:43:42.275+0000] {processor.py:830} INFO - Processing file /opt/airflow/dags/training_pipeline.py for tasks to queue
[2026-08-13T13:43:42.408+0000] {logging_mixin.py:188} INFO - [2026-08-13T13:43:42.402+0000] {dagbag.py:538} INFO - Filling up the DagBag from /opt/airflow/dags/training_pipeline.py
[2026-08-13T13:44:02.811+0000] {processor.py:840} INFO - DAG(s) 'tlc_yellow_taxi_training_pipeline' retrieved from /opt/airflow/dags/training_pipeline.py
[2026-08-13T13:45:04.084+0000] {processor.py:161} INFO - Started process (PID=123) to work on /opt/airflow/dags/training_pipeline.py
[2026-08-13T13:45:04.319+0000] {processor.py:830} INFO - Processing file /opt/airflow/dags/training_pipeline.py for tasks to queue
[2026-08-13T13:45:04.496+0000] {logging_mixin.py:188} INFO - [2026-08-13T13:45:04.448+0000] {dagbag.py:538} INFO - Filling up the DagBag from /opt/airflow/dags/training_pipeline.py
[2026-08-13T13:46:26.083+0000] {processor.py:161} INFO - Started process (PID=142) to work on /opt/airflow/dags/training_pipeline.py
[2026-08-13T13:46:26.126+0000] {processor.py:830} INFO - Processing file /opt/airflow/dags/training_pipeline.py for tasks to queue
[2026-08-13T13:46:26.215+0000] {logging_mixin.py:188} INFO - [2026-08-13T13:46:26.183+0000] {dagbag.py:538} INFO - Filling up the DagBag from /opt/airflow/dags/training_pipeline.py
[2026-08-13T13:46:39.788+0000] {processor.py:840} INFO - DAG(s) 'tlc_yellow_taxi_training_pipeline' retrieved from /opt/airflow/dags/training_pipeline.py
[2026-08-13T13:47:47.754+0000] {processor.py:161} INFO - Started process (PID=157) to work on /opt/airflow/dags/training_pipeline.py
[2026-08-13T13:47:47.882+0000] {processor.py:830} INFO - Processing file /opt/airflow/dags/training_pipeline.py for tasks to queue
[2026-08-13T13:47:47.982+0000] {logging_mixin.py:188} INFO - [2026-08-13T13:47:47.957+0000] {dagbag.py:538} INFO - Filling up the DagBag from /opt/airflow/dags/training_pipeline.py
[2026-08-13T13:49:10.141+0000] {processor.py:161} INFO - Started process (PID=179) to work on /opt/airflow/dags/training_pipeline.py
[2026-08-13T13:49:10.227+0000] {processor.py:830} INFO - Processing file /opt/airflow/dags/training_pipeline.py for tasks to queue
[2026-08-13T13:49:10.344+0000] {logging_mixin.py:188} INFO - [2026-08-13T13:49:10.280+0000] {dagbag.py:538} INFO - Filling up the DagBag from /opt/airflow/dags/training_pipeline.py
[2026-08-13T13:50:32.906+0000] {processor.py:161} INFO - Started process (PID=188) to work on /opt/airflow/dags/training_pipeline.py
[2026-08-13T13:50:33.073+0000] {processor.py:830} INFO - Processing file /opt/airflow/dags/training_pipeline.py for tasks to queue
[2026-08-13T13:50:33.296+0000] {logging_mixin.py:188} INFO - [2026-08-13T13:50:33.193+0000] {dagbag.py:538} INFO - Filling up the DagBag from /opt/airflow/dags/training_pipeline.py
[2026-08-13T13:51:34.139+0000] {logging_mixin.py:188} INFO - [2026-08-13T13:51:08.883+0000] {timeout.py:68} ERROR - Process timed out, PID: 188
[2026-08-13T13:53:12.343+0000] {logging_mixin.py:188} INFO - [2026-08-13T13:52:17.506+0000] {dagbag.py:348} ERROR - Failed to import: /opt/airflow/dags/training_pipeline.py
Traceback (most recent call last):
  File "/home/airflow/.local/lib/python3.8/site-packages/airflow/models/dagbag.py", line 344, in parse
    loader.exec_module(new_module)
  File "<frozen importlib._bootstrap_external>", line 843, in exec_module
  File "<frozen importlib._bootstrap>", line 219, in _call_with_frames_removed
  File "/opt/airflow/dags/training_pipeline.py", line 5, in <module>
    import pandas as pd
  File "/home/airflow/.local/lib/python3.8/site-packages/pandas/__init__.py", line 22, in <module>
    from pandas.compat import is_numpy_dev as _is_numpy_dev  # pyright: ignore # noqa:F401
  File "/home/airflow/.local/lib/python3.8/site-packages/pandas/compat/__init__.py", line 16, in <module>
    from pandas._typing import F
  File "/home/airflow/.local/lib/python3.8/site-packages/pandas/_typing.py", line 311, in <module>
    PositionalIndexerTuple = Tuple[PositionalIndexer, PositionalIndexer]
  File "/usr/local/lib/python3.8/typing.py", line 804, in __getitem__
    return self.__getitem_inner__(params)
  File "/usr/local/lib/python3.8/typing.py", line 258, in inner
    return cached(*args, **kwds)
  File "/usr/local/lib/python3.8/typing.py", line 830, in __getitem_inner__
    params = tuple(_type_check(p, msg) for p in params)
  File "/usr/local/lib/python3.8/typing.py", line 830, in <genexpr>
    params = tuple(_type_check(p, msg) for p in params)
  File "/usr/local/lib/python3.8/typing.py", line 136, in _type_check
    if arg is None:
  File "/home/airflow/.local/lib/python3.8/site-packages/airflow/utils/timeout.py", line 69, in handle_timeout
    raise AirflowTaskTimeout(self.error_message)
airflow.exceptions.AirflowTaskTimeout: DagBag import timeout for /opt/airflow/dags/training_pipeline.py after 30.0s.
Please take a look at these docs to improve your DAG import time:
* https://airflow.apache.org/docs/apache-airflow/2.8.1/best-practices.html#top-level-python-code
* https://airflow.apache.org/docs/apache-airflow/2.8.1/best-practices.html#reducing-dag-complexity, PID: 188
[2026-08-13T13:53:40.882+0000] {processor.py:842} WARNING - No viable dags retrieved from /opt/airflow/dags/training_pipeline.py
[2026-08-13T17:33:05.021+0000] {processor.py:161} INFO - Started process (PID=68) to work on /opt/airflow/dags/training_pipeline.py
[2026-08-13T17:33:05.024+0000] {processor.py:830} INFO - Processing file /opt/airflow/dags/training_pipeline.py for tasks to queue
[2026-08-13T17:33:05.029+0000] {logging_mixin.py:188} INFO - [2026-08-13T17:33:05.028+0000] {dagbag.py:538} INFO - Filling up the DagBag from /opt/airflow/dags/training_pipeline.py
[2026-08-13T17:33:09.666+0000] {processor.py:840} INFO - DAG(s) 'tlc_yellow_taxi_training_pipeline' retrieved from /opt/airflow/dags/training_pipeline.py
[2026-08-13T17:33:20.835+0000] {logging_mixin.py:188} INFO - [2026-08-13T17:33:20.831+0000] {dag.py:3036} INFO - Sync 1 DAGs
[2026-08-13T17:33:20.912+0000] {logging_mixin.py:188} INFO - [2026-08-13T17:33:20.912+0000] {dag.py:3823} INFO - Setting next_dagrun for tlc_yellow_taxi_training_pipeline to 2026-08-12 00:00:00+00:00, run_after=2026-08-13 00:00:00+00:00
[2026-08-13T17:33:20.999+0000] {processor.py:183} INFO - Processing /opt/airflow/dags/training_pipeline.py took 16.045 seconds
[2026-08-13T17:33:52.334+0000] {processor.py:161} INFO - Started process (PID=87) to work on /opt/airflow/dags/training_pipeline.py
[2026-08-13T17:33:52.351+0000] {processor.py:830} INFO - Processing file /opt/airflow/dags/training_pipeline.py for tasks to queue
[2026-08-13T17:33:52.484+0000] {logging_mixin.py:188} INFO - [2026-08-13T17:33:52.464+0000] {dagbag.py:538} INFO - Filling up the DagBag from /opt/airflow/dags/training_pipeline.py
[2026-08-13T17:33:59.033+0000] {processor.py:840} INFO - DAG(s) 'tlc_yellow_taxi_training_pipeline' retrieved from /opt/airflow/dags/training_pipeline.py
[2026-08-13T17:34:09.789+0000] {logging_mixin.py:188} INFO - [2026-08-13T17:34:09.783+0000] {dag.py:3036} INFO - Sync 1 DAGs
[2026-08-13T17:34:10.084+0000] {logging_mixin.py:188} INFO - [2026-08-13T17:34:10.078+0000] {dag.py:3823} INFO - Setting next_dagrun for tlc_yellow_taxi_training_pipeline to 2026-08-13 00:00:00+00:00, run_after=2026-08-14 00:00:00+00:00
[2026-08-13T17:34:10.284+0000] {processor.py:183} INFO - Processing /opt/airflow/dags/training_pipeline.py took 18.137 seconds
[2026-08-13T17:34:41.420+0000] {processor.py:161} INFO - Started process (PID=95) to work on /opt/airflow/dags/training_pipeline.py
[2026-08-13T17:34:41.431+0000] {processor.py:830} INFO - Processing file /opt/airflow/dags/training_pipeline.py for tasks to queue
[2026-08-13T17:34:41.486+0000] {logging_mixin.py:188} INFO - [2026-08-13T17:34:41.480+0000] {dagbag.py:538} INFO - Filling up the DagBag from /opt/airflow/dags/training_pipeline.py
[2026-08-13T17:34:45.349+0000] {processor.py:840} INFO - DAG(s) 'tlc_yellow_taxi_training_pipeline' retrieved from /opt/airflow/dags/training_pipeline.py
[2026-08-13T17:34:45.390+0000] {logging_mixin.py:188} INFO - [2026-08-13T17:34:45.389+0000] {dag.py:3036} INFO - Sync 1 DAGs
[2026-08-13T17:34:45.425+0000] {logging_mixin.py:188} INFO - [2026-08-13T17:34:45.425+0000] {dag.py:3823} INFO - Setting next_dagrun for tlc_yellow_taxi_training_pipeline to 2026-08-13 00:00:00+00:00, run_after=2026-08-14 00:00:00+00:00
[2026-08-13T17:34:45.466+0000] {processor.py:183} INFO - Processing /opt/airflow/dags/training_pipeline.py took 4.113 seconds
[2026-08-13T17:34:47.425+0000] {processor.py:161} INFO - Started process (PID=103) to work on /opt/airflow/dags/training_pipeline.py
[2026-08-13T17:34:47.427+0000] {processor.py:830} INFO - Processing file /opt/airflow/dags/training_pipeline.py for tasks to queue
[2026-08-13T17:34:47.433+0000] {logging_mixin.py:188} INFO - [2026-08-13T17:34:47.431+0000] {dagbag.py:538} INFO - Filling up the DagBag from /opt/airflow/dags/training_pipeline.py
[2026-08-13T17:34:48.198+0000] {processor.py:840} INFO - DAG(s) 'tlc_yellow_taxi_training_pipeline' retrieved from /opt/airflow/dags/training_pipeline.py
[2026-08-13T17:34:48.229+0000] {logging_mixin.py:188} INFO - [2026-08-13T17:34:48.229+0000] {taskinstance.py:2700} ERROR - {'DAG Id': 'tlc_yellow_taxi_training_pipeline', 'Task Id': 'train_model', 'Run Id': 'scheduled__2026-08-12T00:00:00+00:00', 'Hostname': '277e95066f0c', 'External Executor Id': 'b07ea55e-3838-4255-9c9c-d6346903cbca'}
[2026-08-13T17:34:48.262+0000] {logging_mixin.py:188} INFO - [2026-08-13T17:34:48.262+0000] {taskinstance.py:1138} INFO - Marking task as UP_FOR_RETRY. dag_id=tlc_yellow_taxi_training_pipeline, task_id=train_model, execution_date=20260812T000000, start_date=20260813T173339, end_date=20260813T173448
[2026-08-13T17:34:48.288+0000] {processor.py:791} INFO - Executed failure callback for <TaskInstance: tlc_yellow_taxi_training_pipeline.train_model scheduled__2026-08-12T00:00:00+00:00 [up_for_retry]> in state up_for_retry
[2026-08-13T17:34:48.319+0000] {logging_mixin.py:188} INFO - [2026-08-13T17:34:48.318+0000] {dag.py:3036} INFO - Sync 1 DAGs
[2026-08-13T17:34:48.344+0000] {logging_mixin.py:188} INFO - [2026-08-13T17:34:48.343+0000] {dag.py:3823} INFO - Setting next_dagrun for tlc_yellow_taxi_training_pipeline to 2026-08-13 00:00:00+00:00, run_after=2026-08-14 00:00:00+00:00
[2026-08-13T17:34:48.370+0000] {processor.py:183} INFO - Processing /opt/airflow/dags/training_pipeline.py took 0.949 seconds
[2026-08-13T17:35:18.753+0000] {processor.py:161} INFO - Started process (PID=111) to work on /opt/airflow/dags/training_pipeline.py
[2026-08-13T17:35:18.756+0000] {processor.py:830} INFO - Processing file /opt/airflow/dags/training_pipeline.py for tasks to queue
[2026-08-13T17:35:18.759+0000] {logging_mixin.py:188} INFO - [2026-08-13T17:35:18.759+0000] {dagbag.py:538} INFO - Filling up the DagBag from /opt/airflow/dags/training_pipeline.py
[2026-08-13T17:35:19.238+0000] {processor.py:840} INFO - DAG(s) 'tlc_yellow_taxi_training_pipeline' retrieved from /opt/airflow/dags/training_pipeline.py
[2026-08-13T17:35:19.488+0000] {logging_mixin.py:188} INFO - [2026-08-13T17:35:19.487+0000] {dag.py:3036} INFO - Sync 1 DAGs
[2026-08-13T17:35:19.524+0000] {logging_mixin.py:188} INFO - [2026-08-13T17:35:19.524+0000] {dag.py:3823} INFO - Setting next_dagrun for tlc_yellow_taxi_training_pipeline to 2026-08-13 00:00:00+00:00, run_after=2026-08-14 00:00:00+00:00
[2026-08-13T17:35:19.560+0000] {processor.py:183} INFO - Processing /opt/airflow/dags/training_pipeline.py took 0.815 seconds
[2026-08-13T17:35:50.242+0000] {processor.py:161} INFO - Started process (PID=119) to work on /opt/airflow/dags/training_pipeline.py
[2026-08-13T17:35:50.256+0000] {processor.py:830} INFO - Processing file /opt/airflow/dags/training_pipeline.py for tasks to queue
[2026-08-13T17:35:50.294+0000] {logging_mixin.py:188} INFO - [2026-08-13T17:35:50.291+0000] {dagbag.py:538} INFO - Filling up the DagBag from /opt/airflow/dags/training_pipeline.py
[2026-08-13T17:35:59.155+0000] {processor.py:840} INFO - DAG(s) 'tlc_yellow_taxi_training_pipeline' retrieved from /opt/airflow/dags/training_pipeline.py
[2026-08-13T17:35:59.377+0000] {logging_mixin.py:188} INFO - [2026-08-13T17:35:59.375+0000] {dag.py:3036} INFO - Sync 1 DAGs
[2026-08-13T17:35:59.548+0000] {logging_mixin.py:188} INFO - [2026-08-13T17:35:59.547+0000] {dag.py:3823} INFO - Setting next_dagrun for tlc_yellow_taxi_training_pipeline to 2026-08-13 00:00:00+00:00, run_after=2026-08-14 00:00:00+00:00
[2026-08-13T17:35:59.646+0000] {processor.py:183} INFO - Processing /opt/airflow/dags/training_pipeline.py took 9.472 seconds
[2026-08-13T17:36:30.328+0000] {processor.py:161} INFO - Started process (PID=127) to work on /opt/airflow/dags/training_pipeline.py
[2026-08-13T17:36:30.332+0000] {processor.py:830} INFO - Processing file /opt/airflow/dags/training_pipeline.py for tasks to queue
[2026-08-13T17:36:30.351+0000] {logging_mixin.py:188} INFO - [2026-08-13T17:36:30.349+0000] {dagbag.py:538} INFO - Filling up the DagBag from /opt/airflow/dags/training_pipeline.py
[2026-08-13T17:36:31.986+0000] {processor.py:840} INFO - DAG(s) 'tlc_yellow_taxi_training_pipeline' retrieved from /opt/airflow/dags/training_pipeline.py
[2026-08-13T17:36:32.038+0000] {logging_mixin.py:188} INFO - [2026-08-13T17:36:32.037+0000] {dag.py:3036} INFO - Sync 1 DAGs
[2026-08-13T17:36:32.086+0000] {logging_mixin.py:188} INFO - [2026-08-13T17:36:32.086+0000] {dag.py:3823} INFO - Setting next_dagrun for tlc_yellow_taxi_training_pipeline to 2026-08-13 00:00:00+00:00, run_after=2026-08-14 00:00:00+00:00
[2026-08-13T17:36:32.125+0000] {processor.py:183} INFO - Processing /opt/airflow/dags/training_pipeline.py took 1.818 seconds
[2026-08-13T17:37:02.358+0000] {processor.py:161} INFO - Started process (PID=135) to work on /opt/airflow/dags/training_pipeline.py
[2026-08-13T17:37:02.369+0000] {processor.py:830} INFO - Processing file /opt/airflow/dags/training_pipeline.py for tasks to queue
[2026-08-13T17:37:02.391+0000] {logging_mixin.py:188} INFO - [2026-08-13T17:37:02.389+0000] {dagbag.py:538} INFO - Filling up the DagBag from /opt/airflow/dags/training_pipeline.py
[2026-08-13T17:37:08.691+0000] {processor.py:840} INFO - DAG(s) 'tlc_yellow_taxi_training_pipeline' retrieved from /opt/airflow/dags/training_pipeline.py
[2026-08-13T17:37:08.957+0000] {logging_mixin.py:188} INFO - [2026-08-13T17:37:08.955+0000] {dag.py:3036} INFO - Sync 1 DAGs
[2026-08-13T17:37:09.122+0000] {logging_mixin.py:188} INFO - [2026-08-13T17:37:09.121+0000] {dag.py:3823} INFO - Setting next_dagrun for tlc_yellow_taxi_training_pipeline to 2026-08-13 00:00:00+00:00, run_after=2026-08-14 00:00:00+00:00
[2026-08-13T17:37:09.301+0000] {processor.py:183} INFO - Processing /opt/airflow/dags/training_pipeline.py took 6.990 seconds
[2026-08-13T17:37:39.875+0000] {processor.py:161} INFO - Started process (PID=143) to work on /opt/airflow/dags/training_pipeline.py
[2026-08-13T17:37:39.879+0000] {processor.py:830} INFO - Processing file /opt/airflow/dags/training_pipeline.py for tasks to queue
[2026-08-13T17:37:39.893+0000] {logging_mixin.py:188} INFO - [2026-08-13T17:37:39.891+0000] {dagbag.py:538} INFO - Filling up the DagBag from /opt/airflow/dags/training_pipeline.py
[2026-08-13T17:37:41.488+0000] {processor.py:840} INFO - DAG(s) 'tlc_yellow_taxi_training_pipeline' retrieved from /opt/airflow/dags/training_pipeline.py
[2026-08-13T17:37:44.978+0000] {logging_mixin.py:188} INFO - [2026-08-13T17:37:44.977+0000] {dag.py:3036} INFO - Sync 1 DAGs
[2026-08-13T17:37:45.358+0000] {logging_mixin.py:188} INFO - [2026-08-13T17:37:45.355+0000] {dag.py:3823} INFO - Setting next_dagrun for tlc_yellow_taxi_training_pipeline to 2026-08-13 00:00:00+00:00, run_after=2026-08-14 00:00:00+00:00
[2026-08-13T17:37:45.952+0000] {processor.py:183} INFO - Processing /opt/airflow/dags/training_pipeline.py took 6.103 seconds
[2026-08-13T17:37:51.351+0000] {processor.py:161} INFO - Started process (PID=151) to work on /opt/airflow/dags/training_pipeline.py
[2026-08-13T17:37:51.399+0000] {processor.py:830} INFO - Processing file /opt/airflow/dags/training_pipeline.py for tasks to queue
[2026-08-13T17:37:51.449+0000] {logging_mixin.py:188} INFO - [2026-08-13T17:37:51.447+0000] {dagbag.py:538} INFO - Filling up the DagBag from /opt/airflow/dags/training_pipeline.py
[2026-08-13T17:37:55.179+0000] {processor.py:840} INFO - DAG(s) 'tlc_yellow_taxi_training_pipeline' retrieved from /opt/airflow/dags/training_pipeline.py
[2026-08-13T17:37:55.318+0000] {logging_mixin.py:188} INFO - [2026-08-13T17:37:55.318+0000] {taskinstance.py:2700} ERROR - {'DAG Id': 'tlc_yellow_taxi_training_pipeline', 'Task Id': 'train_model', 'Run Id': 'scheduled__2026-08-12T00:00:00+00:00', 'Hostname': '277e95066f0c', 'External Executor Id': '1901cb78-d4ff-47e5-b859-a1f6a2ef6ee7'}
[2026-08-13T17:37:55.433+0000] {logging_mixin.py:188} INFO - [2026-08-13T17:37:55.432+0000] {taskinstance.py:1138} INFO - Marking task as FAILED. dag_id=tlc_yellow_taxi_training_pipeline, task_id=train_model, execution_date=20260812T000000, start_date=20260813T173654, end_date=20260813T173755
[2026-08-13T17:37:55.747+0000] {processor.py:791} INFO - Executed failure callback for <TaskInstance: tlc_yellow_taxi_training_pipeline.train_model scheduled__2026-08-12T00:00:00+00:00 [failed]> in state failed
[2026-08-13T17:37:55.769+0000] {logging_mixin.py:188} INFO - [2026-08-13T17:37:55.768+0000] {taskinstance.py:2700} ERROR - {'DAG Id': 'tlc_yellow_taxi_training_pipeline', 'Task Id': 'train_model', 'Run Id': 'scheduled__2026-08-12T00:00:00+00:00', 'Hostname': '277e95066f0c', 'External Executor Id': '1901cb78-d4ff-47e5-b859-a1f6a2ef6ee7'}
[2026-08-13T17:37:55.815+0000] {logging_mixin.py:188} INFO - [2026-08-13T17:37:55.814+0000] {taskinstance.py:1138} INFO - Marking task as FAILED. dag_id=tlc_yellow_taxi_training_pipeline, task_id=train_model, execution_date=20260812T000000, start_date=20260813T173654, end_date=20260813T173755
[2026-08-13T17:37:55.863+0000] {processor.py:791} INFO - Executed failure callback for <TaskInstance: tlc_yellow_taxi_training_pipeline.train_model scheduled__2026-08-12T00:00:00+00:00 [failed]> in state failed
[2026-08-13T17:37:56.093+0000] {logging_mixin.py:188} INFO - [2026-08-13T17:37:56.090+0000] {dag.py:3036} INFO - Sync 1 DAGs
[2026-08-13T17:37:56.207+0000] {logging_mixin.py:188} INFO - [2026-08-13T17:37:56.205+0000] {dag.py:3823} INFO - Setting next_dagrun for tlc_yellow_taxi_training_pipeline to 2026-08-13 00:00:00+00:00, run_after=2026-08-14 00:00:00+00:00
[2026-08-13T17:37:56.277+0000] {processor.py:183} INFO - Processing /opt/airflow/dags/training_pipeline.py took 5.047 seconds
[2026-08-13T17:38:26.631+0000] {processor.py:161} INFO - Started process (PID=159) to work on /opt/airflow/dags/training_pipeline.py
[2026-08-13T17:38:26.634+0000] {processor.py:830} INFO - Processing file /opt/airflow/dags/training_pipeline.py for tasks to queue
[2026-08-13T17:38:26.644+0000] {logging_mixin.py:188} INFO - [2026-08-13T17:38:26.643+0000] {dagbag.py:538} INFO - Filling up the DagBag from /opt/airflow/dags/training_pipeline.py
[2026-08-13T17:38:27.961+0000] {processor.py:840} INFO - DAG(s) 'tlc_yellow_taxi_training_pipeline' retrieved from /opt/airflow/dags/training_pipeline.py
[2026-08-13T17:38:28.069+0000] {logging_mixin.py:188} INFO - [2026-08-13T17:38:28.068+0000] {dag.py:3036} INFO - Sync 1 DAGs
[2026-08-13T17:38:28.118+0000] {logging_mixin.py:188} INFO - [2026-08-13T17:38:28.118+0000] {dag.py:3823} INFO - Setting next_dagrun for tlc_yellow_taxi_training_pipeline to 2026-08-13 00:00:00+00:00, run_after=2026-08-14 00:00:00+00:00
[2026-08-13T17:38:28.160+0000] {processor.py:183} INFO - Processing /opt/airflow/dags/training_pipeline.py took 1.547 seconds
[2026-08-13T17:38:58.745+0000] {processor.py:161} INFO - Started process (PID=167) to work on /opt/airflow/dags/training_pipeline.py
[2026-08-13T17:38:58.751+0000] {processor.py:830} INFO - Processing file /opt/airflow/dags/training_pipeline.py for tasks to queue
[2026-08-13T17:38:58.755+0000] {logging_mixin.py:188} INFO - [2026-08-13T17:38:58.754+0000] {dagbag.py:538} INFO - Filling up the DagBag from /opt/airflow/dags/training_pipeline.py
[2026-08-13T17:39:00.290+0000] {processor.py:840} INFO - DAG(s) 'tlc_yellow_taxi_training_pipeline' retrieved from /opt/airflow/dags/training_pipeline.py
[2026-08-13T17:39:00.876+0000] {logging_mixin.py:188} INFO - [2026-08-13T17:39:00.875+0000] {dag.py:3036} INFO - Sync 1 DAGs
[2026-08-13T17:39:00.919+0000] {logging_mixin.py:188} INFO - [2026-08-13T17:39:00.919+0000] {dag.py:3823} INFO - Setting next_dagrun for tlc_yellow_taxi_training_pipeline to 2026-08-13 00:00:00+00:00, run_after=2026-08-14 00:00:00+00:00
[2026-08-13T17:39:00.958+0000] {processor.py:183} INFO - Processing /opt/airflow/dags/training_pipeline.py took 2.219 seconds
[2026-08-13T17:39:31.169+0000] {processor.py:161} INFO - Started process (PID=175) to work on /opt/airflow/dags/training_pipeline.py
[2026-08-13T17:39:31.172+0000] {processor.py:830} INFO - Processing file /opt/airflow/dags/training_pipeline.py for tasks to queue
[2026-08-13T17:39:31.179+0000] {logging_mixin.py:188} INFO - [2026-08-13T17:39:31.178+0000] {dagbag.py:538} INFO - Filling up the DagBag from /opt/airflow/dags/training_pipeline.py
[2026-08-13T17:39:31.858+0000] {processor.py:840} INFO - DAG(s) 'tlc_yellow_taxi_training_pipeline' retrieved from /opt/airflow/dags/training_pipeline.py
[2026-08-13T17:39:31.896+0000] {logging_mixin.py:188} INFO - [2026-08-13T17:39:31.896+0000] {dag.py:3036} INFO - Sync 1 DAGs
[2026-08-13T17:39:31.937+0000] {logging_mixin.py:188} INFO - [2026-08-13T17:39:31.937+0000] {dag.py:3823} INFO - Setting next_dagrun for tlc_yellow_taxi_training_pipeline to 2026-08-13 00:00:00+00:00, run_after=2026-08-14 00:00:00+00:00
[2026-08-13T17:39:31.966+0000] {processor.py:183} INFO - Processing /opt/airflow/dags/training_pipeline.py took 0.804 seconds
[2026-08-13T17:40:02.521+0000] {processor.py:161} INFO - Started process (PID=183) to work on /opt/airflow/dags/training_pipeline.py
[2026-08-13T17:40:02.524+0000] {processor.py:830} INFO - Processing file /opt/airflow/dags/training_pipeline.py for tasks to queue
[2026-08-13T17:40:02.528+0000] {logging_mixin.py:188} INFO - [2026-08-13T17:40:02.527+0000] {dagbag.py:538} INFO - Filling up the DagBag from /opt/airflow/dags/training_pipeline.py
[2026-08-13T17:40:03.678+0000] {processor.py:840} INFO - DAG(s) 'tlc_yellow_taxi_training_pipeline' retrieved from /opt/airflow/dags/training_pipeline.py
[2026-08-13T17:40:03.720+0000] {logging_mixin.py:188} INFO - [2026-08-13T17:40:03.719+0000] {dag.py:3036} INFO - Sync 1 DAGs
[2026-08-13T17:40:03.762+0000] {logging_mixin.py:188} INFO - [2026-08-13T17:40:03.762+0000] {dag.py:3823} INFO - Setting next_dagrun for tlc_yellow_taxi_training_pipeline to 2026-08-13 00:00:00+00:00, run_after=2026-08-14 00:00:00+00:00
[2026-08-13T17:40:03.804+0000] {processor.py:183} INFO - Processing /opt/airflow/dags/training_pipeline.py took 1.293 seconds
[2026-08-13T17:40:34.101+0000] {processor.py:161} INFO - Started process (PID=191) to work on /opt/airflow/dags/training_pipeline.py
[2026-08-13T17:40:34.113+0000] {processor.py:830} INFO - Processing file /opt/airflow/dags/training_pipeline.py for tasks to queue
[2026-08-13T17:40:34.117+0000] {logging_mixin.py:188} INFO - [2026-08-13T17:40:34.116+0000] {dagbag.py:538} INFO - Filling up the DagBag from /opt/airflow/dags/training_pipeline.py
[2026-08-13T17:40:35.228+0000] {processor.py:840} INFO - DAG(s) 'tlc_yellow_taxi_training_pipeline' retrieved from /opt/airflow/dags/training_pipeline.py
[2026-08-13T17:40:35.267+0000] {logging_mixin.py:188} INFO - [2026-08-13T17:40:35.266+0000] {dag.py:3036} INFO - Sync 1 DAGs
[2026-08-13T17:40:35.305+0000] {logging_mixin.py:188} INFO - [2026-08-13T17:40:35.304+0000] {dag.py:3823} INFO - Setting next_dagrun for tlc_yellow_taxi_training_pipeline to 2026-08-13 00:00:00+00:00, run_after=2026-08-14 00:00:00+00:00
[2026-08-13T17:40:35.338+0000] {processor.py:183} INFO - Processing /opt/airflow/dags/training_pipeline.py took 1.242 seconds
[2026-08-13T17:41:05.612+0000] {processor.py:161} INFO - Started process (PID=199) to work on /opt/airflow/dags/training_pipeline.py
[2026-08-13T17:41:05.615+0000] {processor.py:830} INFO - Processing file /opt/airflow/dags/training_pipeline.py for tasks to queue
[2026-08-13T17:41:05.622+0000] {logging_mixin.py:188} INFO - [2026-08-13T17:41:05.621+0000] {dagbag.py:538} INFO - Filling up the DagBag from /opt/airflow/dags/training_pipeline.py
[2026-08-13T17:41:06.527+0000] {processor.py:840} INFO - DAG(s) 'tlc_yellow_taxi_training_pipeline' retrieved from /opt/airflow/dags/training_pipeline.py
[2026-08-13T17:41:06.573+0000] {logging_mixin.py:188} INFO - [2026-08-13T17:41:06.572+0000] {dag.py:3036} INFO - Sync 1 DAGs
[2026-08-13T17:41:06.605+0000] {logging_mixin.py:188} INFO - [2026-08-13T17:41:06.605+0000] {dag.py:3823} INFO - Setting next_dagrun for tlc_yellow_taxi_training_pipeline to 2026-08-13 00:00:00+00:00, run_after=2026-08-14 00:00:00+00:00
[2026-08-13T17:41:06.631+0000] {processor.py:183} INFO - Processing /opt/airflow/dags/training_pipeline.py took 1.024 seconds
[2026-08-13T17:41:37.055+0000] {processor.py:161} INFO - Started process (PID=207) to work on /opt/airflow/dags/training_pipeline.py
[2026-08-13T17:41:37.058+0000] {processor.py:830} INFO - Processing file /opt/airflow/dags/training_pipeline.py for tasks to queue
[2026-08-13T17:41:37.061+0000] {logging_mixin.py:188} INFO - [2026-08-13T17:41:37.061+0000] {dagbag.py:538} INFO - Filling up the DagBag from /opt/airflow/dags/training_pipeline.py
[2026-08-13T17:41:37.824+0000] {processor.py:840} INFO - DAG(s) 'tlc_yellow_taxi_training_pipeline' retrieved from /opt/airflow/dags/training_pipeline.py
[2026-08-13T17:41:37.868+0000] {logging_mixin.py:188} INFO - [2026-08-13T17:41:37.866+0000] {dag.py:3036} INFO - Sync 1 DAGs
[2026-08-13T17:41:37.905+0000] {logging_mixin.py:188} INFO - [2026-08-13T17:41:37.905+0000] {dag.py:3823} INFO - Setting next_dagrun for tlc_yellow_taxi_training_pipeline to 2026-08-13 00:00:00+00:00, run_after=2026-08-14 00:00:00+00:00
[2026-08-13T17:41:37.945+0000] {processor.py:183} INFO - Processing /opt/airflow/dags/training_pipeline.py took 0.897 seconds
[2026-08-13T17:42:08.422+0000] {processor.py:161} INFO - Started process (PID=215) to work on /opt/airflow/dags/training_pipeline.py
[2026-08-13T17:42:08.424+0000] {processor.py:830} INFO - Processing file /opt/airflow/dags/training_pipeline.py for tasks to queue
[2026-08-13T17:42:08.429+0000] {logging_mixin.py:188} INFO - [2026-08-13T17:42:08.428+0000] {dagbag.py:538} INFO - Filling up the DagBag from /opt/airflow/dags/training_pipeline.py
[2026-08-13T17:42:09.111+0000] {processor.py:840} INFO - DAG(s) 'tlc_yellow_taxi_training_pipeline' retrieved from /opt/airflow/dags/training_pipeline.py
[2026-08-13T17:42:09.174+0000] {logging_mixin.py:188} INFO - [2026-08-13T17:42:09.173+0000] {dag.py:3036} INFO - Sync 1 DAGs
[2026-08-13T17:42:09.217+0000] {logging_mixin.py:188} INFO - [2026-08-13T17:42:09.217+0000] {dag.py:3823} INFO - Setting next_dagrun for tlc_yellow_taxi_training_pipeline to 2026-08-13 00:00:00+00:00, run_after=2026-08-14 00:00:00+00:00
[2026-08-13T17:42:09.254+0000] {processor.py:183} INFO - Processing /opt/airflow/dags/training_pipeline.py took 0.838 seconds
[2026-08-13T17:42:39.862+0000] {processor.py:161} INFO - Started process (PID=223) to work on /opt/airflow/dags/training_pipeline.py
[2026-08-13T17:42:39.869+0000] {processor.py:830} INFO - Processing file /opt/airflow/dags/training_pipeline.py for tasks to queue
[2026-08-13T17:42:39.883+0000] {logging_mixin.py:188} INFO - [2026-08-13T17:42:39.881+0000] {dagbag.py:538} INFO - Filling up the DagBag from /opt/airflow/dags/training_pipeline.py
[2026-08-13T17:42:41.701+0000] {processor.py:840} INFO - DAG(s) 'tlc_yellow_taxi_training_pipeline' retrieved from /opt/airflow/dags/training_pipeline.py
[2026-08-13T17:42:41.745+0000] {logging_mixin.py:188} INFO - [2026-08-13T17:42:41.745+0000] {dag.py:3036} INFO - Sync 1 DAGs
[2026-08-13T17:42:41.776+0000] {logging_mixin.py:188} INFO - [2026-08-13T17:42:41.776+0000] {dag.py:3823} INFO - Setting next_dagrun for tlc_yellow_taxi_training_pipeline to 2026-08-13 00:00:00+00:00, run_after=2026-08-14 00:00:00+00:00
[2026-08-13T17:42:41.801+0000] {processor.py:183} INFO - Processing /opt/airflow/dags/training_pipeline.py took 1.960 seconds
[2026-08-13T17:43:13.390+0000] {processor.py:161} INFO - Started process (PID=233) to work on /opt/airflow/dags/training_pipeline.py
[2026-08-13T17:43:13.421+0000] {processor.py:830} INFO - Processing file /opt/airflow/dags/training_pipeline.py for tasks to queue
[2026-08-13T17:43:13.500+0000] {logging_mixin.py:188} INFO - [2026-08-13T17:43:13.487+0000] {dagbag.py:538} INFO - Filling up the DagBag from /opt/airflow/dags/training_pipeline.py
[2026-08-13T17:43:39.924+0000] {processor.py:840} INFO - DAG(s) 'tlc_yellow_taxi_training_pipeline' retrieved from /opt/airflow/dags/training_pipeline.py
[2026-08-13T17:43:40.584+0000] {logging_mixin.py:188} INFO - [2026-08-13T17:43:40.576+0000] {dag.py:3036} INFO - Sync 1 DAGs
[2026-08-13T17:43:40.960+0000] {logging_mixin.py:188} INFO - [2026-08-13T17:43:40.959+0000] {dag.py:3823} INFO - Setting next_dagrun for tlc_yellow_taxi_training_pipeline to 2026-08-13 00:00:00+00:00, run_after=2026-08-14 00:00:00+00:00
[2026-08-13T17:43:41.425+0000] {processor.py:183} INFO - Processing /opt/airflow/dags/training_pipeline.py took 28.347 seconds
[2026-08-13T17:44:15.715+0000] {processor.py:161} INFO - Started process (PID=251) to work on /opt/airflow/dags/training_pipeline.py
[2026-08-13T17:44:15.734+0000] {processor.py:830} INFO - Processing file /opt/airflow/dags/training_pipeline.py for tasks to queue
[2026-08-13T17:44:15.861+0000] {logging_mixin.py:188} INFO - [2026-08-13T17:44:15.848+0000] {dagbag.py:538} INFO - Filling up the DagBag from /opt/airflow/dags/training_pipeline.py
[2026-08-13T17:44:59.924+0000] {logging_mixin.py:188} INFO - [2026-08-13T17:44:59.883+0000] {timeout.py:68} ERROR - Process timed out, PID: 251
[2026-08-13T17:44:59.974+0000] {logging_mixin.py:188} WARNING - Exception ignored in: <function WeakKeyDictionary.__init__.<locals>.remove at 0x7d4c6cc21dc0>
[2026-08-13T17:45:00.015+0000] {logging_mixin.py:188} WARNING - Traceback (most recent call last):
[2026-08-13T17:45:00.025+0000] {logging_mixin.py:188} WARNING -   File "/usr/local/lib/python3.8/weakref.py", line 345, in remove
[2026-08-13T17:45:00.091+0000] {logging_mixin.py:188} WARNING -     def remove(k, selfref=ref(self)):
[2026-08-13T17:45:00.093+0000] {logging_mixin.py:188} WARNING -   File "/home/airflow/.local/lib/python3.8/site-packages/airflow/utils/timeout.py", line 69, in handle_timeout
[2026-08-13T17:45:00.108+0000] {logging_mixin.py:188} WARNING -     raise AirflowTaskTimeout(self.error_message)
[2026-08-13T17:45:00.114+0000] {logging_mixin.py:188} WARNING - airflow.exceptions.AirflowTaskTimeout: DagBag import timeout for /opt/airflow/dags/training_pipeline.py after 30.0s.
Please take a look at these docs to improve your DAG import time:
* https://airflow.apache.org/docs/apache-airflow/2.8.1/best-practices.html#top-level-python-code
* https://airflow.apache.org/docs/apache-airflow/2.8.1/best-practices.html#reducing-dag-complexity, PID: 251
[2026-08-13T17:45:37.431+0000] {processor.py:161} INFO - Started process (PID=268) to work on /opt/airflow/dags/training_pipeline.py
[2026-08-13T17:45:37.568+0000] {processor.py:830} INFO - Processing file /opt/airflow/dags/training_pipeline.py for tasks to queue
[2026-08-13T17:45:37.762+0000] {logging_mixin.py:188} INFO - [2026-08-13T17:45:37.655+0000] {dagbag.py:538} INFO - Filling up the DagBag from /opt/airflow/dags/training_pipeline.py
[2026-08-13T17:46:04.810+0000] {processor.py:840} INFO - DAG(s) 'tlc_yellow_taxi_training_pipeline' retrieved from /opt/airflow/dags/training_pipeline.py
[2026-08-13T17:46:05.447+0000] {logging_mixin.py:188} INFO - [2026-08-13T17:46:05.445+0000] {dag.py:3036} INFO - Sync 1 DAGs
[2026-08-13T17:46:05.572+0000] {logging_mixin.py:188} INFO - [2026-08-13T17:46:05.571+0000] {dag.py:3823} INFO - Setting next_dagrun for tlc_yellow_taxi_training_pipeline to 2026-08-13 00:00:00+00:00, run_after=2026-08-14 00:00:00+00:00
[2026-08-13T17:46:05.679+0000] {processor.py:183} INFO - Processing /opt/airflow/dags/training_pipeline.py took 29.332 seconds
[2026-08-13T17:46:37.339+0000] {processor.py:161} INFO - Started process (PID=283) to work on /opt/airflow/dags/training_pipeline.py
[2026-08-13T17:46:37.370+0000] {processor.py:830} INFO - Processing file /opt/airflow/dags/training_pipeline.py for tasks to queue
[2026-08-13T17:46:37.396+0000] {logging_mixin.py:188} INFO - [2026-08-13T17:46:37.386+0000] {dagbag.py:538} INFO - Filling up the DagBag from /opt/airflow/dags/training_pipeline.py
[2026-08-13T17:46:45.439+0000] {processor.py:840} INFO - DAG(s) 'tlc_yellow_taxi_training_pipeline' retrieved from /opt/airflow/dags/training_pipeline.py
[2026-08-13T17:46:45.556+0000] {logging_mixin.py:188} INFO - [2026-08-13T17:46:45.554+0000] {dag.py:3036} INFO - Sync 1 DAGs
[2026-08-13T17:46:45.688+0000] {logging_mixin.py:188} INFO - [2026-08-13T17:46:45.687+0000] {dag.py:3823} INFO - Setting next_dagrun for tlc_yellow_taxi_training_pipeline to 2026-08-13 00:00:00+00:00, run_after=2026-08-14 00:00:00+00:00
[2026-08-13T17:46:45.767+0000] {processor.py:183} INFO - Processing /opt/airflow/dags/training_pipeline.py took 8.569 seconds
[2026-08-13T17:46:55.039+0000] {processor.py:161} INFO - Started process (PID=292) to work on /opt/airflow/dags/training_pipeline.py
[2026-08-13T17:46:55.045+0000] {processor.py:830} INFO - Processing file /opt/airflow/dags/training_pipeline.py for tasks to queue
[2026-08-13T17:46:55.049+0000] {logging_mixin.py:188} INFO - [2026-08-13T17:46:55.048+0000] {dagbag.py:538} INFO - Filling up the DagBag from /opt/airflow/dags/training_pipeline.py
[2026-08-13T17:46:56.453+0000] {processor.py:840} INFO - DAG(s) 'tlc_yellow_taxi_training_pipeline' retrieved from /opt/airflow/dags/training_pipeline.py
[2026-08-13T17:46:56.523+0000] {logging_mixin.py:188} INFO - [2026-08-13T17:46:56.523+0000] {taskinstance.py:2700} ERROR - {'DAG Id': 'tlc_yellow_taxi_training_pipeline', 'Task Id': 'train_model', 'Run Id': 'manual__2026-08-13T17:42:58.101505+00:00', 'Hostname': '277e95066f0c', 'External Executor Id': '4fae7655-69f0-4f28-bb18-fb9c3521b0cf'}
[2026-08-13T17:46:56.555+0000] {logging_mixin.py:188} INFO - [2026-08-13T17:46:56.554+0000] {taskinstance.py:1138} INFO - Marking task as UP_FOR_RETRY. dag_id=tlc_yellow_taxi_training_pipeline, task_id=train_model, execution_date=20260813T174258, start_date=20260813T174607, end_date=20260813T174656
[2026-08-13T17:46:56.575+0000] {processor.py:791} INFO - Executed failure callback for <TaskInstance: tlc_yellow_taxi_training_pipeline.train_model manual__2026-08-13T17:42:58.101505+00:00 [up_for_retry]> in state up_for_retry
[2026-08-13T17:46:56.608+0000] {logging_mixin.py:188} INFO - [2026-08-13T17:46:56.608+0000] {dag.py:3036} INFO - Sync 1 DAGs
[2026-08-13T17:46:56.645+0000] {logging_mixin.py:188} INFO - [2026-08-13T17:46:56.645+0000] {dag.py:3823} INFO - Setting next_dagrun for tlc_yellow_taxi_training_pipeline to 2026-08-13 00:00:00+00:00, run_after=2026-08-14 00:00:00+00:00
[2026-08-13T17:46:56.680+0000] {processor.py:183} INFO - Processing /opt/airflow/dags/training_pipeline.py took 1.659 seconds
[2026-08-13T17:47:27.207+0000] {processor.py:161} INFO - Started process (PID=302) to work on /opt/airflow/dags/training_pipeline.py
[2026-08-13T17:47:27.210+0000] {processor.py:830} INFO - Processing file /opt/airflow/dags/training_pipeline.py for tasks to queue
[2026-08-13T17:47:27.211+0000] {logging_mixin.py:188} INFO - [2026-08-13T17:47:27.211+0000] {dagbag.py:538} INFO - Filling up the DagBag from /opt/airflow/dags/training_pipeline.py
[2026-08-13T17:47:27.842+0000] {processor.py:840} INFO - DAG(s) 'tlc_yellow_taxi_training_pipeline' retrieved from /opt/airflow/dags/training_pipeline.py
[2026-08-13T17:47:27.879+0000] {logging_mixin.py:188} INFO - [2026-08-13T17:47:27.879+0000] {dag.py:3036} INFO - Sync 1 DAGs
[2026-08-13T17:47:27.906+0000] {logging_mixin.py:188} INFO - [2026-08-13T17:47:27.906+0000] {dag.py:3823} INFO - Setting next_dagrun for tlc_yellow_taxi_training_pipeline to 2026-08-13 00:00:00+00:00, run_after=2026-08-14 00:00:00+00:00
[2026-08-13T17:47:27.944+0000] {processor.py:183} INFO - Processing /opt/airflow/dags/training_pipeline.py took 0.741 seconds
[2026-08-13T17:47:58.450+0000] {processor.py:161} INFO - Started process (PID=312) to work on /opt/airflow/dags/training_pipeline.py
[2026-08-13T17:47:58.452+0000] {processor.py:830} INFO - Processing file /opt/airflow/dags/training_pipeline.py for tasks to queue
[2026-08-13T17:47:58.454+0000] {logging_mixin.py:188} INFO - [2026-08-13T17:47:58.453+0000] {dagbag.py:538} INFO - Filling up the DagBag from /opt/airflow/dags/training_pipeline.py
[2026-08-13T17:47:59.105+0000] {processor.py:840} INFO - DAG(s) 'tlc_yellow_taxi_training_pipeline' retrieved from /opt/airflow/dags/training_pipeline.py
[2026-08-13T17:47:59.139+0000] {logging_mixin.py:188} INFO - [2026-08-13T17:47:59.138+0000] {dag.py:3036} INFO - Sync 1 DAGs
[2026-08-13T17:47:59.165+0000] {logging_mixin.py:188} INFO - [2026-08-13T17:47:59.165+0000] {dag.py:3823} INFO - Setting next_dagrun for tlc_yellow_taxi_training_pipeline to 2026-08-13 00:00:00+00:00, run_after=2026-08-14 00:00:00+00:00
[2026-08-13T17:47:59.197+0000] {processor.py:183} INFO - Processing /opt/airflow/dags/training_pipeline.py took 0.752 seconds
[2026-08-13T17:48:29.992+0000] {processor.py:161} INFO - Started process (PID=322) to work on /opt/airflow/dags/training_pipeline.py
[2026-08-13T17:48:29.995+0000] {processor.py:830} INFO - Processing file /opt/airflow/dags/training_pipeline.py for tasks to queue
[2026-08-13T17:48:29.996+0000] {logging_mixin.py:188} INFO - [2026-08-13T17:48:29.996+0000] {dagbag.py:538} INFO - Filling up the DagBag from /opt/airflow/dags/training_pipeline.py
[2026-08-13T17:48:30.712+0000] {processor.py:840} INFO - DAG(s) 'tlc_yellow_taxi_training_pipeline' retrieved from /opt/airflow/dags/training_pipeline.py
[2026-08-13T17:48:30.764+0000] {logging_mixin.py:188} INFO - [2026-08-13T17:48:30.763+0000] {dag.py:3036} INFO - Sync 1 DAGs
[2026-08-13T17:48:30.798+0000] {logging_mixin.py:188} INFO - [2026-08-13T17:48:30.798+0000] {dag.py:3823} INFO - Setting next_dagrun for tlc_yellow_taxi_training_pipeline to 2026-08-13 00:00:00+00:00, run_after=2026-08-14 00:00:00+00:00
[2026-08-13T17:48:30.830+0000] {processor.py:183} INFO - Processing /opt/airflow/dags/training_pipeline.py took 0.844 seconds
[2026-08-13T17:49:01.649+0000] {processor.py:161} INFO - Started process (PID=333) to work on /opt/airflow/dags/training_pipeline.py
[2026-08-13T17:49:01.665+0000] {processor.py:830} INFO - Processing file /opt/airflow/dags/training_pipeline.py for tasks to queue
[2026-08-13T17:49:01.675+0000] {logging_mixin.py:188} INFO - [2026-08-13T17:49:01.671+0000] {dagbag.py:538} INFO - Filling up the DagBag from /opt/airflow/dags/training_pipeline.py
[2026-08-13T17:49:18.374+0000] {processor.py:840} INFO - DAG(s) 'tlc_yellow_taxi_training_pipeline' retrieved from /opt/airflow/dags/training_pipeline.py
[2026-08-13T17:49:18.612+0000] {logging_mixin.py:188} INFO - [2026-08-13T17:49:18.610+0000] {dag.py:3036} INFO - Sync 1 DAGs
[2026-08-13T17:49:18.768+0000] {logging_mixin.py:188} INFO - [2026-08-13T17:49:18.767+0000] {dag.py:3823} INFO - Setting next_dagrun for tlc_yellow_taxi_training_pipeline to 2026-08-13 00:00:00+00:00, run_after=2026-08-14 00:00:00+00:00
[2026-08-13T17:49:18.881+0000] {processor.py:183} INFO - Processing /opt/airflow/dags/training_pipeline.py took 17.291 seconds
[2026-08-13T17:49:50.496+0000] {processor.py:161} INFO - Started process (PID=349) to work on /opt/airflow/dags/training_pipeline.py
[2026-08-13T17:49:50.510+0000] {processor.py:830} INFO - Processing file /opt/airflow/dags/training_pipeline.py for tasks to queue
[2026-08-13T17:49:50.519+0000] {logging_mixin.py:188} INFO - [2026-08-13T17:49:50.516+0000] {dagbag.py:538} INFO - Filling up the DagBag from /opt/airflow/dags/training_pipeline.py
[2026-08-13T17:49:54.689+0000] {processor.py:840} INFO - DAG(s) 'tlc_yellow_taxi_training_pipeline' retrieved from /opt/airflow/dags/training_pipeline.py
[2026-08-13T17:49:54.766+0000] {logging_mixin.py:188} INFO - [2026-08-13T17:49:54.766+0000] {dag.py:3036} INFO - Sync 1 DAGs
[2026-08-13T17:49:54.827+0000] {logging_mixin.py:188} INFO - [2026-08-13T17:49:54.825+0000] {dag.py:3823} INFO - Setting next_dagrun for tlc_yellow_taxi_training_pipeline to 2026-08-13 00:00:00+00:00, run_after=2026-08-14 00:00:00+00:00
[2026-08-13T17:49:54.884+0000] {processor.py:183} INFO - Processing /opt/airflow/dags/training_pipeline.py took 4.472 seconds
[2026-08-13T17:50:07.449+0000] {processor.py:161} INFO - Started process (PID=353) to work on /opt/airflow/dags/training_pipeline.py
[2026-08-13T17:50:07.455+0000] {processor.py:830} INFO - Processing file /opt/airflow/dags/training_pipeline.py for tasks to queue
[2026-08-13T17:50:07.460+0000] {logging_mixin.py:188} INFO - [2026-08-13T17:50:07.458+0000] {dagbag.py:538} INFO - Filling up the DagBag from /opt/airflow/dags/training_pipeline.py
[2026-08-13T17:50:08.815+0000] {processor.py:840} INFO - DAG(s) 'tlc_yellow_taxi_training_pipeline' retrieved from /opt/airflow/dags/training_pipeline.py
[2026-08-13T17:50:08.877+0000] {logging_mixin.py:188} INFO - [2026-08-13T17:50:08.877+0000] {taskinstance.py:2700} ERROR - {'DAG Id': 'tlc_yellow_taxi_training_pipeline', 'Task Id': 'train_model', 'Run Id': 'manual__2026-08-13T17:42:58.101505+00:00', 'Hostname': '277e95066f0c', 'External Executor Id': '1047c1ff-0d2f-4381-b556-0c1adc0658bb'}
[2026-08-13T17:50:08.931+0000] {logging_mixin.py:188} INFO - [2026-08-13T17:50:08.931+0000] {taskinstance.py:1138} INFO - Marking task as FAILED. dag_id=tlc_yellow_taxi_training_pipeline, task_id=train_model, execution_date=20260813T174258, start_date=20260813T174909, end_date=20260813T175008
[2026-08-13T17:50:08.951+0000] {processor.py:791} INFO - Executed failure callback for <TaskInstance: tlc_yellow_taxi_training_pipeline.train_model manual__2026-08-13T17:42:58.101505+00:00 [failed]> in state failed
[2026-08-13T17:50:08.987+0000] {logging_mixin.py:188} INFO - [2026-08-13T17:50:08.986+0000] {dag.py:3036} INFO - Sync 1 DAGs
[2026-08-13T17:50:09.023+0000] {logging_mixin.py:188} INFO - [2026-08-13T17:50:09.023+0000] {dag.py:3823} INFO - Setting next_dagrun for tlc_yellow_taxi_training_pipeline to 2026-08-13 00:00:00+00:00, run_after=2026-08-14 00:00:00+00:00
[2026-08-13T17:50:09.070+0000] {processor.py:183} INFO - Processing /opt/airflow/dags/training_pipeline.py took 1.650 seconds
[2026-08-13T17:50:39.569+0000] {processor.py:161} INFO - Started process (PID=363) to work on /opt/airflow/dags/training_pipeline.py
[2026-08-13T17:50:39.572+0000] {processor.py:830} INFO - Processing file /opt/airflow/dags/training_pipeline.py for tasks to queue
[2026-08-13T17:50:39.574+0000] {logging_mixin.py:188} INFO - [2026-08-13T17:50:39.573+0000] {dagbag.py:538} INFO - Filling up the DagBag from /opt/airflow/dags/training_pipeline.py
[2026-08-13T17:50:40.219+0000] {processor.py:840} INFO - DAG(s) 'tlc_yellow_taxi_training_pipeline' retrieved from /opt/airflow/dags/training_pipeline.py
[2026-08-13T17:50:40.255+0000] {logging_mixin.py:188} INFO - [2026-08-13T17:50:40.254+0000] {dag.py:3036} INFO - Sync 1 DAGs
[2026-08-13T17:50:40.284+0000] {logging_mixin.py:188} INFO - [2026-08-13T17:50:40.284+0000] {dag.py:3823} INFO - Setting next_dagrun for tlc_yellow_taxi_training_pipeline to 2026-08-13 00:00:00+00:00, run_after=2026-08-14 00:00:00+00:00
[2026-08-13T17:50:40.319+0000] {processor.py:183} INFO - Processing /opt/airflow/dags/training_pipeline.py took 0.756 seconds
[2026-08-13T17:51:10.719+0000] {processor.py:161} INFO - Started process (PID=373) to work on /opt/airflow/dags/training_pipeline.py
[2026-08-13T17:51:10.722+0000] {processor.py:830} INFO - Processing file /opt/airflow/dags/training_pipeline.py for tasks to queue
[2026-08-13T17:51:10.724+0000] {logging_mixin.py:188} INFO - [2026-08-13T17:51:10.723+0000] {dagbag.py:538} INFO - Filling up the DagBag from /opt/airflow/dags/training_pipeline.py
[2026-08-13T17:51:11.423+0000] {processor.py:840} INFO - DAG(s) 'tlc_yellow_taxi_training_pipeline' retrieved from /opt/airflow/dags/training_pipeline.py
[2026-08-13T17:51:11.454+0000] {logging_mixin.py:188} INFO - [2026-08-13T17:51:11.453+0000] {dag.py:3036} INFO - Sync 1 DAGs
[2026-08-13T17:51:11.478+0000] {logging_mixin.py:188} INFO - [2026-08-13T17:51:11.478+0000] {dag.py:3823} INFO - Setting next_dagrun for tlc_yellow_taxi_training_pipeline to 2026-08-13 00:00:00+00:00, run_after=2026-08-14 00:00:00+00:00
[2026-08-13T17:51:11.510+0000] {processor.py:183} INFO - Processing /opt/airflow/dags/training_pipeline.py took 0.800 seconds
[2026-08-13T17:51:42.009+0000] {processor.py:161} INFO - Started process (PID=384) to work on /opt/airflow/dags/training_pipeline.py
[2026-08-13T17:51:42.012+0000] {processor.py:830} INFO - Processing file /opt/airflow/dags/training_pipeline.py for tasks to queue
[2026-08-13T17:51:42.014+0000] {logging_mixin.py:188} INFO - [2026-08-13T17:51:42.013+0000] {dagbag.py:538} INFO - Filling up the DagBag from /opt/airflow/dags/training_pipeline.py
[2026-08-13T17:51:42.599+0000] {processor.py:840} INFO - DAG(s) 'tlc_yellow_taxi_training_pipeline' retrieved from /opt/airflow/dags/training_pipeline.py
[2026-08-13T17:51:42.624+0000] {logging_mixin.py:188} INFO - [2026-08-13T17:51:42.623+0000] {dag.py:3036} INFO - Sync 1 DAGs
[2026-08-13T17:51:42.647+0000] {logging_mixin.py:188} INFO - [2026-08-13T17:51:42.646+0000] {dag.py:3823} INFO - Setting next_dagrun for tlc_yellow_taxi_training_pipeline to 2026-08-13 00:00:00+00:00, run_after=2026-08-14 00:00:00+00:00
[2026-08-13T17:51:42.673+0000] {processor.py:183} INFO - Processing /opt/airflow/dags/training_pipeline.py took 0.670 seconds
[2026-08-13T17:52:13.124+0000] {processor.py:161} INFO - Started process (PID=394) to work on /opt/airflow/dags/training_pipeline.py
[2026-08-13T17:52:13.129+0000] {processor.py:830} INFO - Processing file /opt/airflow/dags/training_pipeline.py for tasks to queue
[2026-08-13T17:52:13.133+0000] {logging_mixin.py:188} INFO - [2026-08-13T17:52:13.132+0000] {dagbag.py:538} INFO - Filling up the DagBag from /opt/airflow/dags/training_pipeline.py
[2026-08-13T17:52:14.163+0000] {processor.py:840} INFO - DAG(s) 'tlc_yellow_taxi_training_pipeline' retrieved from /opt/airflow/dags/training_pipeline.py
[2026-08-13T17:52:14.202+0000] {logging_mixin.py:188} INFO - [2026-08-13T17:52:14.201+0000] {dag.py:3036} INFO - Sync 1 DAGs
[2026-08-13T17:52:14.234+0000] {logging_mixin.py:188} INFO - [2026-08-13T17:52:14.233+0000] {dag.py:3823} INFO - Setting next_dagrun for tlc_yellow_taxi_training_pipeline to 2026-08-13 00:00:00+00:00, run_after=2026-08-14 00:00:00+00:00
[2026-08-13T17:52:14.278+0000] {processor.py:183} INFO - Processing /opt/airflow/dags/training_pipeline.py took 1.169 seconds
[2026-08-13T17:52:44.396+0000] {processor.py:161} INFO - Started process (PID=411) to work on /opt/airflow/dags/training_pipeline.py
[2026-08-13T17:52:44.399+0000] {processor.py:830} INFO - Processing file /opt/airflow/dags/training_pipeline.py for tasks to queue
[2026-08-13T17:52:44.401+0000] {logging_mixin.py:188} INFO - [2026-08-13T17:52:44.400+0000] {dagbag.py:538} INFO - Filling up the DagBag from /opt/airflow/dags/training_pipeline.py
[2026-08-13T17:52:45.330+0000] {processor.py:840} INFO - DAG(s) 'tlc_yellow_taxi_training_pipeline' retrieved from /opt/airflow/dags/training_pipeline.py
[2026-08-13T17:52:45.391+0000] {logging_mixin.py:188} INFO - [2026-08-13T17:52:45.390+0000] {dag.py:3036} INFO - Sync 1 DAGs
[2026-08-13T17:52:45.432+0000] {logging_mixin.py:188} INFO - [2026-08-13T17:52:45.431+0000] {dag.py:3823} INFO - Setting next_dagrun for tlc_yellow_taxi_training_pipeline to 2026-08-13 00:00:00+00:00, run_after=2026-08-14 00:00:00+00:00
[2026-08-13T17:52:45.480+0000] {processor.py:183} INFO - Processing /opt/airflow/dags/training_pipeline.py took 1.093 seconds
[2026-08-13T17:53:18.969+0000] {processor.py:161} INFO - Started process (PID=421) to work on /opt/airflow/dags/training_pipeline.py
[2026-08-13T17:53:19.002+0000] {processor.py:830} INFO - Processing file /opt/airflow/dags/training_pipeline.py for tasks to queue
[2026-08-13T17:53:19.019+0000] {logging_mixin.py:188} INFO - [2026-08-13T17:53:19.012+0000] {dagbag.py:538} INFO - Filling up the DagBag from /opt/airflow/dags/training_pipeline.py
[2026-08-13T17:53:30.861+0000] {processor.py:840} INFO - DAG(s) 'tlc_yellow_taxi_training_pipeline' retrieved from /opt/airflow/dags/training_pipeline.py
[2026-08-13T17:53:32.052+0000] {logging_mixin.py:188} INFO - [2026-08-13T17:53:32.036+0000] {dag.py:3036} INFO - Sync 1 DAGs
[2026-08-13T17:53:32.818+0000] {logging_mixin.py:188} INFO - [2026-08-13T17:53:32.815+0000] {dag.py:3823} INFO - Setting next_dagrun for tlc_yellow_taxi_training_pipeline to 2026-08-13 00:00:00+00:00, run_after=2026-08-14 00:00:00+00:00
[2026-08-13T17:53:33.172+0000] {processor.py:183} INFO - Processing /opt/airflow/dags/training_pipeline.py took 14.327 seconds
[2026-08-13T17:54:04.858+0000] {processor.py:161} INFO - Started process (PID=432) to work on /opt/airflow/dags/training_pipeline.py
[2026-08-13T17:54:04.862+0000] {processor.py:830} INFO - Processing file /opt/airflow/dags/training_pipeline.py for tasks to queue
[2026-08-13T17:54:04.873+0000] {logging_mixin.py:188} INFO - [2026-08-13T17:54:04.868+0000] {dagbag.py:538} INFO - Filling up the DagBag from /opt/airflow/dags/training_pipeline.py
[2026-08-13T17:54:05.840+0000] {processor.py:840} INFO - DAG(s) 'tlc_yellow_taxi_training_pipeline' retrieved from /opt/airflow/dags/training_pipeline.py
[2026-08-13T17:54:05.896+0000] {logging_mixin.py:188} INFO - [2026-08-13T17:54:05.895+0000] {dag.py:3036} INFO - Sync 1 DAGs
[2026-08-13T17:54:05.942+0000] {logging_mixin.py:188} INFO - [2026-08-13T17:54:05.942+0000] {dag.py:3823} INFO - Setting next_dagrun for tlc_yellow_taxi_training_pipeline to 2026-08-13 00:00:00+00:00, run_after=2026-08-14 00:00:00+00:00
[2026-08-13T17:54:05.984+0000] {processor.py:183} INFO - Processing /opt/airflow/dags/training_pipeline.py took 1.162 seconds
[2026-08-13T17:54:09.150+0000] {processor.py:161} INFO - Started process (PID=434) to work on /opt/airflow/dags/training_pipeline.py
[2026-08-13T17:54:09.153+0000] {processor.py:830} INFO - Processing file /opt/airflow/dags/training_pipeline.py for tasks to queue
[2026-08-13T17:54:09.157+0000] {logging_mixin.py:188} INFO - [2026-08-13T17:54:09.156+0000] {dagbag.py:538} INFO - Filling up the DagBag from /opt/airflow/dags/training_pipeline.py
[2026-08-13T17:54:10.101+0000] {processor.py:840} INFO - DAG(s) 'tlc_yellow_taxi_training_pipeline' retrieved from /opt/airflow/dags/training_pipeline.py
[2026-08-13T17:54:10.145+0000] {logging_mixin.py:188} INFO - [2026-08-13T17:54:10.145+0000] {dag.py:3036} INFO - Sync 1 DAGs
[2026-08-13T17:54:10.181+0000] {logging_mixin.py:188} INFO - [2026-08-13T17:54:10.180+0000] {dag.py:3823} INFO - Setting next_dagrun for tlc_yellow_taxi_training_pipeline to 2026-08-13 00:00:00+00:00, run_after=2026-08-14 00:00:00+00:00
[2026-08-13T17:54:10.230+0000] {processor.py:183} INFO - Processing /opt/airflow/dags/training_pipeline.py took 1.086 seconds
[2026-08-13T17:54:40.708+0000] {processor.py:161} INFO - Started process (PID=444) to work on /opt/airflow/dags/training_pipeline.py
[2026-08-13T17:54:40.712+0000] {processor.py:830} INFO - Processing file /opt/airflow/dags/training_pipeline.py for tasks to queue
[2026-08-13T17:54:40.714+0000] {logging_mixin.py:188} INFO - [2026-08-13T17:54:40.714+0000] {dagbag.py:538} INFO - Filling up the DagBag from /opt/airflow/dags/training_pipeline.py
[2026-08-13T17:54:41.356+0000] {processor.py:840} INFO - DAG(s) 'tlc_yellow_taxi_training_pipeline' retrieved from /opt/airflow/dags/training_pipeline.py
[2026-08-13T17:54:41.385+0000] {logging_mixin.py:188} INFO - [2026-08-13T17:54:41.384+0000] {dag.py:3036} INFO - Sync 1 DAGs
[2026-08-13T17:54:41.412+0000] {logging_mixin.py:188} INFO - [2026-08-13T17:54:41.412+0000] {dag.py:3823} INFO - Setting next_dagrun for tlc_yellow_taxi_training_pipeline to 2026-08-13 00:00:00+00:00, run_after=2026-08-14 00:00:00+00:00
[2026-08-13T17:54:41.444+0000] {processor.py:183} INFO - Processing /opt/airflow/dags/training_pipeline.py took 0.740 seconds
[2026-08-13T17:55:11.741+0000] {processor.py:161} INFO - Started process (PID=454) to work on /opt/airflow/dags/training_pipeline.py
[2026-08-13T17:55:11.744+0000] {processor.py:830} INFO - Processing file /opt/airflow/dags/training_pipeline.py for tasks to queue
[2026-08-13T17:55:11.745+0000] {logging_mixin.py:188} INFO - [2026-08-13T17:55:11.745+0000] {dagbag.py:538} INFO - Filling up the DagBag from /opt/airflow/dags/training_pipeline.py
[2026-08-13T17:55:12.420+0000] {processor.py:840} INFO - DAG(s) 'tlc_yellow_taxi_training_pipeline' retrieved from /opt/airflow/dags/training_pipeline.py
[2026-08-13T17:55:12.470+0000] {logging_mixin.py:188} INFO - [2026-08-13T17:55:12.469+0000] {dag.py:3036} INFO - Sync 1 DAGs
[2026-08-13T17:55:12.518+0000] {logging_mixin.py:188} INFO - [2026-08-13T17:55:12.516+0000] {dag.py:3823} INFO - Setting next_dagrun for tlc_yellow_taxi_training_pipeline to 2026-08-13 00:00:00+00:00, run_after=2026-08-14 00:00:00+00:00
[2026-08-13T17:55:12.572+0000] {processor.py:183} INFO - Processing /opt/airflow/dags/training_pipeline.py took 0.836 seconds
[2026-08-13T17:55:43.033+0000] {processor.py:161} INFO - Started process (PID=464) to work on /opt/airflow/dags/training_pipeline.py
[2026-08-13T17:55:43.035+0000] {processor.py:830} INFO - Processing file /opt/airflow/dags/training_pipeline.py for tasks to queue
[2026-08-13T17:55:43.037+0000] {logging_mixin.py:188} INFO - [2026-08-13T17:55:43.037+0000] {dagbag.py:538} INFO - Filling up the DagBag from /opt/airflow/dags/training_pipeline.py
[2026-08-13T17:55:44.053+0000] {processor.py:840} INFO - DAG(s) 'tlc_yellow_taxi_training_pipeline' retrieved from /opt/airflow/dags/training_pipeline.py
[2026-08-13T17:55:44.138+0000] {logging_mixin.py:188} INFO - [2026-08-13T17:55:44.138+0000] {dag.py:3036} INFO - Sync 1 DAGs
[2026-08-13T17:55:44.198+0000] {logging_mixin.py:188} INFO - [2026-08-13T17:55:44.196+0000] {dag.py:3823} INFO - Setting next_dagrun for tlc_yellow_taxi_training_pipeline to 2026-08-13 00:00:00+00:00, run_after=2026-08-14 00:00:00+00:00
[2026-08-13T17:55:44.245+0000] {processor.py:183} INFO - Processing /opt/airflow/dags/training_pipeline.py took 1.220 seconds
[2026-08-13T17:56:14.788+0000] {processor.py:161} INFO - Started process (PID=474) to work on /opt/airflow/dags/training_pipeline.py
[2026-08-13T17:56:14.794+0000] {processor.py:830} INFO - Processing file /opt/airflow/dags/training_pipeline.py for tasks to queue
[2026-08-13T17:56:14.797+0000] {logging_mixin.py:188} INFO - [2026-08-13T17:56:14.796+0000] {dagbag.py:538} INFO - Filling up the DagBag from /opt/airflow/dags/training_pipeline.py
[2026-08-13T17:56:16.072+0000] {processor.py:840} INFO - DAG(s) 'tlc_yellow_taxi_training_pipeline' retrieved from /opt/airflow/dags/training_pipeline.py
[2026-08-13T17:56:16.202+0000] {logging_mixin.py:188} INFO - [2026-08-13T17:56:16.202+0000] {dag.py:3036} INFO - Sync 1 DAGs
[2026-08-13T17:56:16.297+0000] {logging_mixin.py:188} INFO - [2026-08-13T17:56:16.297+0000] {dag.py:3823} INFO - Setting next_dagrun for tlc_yellow_taxi_training_pipeline to 2026-08-13 00:00:00+00:00, run_after=2026-08-14 00:00:00+00:00
[2026-08-13T17:56:16.368+0000] {processor.py:183} INFO - Processing /opt/airflow/dags/training_pipeline.py took 1.588 seconds
[2026-08-13T17:56:46.879+0000] {processor.py:161} INFO - Started process (PID=484) to work on /opt/airflow/dags/training_pipeline.py
[2026-08-13T17:56:46.884+0000] {processor.py:830} INFO - Processing file /opt/airflow/dags/training_pipeline.py for tasks to queue
[2026-08-13T17:56:46.887+0000] {logging_mixin.py:188} INFO - [2026-08-13T17:56:46.886+0000] {dagbag.py:538} INFO - Filling up the DagBag from /opt/airflow/dags/training_pipeline.py
[2026-08-13T17:56:48.279+0000] {processor.py:840} INFO - DAG(s) 'tlc_yellow_taxi_training_pipeline' retrieved from /opt/airflow/dags/training_pipeline.py
[2026-08-13T17:56:48.373+0000] {logging_mixin.py:188} INFO - [2026-08-13T17:56:48.372+0000] {dag.py:3036} INFO - Sync 1 DAGs
[2026-08-13T17:56:48.459+0000] {logging_mixin.py:188} INFO - [2026-08-13T17:56:48.458+0000] {dag.py:3823} INFO - Setting next_dagrun for tlc_yellow_taxi_training_pipeline to 2026-08-13 00:00:00+00:00, run_after=2026-08-14 00:00:00+00:00
[2026-08-13T17:56:48.550+0000] {processor.py:183} INFO - Processing /opt/airflow/dags/training_pipeline.py took 1.682 seconds
[2026-08-13T17:57:19.653+0000] {processor.py:161} INFO - Started process (PID=494) to work on /opt/airflow/dags/training_pipeline.py
[2026-08-13T17:57:19.656+0000] {processor.py:830} INFO - Processing file /opt/airflow/dags/training_pipeline.py for tasks to queue
[2026-08-13T17:57:19.658+0000] {logging_mixin.py:188} INFO - [2026-08-13T17:57:19.657+0000] {dagbag.py:538} INFO - Filling up the DagBag from /opt/airflow/dags/training_pipeline.py
[2026-08-13T17:57:20.829+0000] {processor.py:840} INFO - DAG(s) 'tlc_yellow_taxi_training_pipeline' retrieved from /opt/airflow/dags/training_pipeline.py
[2026-08-13T17:57:20.889+0000] {logging_mixin.py:188} INFO - [2026-08-13T17:57:20.885+0000] {dag.py:3036} INFO - Sync 1 DAGs
[2026-08-13T17:57:20.946+0000] {logging_mixin.py:188} INFO - [2026-08-13T17:57:20.945+0000] {dag.py:3823} INFO - Setting next_dagrun for tlc_yellow_taxi_training_pipeline to 2026-08-13 00:00:00+00:00, run_after=2026-08-14 00:00:00+00:00
[2026-08-13T17:57:21.000+0000] {processor.py:183} INFO - Processing /opt/airflow/dags/training_pipeline.py took 1.354 seconds
[2026-08-13T17:57:21.268+0000] {processor.py:161} INFO - Started process (PID=502) to work on /opt/airflow/dags/training_pipeline.py
[2026-08-13T17:57:21.270+0000] {processor.py:830} INFO - Processing file /opt/airflow/dags/training_pipeline.py for tasks to queue
[2026-08-13T17:57:21.272+0000] {logging_mixin.py:188} INFO - [2026-08-13T17:57:21.272+0000] {dagbag.py:538} INFO - Filling up the DagBag from /opt/airflow/dags/training_pipeline.py
[2026-08-13T17:57:22.240+0000] {processor.py:840} INFO - DAG(s) 'tlc_yellow_taxi_training_pipeline' retrieved from /opt/airflow/dags/training_pipeline.py
[2026-08-13T17:57:22.293+0000] {logging_mixin.py:188} INFO - [2026-08-13T17:57:22.292+0000] {taskinstance.py:2700} ERROR - {'DAG Id': 'tlc_yellow_taxi_training_pipeline', 'Task Id': 'train_model', 'Run Id': 'manual__2026-08-13T17:56:14.638505+00:00', 'Hostname': '277e95066f0c', 'External Executor Id': '047d11cd-2914-4a46-af6b-31ec3b94552a'}
[2026-08-13T17:57:22.349+0000] {logging_mixin.py:188} INFO - [2026-08-13T17:57:22.349+0000] {taskinstance.py:1138} INFO - Marking task as UP_FOR_RETRY. dag_id=tlc_yellow_taxi_training_pipeline, task_id=train_model, execution_date=20260813T175614, start_date=20260813T175640, end_date=20260813T175722
[2026-08-13T17:57:22.387+0000] {processor.py:791} INFO - Executed failure callback for <TaskInstance: tlc_yellow_taxi_training_pipeline.train_model manual__2026-08-13T17:56:14.638505+00:00 [up_for_retry]> in state up_for_retry
[2026-08-13T17:57:22.451+0000] {logging_mixin.py:188} INFO - [2026-08-13T17:57:22.449+0000] {dag.py:3036} INFO - Sync 1 DAGs
[2026-08-13T17:57:22.485+0000] {logging_mixin.py:188} INFO - [2026-08-13T17:57:22.484+0000] {dag.py:3823} INFO - Setting next_dagrun for tlc_yellow_taxi_training_pipeline to 2026-08-13 00:00:00+00:00, run_after=2026-08-14 00:00:00+00:00
[2026-08-13T17:57:22.538+0000] {processor.py:183} INFO - Processing /opt/airflow/dags/training_pipeline.py took 1.275 seconds
[2026-08-13T17:57:53.022+0000] {processor.py:161} INFO - Started process (PID=512) to work on /opt/airflow/dags/training_pipeline.py
[2026-08-13T17:57:53.029+0000] {processor.py:830} INFO - Processing file /opt/airflow/dags/training_pipeline.py for tasks to queue
[2026-08-13T17:57:53.033+0000] {logging_mixin.py:188} INFO - [2026-08-13T17:57:53.032+0000] {dagbag.py:538} INFO - Filling up the DagBag from /opt/airflow/dags/training_pipeline.py
[2026-08-13T17:57:55.486+0000] {processor.py:840} INFO - DAG(s) 'tlc_yellow_taxi_training_pipeline' retrieved from /opt/airflow/dags/training_pipeline.py
[2026-08-13T17:57:55.534+0000] {logging_mixin.py:188} INFO - [2026-08-13T17:57:55.533+0000] {dag.py:3036} INFO - Sync 1 DAGs
[2026-08-13T17:57:55.567+0000] {logging_mixin.py:188} INFO - [2026-08-13T17:57:55.567+0000] {dag.py:3823} INFO - Setting next_dagrun for tlc_yellow_taxi_training_pipeline to 2026-08-13 00:00:00+00:00, run_after=2026-08-14 00:00:00+00:00
[2026-08-13T17:57:55.608+0000] {processor.py:183} INFO - Processing /opt/airflow/dags/training_pipeline.py took 2.620 seconds
[2026-08-13T17:58:26.198+0000] {processor.py:161} INFO - Started process (PID=521) to work on /opt/airflow/dags/training_pipeline.py
[2026-08-13T17:58:26.201+0000] {processor.py:830} INFO - Processing file /opt/airflow/dags/training_pipeline.py for tasks to queue
[2026-08-13T17:58:26.206+0000] {logging_mixin.py:188} INFO - [2026-08-13T17:58:26.204+0000] {dagbag.py:538} INFO - Filling up the DagBag from /opt/airflow/dags/training_pipeline.py
[2026-08-13T17:58:27.163+0000] {processor.py:840} INFO - DAG(s) 'tlc_yellow_taxi_training_pipeline' retrieved from /opt/airflow/dags/training_pipeline.py
[2026-08-13T17:58:27.204+0000] {logging_mixin.py:188} INFO - [2026-08-13T17:58:27.204+0000] {dag.py:3036} INFO - Sync 1 DAGs
[2026-08-13T17:58:27.238+0000] {logging_mixin.py:188} INFO - [2026-08-13T17:58:27.237+0000] {dag.py:3823} INFO - Setting next_dagrun for tlc_yellow_taxi_training_pipeline to 2026-08-13 00:00:00+00:00, run_after=2026-08-14 00:00:00+00:00
[2026-08-13T17:58:27.273+0000] {processor.py:183} INFO - Processing /opt/airflow/dags/training_pipeline.py took 1.083 seconds
[2026-08-13T17:58:58.440+0000] {processor.py:161} INFO - Started process (PID=532) to work on /opt/airflow/dags/training_pipeline.py
[2026-08-13T17:58:58.453+0000] {processor.py:830} INFO - Processing file /opt/airflow/dags/training_pipeline.py for tasks to queue
[2026-08-13T17:58:58.458+0000] {logging_mixin.py:188} INFO - [2026-08-13T17:58:58.456+0000] {dagbag.py:538} INFO - Filling up the DagBag from /opt/airflow/dags/training_pipeline.py
[2026-08-13T17:59:11.670+0000] {processor.py:840} INFO - DAG(s) 'tlc_yellow_taxi_training_pipeline' retrieved from /opt/airflow/dags/training_pipeline.py
[2026-08-13T17:59:12.032+0000] {logging_mixin.py:188} INFO - [2026-08-13T17:59:12.030+0000] {dag.py:3036} INFO - Sync 1 DAGs
[2026-08-13T17:59:12.130+0000] {logging_mixin.py:188} INFO - [2026-08-13T17:59:12.128+0000] {dag.py:3823} INFO - Setting next_dagrun for tlc_yellow_taxi_training_pipeline to 2026-08-13 00:00:00+00:00, run_after=2026-08-14 00:00:00+00:00
[2026-08-13T17:59:12.213+0000] {processor.py:183} INFO - Processing /opt/airflow/dags/training_pipeline.py took 13.804 seconds
[2026-08-13T17:59:43.433+0000] {processor.py:161} INFO - Started process (PID=542) to work on /opt/airflow/dags/training_pipeline.py
[2026-08-13T17:59:43.459+0000] {processor.py:830} INFO - Processing file /opt/airflow/dags/training_pipeline.py for tasks to queue
[2026-08-13T17:59:43.494+0000] {logging_mixin.py:188} INFO - [2026-08-13T17:59:43.489+0000] {dagbag.py:538} INFO - Filling up the DagBag from /opt/airflow/dags/training_pipeline.py
[2026-08-13T17:59:58.028+0000] {processor.py:840} INFO - DAG(s) 'tlc_yellow_taxi_training_pipeline' retrieved from /opt/airflow/dags/training_pipeline.py
[2026-08-13T17:59:59.408+0000] {logging_mixin.py:188} INFO - [2026-08-13T17:59:59.392+0000] {dag.py:3036} INFO - Sync 1 DAGs
[2026-08-13T18:00:01.064+0000] {logging_mixin.py:188} INFO - [2026-08-13T18:00:01.056+0000] {dag.py:3823} INFO - Setting next_dagrun for tlc_yellow_taxi_training_pipeline to 2026-08-13 00:00:00+00:00, run_after=2026-08-14 00:00:00+00:00
[2026-08-13T18:00:02.021+0000] {processor.py:183} INFO - Processing /opt/airflow/dags/training_pipeline.py took 18.720 seconds
[2026-08-13T18:00:36.007+0000] {processor.py:161} INFO - Started process (PID=558) to work on /opt/airflow/dags/training_pipeline.py
[2026-08-13T18:00:36.064+0000] {processor.py:830} INFO - Processing file /opt/airflow/dags/training_pipeline.py for tasks to queue
[2026-08-13T18:00:36.183+0000] {logging_mixin.py:188} INFO - [2026-08-13T18:00:36.145+0000] {dagbag.py:538} INFO - Filling up the DagBag from /opt/airflow/dags/training_pipeline.py
[2026-08-13T18:01:35.337+0000] {processor.py:161} INFO - Started process (PID=568) to work on /opt/airflow/dags/training_pipeline.py
[2026-08-13T18:01:35.453+0000] {processor.py:830} INFO - Processing file /opt/airflow/dags/training_pipeline.py for tasks to queue
[2026-08-13T18:01:35.554+0000] {logging_mixin.py:188} INFO - [2026-08-13T18:01:35.510+0000] {dagbag.py:538} INFO - Filling up the DagBag from /opt/airflow/dags/training_pipeline.py
