[2026-08-13T13:13:54.855+0000] {taskinstance.py:1956} INFO - Dependencies all met for dep_context=non-requeueable deps ti=<TaskInstance: tlc_yellow_taxi_training_pipeline.train_model scheduled__2026-08-02T00:00:00+00:00 [queued]>
[2026-08-13T13:13:54.895+0000] {taskinstance.py:1956} INFO - Dependencies all met for dep_context=requeueable deps ti=<TaskInstance: tlc_yellow_taxi_training_pipeline.train_model scheduled__2026-08-02T00:00:00+00:00 [queued]>
[2026-08-13T13:13:54.897+0000] {taskinstance.py:2170} INFO - Starting attempt 2 of 2
[2026-08-13T13:13:54.943+0000] {taskinstance.py:2191} INFO - Executing <Task(_PythonDecoratedOperator): train_model> on 2026-08-02 00:00:00+00:00
[2026-08-13T13:13:54.975+0000] {standard_task_runner.py:60} INFO - Started process 203 to run task
[2026-08-13T13:13:54.980+0000] {standard_task_runner.py:87} INFO - Running: ['***', 'tasks', 'run', 'tlc_yellow_taxi_training_pipeline', 'train_model', 'scheduled__2026-08-02T00:00:00+00:00', '--job-id', '12', '--raw', '--subdir', 'DAGS_FOLDER/training_pipeline.py', '--cfg-path', '/tmp/tmpc97mgb7n']
[2026-08-13T13:13:54.997+0000] {standard_task_runner.py:88} INFO - Job 12: Subtask train_model
[2026-08-13T13:13:59.960+0000] {task_command.py:423} INFO - Running <TaskInstance: tlc_yellow_taxi_training_pipeline.train_model scheduled__2026-08-02T00:00:00+00:00 [running]> on host e42abee83b68
[2026-08-13T13:14:00.309+0000] {taskinstance.py:2480} INFO - Exporting env vars: AIRFLOW_CTX_DAG_OWNER='mlops_team' AIRFLOW_CTX_DAG_ID='tlc_yellow_taxi_training_pipeline' AIRFLOW_CTX_TASK_ID='train_model' AIRFLOW_CTX_EXECUTION_DATE='2026-08-02T00:00:00+00:00' AIRFLOW_CTX_TRY_NUMBER='2' AIRFLOW_CTX_DAG_RUN_ID='scheduled__2026-08-02T00:00:00+00:00'
[2026-08-13T13:14:00.319+0000] {taskinstance.py:2698} ERROR - Task failed with exception
Traceback (most recent call last):
  File "/home/airflow/.local/lib/python3.8/site-packages/airflow/models/taskinstance.py", line 433, in _execute_task
    result = execute_callable(context=context, **execute_callable_kwargs)
  File "/home/airflow/.local/lib/python3.8/site-packages/airflow/decorators/base.py", line 241, in execute
    return_value = super().execute(context)
  File "/home/airflow/.local/lib/python3.8/site-packages/airflow/operators/python.py", line 199, in execute
    return_value = self.execute_callable()
  File "/home/airflow/.local/lib/python3.8/site-packages/airflow/operators/python.py", line 216, in execute_callable
    return self.python_callable(*self.op_args, **self.op_kwargs)
  File "/opt/airflow/dags/training_pipeline.py", line 87, in train_model
    import mlflow
ModuleNotFoundError: No module named 'mlflow'
[2026-08-13T13:14:00.364+0000] {taskinstance.py:1138} INFO - Marking task as FAILED. dag_id=tlc_yellow_taxi_training_pipeline, task_id=train_model, execution_date=20260802T000000, start_date=20260813T131354, end_date=20260813T131400
[2026-08-13T13:14:00.394+0000] {standard_task_runner.py:107} ERROR - Failed to execute job 12 for task train_model (No module named 'mlflow'; 203)
[2026-08-13T13:14:00.492+0000] {local_task_job_runner.py:234} INFO - Task exited with return code 1
[2026-08-13T13:14:01.666+0000] {taskinstance.py:3280} INFO - 0 downstream tasks scheduled from follow-on schedule check
