[2026-08-13T12:33:40.385+0000] {processor.py:161} INFO - Started process (PID=118) to work on /home/airflow/.local/lib/python3.8/site-packages/airflow/example_dags/example_short_circuit_decorator.py
[2026-08-13T12:33:40.388+0000] {processor.py:830} INFO - Processing file /home/airflow/.local/lib/python3.8/site-packages/airflow/example_dags/example_short_circuit_decorator.py for tasks to queue
[2026-08-13T12:33:40.393+0000] {logging_mixin.py:188} INFO - [2026-08-13T12:33:40.392+0000] {dagbag.py:538} INFO - Filling up the DagBag from /home/airflow/.local/lib/python3.8/site-packages/airflow/example_dags/example_short_circuit_decorator.py
[2026-08-13T12:33:40.421+0000] {processor.py:840} INFO - DAG(s) 'example_short_circuit_decorator' retrieved from /home/airflow/.local/lib/python3.8/site-packages/airflow/example_dags/example_short_circuit_decorator.py
[2026-08-13T12:33:40.752+0000] {logging_mixin.py:188} INFO - [2026-08-13T12:33:40.750+0000] {dag.py:3036} INFO - Sync 1 DAGs
[2026-08-13T12:33:40.810+0000] {logging_mixin.py:188} INFO - [2026-08-13T12:33:40.809+0000] {dag.py:3823} INFO - Setting next_dagrun for example_short_circuit_decorator to 2026-08-12 00:00:00+00:00, run_after=2026-08-13 00:00:00+00:00
[2026-08-13T12:33:40.857+0000] {processor.py:183} INFO - Processing /home/airflow/.local/lib/python3.8/site-packages/airflow/example_dags/example_short_circuit_decorator.py took 0.481 seconds
[2026-08-13T12:34:11.433+0000] {processor.py:161} INFO - Started process (PID=173) to work on /home/airflow/.local/lib/python3.8/site-packages/airflow/example_dags/example_short_circuit_decorator.py
[2026-08-13T12:34:11.436+0000] {processor.py:830} INFO - Processing file /home/airflow/.local/lib/python3.8/site-packages/airflow/example_dags/example_short_circuit_decorator.py for tasks to queue
[2026-08-13T12:34:11.440+0000] {logging_mixin.py:188} INFO - [2026-08-13T12:34:11.439+0000] {dagbag.py:538} INFO - Filling up the DagBag from /home/airflow/.local/lib/python3.8/site-packages/airflow/example_dags/example_short_circuit_decorator.py
[2026-08-13T12:34:11.484+0000] {processor.py:840} INFO - DAG(s) 'example_short_circuit_decorator' retrieved from /home/airflow/.local/lib/python3.8/site-packages/airflow/example_dags/example_short_circuit_decorator.py
[2026-08-13T12:34:11.537+0000] {logging_mixin.py:188} INFO - [2026-08-13T12:34:11.537+0000] {dag.py:3036} INFO - Sync 1 DAGs
[2026-08-13T12:34:11.585+0000] {logging_mixin.py:188} INFO - [2026-08-13T12:34:11.585+0000] {dag.py:3823} INFO - Setting next_dagrun for example_short_circuit_decorator to 2026-08-12 00:00:00+00:00, run_after=2026-08-13 00:00:00+00:00
[2026-08-13T12:34:11.629+0000] {processor.py:183} INFO - Processing /home/airflow/.local/lib/python3.8/site-packages/airflow/example_dags/example_short_circuit_decorator.py took 0.211 seconds
[2026-08-13T12:34:41.986+0000] {processor.py:161} INFO - Started process (PID=228) to work on /home/airflow/.local/lib/python3.8/site-packages/airflow/example_dags/example_short_circuit_decorator.py
[2026-08-13T12:34:41.988+0000] {processor.py:830} INFO - Processing file /home/airflow/.local/lib/python3.8/site-packages/airflow/example_dags/example_short_circuit_decorator.py for tasks to queue
[2026-08-13T12:34:41.991+0000] {logging_mixin.py:188} INFO - [2026-08-13T12:34:41.991+0000] {dagbag.py:538} INFO - Filling up the DagBag from /home/airflow/.local/lib/python3.8/site-packages/airflow/example_dags/example_short_circuit_decorator.py
[2026-08-13T12:34:42.003+0000] {processor.py:840} INFO - DAG(s) 'example_short_circuit_decorator' retrieved from /home/airflow/.local/lib/python3.8/site-packages/airflow/example_dags/example_short_circuit_decorator.py
[2026-08-13T12:34:42.034+0000] {logging_mixin.py:188} INFO - [2026-08-13T12:34:42.033+0000] {dag.py:3036} INFO - Sync 1 DAGs
[2026-08-13T12:34:42.065+0000] {logging_mixin.py:188} INFO - [2026-08-13T12:34:42.064+0000] {dag.py:3823} INFO - Setting next_dagrun for example_short_circuit_decorator to 2026-08-12 00:00:00+00:00, run_after=2026-08-13 00:00:00+00:00
[2026-08-13T12:34:42.094+0000] {processor.py:183} INFO - Processing /home/airflow/.local/lib/python3.8/site-packages/airflow/example_dags/example_short_circuit_decorator.py took 0.114 seconds
[2026-08-13T12:35:12.199+0000] {processor.py:161} INFO - Started process (PID=283) to work on /home/airflow/.local/lib/python3.8/site-packages/airflow/example_dags/example_short_circuit_decorator.py
[2026-08-13T12:35:12.205+0000] {processor.py:830} INFO - Processing file /home/airflow/.local/lib/python3.8/site-packages/airflow/example_dags/example_short_circuit_decorator.py for tasks to queue
[2026-08-13T12:35:12.209+0000] {logging_mixin.py:188} INFO - [2026-08-13T12:35:12.208+0000] {dagbag.py:538} INFO - Filling up the DagBag from /home/airflow/.local/lib/python3.8/site-packages/airflow/example_dags/example_short_circuit_decorator.py
[2026-08-13T12:35:12.231+0000] {processor.py:840} INFO - DAG(s) 'example_short_circuit_decorator' retrieved from /home/airflow/.local/lib/python3.8/site-packages/airflow/example_dags/example_short_circuit_decorator.py
[2026-08-13T12:35:12.299+0000] {logging_mixin.py:188} INFO - [2026-08-13T12:35:12.299+0000] {dag.py:3036} INFO - Sync 1 DAGs
[2026-08-13T12:35:12.344+0000] {logging_mixin.py:188} INFO - [2026-08-13T12:35:12.343+0000] {dag.py:3823} INFO - Setting next_dagrun for example_short_circuit_decorator to 2026-08-12 00:00:00+00:00, run_after=2026-08-13 00:00:00+00:00
[2026-08-13T12:35:12.396+0000] {processor.py:183} INFO - Processing /home/airflow/.local/lib/python3.8/site-packages/airflow/example_dags/example_short_circuit_decorator.py took 0.207 seconds
[2026-08-13T12:35:42.736+0000] {processor.py:161} INFO - Started process (PID=338) to work on /home/airflow/.local/lib/python3.8/site-packages/airflow/example_dags/example_short_circuit_decorator.py
[2026-08-13T12:35:42.740+0000] {processor.py:830} INFO - Processing file /home/airflow/.local/lib/python3.8/site-packages/airflow/example_dags/example_short_circuit_decorator.py for tasks to queue
[2026-08-13T12:35:42.746+0000] {logging_mixin.py:188} INFO - [2026-08-13T12:35:42.745+0000] {dagbag.py:538} INFO - Filling up the DagBag from /home/airflow/.local/lib/python3.8/site-packages/airflow/example_dags/example_short_circuit_decorator.py
[2026-08-13T12:35:42.766+0000] {processor.py:840} INFO - DAG(s) 'example_short_circuit_decorator' retrieved from /home/airflow/.local/lib/python3.8/site-packages/airflow/example_dags/example_short_circuit_decorator.py
[2026-08-13T12:35:42.807+0000] {logging_mixin.py:188} INFO - [2026-08-13T12:35:42.807+0000] {dag.py:3036} INFO - Sync 1 DAGs
[2026-08-13T12:35:42.851+0000] {logging_mixin.py:188} INFO - [2026-08-13T12:35:42.850+0000] {dag.py:3823} INFO - Setting next_dagrun for example_short_circuit_decorator to 2026-08-12 00:00:00+00:00, run_after=2026-08-13 00:00:00+00:00
[2026-08-13T12:35:42.891+0000] {processor.py:183} INFO - Processing /home/airflow/.local/lib/python3.8/site-packages/airflow/example_dags/example_short_circuit_decorator.py took 0.162 seconds
[2026-08-13T12:36:13.043+0000] {processor.py:161} INFO - Started process (PID=393) to work on /home/airflow/.local/lib/python3.8/site-packages/airflow/example_dags/example_short_circuit_decorator.py
[2026-08-13T12:36:13.045+0000] {processor.py:830} INFO - Processing file /home/airflow/.local/lib/python3.8/site-packages/airflow/example_dags/example_short_circuit_decorator.py for tasks to queue
[2026-08-13T12:36:13.047+0000] {logging_mixin.py:188} INFO - [2026-08-13T12:36:13.047+0000] {dagbag.py:538} INFO - Filling up the DagBag from /home/airflow/.local/lib/python3.8/site-packages/airflow/example_dags/example_short_circuit_decorator.py
[2026-08-13T12:36:13.059+0000] {processor.py:840} INFO - DAG(s) 'example_short_circuit_decorator' retrieved from /home/airflow/.local/lib/python3.8/site-packages/airflow/example_dags/example_short_circuit_decorator.py
[2026-08-13T12:36:13.090+0000] {logging_mixin.py:188} INFO - [2026-08-13T12:36:13.090+0000] {dag.py:3036} INFO - Sync 1 DAGs
[2026-08-13T12:36:13.117+0000] {logging_mixin.py:188} INFO - [2026-08-13T12:36:13.117+0000] {dag.py:3823} INFO - Setting next_dagrun for example_short_circuit_decorator to 2026-08-12 00:00:00+00:00, run_after=2026-08-13 00:00:00+00:00
[2026-08-13T12:36:13.157+0000] {processor.py:183} INFO - Processing /home/airflow/.local/lib/python3.8/site-packages/airflow/example_dags/example_short_circuit_decorator.py took 0.120 seconds
[2026-08-13T12:41:57.131+0000] {processor.py:161} INFO - Started process (PID=140) to work on /home/airflow/.local/lib/python3.8/site-packages/airflow/example_dags/example_short_circuit_decorator.py
[2026-08-13T12:41:57.134+0000] {processor.py:830} INFO - Processing file /home/airflow/.local/lib/python3.8/site-packages/airflow/example_dags/example_short_circuit_decorator.py for tasks to queue
[2026-08-13T12:41:57.138+0000] {logging_mixin.py:188} INFO - [2026-08-13T12:41:57.137+0000] {dagbag.py:538} INFO - Filling up the DagBag from /home/airflow/.local/lib/python3.8/site-packages/airflow/example_dags/example_short_circuit_decorator.py
[2026-08-13T12:41:57.164+0000] {processor.py:840} INFO - DAG(s) 'example_short_circuit_decorator' retrieved from /home/airflow/.local/lib/python3.8/site-packages/airflow/example_dags/example_short_circuit_decorator.py
[2026-08-13T12:41:57.610+0000] {logging_mixin.py:188} INFO - [2026-08-13T12:41:57.609+0000] {dag.py:3036} INFO - Sync 1 DAGs
[2026-08-13T12:41:57.715+0000] {logging_mixin.py:188} INFO - [2026-08-13T12:41:57.715+0000] {dag.py:3823} INFO - Setting next_dagrun for example_short_circuit_decorator to 2026-08-12 00:00:00+00:00, run_after=2026-08-13 00:00:00+00:00
[2026-08-13T12:41:57.782+0000] {processor.py:183} INFO - Processing /home/airflow/.local/lib/python3.8/site-packages/airflow/example_dags/example_short_circuit_decorator.py took 0.760 seconds
[2026-08-13T12:42:32.848+0000] {processor.py:161} INFO - Started process (PID=197) to work on /home/airflow/.local/lib/python3.8/site-packages/airflow/example_dags/example_short_circuit_decorator.py
[2026-08-13T12:42:32.853+0000] {processor.py:830} INFO - Processing file /home/airflow/.local/lib/python3.8/site-packages/airflow/example_dags/example_short_circuit_decorator.py for tasks to queue
[2026-08-13T12:42:32.867+0000] {logging_mixin.py:188} INFO - [2026-08-13T12:42:32.861+0000] {dagbag.py:538} INFO - Filling up the DagBag from /home/airflow/.local/lib/python3.8/site-packages/airflow/example_dags/example_short_circuit_decorator.py
[2026-08-13T12:42:32.929+0000] {processor.py:840} INFO - DAG(s) 'example_short_circuit_decorator' retrieved from /home/airflow/.local/lib/python3.8/site-packages/airflow/example_dags/example_short_circuit_decorator.py
[2026-08-13T12:42:33.197+0000] {logging_mixin.py:188} INFO - [2026-08-13T12:42:33.196+0000] {dag.py:3036} INFO - Sync 1 DAGs
[2026-08-13T12:42:33.304+0000] {logging_mixin.py:188} INFO - [2026-08-13T12:42:33.303+0000] {dag.py:3823} INFO - Setting next_dagrun for example_short_circuit_decorator to 2026-08-12 00:00:00+00:00, run_after=2026-08-13 00:00:00+00:00
[2026-08-13T12:42:33.423+0000] {processor.py:183} INFO - Processing /home/airflow/.local/lib/python3.8/site-packages/airflow/example_dags/example_short_circuit_decorator.py took 0.593 seconds
[2026-08-13T12:45:49.839+0000] {processor.py:161} INFO - Started process (PID=122) to work on /home/airflow/.local/lib/python3.8/site-packages/airflow/example_dags/example_short_circuit_decorator.py
[2026-08-13T12:45:49.843+0000] {processor.py:830} INFO - Processing file /home/airflow/.local/lib/python3.8/site-packages/airflow/example_dags/example_short_circuit_decorator.py for tasks to queue
[2026-08-13T12:45:49.849+0000] {logging_mixin.py:188} INFO - [2026-08-13T12:45:49.848+0000] {dagbag.py:538} INFO - Filling up the DagBag from /home/airflow/.local/lib/python3.8/site-packages/airflow/example_dags/example_short_circuit_decorator.py
[2026-08-13T12:45:49.921+0000] {processor.py:840} INFO - DAG(s) 'example_short_circuit_decorator' retrieved from /home/airflow/.local/lib/python3.8/site-packages/airflow/example_dags/example_short_circuit_decorator.py
[2026-08-13T12:45:50.397+0000] {logging_mixin.py:188} INFO - [2026-08-13T12:45:50.396+0000] {dag.py:3036} INFO - Sync 1 DAGs
[2026-08-13T12:45:50.470+0000] {logging_mixin.py:188} INFO - [2026-08-13T12:45:50.470+0000] {dag.py:3823} INFO - Setting next_dagrun for example_short_circuit_decorator to 2026-08-12 00:00:00+00:00, run_after=2026-08-13 00:00:00+00:00
[2026-08-13T12:45:50.541+0000] {processor.py:183} INFO - Processing /home/airflow/.local/lib/python3.8/site-packages/airflow/example_dags/example_short_circuit_decorator.py took 0.713 seconds
[2026-08-13T12:46:20.947+0000] {processor.py:161} INFO - Started process (PID=177) to work on /home/airflow/.local/lib/python3.8/site-packages/airflow/example_dags/example_short_circuit_decorator.py
[2026-08-13T12:46:20.950+0000] {processor.py:830} INFO - Processing file /home/airflow/.local/lib/python3.8/site-packages/airflow/example_dags/example_short_circuit_decorator.py for tasks to queue
[2026-08-13T12:46:20.957+0000] {logging_mixin.py:188} INFO - [2026-08-13T12:46:20.956+0000] {dagbag.py:538} INFO - Filling up the DagBag from /home/airflow/.local/lib/python3.8/site-packages/airflow/example_dags/example_short_circuit_decorator.py
[2026-08-13T12:46:20.991+0000] {processor.py:840} INFO - DAG(s) 'example_short_circuit_decorator' retrieved from /home/airflow/.local/lib/python3.8/site-packages/airflow/example_dags/example_short_circuit_decorator.py
[2026-08-13T12:46:21.079+0000] {logging_mixin.py:188} INFO - [2026-08-13T12:46:21.079+0000] {dag.py:3036} INFO - Sync 1 DAGs
[2026-08-13T12:46:21.144+0000] {logging_mixin.py:188} INFO - [2026-08-13T12:46:21.144+0000] {dag.py:3823} INFO - Setting next_dagrun for example_short_circuit_decorator to 2026-08-12 00:00:00+00:00, run_after=2026-08-13 00:00:00+00:00
[2026-08-13T12:46:21.210+0000] {processor.py:183} INFO - Processing /home/airflow/.local/lib/python3.8/site-packages/airflow/example_dags/example_short_circuit_decorator.py took 0.276 seconds
[2026-08-13T12:46:52.170+0000] {processor.py:161} INFO - Started process (PID=232) to work on /home/airflow/.local/lib/python3.8/site-packages/airflow/example_dags/example_short_circuit_decorator.py
[2026-08-13T12:46:52.173+0000] {processor.py:830} INFO - Processing file /home/airflow/.local/lib/python3.8/site-packages/airflow/example_dags/example_short_circuit_decorator.py for tasks to queue
[2026-08-13T12:46:52.178+0000] {logging_mixin.py:188} INFO - [2026-08-13T12:46:52.177+0000] {dagbag.py:538} INFO - Filling up the DagBag from /home/airflow/.local/lib/python3.8/site-packages/airflow/example_dags/example_short_circuit_decorator.py
[2026-08-13T12:46:52.202+0000] {processor.py:840} INFO - DAG(s) 'example_short_circuit_decorator' retrieved from /home/airflow/.local/lib/python3.8/site-packages/airflow/example_dags/example_short_circuit_decorator.py
[2026-08-13T12:46:52.257+0000] {logging_mixin.py:188} INFO - [2026-08-13T12:46:52.256+0000] {dag.py:3036} INFO - Sync 1 DAGs
[2026-08-13T12:46:52.325+0000] {logging_mixin.py:188} INFO - [2026-08-13T12:46:52.324+0000] {dag.py:3823} INFO - Setting next_dagrun for example_short_circuit_decorator to 2026-08-12 00:00:00+00:00, run_after=2026-08-13 00:00:00+00:00
[2026-08-13T12:46:52.381+0000] {processor.py:183} INFO - Processing /home/airflow/.local/lib/python3.8/site-packages/airflow/example_dags/example_short_circuit_decorator.py took 0.223 seconds
[2026-08-13T12:47:24.848+0000] {processor.py:161} INFO - Started process (PID=287) to work on /home/airflow/.local/lib/python3.8/site-packages/airflow/example_dags/example_short_circuit_decorator.py
[2026-08-13T12:47:24.851+0000] {processor.py:830} INFO - Processing file /home/airflow/.local/lib/python3.8/site-packages/airflow/example_dags/example_short_circuit_decorator.py for tasks to queue
[2026-08-13T12:47:24.856+0000] {logging_mixin.py:188} INFO - [2026-08-13T12:47:24.855+0000] {dagbag.py:538} INFO - Filling up the DagBag from /home/airflow/.local/lib/python3.8/site-packages/airflow/example_dags/example_short_circuit_decorator.py
[2026-08-13T12:47:24.886+0000] {processor.py:840} INFO - DAG(s) 'example_short_circuit_decorator' retrieved from /home/airflow/.local/lib/python3.8/site-packages/airflow/example_dags/example_short_circuit_decorator.py
[2026-08-13T12:47:24.945+0000] {logging_mixin.py:188} INFO - [2026-08-13T12:47:24.944+0000] {dag.py:3036} INFO - Sync 1 DAGs
[2026-08-13T12:47:25.042+0000] {logging_mixin.py:188} INFO - [2026-08-13T12:47:25.041+0000] {dag.py:3823} INFO - Setting next_dagrun for example_short_circuit_decorator to 2026-08-12 00:00:00+00:00, run_after=2026-08-13 00:00:00+00:00
[2026-08-13T12:47:25.126+0000] {processor.py:183} INFO - Processing /home/airflow/.local/lib/python3.8/site-packages/airflow/example_dags/example_short_circuit_decorator.py took 0.286 seconds
[2026-08-13T12:47:58.864+0000] {processor.py:161} INFO - Started process (PID=342) to work on /home/airflow/.local/lib/python3.8/site-packages/airflow/example_dags/example_short_circuit_decorator.py
[2026-08-13T12:47:58.869+0000] {processor.py:830} INFO - Processing file /home/airflow/.local/lib/python3.8/site-packages/airflow/example_dags/example_short_circuit_decorator.py for tasks to queue
[2026-08-13T12:47:58.875+0000] {logging_mixin.py:188} INFO - [2026-08-13T12:47:58.874+0000] {dagbag.py:538} INFO - Filling up the DagBag from /home/airflow/.local/lib/python3.8/site-packages/airflow/example_dags/example_short_circuit_decorator.py
[2026-08-13T12:47:58.911+0000] {processor.py:840} INFO - DAG(s) 'example_short_circuit_decorator' retrieved from /home/airflow/.local/lib/python3.8/site-packages/airflow/example_dags/example_short_circuit_decorator.py
[2026-08-13T12:47:58.984+0000] {logging_mixin.py:188} INFO - [2026-08-13T12:47:58.983+0000] {dag.py:3036} INFO - Sync 1 DAGs
[2026-08-13T12:47:59.049+0000] {logging_mixin.py:188} INFO - [2026-08-13T12:47:59.048+0000] {dag.py:3823} INFO - Setting next_dagrun for example_short_circuit_decorator to 2026-08-12 00:00:00+00:00, run_after=2026-08-13 00:00:00+00:00
[2026-08-13T12:47:59.094+0000] {processor.py:183} INFO - Processing /home/airflow/.local/lib/python3.8/site-packages/airflow/example_dags/example_short_circuit_decorator.py took 0.243 seconds
[2026-08-13T12:48:29.202+0000] {processor.py:161} INFO - Started process (PID=395) to work on /home/airflow/.local/lib/python3.8/site-packages/airflow/example_dags/example_short_circuit_decorator.py
[2026-08-13T12:48:29.206+0000] {processor.py:830} INFO - Processing file /home/airflow/.local/lib/python3.8/site-packages/airflow/example_dags/example_short_circuit_decorator.py for tasks to queue
[2026-08-13T12:48:29.216+0000] {logging_mixin.py:188} INFO - [2026-08-13T12:48:29.215+0000] {dagbag.py:538} INFO - Filling up the DagBag from /home/airflow/.local/lib/python3.8/site-packages/airflow/example_dags/example_short_circuit_decorator.py
[2026-08-13T12:48:29.264+0000] {processor.py:840} INFO - DAG(s) 'example_short_circuit_decorator' retrieved from /home/airflow/.local/lib/python3.8/site-packages/airflow/example_dags/example_short_circuit_decorator.py
[2026-08-13T12:48:29.369+0000] {logging_mixin.py:188} INFO - [2026-08-13T12:48:29.368+0000] {dag.py:3036} INFO - Sync 1 DAGs
[2026-08-13T12:48:29.439+0000] {logging_mixin.py:188} INFO - [2026-08-13T12:48:29.438+0000] {dag.py:3823} INFO - Setting next_dagrun for example_short_circuit_decorator to 2026-08-12 00:00:00+00:00, run_after=2026-08-13 00:00:00+00:00
[2026-08-13T12:48:29.490+0000] {processor.py:183} INFO - Processing /home/airflow/.local/lib/python3.8/site-packages/airflow/example_dags/example_short_circuit_decorator.py took 0.297 seconds
[2026-08-13T12:48:59.931+0000] {processor.py:161} INFO - Started process (PID=451) to work on /home/airflow/.local/lib/python3.8/site-packages/airflow/example_dags/example_short_circuit_decorator.py
[2026-08-13T12:48:59.933+0000] {processor.py:830} INFO - Processing file /home/airflow/.local/lib/python3.8/site-packages/airflow/example_dags/example_short_circuit_decorator.py for tasks to queue
[2026-08-13T12:48:59.941+0000] {logging_mixin.py:188} INFO - [2026-08-13T12:48:59.940+0000] {dagbag.py:538} INFO - Filling up the DagBag from /home/airflow/.local/lib/python3.8/site-packages/airflow/example_dags/example_short_circuit_decorator.py
[2026-08-13T12:48:59.962+0000] {processor.py:840} INFO - DAG(s) 'example_short_circuit_decorator' retrieved from /home/airflow/.local/lib/python3.8/site-packages/airflow/example_dags/example_short_circuit_decorator.py
[2026-08-13T12:49:00.003+0000] {logging_mixin.py:188} INFO - [2026-08-13T12:49:00.002+0000] {dag.py:3036} INFO - Sync 1 DAGs
[2026-08-13T12:49:00.118+0000] {logging_mixin.py:188} INFO - [2026-08-13T12:49:00.117+0000] {dag.py:3823} INFO - Setting next_dagrun for example_short_circuit_decorator to 2026-08-12 00:00:00+00:00, run_after=2026-08-13 00:00:00+00:00
[2026-08-13T12:49:00.221+0000] {processor.py:183} INFO - Processing /home/airflow/.local/lib/python3.8/site-packages/airflow/example_dags/example_short_circuit_decorator.py took 0.297 seconds
[2026-08-13T12:49:30.362+0000] {processor.py:161} INFO - Started process (PID=506) to work on /home/airflow/.local/lib/python3.8/site-packages/airflow/example_dags/example_short_circuit_decorator.py
[2026-08-13T12:49:30.375+0000] {processor.py:830} INFO - Processing file /home/airflow/.local/lib/python3.8/site-packages/airflow/example_dags/example_short_circuit_decorator.py for tasks to queue
[2026-08-13T12:49:30.384+0000] {logging_mixin.py:188} INFO - [2026-08-13T12:49:30.384+0000] {dagbag.py:538} INFO - Filling up the DagBag from /home/airflow/.local/lib/python3.8/site-packages/airflow/example_dags/example_short_circuit_decorator.py
[2026-08-13T12:49:30.473+0000] {processor.py:840} INFO - DAG(s) 'example_short_circuit_decorator' retrieved from /home/airflow/.local/lib/python3.8/site-packages/airflow/example_dags/example_short_circuit_decorator.py
[2026-08-13T12:49:30.531+0000] {logging_mixin.py:188} INFO - [2026-08-13T12:49:30.530+0000] {dag.py:3036} INFO - Sync 1 DAGs
[2026-08-13T12:49:30.582+0000] {logging_mixin.py:188} INFO - [2026-08-13T12:49:30.581+0000] {dag.py:3823} INFO - Setting next_dagrun for example_short_circuit_decorator to 2026-08-12 00:00:00+00:00, run_after=2026-08-13 00:00:00+00:00
[2026-08-13T12:49:30.624+0000] {processor.py:183} INFO - Processing /home/airflow/.local/lib/python3.8/site-packages/airflow/example_dags/example_short_circuit_decorator.py took 0.271 seconds
[2026-08-13T12:50:01.518+0000] {processor.py:161} INFO - Started process (PID=561) to work on /home/airflow/.local/lib/python3.8/site-packages/airflow/example_dags/example_short_circuit_decorator.py
[2026-08-13T12:50:01.522+0000] {processor.py:830} INFO - Processing file /home/airflow/.local/lib/python3.8/site-packages/airflow/example_dags/example_short_circuit_decorator.py for tasks to queue
[2026-08-13T12:50:01.529+0000] {logging_mixin.py:188} INFO - [2026-08-13T12:50:01.528+0000] {dagbag.py:538} INFO - Filling up the DagBag from /home/airflow/.local/lib/python3.8/site-packages/airflow/example_dags/example_short_circuit_decorator.py
[2026-08-13T12:50:01.559+0000] {processor.py:840} INFO - DAG(s) 'example_short_circuit_decorator' retrieved from /home/airflow/.local/lib/python3.8/site-packages/airflow/example_dags/example_short_circuit_decorator.py
[2026-08-13T12:50:01.632+0000] {logging_mixin.py:188} INFO - [2026-08-13T12:50:01.631+0000] {dag.py:3036} INFO - Sync 1 DAGs
[2026-08-13T12:50:01.722+0000] {logging_mixin.py:188} INFO - [2026-08-13T12:50:01.721+0000] {dag.py:3823} INFO - Setting next_dagrun for example_short_circuit_decorator to 2026-08-12 00:00:00+00:00, run_after=2026-08-13 00:00:00+00:00
[2026-08-13T12:50:01.818+0000] {processor.py:183} INFO - Processing /home/airflow/.local/lib/python3.8/site-packages/airflow/example_dags/example_short_circuit_decorator.py took 0.308 seconds
[2026-08-13T12:50:34.544+0000] {processor.py:161} INFO - Started process (PID=624) to work on /home/airflow/.local/lib/python3.8/site-packages/airflow/example_dags/example_short_circuit_decorator.py
[2026-08-13T12:50:34.547+0000] {processor.py:830} INFO - Processing file /home/airflow/.local/lib/python3.8/site-packages/airflow/example_dags/example_short_circuit_decorator.py for tasks to queue
[2026-08-13T12:50:34.552+0000] {logging_mixin.py:188} INFO - [2026-08-13T12:50:34.551+0000] {dagbag.py:538} INFO - Filling up the DagBag from /home/airflow/.local/lib/python3.8/site-packages/airflow/example_dags/example_short_circuit_decorator.py
[2026-08-13T12:50:34.576+0000] {processor.py:840} INFO - DAG(s) 'example_short_circuit_decorator' retrieved from /home/airflow/.local/lib/python3.8/site-packages/airflow/example_dags/example_short_circuit_decorator.py
[2026-08-13T12:50:34.633+0000] {logging_mixin.py:188} INFO - [2026-08-13T12:50:34.633+0000] {dag.py:3036} INFO - Sync 1 DAGs
[2026-08-13T12:50:34.709+0000] {logging_mixin.py:188} INFO - [2026-08-13T12:50:34.709+0000] {dag.py:3823} INFO - Setting next_dagrun for example_short_circuit_decorator to 2026-08-12 00:00:00+00:00, run_after=2026-08-13 00:00:00+00:00
[2026-08-13T12:50:34.771+0000] {processor.py:183} INFO - Processing /home/airflow/.local/lib/python3.8/site-packages/airflow/example_dags/example_short_circuit_decorator.py took 0.233 seconds
[2026-08-13T12:51:05.253+0000] {processor.py:161} INFO - Started process (PID=679) to work on /home/airflow/.local/lib/python3.8/site-packages/airflow/example_dags/example_short_circuit_decorator.py
[2026-08-13T12:51:05.255+0000] {processor.py:830} INFO - Processing file /home/airflow/.local/lib/python3.8/site-packages/airflow/example_dags/example_short_circuit_decorator.py for tasks to queue
[2026-08-13T12:51:05.258+0000] {logging_mixin.py:188} INFO - [2026-08-13T12:51:05.257+0000] {dagbag.py:538} INFO - Filling up the DagBag from /home/airflow/.local/lib/python3.8/site-packages/airflow/example_dags/example_short_circuit_decorator.py
[2026-08-13T12:51:05.274+0000] {processor.py:840} INFO - DAG(s) 'example_short_circuit_decorator' retrieved from /home/airflow/.local/lib/python3.8/site-packages/airflow/example_dags/example_short_circuit_decorator.py
[2026-08-13T12:51:05.312+0000] {logging_mixin.py:188} INFO - [2026-08-13T12:51:05.312+0000] {dag.py:3036} INFO - Sync 1 DAGs
[2026-08-13T12:51:05.343+0000] {logging_mixin.py:188} INFO - [2026-08-13T12:51:05.343+0000] {dag.py:3823} INFO - Setting next_dagrun for example_short_circuit_decorator to 2026-08-12 00:00:00+00:00, run_after=2026-08-13 00:00:00+00:00
[2026-08-13T12:51:05.372+0000] {processor.py:183} INFO - Processing /home/airflow/.local/lib/python3.8/site-packages/airflow/example_dags/example_short_circuit_decorator.py took 0.125 seconds
[2026-08-13T12:51:37.187+0000] {processor.py:161} INFO - Started process (PID=738) to work on /home/airflow/.local/lib/python3.8/site-packages/airflow/example_dags/example_short_circuit_decorator.py
[2026-08-13T12:51:37.191+0000] {processor.py:830} INFO - Processing file /home/airflow/.local/lib/python3.8/site-packages/airflow/example_dags/example_short_circuit_decorator.py for tasks to queue
[2026-08-13T12:51:37.197+0000] {logging_mixin.py:188} INFO - [2026-08-13T12:51:37.196+0000] {dagbag.py:538} INFO - Filling up the DagBag from /home/airflow/.local/lib/python3.8/site-packages/airflow/example_dags/example_short_circuit_decorator.py
[2026-08-13T12:51:37.227+0000] {processor.py:840} INFO - DAG(s) 'example_short_circuit_decorator' retrieved from /home/airflow/.local/lib/python3.8/site-packages/airflow/example_dags/example_short_circuit_decorator.py
[2026-08-13T12:51:37.306+0000] {logging_mixin.py:188} INFO - [2026-08-13T12:51:37.306+0000] {dag.py:3036} INFO - Sync 1 DAGs
[2026-08-13T12:51:37.425+0000] {logging_mixin.py:188} INFO - [2026-08-13T12:51:37.424+0000] {dag.py:3823} INFO - Setting next_dagrun for example_short_circuit_decorator to 2026-08-12 00:00:00+00:00, run_after=2026-08-13 00:00:00+00:00
[2026-08-13T12:51:37.571+0000] {processor.py:183} INFO - Processing /home/airflow/.local/lib/python3.8/site-packages/airflow/example_dags/example_short_circuit_decorator.py took 0.394 seconds
[2026-08-13T12:52:08.232+0000] {processor.py:161} INFO - Started process (PID=793) to work on /home/airflow/.local/lib/python3.8/site-packages/airflow/example_dags/example_short_circuit_decorator.py
[2026-08-13T12:52:08.234+0000] {processor.py:830} INFO - Processing file /home/airflow/.local/lib/python3.8/site-packages/airflow/example_dags/example_short_circuit_decorator.py for tasks to queue
[2026-08-13T12:52:08.237+0000] {logging_mixin.py:188} INFO - [2026-08-13T12:52:08.237+0000] {dagbag.py:538} INFO - Filling up the DagBag from /home/airflow/.local/lib/python3.8/site-packages/airflow/example_dags/example_short_circuit_decorator.py
[2026-08-13T12:52:08.253+0000] {processor.py:840} INFO - DAG(s) 'example_short_circuit_decorator' retrieved from /home/airflow/.local/lib/python3.8/site-packages/airflow/example_dags/example_short_circuit_decorator.py
[2026-08-13T12:52:08.297+0000] {logging_mixin.py:188} INFO - [2026-08-13T12:52:08.296+0000] {dag.py:3036} INFO - Sync 1 DAGs
[2026-08-13T12:52:08.342+0000] {logging_mixin.py:188} INFO - [2026-08-13T12:52:08.342+0000] {dag.py:3823} INFO - Setting next_dagrun for example_short_circuit_decorator to 2026-08-12 00:00:00+00:00, run_after=2026-08-13 00:00:00+00:00
[2026-08-13T12:52:08.382+0000] {processor.py:183} INFO - Processing /home/airflow/.local/lib/python3.8/site-packages/airflow/example_dags/example_short_circuit_decorator.py took 0.156 seconds
[2026-08-13T12:52:38.695+0000] {processor.py:161} INFO - Started process (PID=848) to work on /home/airflow/.local/lib/python3.8/site-packages/airflow/example_dags/example_short_circuit_decorator.py
[2026-08-13T12:52:38.698+0000] {processor.py:830} INFO - Processing file /home/airflow/.local/lib/python3.8/site-packages/airflow/example_dags/example_short_circuit_decorator.py for tasks to queue
[2026-08-13T12:52:38.702+0000] {logging_mixin.py:188} INFO - [2026-08-13T12:52:38.701+0000] {dagbag.py:538} INFO - Filling up the DagBag from /home/airflow/.local/lib/python3.8/site-packages/airflow/example_dags/example_short_circuit_decorator.py
[2026-08-13T12:52:38.726+0000] {processor.py:840} INFO - DAG(s) 'example_short_circuit_decorator' retrieved from /home/airflow/.local/lib/python3.8/site-packages/airflow/example_dags/example_short_circuit_decorator.py
[2026-08-13T12:52:38.801+0000] {logging_mixin.py:188} INFO - [2026-08-13T12:52:38.800+0000] {dag.py:3036} INFO - Sync 1 DAGs
[2026-08-13T12:52:38.866+0000] {logging_mixin.py:188} INFO - [2026-08-13T12:52:38.865+0000] {dag.py:3823} INFO - Setting next_dagrun for example_short_circuit_decorator to 2026-08-12 00:00:00+00:00, run_after=2026-08-13 00:00:00+00:00
[2026-08-13T12:52:38.909+0000] {processor.py:183} INFO - Processing /home/airflow/.local/lib/python3.8/site-packages/airflow/example_dags/example_short_circuit_decorator.py took 0.223 seconds
[2026-08-13T12:53:09.268+0000] {processor.py:161} INFO - Started process (PID=903) to work on /home/airflow/.local/lib/python3.8/site-packages/airflow/example_dags/example_short_circuit_decorator.py
[2026-08-13T12:53:09.271+0000] {processor.py:830} INFO - Processing file /home/airflow/.local/lib/python3.8/site-packages/airflow/example_dags/example_short_circuit_decorator.py for tasks to queue
[2026-08-13T12:53:09.277+0000] {logging_mixin.py:188} INFO - [2026-08-13T12:53:09.276+0000] {dagbag.py:538} INFO - Filling up the DagBag from /home/airflow/.local/lib/python3.8/site-packages/airflow/example_dags/example_short_circuit_decorator.py
[2026-08-13T12:53:09.296+0000] {processor.py:840} INFO - DAG(s) 'example_short_circuit_decorator' retrieved from /home/airflow/.local/lib/python3.8/site-packages/airflow/example_dags/example_short_circuit_decorator.py
[2026-08-13T12:53:09.337+0000] {logging_mixin.py:188} INFO - [2026-08-13T12:53:09.337+0000] {dag.py:3036} INFO - Sync 1 DAGs
[2026-08-13T12:53:09.371+0000] {logging_mixin.py:188} INFO - [2026-08-13T12:53:09.371+0000] {dag.py:3823} INFO - Setting next_dagrun for example_short_circuit_decorator to 2026-08-12 00:00:00+00:00, run_after=2026-08-13 00:00:00+00:00
[2026-08-13T12:53:09.404+0000] {processor.py:183} INFO - Processing /home/airflow/.local/lib/python3.8/site-packages/airflow/example_dags/example_short_circuit_decorator.py took 0.143 seconds
[2026-08-13T12:53:43.461+0000] {processor.py:161} INFO - Started process (PID=959) to work on /home/airflow/.local/lib/python3.8/site-packages/airflow/example_dags/example_short_circuit_decorator.py
[2026-08-13T12:53:43.463+0000] {processor.py:830} INFO - Processing file /home/airflow/.local/lib/python3.8/site-packages/airflow/example_dags/example_short_circuit_decorator.py for tasks to queue
[2026-08-13T12:53:43.466+0000] {logging_mixin.py:188} INFO - [2026-08-13T12:53:43.466+0000] {dagbag.py:538} INFO - Filling up the DagBag from /home/airflow/.local/lib/python3.8/site-packages/airflow/example_dags/example_short_circuit_decorator.py
[2026-08-13T12:53:43.480+0000] {processor.py:840} INFO - DAG(s) 'example_short_circuit_decorator' retrieved from /home/airflow/.local/lib/python3.8/site-packages/airflow/example_dags/example_short_circuit_decorator.py
[2026-08-13T12:53:43.515+0000] {logging_mixin.py:188} INFO - [2026-08-13T12:53:43.514+0000] {dag.py:3036} INFO - Sync 1 DAGs
[2026-08-13T12:53:43.547+0000] {logging_mixin.py:188} INFO - [2026-08-13T12:53:43.546+0000] {dag.py:3823} INFO - Setting next_dagrun for example_short_circuit_decorator to 2026-08-12 00:00:00+00:00, run_after=2026-08-13 00:00:00+00:00
[2026-08-13T12:53:43.578+0000] {processor.py:183} INFO - Processing /home/airflow/.local/lib/python3.8/site-packages/airflow/example_dags/example_short_circuit_decorator.py took 0.124 seconds
[2026-08-13T12:54:13.946+0000] {processor.py:161} INFO - Started process (PID=1014) to work on /home/airflow/.local/lib/python3.8/site-packages/airflow/example_dags/example_short_circuit_decorator.py
[2026-08-13T12:54:13.948+0000] {processor.py:830} INFO - Processing file /home/airflow/.local/lib/python3.8/site-packages/airflow/example_dags/example_short_circuit_decorator.py for tasks to queue
[2026-08-13T12:54:13.952+0000] {logging_mixin.py:188} INFO - [2026-08-13T12:54:13.951+0000] {dagbag.py:538} INFO - Filling up the DagBag from /home/airflow/.local/lib/python3.8/site-packages/airflow/example_dags/example_short_circuit_decorator.py
[2026-08-13T12:54:13.967+0000] {processor.py:840} INFO - DAG(s) 'example_short_circuit_decorator' retrieved from /home/airflow/.local/lib/python3.8/site-packages/airflow/example_dags/example_short_circuit_decorator.py
[2026-08-13T12:54:14.014+0000] {logging_mixin.py:188} INFO - [2026-08-13T12:54:14.013+0000] {dag.py:3036} INFO - Sync 1 DAGs
[2026-08-13T12:54:14.054+0000] {logging_mixin.py:188} INFO - [2026-08-13T12:54:14.053+0000] {dag.py:3823} INFO - Setting next_dagrun for example_short_circuit_decorator to 2026-08-12 00:00:00+00:00, run_after=2026-08-13 00:00:00+00:00
[2026-08-13T12:54:14.097+0000] {processor.py:183} INFO - Processing /home/airflow/.local/lib/python3.8/site-packages/airflow/example_dags/example_short_circuit_decorator.py took 0.157 seconds
[2026-08-13T12:54:45.242+0000] {processor.py:161} INFO - Started process (PID=1069) to work on /home/airflow/.local/lib/python3.8/site-packages/airflow/example_dags/example_short_circuit_decorator.py
[2026-08-13T12:54:45.245+0000] {processor.py:830} INFO - Processing file /home/airflow/.local/lib/python3.8/site-packages/airflow/example_dags/example_short_circuit_decorator.py for tasks to queue
[2026-08-13T12:54:45.250+0000] {logging_mixin.py:188} INFO - [2026-08-13T12:54:45.249+0000] {dagbag.py:538} INFO - Filling up the DagBag from /home/airflow/.local/lib/python3.8/site-packages/airflow/example_dags/example_short_circuit_decorator.py
[2026-08-13T12:54:45.272+0000] {processor.py:840} INFO - DAG(s) 'example_short_circuit_decorator' retrieved from /home/airflow/.local/lib/python3.8/site-packages/airflow/example_dags/example_short_circuit_decorator.py
[2026-08-13T12:54:45.342+0000] {logging_mixin.py:188} INFO - [2026-08-13T12:54:45.341+0000] {dag.py:3036} INFO - Sync 1 DAGs
[2026-08-13T12:54:45.390+0000] {logging_mixin.py:188} INFO - [2026-08-13T12:54:45.390+0000] {dag.py:3823} INFO - Setting next_dagrun for example_short_circuit_decorator to 2026-08-12 00:00:00+00:00, run_after=2026-08-13 00:00:00+00:00
[2026-08-13T12:54:45.420+0000] {processor.py:183} INFO - Processing /home/airflow/.local/lib/python3.8/site-packages/airflow/example_dags/example_short_circuit_decorator.py took 0.184 seconds
[2026-08-13T12:55:15.573+0000] {processor.py:161} INFO - Started process (PID=1124) to work on /home/airflow/.local/lib/python3.8/site-packages/airflow/example_dags/example_short_circuit_decorator.py
[2026-08-13T12:55:15.575+0000] {processor.py:830} INFO - Processing file /home/airflow/.local/lib/python3.8/site-packages/airflow/example_dags/example_short_circuit_decorator.py for tasks to queue
[2026-08-13T12:55:15.579+0000] {logging_mixin.py:188} INFO - [2026-08-13T12:55:15.578+0000] {dagbag.py:538} INFO - Filling up the DagBag from /home/airflow/.local/lib/python3.8/site-packages/airflow/example_dags/example_short_circuit_decorator.py
[2026-08-13T12:55:15.599+0000] {processor.py:840} INFO - DAG(s) 'example_short_circuit_decorator' retrieved from /home/airflow/.local/lib/python3.8/site-packages/airflow/example_dags/example_short_circuit_decorator.py
[2026-08-13T12:55:15.639+0000] {logging_mixin.py:188} INFO - [2026-08-13T12:55:15.639+0000] {dag.py:3036} INFO - Sync 1 DAGs
[2026-08-13T12:55:15.673+0000] {logging_mixin.py:188} INFO - [2026-08-13T12:55:15.673+0000] {dag.py:3823} INFO - Setting next_dagrun for example_short_circuit_decorator to 2026-08-12 00:00:00+00:00, run_after=2026-08-13 00:00:00+00:00
[2026-08-13T12:55:15.706+0000] {processor.py:183} INFO - Processing /home/airflow/.local/lib/python3.8/site-packages/airflow/example_dags/example_short_circuit_decorator.py took 0.139 seconds
[2026-08-13T12:55:46.754+0000] {processor.py:161} INFO - Started process (PID=1177) to work on /home/airflow/.local/lib/python3.8/site-packages/airflow/example_dags/example_short_circuit_decorator.py
[2026-08-13T12:55:46.757+0000] {processor.py:830} INFO - Processing file /home/airflow/.local/lib/python3.8/site-packages/airflow/example_dags/example_short_circuit_decorator.py for tasks to queue
[2026-08-13T12:55:46.762+0000] {logging_mixin.py:188} INFO - [2026-08-13T12:55:46.762+0000] {dagbag.py:538} INFO - Filling up the DagBag from /home/airflow/.local/lib/python3.8/site-packages/airflow/example_dags/example_short_circuit_decorator.py
[2026-08-13T12:55:46.777+0000] {processor.py:840} INFO - DAG(s) 'example_short_circuit_decorator' retrieved from /home/airflow/.local/lib/python3.8/site-packages/airflow/example_dags/example_short_circuit_decorator.py
[2026-08-13T12:55:46.813+0000] {logging_mixin.py:188} INFO - [2026-08-13T12:55:46.813+0000] {dag.py:3036} INFO - Sync 1 DAGs
[2026-08-13T12:55:46.867+0000] {logging_mixin.py:188} INFO - [2026-08-13T12:55:46.866+0000] {dag.py:3823} INFO - Setting next_dagrun for example_short_circuit_decorator to 2026-08-12 00:00:00+00:00, run_after=2026-08-13 00:00:00+00:00
[2026-08-13T12:55:46.912+0000] {processor.py:183} INFO - Processing /home/airflow/.local/lib/python3.8/site-packages/airflow/example_dags/example_short_circuit_decorator.py took 0.166 seconds
[2026-08-13T12:56:17.629+0000] {processor.py:161} INFO - Started process (PID=1232) to work on /home/airflow/.local/lib/python3.8/site-packages/airflow/example_dags/example_short_circuit_decorator.py
[2026-08-13T12:56:17.632+0000] {processor.py:830} INFO - Processing file /home/airflow/.local/lib/python3.8/site-packages/airflow/example_dags/example_short_circuit_decorator.py for tasks to queue
[2026-08-13T12:56:17.636+0000] {logging_mixin.py:188} INFO - [2026-08-13T12:56:17.636+0000] {dagbag.py:538} INFO - Filling up the DagBag from /home/airflow/.local/lib/python3.8/site-packages/airflow/example_dags/example_short_circuit_decorator.py
[2026-08-13T12:56:17.651+0000] {processor.py:840} INFO - DAG(s) 'example_short_circuit_decorator' retrieved from /home/airflow/.local/lib/python3.8/site-packages/airflow/example_dags/example_short_circuit_decorator.py
[2026-08-13T12:56:17.699+0000] {logging_mixin.py:188} INFO - [2026-08-13T12:56:17.698+0000] {dag.py:3036} INFO - Sync 1 DAGs
[2026-08-13T12:56:17.741+0000] {logging_mixin.py:188} INFO - [2026-08-13T12:56:17.740+0000] {dag.py:3823} INFO - Setting next_dagrun for example_short_circuit_decorator to 2026-08-12 00:00:00+00:00, run_after=2026-08-13 00:00:00+00:00
[2026-08-13T12:56:17.781+0000] {processor.py:183} INFO - Processing /home/airflow/.local/lib/python3.8/site-packages/airflow/example_dags/example_short_circuit_decorator.py took 0.157 seconds
[2026-08-13T12:56:47.994+0000] {processor.py:161} INFO - Started process (PID=1287) to work on /home/airflow/.local/lib/python3.8/site-packages/airflow/example_dags/example_short_circuit_decorator.py
[2026-08-13T12:56:47.996+0000] {processor.py:830} INFO - Processing file /home/airflow/.local/lib/python3.8/site-packages/airflow/example_dags/example_short_circuit_decorator.py for tasks to queue
[2026-08-13T12:56:48.000+0000] {logging_mixin.py:188} INFO - [2026-08-13T12:56:47.999+0000] {dagbag.py:538} INFO - Filling up the DagBag from /home/airflow/.local/lib/python3.8/site-packages/airflow/example_dags/example_short_circuit_decorator.py
[2026-08-13T12:56:48.014+0000] {processor.py:840} INFO - DAG(s) 'example_short_circuit_decorator' retrieved from /home/airflow/.local/lib/python3.8/site-packages/airflow/example_dags/example_short_circuit_decorator.py
[2026-08-13T12:56:48.049+0000] {logging_mixin.py:188} INFO - [2026-08-13T12:56:48.049+0000] {dag.py:3036} INFO - Sync 1 DAGs
[2026-08-13T12:56:48.093+0000] {logging_mixin.py:188} INFO - [2026-08-13T12:56:48.092+0000] {dag.py:3823} INFO - Setting next_dagrun for example_short_circuit_decorator to 2026-08-12 00:00:00+00:00, run_after=2026-08-13 00:00:00+00:00
[2026-08-13T12:56:48.126+0000] {processor.py:183} INFO - Processing /home/airflow/.local/lib/python3.8/site-packages/airflow/example_dags/example_short_circuit_decorator.py took 0.138 seconds
[2026-08-13T12:57:18.967+0000] {processor.py:161} INFO - Started process (PID=1342) to work on /home/airflow/.local/lib/python3.8/site-packages/airflow/example_dags/example_short_circuit_decorator.py
[2026-08-13T12:57:18.970+0000] {processor.py:830} INFO - Processing file /home/airflow/.local/lib/python3.8/site-packages/airflow/example_dags/example_short_circuit_decorator.py for tasks to queue
[2026-08-13T12:57:18.974+0000] {logging_mixin.py:188} INFO - [2026-08-13T12:57:18.973+0000] {dagbag.py:538} INFO - Filling up the DagBag from /home/airflow/.local/lib/python3.8/site-packages/airflow/example_dags/example_short_circuit_decorator.py
[2026-08-13T12:57:18.995+0000] {processor.py:840} INFO - DAG(s) 'example_short_circuit_decorator' retrieved from /home/airflow/.local/lib/python3.8/site-packages/airflow/example_dags/example_short_circuit_decorator.py
[2026-08-13T12:57:19.042+0000] {logging_mixin.py:188} INFO - [2026-08-13T12:57:19.041+0000] {dag.py:3036} INFO - Sync 1 DAGs
[2026-08-13T12:57:19.081+0000] {logging_mixin.py:188} INFO - [2026-08-13T12:57:19.080+0000] {dag.py:3823} INFO - Setting next_dagrun for example_short_circuit_decorator to 2026-08-12 00:00:00+00:00, run_after=2026-08-13 00:00:00+00:00
[2026-08-13T12:57:19.119+0000] {processor.py:183} INFO - Processing /home/airflow/.local/lib/python3.8/site-packages/airflow/example_dags/example_short_circuit_decorator.py took 0.158 seconds
