[2026-08-13T12:33:12.483+0000] {processor.py:161} INFO - Started process (PID=72) to work on /home/airflow/.local/lib/python3.8/site-packages/airflow/example_dags/example_task_group.py
[2026-08-13T12:33:12.511+0000] {processor.py:830} INFO - Processing file /home/airflow/.local/lib/python3.8/site-packages/airflow/example_dags/example_task_group.py for tasks to queue
[2026-08-13T12:33:12.559+0000] {logging_mixin.py:188} INFO - [2026-08-13T12:33:12.552+0000] {dagbag.py:538} INFO - Filling up the DagBag from /home/airflow/.local/lib/python3.8/site-packages/airflow/example_dags/example_task_group.py
[2026-08-13T12:33:12.780+0000] {processor.py:840} INFO - DAG(s) 'example_task_group' retrieved from /home/airflow/.local/lib/python3.8/site-packages/airflow/example_dags/example_task_group.py
[2026-08-13T12:33:13.918+0000] {logging_mixin.py:188} INFO - [2026-08-13T12:33:13.918+0000] {dag.py:3036} INFO - Sync 1 DAGs
[2026-08-13T12:33:14.073+0000] {logging_mixin.py:188} INFO - [2026-08-13T12:33:14.070+0000] {dag.py:3823} INFO - Setting next_dagrun for example_task_group to 2026-08-12 00:00:00+00:00, run_after=2026-08-13 00:00:00+00:00
[2026-08-13T12:33:14.244+0000] {processor.py:183} INFO - Processing /home/airflow/.local/lib/python3.8/site-packages/airflow/example_dags/example_task_group.py took 1.870 seconds
[2026-08-13T12:33:45.155+0000] {processor.py:161} INFO - Started process (PID=127) to work on /home/airflow/.local/lib/python3.8/site-packages/airflow/example_dags/example_task_group.py
[2026-08-13T12:33:45.157+0000] {processor.py:830} INFO - Processing file /home/airflow/.local/lib/python3.8/site-packages/airflow/example_dags/example_task_group.py for tasks to queue
[2026-08-13T12:33:45.161+0000] {logging_mixin.py:188} INFO - [2026-08-13T12:33:45.160+0000] {dagbag.py:538} INFO - Filling up the DagBag from /home/airflow/.local/lib/python3.8/site-packages/airflow/example_dags/example_task_group.py
[2026-08-13T12:33:45.176+0000] {processor.py:840} INFO - DAG(s) 'example_task_group' retrieved from /home/airflow/.local/lib/python3.8/site-packages/airflow/example_dags/example_task_group.py
[2026-08-13T12:33:45.222+0000] {logging_mixin.py:188} INFO - [2026-08-13T12:33:45.222+0000] {dag.py:3036} INFO - Sync 1 DAGs
[2026-08-13T12:33:45.257+0000] {logging_mixin.py:188} INFO - [2026-08-13T12:33:45.257+0000] {dag.py:3823} INFO - Setting next_dagrun for example_task_group to 2026-08-12 00:00:00+00:00, run_after=2026-08-13 00:00:00+00:00
[2026-08-13T12:33:45.288+0000] {processor.py:183} INFO - Processing /home/airflow/.local/lib/python3.8/site-packages/airflow/example_dags/example_task_group.py took 0.138 seconds
[2026-08-13T12:34:16.093+0000] {processor.py:161} INFO - Started process (PID=180) to work on /home/airflow/.local/lib/python3.8/site-packages/airflow/example_dags/example_task_group.py
[2026-08-13T12:34:16.095+0000] {processor.py:830} INFO - Processing file /home/airflow/.local/lib/python3.8/site-packages/airflow/example_dags/example_task_group.py for tasks to queue
[2026-08-13T12:34:16.099+0000] {logging_mixin.py:188} INFO - [2026-08-13T12:34:16.098+0000] {dagbag.py:538} INFO - Filling up the DagBag from /home/airflow/.local/lib/python3.8/site-packages/airflow/example_dags/example_task_group.py
[2026-08-13T12:34:16.112+0000] {processor.py:840} INFO - DAG(s) 'example_task_group' retrieved from /home/airflow/.local/lib/python3.8/site-packages/airflow/example_dags/example_task_group.py
[2026-08-13T12:34:16.141+0000] {logging_mixin.py:188} INFO - [2026-08-13T12:34:16.141+0000] {dag.py:3036} INFO - Sync 1 DAGs
[2026-08-13T12:34:16.170+0000] {logging_mixin.py:188} INFO - [2026-08-13T12:34:16.170+0000] {dag.py:3823} INFO - Setting next_dagrun for example_task_group to 2026-08-12 00:00:00+00:00, run_after=2026-08-13 00:00:00+00:00
[2026-08-13T12:34:16.196+0000] {processor.py:183} INFO - Processing /home/airflow/.local/lib/python3.8/site-packages/airflow/example_dags/example_task_group.py took 0.109 seconds
[2026-08-13T12:34:46.526+0000] {processor.py:161} INFO - Started process (PID=235) to work on /home/airflow/.local/lib/python3.8/site-packages/airflow/example_dags/example_task_group.py
[2026-08-13T12:34:46.528+0000] {processor.py:830} INFO - Processing file /home/airflow/.local/lib/python3.8/site-packages/airflow/example_dags/example_task_group.py for tasks to queue
[2026-08-13T12:34:46.533+0000] {logging_mixin.py:188} INFO - [2026-08-13T12:34:46.532+0000] {dagbag.py:538} INFO - Filling up the DagBag from /home/airflow/.local/lib/python3.8/site-packages/airflow/example_dags/example_task_group.py
[2026-08-13T12:34:46.547+0000] {processor.py:840} INFO - DAG(s) 'example_task_group' retrieved from /home/airflow/.local/lib/python3.8/site-packages/airflow/example_dags/example_task_group.py
[2026-08-13T12:34:46.585+0000] {logging_mixin.py:188} INFO - [2026-08-13T12:34:46.584+0000] {dag.py:3036} INFO - Sync 1 DAGs
[2026-08-13T12:34:46.620+0000] {logging_mixin.py:188} INFO - [2026-08-13T12:34:46.619+0000] {dag.py:3823} INFO - Setting next_dagrun for example_task_group to 2026-08-12 00:00:00+00:00, run_after=2026-08-13 00:00:00+00:00
[2026-08-13T12:34:46.647+0000] {processor.py:183} INFO - Processing /home/airflow/.local/lib/python3.8/site-packages/airflow/example_dags/example_task_group.py took 0.127 seconds
[2026-08-13T12:35:16.793+0000] {processor.py:161} INFO - Started process (PID=290) to work on /home/airflow/.local/lib/python3.8/site-packages/airflow/example_dags/example_task_group.py
[2026-08-13T12:35:16.808+0000] {processor.py:830} INFO - Processing file /home/airflow/.local/lib/python3.8/site-packages/airflow/example_dags/example_task_group.py for tasks to queue
[2026-08-13T12:35:16.814+0000] {logging_mixin.py:188} INFO - [2026-08-13T12:35:16.813+0000] {dagbag.py:538} INFO - Filling up the DagBag from /home/airflow/.local/lib/python3.8/site-packages/airflow/example_dags/example_task_group.py
[2026-08-13T12:35:16.841+0000] {processor.py:840} INFO - DAG(s) 'example_task_group' retrieved from /home/airflow/.local/lib/python3.8/site-packages/airflow/example_dags/example_task_group.py
[2026-08-13T12:35:16.925+0000] {logging_mixin.py:188} INFO - [2026-08-13T12:35:16.924+0000] {dag.py:3036} INFO - Sync 1 DAGs
[2026-08-13T12:35:16.973+0000] {logging_mixin.py:188} INFO - [2026-08-13T12:35:16.972+0000] {dag.py:3823} INFO - Setting next_dagrun for example_task_group to 2026-08-12 00:00:00+00:00, run_after=2026-08-13 00:00:00+00:00
[2026-08-13T12:35:17.011+0000] {processor.py:183} INFO - Processing /home/airflow/.local/lib/python3.8/site-packages/airflow/example_dags/example_task_group.py took 0.241 seconds
[2026-08-13T12:35:47.450+0000] {processor.py:161} INFO - Started process (PID=345) to work on /home/airflow/.local/lib/python3.8/site-packages/airflow/example_dags/example_task_group.py
[2026-08-13T12:35:47.452+0000] {processor.py:830} INFO - Processing file /home/airflow/.local/lib/python3.8/site-packages/airflow/example_dags/example_task_group.py for tasks to queue
[2026-08-13T12:35:47.455+0000] {logging_mixin.py:188} INFO - [2026-08-13T12:35:47.454+0000] {dagbag.py:538} INFO - Filling up the DagBag from /home/airflow/.local/lib/python3.8/site-packages/airflow/example_dags/example_task_group.py
[2026-08-13T12:35:47.467+0000] {processor.py:840} INFO - DAG(s) 'example_task_group' retrieved from /home/airflow/.local/lib/python3.8/site-packages/airflow/example_dags/example_task_group.py
[2026-08-13T12:35:47.506+0000] {logging_mixin.py:188} INFO - [2026-08-13T12:35:47.506+0000] {dag.py:3036} INFO - Sync 1 DAGs
[2026-08-13T12:35:47.541+0000] {logging_mixin.py:188} INFO - [2026-08-13T12:35:47.540+0000] {dag.py:3823} INFO - Setting next_dagrun for example_task_group to 2026-08-12 00:00:00+00:00, run_after=2026-08-13 00:00:00+00:00
[2026-08-13T12:35:47.564+0000] {processor.py:183} INFO - Processing /home/airflow/.local/lib/python3.8/site-packages/airflow/example_dags/example_task_group.py took 0.118 seconds
[2026-08-13T12:36:17.641+0000] {processor.py:161} INFO - Started process (PID=400) to work on /home/airflow/.local/lib/python3.8/site-packages/airflow/example_dags/example_task_group.py
[2026-08-13T12:36:17.643+0000] {processor.py:830} INFO - Processing file /home/airflow/.local/lib/python3.8/site-packages/airflow/example_dags/example_task_group.py for tasks to queue
[2026-08-13T12:36:17.646+0000] {logging_mixin.py:188} INFO - [2026-08-13T12:36:17.646+0000] {dagbag.py:538} INFO - Filling up the DagBag from /home/airflow/.local/lib/python3.8/site-packages/airflow/example_dags/example_task_group.py
[2026-08-13T12:36:17.657+0000] {processor.py:840} INFO - DAG(s) 'example_task_group' retrieved from /home/airflow/.local/lib/python3.8/site-packages/airflow/example_dags/example_task_group.py
[2026-08-13T12:36:17.699+0000] {logging_mixin.py:188} INFO - [2026-08-13T12:36:17.699+0000] {dag.py:3036} INFO - Sync 1 DAGs
[2026-08-13T12:36:17.735+0000] {logging_mixin.py:188} INFO - [2026-08-13T12:36:17.734+0000] {dag.py:3823} INFO - Setting next_dagrun for example_task_group to 2026-08-12 00:00:00+00:00, run_after=2026-08-13 00:00:00+00:00
[2026-08-13T12:36:17.767+0000] {processor.py:183} INFO - Processing /home/airflow/.local/lib/python3.8/site-packages/airflow/example_dags/example_task_group.py took 0.133 seconds
[2026-08-13T12:40:21.381+0000] {processor.py:161} INFO - Started process (PID=83) to work on /home/airflow/.local/lib/python3.8/site-packages/airflow/example_dags/example_task_group.py
[2026-08-13T12:40:21.394+0000] {processor.py:830} INFO - Processing file /home/airflow/.local/lib/python3.8/site-packages/airflow/example_dags/example_task_group.py for tasks to queue
[2026-08-13T12:40:21.414+0000] {logging_mixin.py:188} INFO - [2026-08-13T12:40:21.411+0000] {dagbag.py:538} INFO - Filling up the DagBag from /home/airflow/.local/lib/python3.8/site-packages/airflow/example_dags/example_task_group.py
[2026-08-13T12:40:22.688+0000] {processor.py:840} INFO - DAG(s) 'example_task_group' retrieved from /home/airflow/.local/lib/python3.8/site-packages/airflow/example_dags/example_task_group.py
[2026-08-13T12:40:32.047+0000] {logging_mixin.py:188} INFO - [2026-08-13T12:40:31.966+0000] {dag.py:3036} INFO - Sync 1 DAGs
[2026-08-13T12:40:32.629+0000] {logging_mixin.py:188} INFO - [2026-08-13T12:40:32.627+0000] {dag.py:3823} INFO - Setting next_dagrun for example_task_group to 2026-08-12 00:00:00+00:00, run_after=2026-08-13 00:00:00+00:00
[2026-08-13T12:40:33.010+0000] {processor.py:183} INFO - Processing /home/airflow/.local/lib/python3.8/site-packages/airflow/example_dags/example_task_group.py took 11.701 seconds
[2026-08-13T12:42:00.300+0000] {processor.py:161} INFO - Started process (PID=148) to work on /home/airflow/.local/lib/python3.8/site-packages/airflow/example_dags/example_task_group.py
[2026-08-13T12:42:00.306+0000] {processor.py:830} INFO - Processing file /home/airflow/.local/lib/python3.8/site-packages/airflow/example_dags/example_task_group.py for tasks to queue
[2026-08-13T12:42:00.325+0000] {logging_mixin.py:188} INFO - [2026-08-13T12:42:00.324+0000] {dagbag.py:538} INFO - Filling up the DagBag from /home/airflow/.local/lib/python3.8/site-packages/airflow/example_dags/example_task_group.py
[2026-08-13T12:42:00.373+0000] {processor.py:840} INFO - DAG(s) 'example_task_group' retrieved from /home/airflow/.local/lib/python3.8/site-packages/airflow/example_dags/example_task_group.py
[2026-08-13T12:42:00.494+0000] {logging_mixin.py:188} INFO - [2026-08-13T12:42:00.493+0000] {dag.py:3036} INFO - Sync 1 DAGs
[2026-08-13T12:42:00.590+0000] {logging_mixin.py:188} INFO - [2026-08-13T12:42:00.589+0000] {dag.py:3823} INFO - Setting next_dagrun for example_task_group to 2026-08-12 00:00:00+00:00, run_after=2026-08-13 00:00:00+00:00
[2026-08-13T12:42:00.690+0000] {processor.py:183} INFO - Processing /home/airflow/.local/lib/python3.8/site-packages/airflow/example_dags/example_task_group.py took 0.410 seconds
[2026-08-13T12:42:35.130+0000] {processor.py:161} INFO - Started process (PID=203) to work on /home/airflow/.local/lib/python3.8/site-packages/airflow/example_dags/example_task_group.py
[2026-08-13T12:42:35.136+0000] {processor.py:830} INFO - Processing file /home/airflow/.local/lib/python3.8/site-packages/airflow/example_dags/example_task_group.py for tasks to queue
[2026-08-13T12:42:35.151+0000] {logging_mixin.py:188} INFO - [2026-08-13T12:42:35.149+0000] {dagbag.py:538} INFO - Filling up the DagBag from /home/airflow/.local/lib/python3.8/site-packages/airflow/example_dags/example_task_group.py
[2026-08-13T12:42:35.370+0000] {processor.py:840} INFO - DAG(s) 'example_task_group' retrieved from /home/airflow/.local/lib/python3.8/site-packages/airflow/example_dags/example_task_group.py
[2026-08-13T12:42:36.376+0000] {logging_mixin.py:188} INFO - [2026-08-13T12:42:36.374+0000] {dag.py:3036} INFO - Sync 1 DAGs
[2026-08-13T12:42:36.690+0000] {logging_mixin.py:188} INFO - [2026-08-13T12:42:36.689+0000] {dag.py:3823} INFO - Setting next_dagrun for example_task_group to 2026-08-12 00:00:00+00:00, run_after=2026-08-13 00:00:00+00:00
[2026-08-13T12:42:36.759+0000] {processor.py:183} INFO - Processing /home/airflow/.local/lib/python3.8/site-packages/airflow/example_dags/example_task_group.py took 1.648 seconds
[2026-08-13T12:45:10.393+0000] {processor.py:161} INFO - Started process (PID=75) to work on /home/airflow/.local/lib/python3.8/site-packages/airflow/example_dags/example_task_group.py
[2026-08-13T12:45:10.406+0000] {processor.py:830} INFO - Processing file /home/airflow/.local/lib/python3.8/site-packages/airflow/example_dags/example_task_group.py for tasks to queue
[2026-08-13T12:45:10.421+0000] {logging_mixin.py:188} INFO - [2026-08-13T12:45:10.420+0000] {dagbag.py:538} INFO - Filling up the DagBag from /home/airflow/.local/lib/python3.8/site-packages/airflow/example_dags/example_task_group.py
[2026-08-13T12:45:10.574+0000] {processor.py:840} INFO - DAG(s) 'example_task_group' retrieved from /home/airflow/.local/lib/python3.8/site-packages/airflow/example_dags/example_task_group.py
[2026-08-13T12:45:13.678+0000] {logging_mixin.py:188} INFO - [2026-08-13T12:45:13.658+0000] {dag.py:3036} INFO - Sync 1 DAGs
[2026-08-13T12:45:14.146+0000] {logging_mixin.py:188} INFO - [2026-08-13T12:45:14.144+0000] {dag.py:3823} INFO - Setting next_dagrun for example_task_group to 2026-08-12 00:00:00+00:00, run_after=2026-08-13 00:00:00+00:00
[2026-08-13T12:45:14.401+0000] {processor.py:183} INFO - Processing /home/airflow/.local/lib/python3.8/site-packages/airflow/example_dags/example_task_group.py took 4.034 seconds
[2026-08-13T12:45:54.972+0000] {processor.py:161} INFO - Started process (PID=130) to work on /home/airflow/.local/lib/python3.8/site-packages/airflow/example_dags/example_task_group.py
[2026-08-13T12:45:54.975+0000] {processor.py:830} INFO - Processing file /home/airflow/.local/lib/python3.8/site-packages/airflow/example_dags/example_task_group.py for tasks to queue
[2026-08-13T12:45:54.983+0000] {logging_mixin.py:188} INFO - [2026-08-13T12:45:54.982+0000] {dagbag.py:538} INFO - Filling up the DagBag from /home/airflow/.local/lib/python3.8/site-packages/airflow/example_dags/example_task_group.py
[2026-08-13T12:45:55.008+0000] {processor.py:840} INFO - DAG(s) 'example_task_group' retrieved from /home/airflow/.local/lib/python3.8/site-packages/airflow/example_dags/example_task_group.py
[2026-08-13T12:45:55.107+0000] {logging_mixin.py:188} INFO - [2026-08-13T12:45:55.106+0000] {dag.py:3036} INFO - Sync 1 DAGs
[2026-08-13T12:45:55.231+0000] {logging_mixin.py:188} INFO - [2026-08-13T12:45:55.229+0000] {dag.py:3823} INFO - Setting next_dagrun for example_task_group to 2026-08-12 00:00:00+00:00, run_after=2026-08-13 00:00:00+00:00
[2026-08-13T12:45:55.322+0000] {processor.py:183} INFO - Processing /home/airflow/.local/lib/python3.8/site-packages/airflow/example_dags/example_task_group.py took 0.367 seconds
[2026-08-13T12:46:25.598+0000] {processor.py:161} INFO - Started process (PID=184) to work on /home/airflow/.local/lib/python3.8/site-packages/airflow/example_dags/example_task_group.py
[2026-08-13T12:46:25.602+0000] {processor.py:830} INFO - Processing file /home/airflow/.local/lib/python3.8/site-packages/airflow/example_dags/example_task_group.py for tasks to queue
[2026-08-13T12:46:25.608+0000] {logging_mixin.py:188} INFO - [2026-08-13T12:46:25.608+0000] {dagbag.py:538} INFO - Filling up the DagBag from /home/airflow/.local/lib/python3.8/site-packages/airflow/example_dags/example_task_group.py
[2026-08-13T12:46:25.636+0000] {processor.py:840} INFO - DAG(s) 'example_task_group' retrieved from /home/airflow/.local/lib/python3.8/site-packages/airflow/example_dags/example_task_group.py
[2026-08-13T12:46:25.699+0000] {logging_mixin.py:188} INFO - [2026-08-13T12:46:25.699+0000] {dag.py:3036} INFO - Sync 1 DAGs
[2026-08-13T12:46:25.780+0000] {logging_mixin.py:188} INFO - [2026-08-13T12:46:25.779+0000] {dag.py:3823} INFO - Setting next_dagrun for example_task_group to 2026-08-12 00:00:00+00:00, run_after=2026-08-13 00:00:00+00:00
[2026-08-13T12:46:25.846+0000] {processor.py:183} INFO - Processing /home/airflow/.local/lib/python3.8/site-packages/airflow/example_dags/example_task_group.py took 0.259 seconds
[2026-08-13T12:46:55.918+0000] {processor.py:161} INFO - Started process (PID=238) to work on /home/airflow/.local/lib/python3.8/site-packages/airflow/example_dags/example_task_group.py
[2026-08-13T12:46:55.921+0000] {processor.py:830} INFO - Processing file /home/airflow/.local/lib/python3.8/site-packages/airflow/example_dags/example_task_group.py for tasks to queue
[2026-08-13T12:46:55.924+0000] {logging_mixin.py:188} INFO - [2026-08-13T12:46:55.923+0000] {dagbag.py:538} INFO - Filling up the DagBag from /home/airflow/.local/lib/python3.8/site-packages/airflow/example_dags/example_task_group.py
[2026-08-13T12:46:55.935+0000] {processor.py:840} INFO - DAG(s) 'example_task_group' retrieved from /home/airflow/.local/lib/python3.8/site-packages/airflow/example_dags/example_task_group.py
[2026-08-13T12:46:55.961+0000] {logging_mixin.py:188} INFO - [2026-08-13T12:46:55.960+0000] {dag.py:3036} INFO - Sync 1 DAGs
[2026-08-13T12:46:55.985+0000] {logging_mixin.py:188} INFO - [2026-08-13T12:46:55.985+0000] {dag.py:3823} INFO - Setting next_dagrun for example_task_group to 2026-08-12 00:00:00+00:00, run_after=2026-08-13 00:00:00+00:00
[2026-08-13T12:46:56.009+0000] {processor.py:183} INFO - Processing /home/airflow/.local/lib/python3.8/site-packages/airflow/example_dags/example_task_group.py took 0.097 seconds
[2026-08-13T12:47:26.955+0000] {processor.py:161} INFO - Started process (PID=294) to work on /home/airflow/.local/lib/python3.8/site-packages/airflow/example_dags/example_task_group.py
[2026-08-13T12:47:26.962+0000] {processor.py:830} INFO - Processing file /home/airflow/.local/lib/python3.8/site-packages/airflow/example_dags/example_task_group.py for tasks to queue
[2026-08-13T12:47:26.973+0000] {logging_mixin.py:188} INFO - [2026-08-13T12:47:26.972+0000] {dagbag.py:538} INFO - Filling up the DagBag from /home/airflow/.local/lib/python3.8/site-packages/airflow/example_dags/example_task_group.py
[2026-08-13T12:47:27.021+0000] {processor.py:840} INFO - DAG(s) 'example_task_group' retrieved from /home/airflow/.local/lib/python3.8/site-packages/airflow/example_dags/example_task_group.py
[2026-08-13T12:47:27.145+0000] {logging_mixin.py:188} INFO - [2026-08-13T12:47:27.145+0000] {dag.py:3036} INFO - Sync 1 DAGs
[2026-08-13T12:47:27.276+0000] {logging_mixin.py:188} INFO - [2026-08-13T12:47:27.275+0000] {dag.py:3823} INFO - Setting next_dagrun for example_task_group to 2026-08-12 00:00:00+00:00, run_after=2026-08-13 00:00:00+00:00
[2026-08-13T12:47:27.386+0000] {processor.py:183} INFO - Processing /home/airflow/.local/lib/python3.8/site-packages/airflow/example_dags/example_task_group.py took 0.463 seconds
[2026-08-13T12:47:59.986+0000] {processor.py:161} INFO - Started process (PID=348) to work on /home/airflow/.local/lib/python3.8/site-packages/airflow/example_dags/example_task_group.py
[2026-08-13T12:47:59.990+0000] {processor.py:830} INFO - Processing file /home/airflow/.local/lib/python3.8/site-packages/airflow/example_dags/example_task_group.py for tasks to queue
[2026-08-13T12:47:59.995+0000] {logging_mixin.py:188} INFO - [2026-08-13T12:47:59.994+0000] {dagbag.py:538} INFO - Filling up the DagBag from /home/airflow/.local/lib/python3.8/site-packages/airflow/example_dags/example_task_group.py
[2026-08-13T12:48:00.027+0000] {processor.py:840} INFO - DAG(s) 'example_task_group' retrieved from /home/airflow/.local/lib/python3.8/site-packages/airflow/example_dags/example_task_group.py
[2026-08-13T12:48:00.098+0000] {logging_mixin.py:188} INFO - [2026-08-13T12:48:00.097+0000] {dag.py:3036} INFO - Sync 1 DAGs
[2026-08-13T12:48:00.154+0000] {logging_mixin.py:188} INFO - [2026-08-13T12:48:00.154+0000] {dag.py:3823} INFO - Setting next_dagrun for example_task_group to 2026-08-12 00:00:00+00:00, run_after=2026-08-13 00:00:00+00:00
[2026-08-13T12:48:00.201+0000] {processor.py:183} INFO - Processing /home/airflow/.local/lib/python3.8/site-packages/airflow/example_dags/example_task_group.py took 0.223 seconds
[2026-08-13T12:48:31.179+0000] {processor.py:161} INFO - Started process (PID=403) to work on /home/airflow/.local/lib/python3.8/site-packages/airflow/example_dags/example_task_group.py
[2026-08-13T12:48:31.182+0000] {processor.py:830} INFO - Processing file /home/airflow/.local/lib/python3.8/site-packages/airflow/example_dags/example_task_group.py for tasks to queue
[2026-08-13T12:48:31.189+0000] {logging_mixin.py:188} INFO - [2026-08-13T12:48:31.189+0000] {dagbag.py:538} INFO - Filling up the DagBag from /home/airflow/.local/lib/python3.8/site-packages/airflow/example_dags/example_task_group.py
[2026-08-13T12:48:31.209+0000] {processor.py:840} INFO - DAG(s) 'example_task_group' retrieved from /home/airflow/.local/lib/python3.8/site-packages/airflow/example_dags/example_task_group.py
[2026-08-13T12:48:31.279+0000] {logging_mixin.py:188} INFO - [2026-08-13T12:48:31.279+0000] {dag.py:3036} INFO - Sync 1 DAGs
[2026-08-13T12:48:31.349+0000] {logging_mixin.py:188} INFO - [2026-08-13T12:48:31.348+0000] {dag.py:3823} INFO - Setting next_dagrun for example_task_group to 2026-08-12 00:00:00+00:00, run_after=2026-08-13 00:00:00+00:00
[2026-08-13T12:48:31.411+0000] {processor.py:183} INFO - Processing /home/airflow/.local/lib/python3.8/site-packages/airflow/example_dags/example_task_group.py took 0.240 seconds
[2026-08-13T12:49:01.713+0000] {processor.py:161} INFO - Started process (PID=457) to work on /home/airflow/.local/lib/python3.8/site-packages/airflow/example_dags/example_task_group.py
[2026-08-13T12:49:01.715+0000] {processor.py:830} INFO - Processing file /home/airflow/.local/lib/python3.8/site-packages/airflow/example_dags/example_task_group.py for tasks to queue
[2026-08-13T12:49:01.719+0000] {logging_mixin.py:188} INFO - [2026-08-13T12:49:01.718+0000] {dagbag.py:538} INFO - Filling up the DagBag from /home/airflow/.local/lib/python3.8/site-packages/airflow/example_dags/example_task_group.py
[2026-08-13T12:49:01.729+0000] {processor.py:840} INFO - DAG(s) 'example_task_group' retrieved from /home/airflow/.local/lib/python3.8/site-packages/airflow/example_dags/example_task_group.py
[2026-08-13T12:49:01.775+0000] {logging_mixin.py:188} INFO - [2026-08-13T12:49:01.775+0000] {dag.py:3036} INFO - Sync 1 DAGs
[2026-08-13T12:49:01.808+0000] {logging_mixin.py:188} INFO - [2026-08-13T12:49:01.808+0000] {dag.py:3823} INFO - Setting next_dagrun for example_task_group to 2026-08-12 00:00:00+00:00, run_after=2026-08-13 00:00:00+00:00
[2026-08-13T12:49:01.835+0000] {processor.py:183} INFO - Processing /home/airflow/.local/lib/python3.8/site-packages/airflow/example_dags/example_task_group.py took 0.128 seconds
[2026-08-13T12:49:32.518+0000] {processor.py:161} INFO - Started process (PID=512) to work on /home/airflow/.local/lib/python3.8/site-packages/airflow/example_dags/example_task_group.py
[2026-08-13T12:49:32.526+0000] {processor.py:830} INFO - Processing file /home/airflow/.local/lib/python3.8/site-packages/airflow/example_dags/example_task_group.py for tasks to queue
[2026-08-13T12:49:32.532+0000] {logging_mixin.py:188} INFO - [2026-08-13T12:49:32.531+0000] {dagbag.py:538} INFO - Filling up the DagBag from /home/airflow/.local/lib/python3.8/site-packages/airflow/example_dags/example_task_group.py
[2026-08-13T12:49:32.561+0000] {processor.py:840} INFO - DAG(s) 'example_task_group' retrieved from /home/airflow/.local/lib/python3.8/site-packages/airflow/example_dags/example_task_group.py
[2026-08-13T12:49:32.609+0000] {logging_mixin.py:188} INFO - [2026-08-13T12:49:32.608+0000] {dag.py:3036} INFO - Sync 1 DAGs
[2026-08-13T12:49:32.660+0000] {logging_mixin.py:188} INFO - [2026-08-13T12:49:32.659+0000] {dag.py:3823} INFO - Setting next_dagrun for example_task_group to 2026-08-12 00:00:00+00:00, run_after=2026-08-13 00:00:00+00:00
[2026-08-13T12:49:32.698+0000] {processor.py:183} INFO - Processing /home/airflow/.local/lib/python3.8/site-packages/airflow/example_dags/example_task_group.py took 0.193 seconds
[2026-08-13T12:50:02.845+0000] {processor.py:161} INFO - Started process (PID=567) to work on /home/airflow/.local/lib/python3.8/site-packages/airflow/example_dags/example_task_group.py
[2026-08-13T12:50:02.853+0000] {processor.py:830} INFO - Processing file /home/airflow/.local/lib/python3.8/site-packages/airflow/example_dags/example_task_group.py for tasks to queue
[2026-08-13T12:50:02.859+0000] {logging_mixin.py:188} INFO - [2026-08-13T12:50:02.858+0000] {dagbag.py:538} INFO - Filling up the DagBag from /home/airflow/.local/lib/python3.8/site-packages/airflow/example_dags/example_task_group.py
[2026-08-13T12:50:02.893+0000] {processor.py:840} INFO - DAG(s) 'example_task_group' retrieved from /home/airflow/.local/lib/python3.8/site-packages/airflow/example_dags/example_task_group.py
[2026-08-13T12:50:02.954+0000] {logging_mixin.py:188} INFO - [2026-08-13T12:50:02.953+0000] {dag.py:3036} INFO - Sync 1 DAGs
[2026-08-13T12:50:03.025+0000] {logging_mixin.py:188} INFO - [2026-08-13T12:50:03.024+0000] {dag.py:3823} INFO - Setting next_dagrun for example_task_group to 2026-08-12 00:00:00+00:00, run_after=2026-08-13 00:00:00+00:00
[2026-08-13T12:50:03.080+0000] {processor.py:183} INFO - Processing /home/airflow/.local/lib/python3.8/site-packages/airflow/example_dags/example_task_group.py took 0.246 seconds
[2026-08-13T12:50:34.281+0000] {processor.py:161} INFO - Started process (PID=622) to work on /home/airflow/.local/lib/python3.8/site-packages/airflow/example_dags/example_task_group.py
[2026-08-13T12:50:34.285+0000] {processor.py:830} INFO - Processing file /home/airflow/.local/lib/python3.8/site-packages/airflow/example_dags/example_task_group.py for tasks to queue
[2026-08-13T12:50:34.293+0000] {logging_mixin.py:188} INFO - [2026-08-13T12:50:34.292+0000] {dagbag.py:538} INFO - Filling up the DagBag from /home/airflow/.local/lib/python3.8/site-packages/airflow/example_dags/example_task_group.py
[2026-08-13T12:50:34.317+0000] {processor.py:840} INFO - DAG(s) 'example_task_group' retrieved from /home/airflow/.local/lib/python3.8/site-packages/airflow/example_dags/example_task_group.py
[2026-08-13T12:50:34.376+0000] {logging_mixin.py:188} INFO - [2026-08-13T12:50:34.375+0000] {dag.py:3036} INFO - Sync 1 DAGs
[2026-08-13T12:50:34.430+0000] {logging_mixin.py:188} INFO - [2026-08-13T12:50:34.429+0000] {dag.py:3823} INFO - Setting next_dagrun for example_task_group to 2026-08-12 00:00:00+00:00, run_after=2026-08-13 00:00:00+00:00
[2026-08-13T12:50:34.470+0000] {processor.py:183} INFO - Processing /home/airflow/.local/lib/python3.8/site-packages/airflow/example_dags/example_task_group.py took 0.197 seconds
[2026-08-13T12:51:05.061+0000] {processor.py:161} INFO - Started process (PID=677) to work on /home/airflow/.local/lib/python3.8/site-packages/airflow/example_dags/example_task_group.py
[2026-08-13T12:51:05.062+0000] {processor.py:830} INFO - Processing file /home/airflow/.local/lib/python3.8/site-packages/airflow/example_dags/example_task_group.py for tasks to queue
[2026-08-13T12:51:05.065+0000] {logging_mixin.py:188} INFO - [2026-08-13T12:51:05.065+0000] {dagbag.py:538} INFO - Filling up the DagBag from /home/airflow/.local/lib/python3.8/site-packages/airflow/example_dags/example_task_group.py
[2026-08-13T12:51:05.081+0000] {processor.py:840} INFO - DAG(s) 'example_task_group' retrieved from /home/airflow/.local/lib/python3.8/site-packages/airflow/example_dags/example_task_group.py
[2026-08-13T12:51:05.121+0000] {logging_mixin.py:188} INFO - [2026-08-13T12:51:05.120+0000] {dag.py:3036} INFO - Sync 1 DAGs
[2026-08-13T12:51:05.156+0000] {logging_mixin.py:188} INFO - [2026-08-13T12:51:05.155+0000] {dag.py:3823} INFO - Setting next_dagrun for example_task_group to 2026-08-12 00:00:00+00:00, run_after=2026-08-13 00:00:00+00:00
[2026-08-13T12:51:05.200+0000] {processor.py:183} INFO - Processing /home/airflow/.local/lib/python3.8/site-packages/airflow/example_dags/example_task_group.py took 0.144 seconds
[2026-08-13T12:51:35.332+0000] {processor.py:161} INFO - Started process (PID=727) to work on /home/airflow/.local/lib/python3.8/site-packages/airflow/example_dags/example_task_group.py
[2026-08-13T12:51:35.335+0000] {processor.py:830} INFO - Processing file /home/airflow/.local/lib/python3.8/site-packages/airflow/example_dags/example_task_group.py for tasks to queue
[2026-08-13T12:51:35.340+0000] {logging_mixin.py:188} INFO - [2026-08-13T12:51:35.340+0000] {dagbag.py:538} INFO - Filling up the DagBag from /home/airflow/.local/lib/python3.8/site-packages/airflow/example_dags/example_task_group.py
[2026-08-13T12:51:35.356+0000] {processor.py:840} INFO - DAG(s) 'example_task_group' retrieved from /home/airflow/.local/lib/python3.8/site-packages/airflow/example_dags/example_task_group.py
[2026-08-13T12:51:35.429+0000] {logging_mixin.py:188} INFO - [2026-08-13T12:51:35.428+0000] {dag.py:3036} INFO - Sync 1 DAGs
[2026-08-13T12:51:35.497+0000] {logging_mixin.py:188} INFO - [2026-08-13T12:51:35.496+0000] {dag.py:3823} INFO - Setting next_dagrun for example_task_group to 2026-08-12 00:00:00+00:00, run_after=2026-08-13 00:00:00+00:00
[2026-08-13T12:51:35.543+0000] {processor.py:183} INFO - Processing /home/airflow/.local/lib/python3.8/site-packages/airflow/example_dags/example_task_group.py took 0.221 seconds
[2026-08-13T12:52:05.791+0000] {processor.py:161} INFO - Started process (PID=782) to work on /home/airflow/.local/lib/python3.8/site-packages/airflow/example_dags/example_task_group.py
[2026-08-13T12:52:05.794+0000] {processor.py:830} INFO - Processing file /home/airflow/.local/lib/python3.8/site-packages/airflow/example_dags/example_task_group.py for tasks to queue
[2026-08-13T12:52:05.798+0000] {logging_mixin.py:188} INFO - [2026-08-13T12:52:05.797+0000] {dagbag.py:538} INFO - Filling up the DagBag from /home/airflow/.local/lib/python3.8/site-packages/airflow/example_dags/example_task_group.py
[2026-08-13T12:52:05.812+0000] {processor.py:840} INFO - DAG(s) 'example_task_group' retrieved from /home/airflow/.local/lib/python3.8/site-packages/airflow/example_dags/example_task_group.py
[2026-08-13T12:52:05.852+0000] {logging_mixin.py:188} INFO - [2026-08-13T12:52:05.851+0000] {dag.py:3036} INFO - Sync 1 DAGs
[2026-08-13T12:52:05.890+0000] {logging_mixin.py:188} INFO - [2026-08-13T12:52:05.890+0000] {dag.py:3823} INFO - Setting next_dagrun for example_task_group to 2026-08-12 00:00:00+00:00, run_after=2026-08-13 00:00:00+00:00
[2026-08-13T12:52:05.923+0000] {processor.py:183} INFO - Processing /home/airflow/.local/lib/python3.8/site-packages/airflow/example_dags/example_task_group.py took 0.139 seconds
[2026-08-13T12:52:36.386+0000] {processor.py:161} INFO - Started process (PID=833) to work on /home/airflow/.local/lib/python3.8/site-packages/airflow/example_dags/example_task_group.py
[2026-08-13T12:52:36.390+0000] {processor.py:830} INFO - Processing file /home/airflow/.local/lib/python3.8/site-packages/airflow/example_dags/example_task_group.py for tasks to queue
[2026-08-13T12:52:36.393+0000] {logging_mixin.py:188} INFO - [2026-08-13T12:52:36.393+0000] {dagbag.py:538} INFO - Filling up the DagBag from /home/airflow/.local/lib/python3.8/site-packages/airflow/example_dags/example_task_group.py
[2026-08-13T12:52:36.407+0000] {processor.py:840} INFO - DAG(s) 'example_task_group' retrieved from /home/airflow/.local/lib/python3.8/site-packages/airflow/example_dags/example_task_group.py
[2026-08-13T12:52:36.477+0000] {logging_mixin.py:188} INFO - [2026-08-13T12:52:36.477+0000] {dag.py:3036} INFO - Sync 1 DAGs
[2026-08-13T12:52:36.569+0000] {logging_mixin.py:188} INFO - [2026-08-13T12:52:36.568+0000] {dag.py:3823} INFO - Setting next_dagrun for example_task_group to 2026-08-12 00:00:00+00:00, run_after=2026-08-13 00:00:00+00:00
[2026-08-13T12:52:36.624+0000] {processor.py:183} INFO - Processing /home/airflow/.local/lib/python3.8/site-packages/airflow/example_dags/example_task_group.py took 0.246 seconds
[2026-08-13T12:53:06.857+0000] {processor.py:161} INFO - Started process (PID=886) to work on /home/airflow/.local/lib/python3.8/site-packages/airflow/example_dags/example_task_group.py
[2026-08-13T12:53:06.860+0000] {processor.py:830} INFO - Processing file /home/airflow/.local/lib/python3.8/site-packages/airflow/example_dags/example_task_group.py for tasks to queue
[2026-08-13T12:53:06.863+0000] {logging_mixin.py:188} INFO - [2026-08-13T12:53:06.863+0000] {dagbag.py:538} INFO - Filling up the DagBag from /home/airflow/.local/lib/python3.8/site-packages/airflow/example_dags/example_task_group.py
[2026-08-13T12:53:06.877+0000] {processor.py:840} INFO - DAG(s) 'example_task_group' retrieved from /home/airflow/.local/lib/python3.8/site-packages/airflow/example_dags/example_task_group.py
[2026-08-13T12:53:06.909+0000] {logging_mixin.py:188} INFO - [2026-08-13T12:53:06.909+0000] {dag.py:3036} INFO - Sync 1 DAGs
[2026-08-13T12:53:06.938+0000] {logging_mixin.py:188} INFO - [2026-08-13T12:53:06.938+0000] {dag.py:3823} INFO - Setting next_dagrun for example_task_group to 2026-08-12 00:00:00+00:00, run_after=2026-08-13 00:00:00+00:00
[2026-08-13T12:53:06.967+0000] {processor.py:183} INFO - Processing /home/airflow/.local/lib/python3.8/site-packages/airflow/example_dags/example_task_group.py took 0.116 seconds
[2026-08-13T12:53:37.897+0000] {processor.py:161} INFO - Started process (PID=941) to work on /home/airflow/.local/lib/python3.8/site-packages/airflow/example_dags/example_task_group.py
[2026-08-13T12:53:37.899+0000] {processor.py:830} INFO - Processing file /home/airflow/.local/lib/python3.8/site-packages/airflow/example_dags/example_task_group.py for tasks to queue
[2026-08-13T12:53:37.903+0000] {logging_mixin.py:188} INFO - [2026-08-13T12:53:37.902+0000] {dagbag.py:538} INFO - Filling up the DagBag from /home/airflow/.local/lib/python3.8/site-packages/airflow/example_dags/example_task_group.py
[2026-08-13T12:53:37.932+0000] {processor.py:840} INFO - DAG(s) 'example_task_group' retrieved from /home/airflow/.local/lib/python3.8/site-packages/airflow/example_dags/example_task_group.py
[2026-08-13T12:53:38.058+0000] {logging_mixin.py:188} INFO - [2026-08-13T12:53:38.057+0000] {dag.py:3036} INFO - Sync 1 DAGs
[2026-08-13T12:53:38.200+0000] {logging_mixin.py:188} INFO - [2026-08-13T12:53:38.199+0000] {dag.py:3823} INFO - Setting next_dagrun for example_task_group to 2026-08-12 00:00:00+00:00, run_after=2026-08-13 00:00:00+00:00
[2026-08-13T12:53:38.307+0000] {processor.py:183} INFO - Processing /home/airflow/.local/lib/python3.8/site-packages/airflow/example_dags/example_task_group.py took 0.418 seconds
[2026-08-13T12:54:09.117+0000] {processor.py:161} INFO - Started process (PID=994) to work on /home/airflow/.local/lib/python3.8/site-packages/airflow/example_dags/example_task_group.py
[2026-08-13T12:54:09.119+0000] {processor.py:830} INFO - Processing file /home/airflow/.local/lib/python3.8/site-packages/airflow/example_dags/example_task_group.py for tasks to queue
[2026-08-13T12:54:09.123+0000] {logging_mixin.py:188} INFO - [2026-08-13T12:54:09.122+0000] {dagbag.py:538} INFO - Filling up the DagBag from /home/airflow/.local/lib/python3.8/site-packages/airflow/example_dags/example_task_group.py
[2026-08-13T12:54:09.132+0000] {processor.py:840} INFO - DAG(s) 'example_task_group' retrieved from /home/airflow/.local/lib/python3.8/site-packages/airflow/example_dags/example_task_group.py
[2026-08-13T12:54:09.167+0000] {logging_mixin.py:188} INFO - [2026-08-13T12:54:09.166+0000] {dag.py:3036} INFO - Sync 1 DAGs
[2026-08-13T12:54:09.201+0000] {logging_mixin.py:188} INFO - [2026-08-13T12:54:09.201+0000] {dag.py:3823} INFO - Setting next_dagrun for example_task_group to 2026-08-12 00:00:00+00:00, run_after=2026-08-13 00:00:00+00:00
[2026-08-13T12:54:09.227+0000] {processor.py:183} INFO - Processing /home/airflow/.local/lib/python3.8/site-packages/airflow/example_dags/example_task_group.py took 0.117 seconds
[2026-08-13T12:54:39.464+0000] {processor.py:161} INFO - Started process (PID=1049) to work on /home/airflow/.local/lib/python3.8/site-packages/airflow/example_dags/example_task_group.py
[2026-08-13T12:54:39.466+0000] {processor.py:830} INFO - Processing file /home/airflow/.local/lib/python3.8/site-packages/airflow/example_dags/example_task_group.py for tasks to queue
[2026-08-13T12:54:39.470+0000] {logging_mixin.py:188} INFO - [2026-08-13T12:54:39.469+0000] {dagbag.py:538} INFO - Filling up the DagBag from /home/airflow/.local/lib/python3.8/site-packages/airflow/example_dags/example_task_group.py
[2026-08-13T12:54:39.479+0000] {processor.py:840} INFO - DAG(s) 'example_task_group' retrieved from /home/airflow/.local/lib/python3.8/site-packages/airflow/example_dags/example_task_group.py
[2026-08-13T12:54:39.514+0000] {logging_mixin.py:188} INFO - [2026-08-13T12:54:39.514+0000] {dag.py:3036} INFO - Sync 1 DAGs
[2026-08-13T12:54:39.541+0000] {logging_mixin.py:188} INFO - [2026-08-13T12:54:39.541+0000] {dag.py:3823} INFO - Setting next_dagrun for example_task_group to 2026-08-12 00:00:00+00:00, run_after=2026-08-13 00:00:00+00:00
[2026-08-13T12:54:39.563+0000] {processor.py:183} INFO - Processing /home/airflow/.local/lib/python3.8/site-packages/airflow/example_dags/example_task_group.py took 0.104 seconds
[2026-08-13T12:55:10.557+0000] {processor.py:161} INFO - Started process (PID=1104) to work on /home/airflow/.local/lib/python3.8/site-packages/airflow/example_dags/example_task_group.py
[2026-08-13T12:55:10.559+0000] {processor.py:830} INFO - Processing file /home/airflow/.local/lib/python3.8/site-packages/airflow/example_dags/example_task_group.py for tasks to queue
[2026-08-13T12:55:10.562+0000] {logging_mixin.py:188} INFO - [2026-08-13T12:55:10.562+0000] {dagbag.py:538} INFO - Filling up the DagBag from /home/airflow/.local/lib/python3.8/site-packages/airflow/example_dags/example_task_group.py
[2026-08-13T12:55:10.574+0000] {processor.py:840} INFO - DAG(s) 'example_task_group' retrieved from /home/airflow/.local/lib/python3.8/site-packages/airflow/example_dags/example_task_group.py
[2026-08-13T12:55:10.608+0000] {logging_mixin.py:188} INFO - [2026-08-13T12:55:10.608+0000] {dag.py:3036} INFO - Sync 1 DAGs
[2026-08-13T12:55:10.642+0000] {logging_mixin.py:188} INFO - [2026-08-13T12:55:10.641+0000] {dag.py:3823} INFO - Setting next_dagrun for example_task_group to 2026-08-12 00:00:00+00:00, run_after=2026-08-13 00:00:00+00:00
[2026-08-13T12:55:10.673+0000] {processor.py:183} INFO - Processing /home/airflow/.local/lib/python3.8/site-packages/airflow/example_dags/example_task_group.py took 0.122 seconds
[2026-08-13T12:55:40.786+0000] {processor.py:161} INFO - Started process (PID=1159) to work on /home/airflow/.local/lib/python3.8/site-packages/airflow/example_dags/example_task_group.py
[2026-08-13T12:55:40.789+0000] {processor.py:830} INFO - Processing file /home/airflow/.local/lib/python3.8/site-packages/airflow/example_dags/example_task_group.py for tasks to queue
[2026-08-13T12:55:40.794+0000] {logging_mixin.py:188} INFO - [2026-08-13T12:55:40.793+0000] {dagbag.py:538} INFO - Filling up the DagBag from /home/airflow/.local/lib/python3.8/site-packages/airflow/example_dags/example_task_group.py
[2026-08-13T12:55:40.804+0000] {processor.py:840} INFO - DAG(s) 'example_task_group' retrieved from /home/airflow/.local/lib/python3.8/site-packages/airflow/example_dags/example_task_group.py
[2026-08-13T12:55:40.834+0000] {logging_mixin.py:188} INFO - [2026-08-13T12:55:40.833+0000] {dag.py:3036} INFO - Sync 1 DAGs
[2026-08-13T12:55:40.867+0000] {logging_mixin.py:188} INFO - [2026-08-13T12:55:40.866+0000] {dag.py:3823} INFO - Setting next_dagrun for example_task_group to 2026-08-12 00:00:00+00:00, run_after=2026-08-13 00:00:00+00:00
[2026-08-13T12:55:40.895+0000] {processor.py:183} INFO - Processing /home/airflow/.local/lib/python3.8/site-packages/airflow/example_dags/example_task_group.py took 0.113 seconds
[2026-08-13T12:56:11.507+0000] {processor.py:161} INFO - Started process (PID=1214) to work on /home/airflow/.local/lib/python3.8/site-packages/airflow/example_dags/example_task_group.py
[2026-08-13T12:56:11.518+0000] {processor.py:830} INFO - Processing file /home/airflow/.local/lib/python3.8/site-packages/airflow/example_dags/example_task_group.py for tasks to queue
[2026-08-13T12:56:11.521+0000] {logging_mixin.py:188} INFO - [2026-08-13T12:56:11.521+0000] {dagbag.py:538} INFO - Filling up the DagBag from /home/airflow/.local/lib/python3.8/site-packages/airflow/example_dags/example_task_group.py
[2026-08-13T12:56:11.531+0000] {processor.py:840} INFO - DAG(s) 'example_task_group' retrieved from /home/airflow/.local/lib/python3.8/site-packages/airflow/example_dags/example_task_group.py
[2026-08-13T12:56:11.562+0000] {logging_mixin.py:188} INFO - [2026-08-13T12:56:11.562+0000] {dag.py:3036} INFO - Sync 1 DAGs
[2026-08-13T12:56:11.589+0000] {logging_mixin.py:188} INFO - [2026-08-13T12:56:11.588+0000] {dag.py:3823} INFO - Setting next_dagrun for example_task_group to 2026-08-12 00:00:00+00:00, run_after=2026-08-13 00:00:00+00:00
[2026-08-13T12:56:11.613+0000] {processor.py:183} INFO - Processing /home/airflow/.local/lib/python3.8/site-packages/airflow/example_dags/example_task_group.py took 0.112 seconds
[2026-08-13T12:56:41.983+0000] {processor.py:161} INFO - Started process (PID=1269) to work on /home/airflow/.local/lib/python3.8/site-packages/airflow/example_dags/example_task_group.py
[2026-08-13T12:56:41.987+0000] {processor.py:830} INFO - Processing file /home/airflow/.local/lib/python3.8/site-packages/airflow/example_dags/example_task_group.py for tasks to queue
[2026-08-13T12:56:41.997+0000] {logging_mixin.py:188} INFO - [2026-08-13T12:56:41.996+0000] {dagbag.py:538} INFO - Filling up the DagBag from /home/airflow/.local/lib/python3.8/site-packages/airflow/example_dags/example_task_group.py
[2026-08-13T12:56:42.023+0000] {processor.py:840} INFO - DAG(s) 'example_task_group' retrieved from /home/airflow/.local/lib/python3.8/site-packages/airflow/example_dags/example_task_group.py
[2026-08-13T12:56:42.085+0000] {logging_mixin.py:188} INFO - [2026-08-13T12:56:42.084+0000] {dag.py:3036} INFO - Sync 1 DAGs
[2026-08-13T12:56:42.110+0000] {logging_mixin.py:188} INFO - [2026-08-13T12:56:42.110+0000] {dag.py:3823} INFO - Setting next_dagrun for example_task_group to 2026-08-12 00:00:00+00:00, run_after=2026-08-13 00:00:00+00:00
[2026-08-13T12:56:42.172+0000] {processor.py:183} INFO - Processing /home/airflow/.local/lib/python3.8/site-packages/airflow/example_dags/example_task_group.py took 0.196 seconds
[2026-08-13T12:57:12.939+0000] {processor.py:161} INFO - Started process (PID=1324) to work on /home/airflow/.local/lib/python3.8/site-packages/airflow/example_dags/example_task_group.py
[2026-08-13T12:57:12.941+0000] {processor.py:830} INFO - Processing file /home/airflow/.local/lib/python3.8/site-packages/airflow/example_dags/example_task_group.py for tasks to queue
[2026-08-13T12:57:12.946+0000] {logging_mixin.py:188} INFO - [2026-08-13T12:57:12.945+0000] {dagbag.py:538} INFO - Filling up the DagBag from /home/airflow/.local/lib/python3.8/site-packages/airflow/example_dags/example_task_group.py
[2026-08-13T12:57:12.960+0000] {processor.py:840} INFO - DAG(s) 'example_task_group' retrieved from /home/airflow/.local/lib/python3.8/site-packages/airflow/example_dags/example_task_group.py
[2026-08-13T12:57:12.989+0000] {logging_mixin.py:188} INFO - [2026-08-13T12:57:12.989+0000] {dag.py:3036} INFO - Sync 1 DAGs
[2026-08-13T12:57:13.019+0000] {logging_mixin.py:188} INFO - [2026-08-13T12:57:13.018+0000] {dag.py:3823} INFO - Setting next_dagrun for example_task_group to 2026-08-12 00:00:00+00:00, run_after=2026-08-13 00:00:00+00:00
[2026-08-13T12:57:13.042+0000] {processor.py:183} INFO - Processing /home/airflow/.local/lib/python3.8/site-packages/airflow/example_dags/example_task_group.py took 0.110 seconds
