[2026-08-13T12:33:22.271+0000] {processor.py:161} INFO - Started process (PID=82) to work on /home/airflow/.local/lib/python3.8/site-packages/airflow/example_dags/example_sensors.py
[2026-08-13T12:33:22.281+0000] {processor.py:830} INFO - Processing file /home/airflow/.local/lib/python3.8/site-packages/airflow/example_dags/example_sensors.py for tasks to queue
[2026-08-13T12:33:22.309+0000] {logging_mixin.py:188} INFO - [2026-08-13T12:33:22.307+0000] {dagbag.py:538} INFO - Filling up the DagBag from /home/airflow/.local/lib/python3.8/site-packages/airflow/example_dags/example_sensors.py
[2026-08-13T12:33:22.453+0000] {processor.py:840} INFO - DAG(s) 'example_sensors' retrieved from /home/airflow/.local/lib/python3.8/site-packages/airflow/example_dags/example_sensors.py
[2026-08-13T12:33:23.187+0000] {logging_mixin.py:188} INFO - [2026-08-13T12:33:23.187+0000] {dag.py:3036} INFO - Sync 1 DAGs
[2026-08-13T12:33:23.270+0000] {logging_mixin.py:188} INFO - [2026-08-13T12:33:23.270+0000] {dag.py:3823} INFO - Setting next_dagrun for example_sensors to None, run_after=None
[2026-08-13T12:33:23.386+0000] {processor.py:183} INFO - Processing /home/airflow/.local/lib/python3.8/site-packages/airflow/example_dags/example_sensors.py took 1.191 seconds
[2026-08-13T12:33:53.490+0000] {processor.py:161} INFO - Started process (PID=137) to work on /home/airflow/.local/lib/python3.8/site-packages/airflow/example_dags/example_sensors.py
[2026-08-13T12:33:53.492+0000] {processor.py:830} INFO - Processing file /home/airflow/.local/lib/python3.8/site-packages/airflow/example_dags/example_sensors.py for tasks to queue
[2026-08-13T12:33:53.497+0000] {logging_mixin.py:188} INFO - [2026-08-13T12:33:53.496+0000] {dagbag.py:538} INFO - Filling up the DagBag from /home/airflow/.local/lib/python3.8/site-packages/airflow/example_dags/example_sensors.py
[2026-08-13T12:33:53.513+0000] {processor.py:840} INFO - DAG(s) 'example_sensors' retrieved from /home/airflow/.local/lib/python3.8/site-packages/airflow/example_dags/example_sensors.py
[2026-08-13T12:33:53.553+0000] {logging_mixin.py:188} INFO - [2026-08-13T12:33:53.553+0000] {dag.py:3036} INFO - Sync 1 DAGs
[2026-08-13T12:33:53.575+0000] {logging_mixin.py:188} INFO - [2026-08-13T12:33:53.574+0000] {dag.py:3823} INFO - Setting next_dagrun for example_sensors to None, run_after=None
[2026-08-13T12:33:53.620+0000] {processor.py:183} INFO - Processing /home/airflow/.local/lib/python3.8/site-packages/airflow/example_dags/example_sensors.py took 0.135 seconds
[2026-08-13T12:34:23.773+0000] {processor.py:161} INFO - Started process (PID=192) to work on /home/airflow/.local/lib/python3.8/site-packages/airflow/example_dags/example_sensors.py
[2026-08-13T12:34:23.777+0000] {processor.py:830} INFO - Processing file /home/airflow/.local/lib/python3.8/site-packages/airflow/example_dags/example_sensors.py for tasks to queue
[2026-08-13T12:34:23.781+0000] {logging_mixin.py:188} INFO - [2026-08-13T12:34:23.780+0000] {dagbag.py:538} INFO - Filling up the DagBag from /home/airflow/.local/lib/python3.8/site-packages/airflow/example_dags/example_sensors.py
[2026-08-13T12:34:23.794+0000] {processor.py:840} INFO - DAG(s) 'example_sensors' retrieved from /home/airflow/.local/lib/python3.8/site-packages/airflow/example_dags/example_sensors.py
[2026-08-13T12:34:23.827+0000] {logging_mixin.py:188} INFO - [2026-08-13T12:34:23.827+0000] {dag.py:3036} INFO - Sync 1 DAGs
[2026-08-13T12:34:23.841+0000] {logging_mixin.py:188} INFO - [2026-08-13T12:34:23.841+0000] {dag.py:3823} INFO - Setting next_dagrun for example_sensors to None, run_after=None
[2026-08-13T12:34:23.874+0000] {processor.py:183} INFO - Processing /home/airflow/.local/lib/python3.8/site-packages/airflow/example_dags/example_sensors.py took 0.107 seconds
[2026-08-13T12:34:54.105+0000] {processor.py:161} INFO - Started process (PID=247) to work on /home/airflow/.local/lib/python3.8/site-packages/airflow/example_dags/example_sensors.py
[2026-08-13T12:34:54.107+0000] {processor.py:830} INFO - Processing file /home/airflow/.local/lib/python3.8/site-packages/airflow/example_dags/example_sensors.py for tasks to queue
[2026-08-13T12:34:54.110+0000] {logging_mixin.py:188} INFO - [2026-08-13T12:34:54.110+0000] {dagbag.py:538} INFO - Filling up the DagBag from /home/airflow/.local/lib/python3.8/site-packages/airflow/example_dags/example_sensors.py
[2026-08-13T12:34:54.124+0000] {processor.py:840} INFO - DAG(s) 'example_sensors' retrieved from /home/airflow/.local/lib/python3.8/site-packages/airflow/example_dags/example_sensors.py
[2026-08-13T12:34:54.164+0000] {logging_mixin.py:188} INFO - [2026-08-13T12:34:54.164+0000] {dag.py:3036} INFO - Sync 1 DAGs
[2026-08-13T12:34:54.185+0000] {logging_mixin.py:188} INFO - [2026-08-13T12:34:54.184+0000] {dag.py:3823} INFO - Setting next_dagrun for example_sensors to None, run_after=None
[2026-08-13T12:34:54.212+0000] {processor.py:183} INFO - Processing /home/airflow/.local/lib/python3.8/site-packages/airflow/example_dags/example_sensors.py took 0.112 seconds
[2026-08-13T12:35:24.567+0000] {processor.py:161} INFO - Started process (PID=302) to work on /home/airflow/.local/lib/python3.8/site-packages/airflow/example_dags/example_sensors.py
[2026-08-13T12:35:24.569+0000] {processor.py:830} INFO - Processing file /home/airflow/.local/lib/python3.8/site-packages/airflow/example_dags/example_sensors.py for tasks to queue
[2026-08-13T12:35:24.571+0000] {logging_mixin.py:188} INFO - [2026-08-13T12:35:24.571+0000] {dagbag.py:538} INFO - Filling up the DagBag from /home/airflow/.local/lib/python3.8/site-packages/airflow/example_dags/example_sensors.py
[2026-08-13T12:35:24.583+0000] {processor.py:840} INFO - DAG(s) 'example_sensors' retrieved from /home/airflow/.local/lib/python3.8/site-packages/airflow/example_dags/example_sensors.py
[2026-08-13T12:35:24.616+0000] {logging_mixin.py:188} INFO - [2026-08-13T12:35:24.615+0000] {dag.py:3036} INFO - Sync 1 DAGs
[2026-08-13T12:35:24.630+0000] {logging_mixin.py:188} INFO - [2026-08-13T12:35:24.630+0000] {dag.py:3823} INFO - Setting next_dagrun for example_sensors to None, run_after=None
[2026-08-13T12:35:24.653+0000] {processor.py:183} INFO - Processing /home/airflow/.local/lib/python3.8/site-packages/airflow/example_dags/example_sensors.py took 0.091 seconds
[2026-08-13T12:35:55.597+0000] {processor.py:161} INFO - Started process (PID=357) to work on /home/airflow/.local/lib/python3.8/site-packages/airflow/example_dags/example_sensors.py
[2026-08-13T12:35:55.600+0000] {processor.py:830} INFO - Processing file /home/airflow/.local/lib/python3.8/site-packages/airflow/example_dags/example_sensors.py for tasks to queue
[2026-08-13T12:35:55.604+0000] {logging_mixin.py:188} INFO - [2026-08-13T12:35:55.603+0000] {dagbag.py:538} INFO - Filling up the DagBag from /home/airflow/.local/lib/python3.8/site-packages/airflow/example_dags/example_sensors.py
[2026-08-13T12:35:55.615+0000] {processor.py:840} INFO - DAG(s) 'example_sensors' retrieved from /home/airflow/.local/lib/python3.8/site-packages/airflow/example_dags/example_sensors.py
[2026-08-13T12:35:55.645+0000] {logging_mixin.py:188} INFO - [2026-08-13T12:35:55.645+0000] {dag.py:3036} INFO - Sync 1 DAGs
[2026-08-13T12:35:55.658+0000] {logging_mixin.py:188} INFO - [2026-08-13T12:35:55.658+0000] {dag.py:3823} INFO - Setting next_dagrun for example_sensors to None, run_after=None
[2026-08-13T12:35:55.700+0000] {processor.py:183} INFO - Processing /home/airflow/.local/lib/python3.8/site-packages/airflow/example_dags/example_sensors.py took 0.107 seconds
[2026-08-13T12:36:25.874+0000] {processor.py:161} INFO - Started process (PID=412) to work on /home/airflow/.local/lib/python3.8/site-packages/airflow/example_dags/example_sensors.py
[2026-08-13T12:36:25.877+0000] {processor.py:830} INFO - Processing file /home/airflow/.local/lib/python3.8/site-packages/airflow/example_dags/example_sensors.py for tasks to queue
[2026-08-13T12:36:25.881+0000] {logging_mixin.py:188} INFO - [2026-08-13T12:36:25.880+0000] {dagbag.py:538} INFO - Filling up the DagBag from /home/airflow/.local/lib/python3.8/site-packages/airflow/example_dags/example_sensors.py
[2026-08-13T12:36:25.903+0000] {processor.py:840} INFO - DAG(s) 'example_sensors' retrieved from /home/airflow/.local/lib/python3.8/site-packages/airflow/example_dags/example_sensors.py
[2026-08-13T12:36:25.949+0000] {logging_mixin.py:188} INFO - [2026-08-13T12:36:25.948+0000] {dag.py:3036} INFO - Sync 1 DAGs
[2026-08-13T12:36:25.971+0000] {logging_mixin.py:188} INFO - [2026-08-13T12:36:25.970+0000] {dag.py:3823} INFO - Setting next_dagrun for example_sensors to None, run_after=None
[2026-08-13T12:36:26.009+0000] {processor.py:183} INFO - Processing /home/airflow/.local/lib/python3.8/site-packages/airflow/example_dags/example_sensors.py took 0.142 seconds
[2026-08-13T12:41:27.311+0000] {processor.py:161} INFO - Started process (PID=104) to work on /home/airflow/.local/lib/python3.8/site-packages/airflow/example_dags/example_sensors.py
[2026-08-13T12:41:27.531+0000] {processor.py:830} INFO - Processing file /home/airflow/.local/lib/python3.8/site-packages/airflow/example_dags/example_sensors.py for tasks to queue
[2026-08-13T12:41:27.647+0000] {logging_mixin.py:188} INFO - [2026-08-13T12:41:27.629+0000] {dagbag.py:538} INFO - Filling up the DagBag from /home/airflow/.local/lib/python3.8/site-packages/airflow/example_dags/example_sensors.py
[2026-08-13T12:41:27.751+0000] {processor.py:840} INFO - DAG(s) 'example_sensors' retrieved from /home/airflow/.local/lib/python3.8/site-packages/airflow/example_dags/example_sensors.py
[2026-08-13T12:41:28.766+0000] {logging_mixin.py:188} INFO - [2026-08-13T12:41:28.765+0000] {dag.py:3036} INFO - Sync 1 DAGs
[2026-08-13T12:41:28.947+0000] {logging_mixin.py:188} INFO - [2026-08-13T12:41:28.946+0000] {dag.py:3823} INFO - Setting next_dagrun for example_sensors to None, run_after=None
[2026-08-13T12:41:29.901+0000] {processor.py:183} INFO - Processing /home/airflow/.local/lib/python3.8/site-packages/airflow/example_dags/example_sensors.py took 2.685 seconds
[2026-08-13T12:42:05.917+0000] {processor.py:161} INFO - Started process (PID=159) to work on /home/airflow/.local/lib/python3.8/site-packages/airflow/example_dags/example_sensors.py
[2026-08-13T12:42:05.922+0000] {processor.py:830} INFO - Processing file /home/airflow/.local/lib/python3.8/site-packages/airflow/example_dags/example_sensors.py for tasks to queue
[2026-08-13T12:42:05.939+0000] {logging_mixin.py:188} INFO - [2026-08-13T12:42:05.938+0000] {dagbag.py:538} INFO - Filling up the DagBag from /home/airflow/.local/lib/python3.8/site-packages/airflow/example_dags/example_sensors.py
[2026-08-13T12:42:06.029+0000] {processor.py:840} INFO - DAG(s) 'example_sensors' retrieved from /home/airflow/.local/lib/python3.8/site-packages/airflow/example_dags/example_sensors.py
[2026-08-13T12:42:06.577+0000] {logging_mixin.py:188} INFO - [2026-08-13T12:42:06.576+0000] {dag.py:3036} INFO - Sync 1 DAGs
[2026-08-13T12:42:06.672+0000] {logging_mixin.py:188} INFO - [2026-08-13T12:42:06.671+0000] {dag.py:3823} INFO - Setting next_dagrun for example_sensors to None, run_after=None
[2026-08-13T12:42:06.811+0000] {processor.py:183} INFO - Processing /home/airflow/.local/lib/python3.8/site-packages/airflow/example_dags/example_sensors.py took 0.924 seconds
[2026-08-13T12:42:39.276+0000] {processor.py:161} INFO - Started process (PID=213) to work on /home/airflow/.local/lib/python3.8/site-packages/airflow/example_dags/example_sensors.py
[2026-08-13T12:42:39.285+0000] {processor.py:830} INFO - Processing file /home/airflow/.local/lib/python3.8/site-packages/airflow/example_dags/example_sensors.py for tasks to queue
[2026-08-13T12:42:39.298+0000] {logging_mixin.py:188} INFO - [2026-08-13T12:42:39.296+0000] {dagbag.py:538} INFO - Filling up the DagBag from /home/airflow/.local/lib/python3.8/site-packages/airflow/example_dags/example_sensors.py
[2026-08-13T12:42:39.356+0000] {processor.py:840} INFO - DAG(s) 'example_sensors' retrieved from /home/airflow/.local/lib/python3.8/site-packages/airflow/example_dags/example_sensors.py
[2026-08-13T12:42:39.526+0000] {logging_mixin.py:188} INFO - [2026-08-13T12:42:39.525+0000] {dag.py:3036} INFO - Sync 1 DAGs
[2026-08-13T12:42:39.609+0000] {logging_mixin.py:188} INFO - [2026-08-13T12:42:39.604+0000] {dag.py:3823} INFO - Setting next_dagrun for example_sensors to None, run_after=None
[2026-08-13T12:42:39.726+0000] {processor.py:183} INFO - Processing /home/airflow/.local/lib/python3.8/site-packages/airflow/example_dags/example_sensors.py took 0.461 seconds
[2026-08-13T12:45:31.410+0000] {processor.py:161} INFO - Started process (PID=92) to work on /home/airflow/.local/lib/python3.8/site-packages/airflow/example_dags/example_sensors.py
[2026-08-13T12:45:31.415+0000] {processor.py:830} INFO - Processing file /home/airflow/.local/lib/python3.8/site-packages/airflow/example_dags/example_sensors.py for tasks to queue
[2026-08-13T12:45:31.443+0000] {logging_mixin.py:188} INFO - [2026-08-13T12:45:31.440+0000] {dagbag.py:538} INFO - Filling up the DagBag from /home/airflow/.local/lib/python3.8/site-packages/airflow/example_dags/example_sensors.py
[2026-08-13T12:45:31.605+0000] {processor.py:840} INFO - DAG(s) 'example_sensors' retrieved from /home/airflow/.local/lib/python3.8/site-packages/airflow/example_dags/example_sensors.py
[2026-08-13T12:45:32.776+0000] {logging_mixin.py:188} INFO - [2026-08-13T12:45:32.762+0000] {dag.py:3036} INFO - Sync 1 DAGs
[2026-08-13T12:45:33.034+0000] {logging_mixin.py:188} INFO - [2026-08-13T12:45:33.032+0000] {dag.py:3823} INFO - Setting next_dagrun for example_sensors to None, run_after=None
[2026-08-13T12:45:33.772+0000] {processor.py:183} INFO - Processing /home/airflow/.local/lib/python3.8/site-packages/airflow/example_dags/example_sensors.py took 2.441 seconds
[2026-08-13T12:46:08.551+0000] {processor.py:161} INFO - Started process (PID=147) to work on /home/airflow/.local/lib/python3.8/site-packages/airflow/example_dags/example_sensors.py
[2026-08-13T12:46:08.558+0000] {processor.py:830} INFO - Processing file /home/airflow/.local/lib/python3.8/site-packages/airflow/example_dags/example_sensors.py for tasks to queue
[2026-08-13T12:46:08.592+0000] {logging_mixin.py:188} INFO - [2026-08-13T12:46:08.590+0000] {dagbag.py:538} INFO - Filling up the DagBag from /home/airflow/.local/lib/python3.8/site-packages/airflow/example_dags/example_sensors.py
[2026-08-13T12:46:08.783+0000] {processor.py:840} INFO - DAG(s) 'example_sensors' retrieved from /home/airflow/.local/lib/python3.8/site-packages/airflow/example_dags/example_sensors.py
[2026-08-13T12:46:09.071+0000] {logging_mixin.py:188} INFO - [2026-08-13T12:46:09.071+0000] {dag.py:3036} INFO - Sync 1 DAGs
[2026-08-13T12:46:09.160+0000] {logging_mixin.py:188} INFO - [2026-08-13T12:46:09.160+0000] {dag.py:3823} INFO - Setting next_dagrun for example_sensors to None, run_after=None
[2026-08-13T12:46:09.383+0000] {processor.py:183} INFO - Processing /home/airflow/.local/lib/python3.8/site-packages/airflow/example_dags/example_sensors.py took 1.029 seconds
[2026-08-13T12:46:39.637+0000] {processor.py:161} INFO - Started process (PID=200) to work on /home/airflow/.local/lib/python3.8/site-packages/airflow/example_dags/example_sensors.py
[2026-08-13T12:46:39.640+0000] {processor.py:830} INFO - Processing file /home/airflow/.local/lib/python3.8/site-packages/airflow/example_dags/example_sensors.py for tasks to queue
[2026-08-13T12:46:39.643+0000] {logging_mixin.py:188} INFO - [2026-08-13T12:46:39.643+0000] {dagbag.py:538} INFO - Filling up the DagBag from /home/airflow/.local/lib/python3.8/site-packages/airflow/example_dags/example_sensors.py
[2026-08-13T12:46:39.655+0000] {processor.py:840} INFO - DAG(s) 'example_sensors' retrieved from /home/airflow/.local/lib/python3.8/site-packages/airflow/example_dags/example_sensors.py
[2026-08-13T12:46:39.690+0000] {logging_mixin.py:188} INFO - [2026-08-13T12:46:39.689+0000] {dag.py:3036} INFO - Sync 1 DAGs
[2026-08-13T12:46:39.714+0000] {logging_mixin.py:188} INFO - [2026-08-13T12:46:39.714+0000] {dag.py:3823} INFO - Setting next_dagrun for example_sensors to None, run_after=None
[2026-08-13T12:46:39.747+0000] {processor.py:183} INFO - Processing /home/airflow/.local/lib/python3.8/site-packages/airflow/example_dags/example_sensors.py took 0.115 seconds
[2026-08-13T12:47:10.441+0000] {processor.py:161} INFO - Started process (PID=255) to work on /home/airflow/.local/lib/python3.8/site-packages/airflow/example_dags/example_sensors.py
[2026-08-13T12:47:10.455+0000] {processor.py:830} INFO - Processing file /home/airflow/.local/lib/python3.8/site-packages/airflow/example_dags/example_sensors.py for tasks to queue
[2026-08-13T12:47:10.484+0000] {logging_mixin.py:188} INFO - [2026-08-13T12:47:10.482+0000] {dagbag.py:538} INFO - Filling up the DagBag from /home/airflow/.local/lib/python3.8/site-packages/airflow/example_dags/example_sensors.py
[2026-08-13T12:47:10.606+0000] {processor.py:840} INFO - DAG(s) 'example_sensors' retrieved from /home/airflow/.local/lib/python3.8/site-packages/airflow/example_dags/example_sensors.py
[2026-08-13T12:47:10.855+0000] {logging_mixin.py:188} INFO - [2026-08-13T12:47:10.854+0000] {dag.py:3036} INFO - Sync 1 DAGs
[2026-08-13T12:47:10.922+0000] {logging_mixin.py:188} INFO - [2026-08-13T12:47:10.922+0000] {dag.py:3823} INFO - Setting next_dagrun for example_sensors to None, run_after=None
[2026-08-13T12:47:10.990+0000] {processor.py:183} INFO - Processing /home/airflow/.local/lib/python3.8/site-packages/airflow/example_dags/example_sensors.py took 0.612 seconds
[2026-08-13T12:47:41.737+0000] {processor.py:161} INFO - Started process (PID=310) to work on /home/airflow/.local/lib/python3.8/site-packages/airflow/example_dags/example_sensors.py
[2026-08-13T12:47:41.740+0000] {processor.py:830} INFO - Processing file /home/airflow/.local/lib/python3.8/site-packages/airflow/example_dags/example_sensors.py for tasks to queue
[2026-08-13T12:47:41.745+0000] {logging_mixin.py:188} INFO - [2026-08-13T12:47:41.744+0000] {dagbag.py:538} INFO - Filling up the DagBag from /home/airflow/.local/lib/python3.8/site-packages/airflow/example_dags/example_sensors.py
[2026-08-13T12:47:41.766+0000] {processor.py:840} INFO - DAG(s) 'example_sensors' retrieved from /home/airflow/.local/lib/python3.8/site-packages/airflow/example_dags/example_sensors.py
[2026-08-13T12:47:41.836+0000] {logging_mixin.py:188} INFO - [2026-08-13T12:47:41.836+0000] {dag.py:3036} INFO - Sync 1 DAGs
[2026-08-13T12:47:41.860+0000] {logging_mixin.py:188} INFO - [2026-08-13T12:47:41.860+0000] {dag.py:3823} INFO - Setting next_dagrun for example_sensors to None, run_after=None
[2026-08-13T12:47:41.903+0000] {processor.py:183} INFO - Processing /home/airflow/.local/lib/python3.8/site-packages/airflow/example_dags/example_sensors.py took 0.173 seconds
[2026-08-13T12:48:12.431+0000] {processor.py:161} INFO - Started process (PID=365) to work on /home/airflow/.local/lib/python3.8/site-packages/airflow/example_dags/example_sensors.py
[2026-08-13T12:48:12.433+0000] {processor.py:830} INFO - Processing file /home/airflow/.local/lib/python3.8/site-packages/airflow/example_dags/example_sensors.py for tasks to queue
[2026-08-13T12:48:12.437+0000] {logging_mixin.py:188} INFO - [2026-08-13T12:48:12.437+0000] {dagbag.py:538} INFO - Filling up the DagBag from /home/airflow/.local/lib/python3.8/site-packages/airflow/example_dags/example_sensors.py
[2026-08-13T12:48:12.466+0000] {processor.py:840} INFO - DAG(s) 'example_sensors' retrieved from /home/airflow/.local/lib/python3.8/site-packages/airflow/example_dags/example_sensors.py
[2026-08-13T12:48:12.537+0000] {logging_mixin.py:188} INFO - [2026-08-13T12:48:12.536+0000] {dag.py:3036} INFO - Sync 1 DAGs
[2026-08-13T12:48:12.570+0000] {logging_mixin.py:188} INFO - [2026-08-13T12:48:12.570+0000] {dag.py:3823} INFO - Setting next_dagrun for example_sensors to None, run_after=None
[2026-08-13T12:48:12.608+0000] {processor.py:183} INFO - Processing /home/airflow/.local/lib/python3.8/site-packages/airflow/example_dags/example_sensors.py took 0.184 seconds
[2026-08-13T12:48:43.388+0000] {processor.py:161} INFO - Started process (PID=421) to work on /home/airflow/.local/lib/python3.8/site-packages/airflow/example_dags/example_sensors.py
[2026-08-13T12:48:43.391+0000] {processor.py:830} INFO - Processing file /home/airflow/.local/lib/python3.8/site-packages/airflow/example_dags/example_sensors.py for tasks to queue
[2026-08-13T12:48:43.397+0000] {logging_mixin.py:188} INFO - [2026-08-13T12:48:43.397+0000] {dagbag.py:538} INFO - Filling up the DagBag from /home/airflow/.local/lib/python3.8/site-packages/airflow/example_dags/example_sensors.py
[2026-08-13T12:48:43.414+0000] {processor.py:840} INFO - DAG(s) 'example_sensors' retrieved from /home/airflow/.local/lib/python3.8/site-packages/airflow/example_dags/example_sensors.py
[2026-08-13T12:48:43.462+0000] {logging_mixin.py:188} INFO - [2026-08-13T12:48:43.462+0000] {dag.py:3036} INFO - Sync 1 DAGs
[2026-08-13T12:48:43.495+0000] {logging_mixin.py:188} INFO - [2026-08-13T12:48:43.494+0000] {dag.py:3823} INFO - Setting next_dagrun for example_sensors to None, run_after=None
[2026-08-13T12:48:43.550+0000] {processor.py:183} INFO - Processing /home/airflow/.local/lib/python3.8/site-packages/airflow/example_dags/example_sensors.py took 0.167 seconds
[2026-08-13T12:49:14.112+0000] {processor.py:161} INFO - Started process (PID=476) to work on /home/airflow/.local/lib/python3.8/site-packages/airflow/example_dags/example_sensors.py
[2026-08-13T12:49:14.116+0000] {processor.py:830} INFO - Processing file /home/airflow/.local/lib/python3.8/site-packages/airflow/example_dags/example_sensors.py for tasks to queue
[2026-08-13T12:49:14.134+0000] {logging_mixin.py:188} INFO - [2026-08-13T12:49:14.133+0000] {dagbag.py:538} INFO - Filling up the DagBag from /home/airflow/.local/lib/python3.8/site-packages/airflow/example_dags/example_sensors.py
[2026-08-13T12:49:14.211+0000] {processor.py:840} INFO - DAG(s) 'example_sensors' retrieved from /home/airflow/.local/lib/python3.8/site-packages/airflow/example_dags/example_sensors.py
[2026-08-13T12:49:14.491+0000] {logging_mixin.py:188} INFO - [2026-08-13T12:49:14.489+0000] {dag.py:3036} INFO - Sync 1 DAGs
[2026-08-13T12:49:14.573+0000] {logging_mixin.py:188} INFO - [2026-08-13T12:49:14.572+0000] {dag.py:3823} INFO - Setting next_dagrun for example_sensors to None, run_after=None
[2026-08-13T12:49:14.714+0000] {processor.py:183} INFO - Processing /home/airflow/.local/lib/python3.8/site-packages/airflow/example_dags/example_sensors.py took 0.622 seconds
[2026-08-13T12:49:45.693+0000] {processor.py:161} INFO - Started process (PID=531) to work on /home/airflow/.local/lib/python3.8/site-packages/airflow/example_dags/example_sensors.py
[2026-08-13T12:49:45.696+0000] {processor.py:830} INFO - Processing file /home/airflow/.local/lib/python3.8/site-packages/airflow/example_dags/example_sensors.py for tasks to queue
[2026-08-13T12:49:45.709+0000] {logging_mixin.py:188} INFO - [2026-08-13T12:49:45.708+0000] {dagbag.py:538} INFO - Filling up the DagBag from /home/airflow/.local/lib/python3.8/site-packages/airflow/example_dags/example_sensors.py
[2026-08-13T12:49:45.796+0000] {processor.py:840} INFO - DAG(s) 'example_sensors' retrieved from /home/airflow/.local/lib/python3.8/site-packages/airflow/example_dags/example_sensors.py
[2026-08-13T12:49:46.169+0000] {logging_mixin.py:188} INFO - [2026-08-13T12:49:46.169+0000] {dag.py:3036} INFO - Sync 1 DAGs
[2026-08-13T12:49:46.345+0000] {logging_mixin.py:188} INFO - [2026-08-13T12:49:46.344+0000] {dag.py:3823} INFO - Setting next_dagrun for example_sensors to None, run_after=None
[2026-08-13T12:49:46.772+0000] {processor.py:183} INFO - Processing /home/airflow/.local/lib/python3.8/site-packages/airflow/example_dags/example_sensors.py took 1.093 seconds
[2026-08-13T12:50:17.238+0000] {processor.py:161} INFO - Started process (PID=584) to work on /home/airflow/.local/lib/python3.8/site-packages/airflow/example_dags/example_sensors.py
[2026-08-13T12:50:17.240+0000] {processor.py:830} INFO - Processing file /home/airflow/.local/lib/python3.8/site-packages/airflow/example_dags/example_sensors.py for tasks to queue
[2026-08-13T12:50:17.244+0000] {logging_mixin.py:188} INFO - [2026-08-13T12:50:17.243+0000] {dagbag.py:538} INFO - Filling up the DagBag from /home/airflow/.local/lib/python3.8/site-packages/airflow/example_dags/example_sensors.py
[2026-08-13T12:50:17.267+0000] {processor.py:840} INFO - DAG(s) 'example_sensors' retrieved from /home/airflow/.local/lib/python3.8/site-packages/airflow/example_dags/example_sensors.py
[2026-08-13T12:50:17.312+0000] {logging_mixin.py:188} INFO - [2026-08-13T12:50:17.312+0000] {dag.py:3036} INFO - Sync 1 DAGs
[2026-08-13T12:50:17.338+0000] {logging_mixin.py:188} INFO - [2026-08-13T12:50:17.337+0000] {dag.py:3823} INFO - Setting next_dagrun for example_sensors to None, run_after=None
[2026-08-13T12:50:17.370+0000] {processor.py:183} INFO - Processing /home/airflow/.local/lib/python3.8/site-packages/airflow/example_dags/example_sensors.py took 0.137 seconds
[2026-08-13T12:50:47.556+0000] {processor.py:161} INFO - Started process (PID=639) to work on /home/airflow/.local/lib/python3.8/site-packages/airflow/example_dags/example_sensors.py
[2026-08-13T12:50:47.559+0000] {processor.py:830} INFO - Processing file /home/airflow/.local/lib/python3.8/site-packages/airflow/example_dags/example_sensors.py for tasks to queue
[2026-08-13T12:50:47.567+0000] {logging_mixin.py:188} INFO - [2026-08-13T12:50:47.564+0000] {dagbag.py:538} INFO - Filling up the DagBag from /home/airflow/.local/lib/python3.8/site-packages/airflow/example_dags/example_sensors.py
[2026-08-13T12:50:47.597+0000] {processor.py:840} INFO - DAG(s) 'example_sensors' retrieved from /home/airflow/.local/lib/python3.8/site-packages/airflow/example_dags/example_sensors.py
[2026-08-13T12:50:47.652+0000] {logging_mixin.py:188} INFO - [2026-08-13T12:50:47.652+0000] {dag.py:3036} INFO - Sync 1 DAGs
[2026-08-13T12:50:47.683+0000] {logging_mixin.py:188} INFO - [2026-08-13T12:50:47.683+0000] {dag.py:3823} INFO - Setting next_dagrun for example_sensors to None, run_after=None
[2026-08-13T12:50:47.721+0000] {processor.py:183} INFO - Processing /home/airflow/.local/lib/python3.8/site-packages/airflow/example_dags/example_sensors.py took 0.170 seconds
[2026-08-13T12:51:17.999+0000] {processor.py:161} INFO - Started process (PID=694) to work on /home/airflow/.local/lib/python3.8/site-packages/airflow/example_dags/example_sensors.py
[2026-08-13T12:51:18.002+0000] {processor.py:830} INFO - Processing file /home/airflow/.local/lib/python3.8/site-packages/airflow/example_dags/example_sensors.py for tasks to queue
[2026-08-13T12:51:18.010+0000] {logging_mixin.py:188} INFO - [2026-08-13T12:51:18.006+0000] {dagbag.py:538} INFO - Filling up the DagBag from /home/airflow/.local/lib/python3.8/site-packages/airflow/example_dags/example_sensors.py
[2026-08-13T12:51:18.026+0000] {processor.py:840} INFO - DAG(s) 'example_sensors' retrieved from /home/airflow/.local/lib/python3.8/site-packages/airflow/example_dags/example_sensors.py
[2026-08-13T12:51:18.059+0000] {logging_mixin.py:188} INFO - [2026-08-13T12:51:18.059+0000] {dag.py:3036} INFO - Sync 1 DAGs
[2026-08-13T12:51:18.073+0000] {logging_mixin.py:188} INFO - [2026-08-13T12:51:18.073+0000] {dag.py:3823} INFO - Setting next_dagrun for example_sensors to None, run_after=None
[2026-08-13T12:51:18.096+0000] {processor.py:183} INFO - Processing /home/airflow/.local/lib/python3.8/site-packages/airflow/example_dags/example_sensors.py took 0.102 seconds
[2026-08-13T12:51:48.182+0000] {processor.py:161} INFO - Started process (PID=749) to work on /home/airflow/.local/lib/python3.8/site-packages/airflow/example_dags/example_sensors.py
[2026-08-13T12:51:48.185+0000] {processor.py:830} INFO - Processing file /home/airflow/.local/lib/python3.8/site-packages/airflow/example_dags/example_sensors.py for tasks to queue
[2026-08-13T12:51:48.193+0000] {logging_mixin.py:188} INFO - [2026-08-13T12:51:48.192+0000] {dagbag.py:538} INFO - Filling up the DagBag from /home/airflow/.local/lib/python3.8/site-packages/airflow/example_dags/example_sensors.py
[2026-08-13T12:51:48.215+0000] {processor.py:840} INFO - DAG(s) 'example_sensors' retrieved from /home/airflow/.local/lib/python3.8/site-packages/airflow/example_dags/example_sensors.py
[2026-08-13T12:51:48.306+0000] {logging_mixin.py:188} INFO - [2026-08-13T12:51:48.306+0000] {dag.py:3036} INFO - Sync 1 DAGs
[2026-08-13T12:51:48.347+0000] {logging_mixin.py:188} INFO - [2026-08-13T12:51:48.346+0000] {dag.py:3823} INFO - Setting next_dagrun for example_sensors to None, run_after=None
[2026-08-13T12:51:48.409+0000] {processor.py:183} INFO - Processing /home/airflow/.local/lib/python3.8/site-packages/airflow/example_dags/example_sensors.py took 0.239 seconds
[2026-08-13T12:52:18.871+0000] {processor.py:161} INFO - Started process (PID=804) to work on /home/airflow/.local/lib/python3.8/site-packages/airflow/example_dags/example_sensors.py
[2026-08-13T12:52:18.874+0000] {processor.py:830} INFO - Processing file /home/airflow/.local/lib/python3.8/site-packages/airflow/example_dags/example_sensors.py for tasks to queue
[2026-08-13T12:52:18.884+0000] {logging_mixin.py:188} INFO - [2026-08-13T12:52:18.883+0000] {dagbag.py:538} INFO - Filling up the DagBag from /home/airflow/.local/lib/python3.8/site-packages/airflow/example_dags/example_sensors.py
[2026-08-13T12:52:18.904+0000] {processor.py:840} INFO - DAG(s) 'example_sensors' retrieved from /home/airflow/.local/lib/python3.8/site-packages/airflow/example_dags/example_sensors.py
[2026-08-13T12:52:18.966+0000] {logging_mixin.py:188} INFO - [2026-08-13T12:52:18.965+0000] {dag.py:3036} INFO - Sync 1 DAGs
[2026-08-13T12:52:19.010+0000] {logging_mixin.py:188} INFO - [2026-08-13T12:52:19.009+0000] {dag.py:3823} INFO - Setting next_dagrun for example_sensors to None, run_after=None
[2026-08-13T12:52:19.055+0000] {processor.py:183} INFO - Processing /home/airflow/.local/lib/python3.8/site-packages/airflow/example_dags/example_sensors.py took 0.193 seconds
[2026-08-13T12:52:49.176+0000] {processor.py:161} INFO - Started process (PID=859) to work on /home/airflow/.local/lib/python3.8/site-packages/airflow/example_dags/example_sensors.py
[2026-08-13T12:52:49.195+0000] {processor.py:830} INFO - Processing file /home/airflow/.local/lib/python3.8/site-packages/airflow/example_dags/example_sensors.py for tasks to queue
[2026-08-13T12:52:49.220+0000] {logging_mixin.py:188} INFO - [2026-08-13T12:52:49.217+0000] {dagbag.py:538} INFO - Filling up the DagBag from /home/airflow/.local/lib/python3.8/site-packages/airflow/example_dags/example_sensors.py
[2026-08-13T12:52:49.321+0000] {processor.py:840} INFO - DAG(s) 'example_sensors' retrieved from /home/airflow/.local/lib/python3.8/site-packages/airflow/example_dags/example_sensors.py
[2026-08-13T12:52:49.455+0000] {logging_mixin.py:188} INFO - [2026-08-13T12:52:49.455+0000] {dag.py:3036} INFO - Sync 1 DAGs
[2026-08-13T12:52:49.531+0000] {logging_mixin.py:188} INFO - [2026-08-13T12:52:49.531+0000] {dag.py:3823} INFO - Setting next_dagrun for example_sensors to None, run_after=None
[2026-08-13T12:52:49.612+0000] {processor.py:183} INFO - Processing /home/airflow/.local/lib/python3.8/site-packages/airflow/example_dags/example_sensors.py took 0.457 seconds
[2026-08-13T12:53:19.769+0000] {processor.py:161} INFO - Started process (PID=914) to work on /home/airflow/.local/lib/python3.8/site-packages/airflow/example_dags/example_sensors.py
[2026-08-13T12:53:19.772+0000] {processor.py:830} INFO - Processing file /home/airflow/.local/lib/python3.8/site-packages/airflow/example_dags/example_sensors.py for tasks to queue
[2026-08-13T12:53:19.775+0000] {logging_mixin.py:188} INFO - [2026-08-13T12:53:19.774+0000] {dagbag.py:538} INFO - Filling up the DagBag from /home/airflow/.local/lib/python3.8/site-packages/airflow/example_dags/example_sensors.py
[2026-08-13T12:53:19.786+0000] {processor.py:840} INFO - DAG(s) 'example_sensors' retrieved from /home/airflow/.local/lib/python3.8/site-packages/airflow/example_dags/example_sensors.py
[2026-08-13T12:53:19.826+0000] {logging_mixin.py:188} INFO - [2026-08-13T12:53:19.826+0000] {dag.py:3036} INFO - Sync 1 DAGs
[2026-08-13T12:53:19.847+0000] {logging_mixin.py:188} INFO - [2026-08-13T12:53:19.846+0000] {dag.py:3823} INFO - Setting next_dagrun for example_sensors to None, run_after=None
[2026-08-13T12:53:19.891+0000] {processor.py:183} INFO - Processing /home/airflow/.local/lib/python3.8/site-packages/airflow/example_dags/example_sensors.py took 0.128 seconds
[2026-08-13T12:53:50.546+0000] {processor.py:161} INFO - Started process (PID=969) to work on /home/airflow/.local/lib/python3.8/site-packages/airflow/example_dags/example_sensors.py
[2026-08-13T12:53:50.548+0000] {processor.py:830} INFO - Processing file /home/airflow/.local/lib/python3.8/site-packages/airflow/example_dags/example_sensors.py for tasks to queue
[2026-08-13T12:53:50.551+0000] {logging_mixin.py:188} INFO - [2026-08-13T12:53:50.550+0000] {dagbag.py:538} INFO - Filling up the DagBag from /home/airflow/.local/lib/python3.8/site-packages/airflow/example_dags/example_sensors.py
[2026-08-13T12:53:50.567+0000] {processor.py:840} INFO - DAG(s) 'example_sensors' retrieved from /home/airflow/.local/lib/python3.8/site-packages/airflow/example_dags/example_sensors.py
[2026-08-13T12:53:50.610+0000] {logging_mixin.py:188} INFO - [2026-08-13T12:53:50.609+0000] {dag.py:3036} INFO - Sync 1 DAGs
[2026-08-13T12:53:50.625+0000] {logging_mixin.py:188} INFO - [2026-08-13T12:53:50.625+0000] {dag.py:3823} INFO - Setting next_dagrun for example_sensors to None, run_after=None
[2026-08-13T12:53:50.658+0000] {processor.py:183} INFO - Processing /home/airflow/.local/lib/python3.8/site-packages/airflow/example_dags/example_sensors.py took 0.117 seconds
[2026-08-13T12:54:20.855+0000] {processor.py:161} INFO - Started process (PID=1024) to work on /home/airflow/.local/lib/python3.8/site-packages/airflow/example_dags/example_sensors.py
[2026-08-13T12:54:20.858+0000] {processor.py:830} INFO - Processing file /home/airflow/.local/lib/python3.8/site-packages/airflow/example_dags/example_sensors.py for tasks to queue
[2026-08-13T12:54:20.863+0000] {logging_mixin.py:188} INFO - [2026-08-13T12:54:20.862+0000] {dagbag.py:538} INFO - Filling up the DagBag from /home/airflow/.local/lib/python3.8/site-packages/airflow/example_dags/example_sensors.py
[2026-08-13T12:54:20.876+0000] {processor.py:840} INFO - DAG(s) 'example_sensors' retrieved from /home/airflow/.local/lib/python3.8/site-packages/airflow/example_dags/example_sensors.py
[2026-08-13T12:54:20.913+0000] {logging_mixin.py:188} INFO - [2026-08-13T12:54:20.913+0000] {dag.py:3036} INFO - Sync 1 DAGs
[2026-08-13T12:54:20.929+0000] {logging_mixin.py:188} INFO - [2026-08-13T12:54:20.928+0000] {dag.py:3823} INFO - Setting next_dagrun for example_sensors to None, run_after=None
[2026-08-13T12:54:20.970+0000] {processor.py:183} INFO - Processing /home/airflow/.local/lib/python3.8/site-packages/airflow/example_dags/example_sensors.py took 0.119 seconds
[2026-08-13T12:54:51.116+0000] {processor.py:161} INFO - Started process (PID=1079) to work on /home/airflow/.local/lib/python3.8/site-packages/airflow/example_dags/example_sensors.py
[2026-08-13T12:54:51.119+0000] {processor.py:830} INFO - Processing file /home/airflow/.local/lib/python3.8/site-packages/airflow/example_dags/example_sensors.py for tasks to queue
[2026-08-13T12:54:51.124+0000] {logging_mixin.py:188} INFO - [2026-08-13T12:54:51.124+0000] {dagbag.py:538} INFO - Filling up the DagBag from /home/airflow/.local/lib/python3.8/site-packages/airflow/example_dags/example_sensors.py
[2026-08-13T12:54:51.145+0000] {processor.py:840} INFO - DAG(s) 'example_sensors' retrieved from /home/airflow/.local/lib/python3.8/site-packages/airflow/example_dags/example_sensors.py
[2026-08-13T12:54:51.197+0000] {logging_mixin.py:188} INFO - [2026-08-13T12:54:51.197+0000] {dag.py:3036} INFO - Sync 1 DAGs
[2026-08-13T12:54:51.241+0000] {logging_mixin.py:188} INFO - [2026-08-13T12:54:51.241+0000] {dag.py:3823} INFO - Setting next_dagrun for example_sensors to None, run_after=None
[2026-08-13T12:54:51.291+0000] {processor.py:183} INFO - Processing /home/airflow/.local/lib/python3.8/site-packages/airflow/example_dags/example_sensors.py took 0.186 seconds
[2026-08-13T12:55:21.715+0000] {processor.py:161} INFO - Started process (PID=1134) to work on /home/airflow/.local/lib/python3.8/site-packages/airflow/example_dags/example_sensors.py
[2026-08-13T12:55:21.717+0000] {processor.py:830} INFO - Processing file /home/airflow/.local/lib/python3.8/site-packages/airflow/example_dags/example_sensors.py for tasks to queue
[2026-08-13T12:55:21.721+0000] {logging_mixin.py:188} INFO - [2026-08-13T12:55:21.720+0000] {dagbag.py:538} INFO - Filling up the DagBag from /home/airflow/.local/lib/python3.8/site-packages/airflow/example_dags/example_sensors.py
[2026-08-13T12:55:21.733+0000] {processor.py:840} INFO - DAG(s) 'example_sensors' retrieved from /home/airflow/.local/lib/python3.8/site-packages/airflow/example_dags/example_sensors.py
[2026-08-13T12:55:21.775+0000] {logging_mixin.py:188} INFO - [2026-08-13T12:55:21.774+0000] {dag.py:3036} INFO - Sync 1 DAGs
[2026-08-13T12:55:21.794+0000] {logging_mixin.py:188} INFO - [2026-08-13T12:55:21.794+0000] {dag.py:3823} INFO - Setting next_dagrun for example_sensors to None, run_after=None
[2026-08-13T12:55:21.816+0000] {processor.py:183} INFO - Processing /home/airflow/.local/lib/python3.8/site-packages/airflow/example_dags/example_sensors.py took 0.107 seconds
[2026-08-13T12:55:52.624+0000] {processor.py:161} INFO - Started process (PID=1189) to work on /home/airflow/.local/lib/python3.8/site-packages/airflow/example_dags/example_sensors.py
[2026-08-13T12:55:52.636+0000] {processor.py:830} INFO - Processing file /home/airflow/.local/lib/python3.8/site-packages/airflow/example_dags/example_sensors.py for tasks to queue
[2026-08-13T12:55:52.639+0000] {logging_mixin.py:188} INFO - [2026-08-13T12:55:52.638+0000] {dagbag.py:538} INFO - Filling up the DagBag from /home/airflow/.local/lib/python3.8/site-packages/airflow/example_dags/example_sensors.py
[2026-08-13T12:55:52.659+0000] {processor.py:840} INFO - DAG(s) 'example_sensors' retrieved from /home/airflow/.local/lib/python3.8/site-packages/airflow/example_dags/example_sensors.py
[2026-08-13T12:55:52.697+0000] {logging_mixin.py:188} INFO - [2026-08-13T12:55:52.696+0000] {dag.py:3036} INFO - Sync 1 DAGs
[2026-08-13T12:55:52.712+0000] {logging_mixin.py:188} INFO - [2026-08-13T12:55:52.711+0000] {dag.py:3823} INFO - Setting next_dagrun for example_sensors to None, run_after=None
[2026-08-13T12:55:52.752+0000] {processor.py:183} INFO - Processing /home/airflow/.local/lib/python3.8/site-packages/airflow/example_dags/example_sensors.py took 0.131 seconds
[2026-08-13T12:56:22.895+0000] {processor.py:161} INFO - Started process (PID=1244) to work on /home/airflow/.local/lib/python3.8/site-packages/airflow/example_dags/example_sensors.py
[2026-08-13T12:56:22.900+0000] {processor.py:830} INFO - Processing file /home/airflow/.local/lib/python3.8/site-packages/airflow/example_dags/example_sensors.py for tasks to queue
[2026-08-13T12:56:22.905+0000] {logging_mixin.py:188} INFO - [2026-08-13T12:56:22.904+0000] {dagbag.py:538} INFO - Filling up the DagBag from /home/airflow/.local/lib/python3.8/site-packages/airflow/example_dags/example_sensors.py
[2026-08-13T12:56:22.928+0000] {processor.py:840} INFO - DAG(s) 'example_sensors' retrieved from /home/airflow/.local/lib/python3.8/site-packages/airflow/example_dags/example_sensors.py
[2026-08-13T12:56:22.989+0000] {logging_mixin.py:188} INFO - [2026-08-13T12:56:22.989+0000] {dag.py:3036} INFO - Sync 1 DAGs
[2026-08-13T12:56:23.006+0000] {logging_mixin.py:188} INFO - [2026-08-13T12:56:23.005+0000] {dag.py:3823} INFO - Setting next_dagrun for example_sensors to None, run_after=None
[2026-08-13T12:56:23.038+0000] {processor.py:183} INFO - Processing /home/airflow/.local/lib/python3.8/site-packages/airflow/example_dags/example_sensors.py took 0.148 seconds
[2026-08-13T12:56:53.971+0000] {processor.py:161} INFO - Started process (PID=1299) to work on /home/airflow/.local/lib/python3.8/site-packages/airflow/example_dags/example_sensors.py
[2026-08-13T12:56:53.974+0000] {processor.py:830} INFO - Processing file /home/airflow/.local/lib/python3.8/site-packages/airflow/example_dags/example_sensors.py for tasks to queue
[2026-08-13T12:56:53.978+0000] {logging_mixin.py:188} INFO - [2026-08-13T12:56:53.977+0000] {dagbag.py:538} INFO - Filling up the DagBag from /home/airflow/.local/lib/python3.8/site-packages/airflow/example_dags/example_sensors.py
[2026-08-13T12:56:53.997+0000] {processor.py:840} INFO - DAG(s) 'example_sensors' retrieved from /home/airflow/.local/lib/python3.8/site-packages/airflow/example_dags/example_sensors.py
[2026-08-13T12:56:54.045+0000] {logging_mixin.py:188} INFO - [2026-08-13T12:56:54.045+0000] {dag.py:3036} INFO - Sync 1 DAGs
[2026-08-13T12:56:54.065+0000] {logging_mixin.py:188} INFO - [2026-08-13T12:56:54.065+0000] {dag.py:3823} INFO - Setting next_dagrun for example_sensors to None, run_after=None
[2026-08-13T12:56:54.109+0000] {processor.py:183} INFO - Processing /home/airflow/.local/lib/python3.8/site-packages/airflow/example_dags/example_sensors.py took 0.144 seconds
[2026-08-13T12:57:24.794+0000] {processor.py:161} INFO - Started process (PID=1354) to work on /home/airflow/.local/lib/python3.8/site-packages/airflow/example_dags/example_sensors.py
[2026-08-13T12:57:24.797+0000] {processor.py:830} INFO - Processing file /home/airflow/.local/lib/python3.8/site-packages/airflow/example_dags/example_sensors.py for tasks to queue
[2026-08-13T12:57:24.803+0000] {logging_mixin.py:188} INFO - [2026-08-13T12:57:24.802+0000] {dagbag.py:538} INFO - Filling up the DagBag from /home/airflow/.local/lib/python3.8/site-packages/airflow/example_dags/example_sensors.py
[2026-08-13T12:57:24.825+0000] {processor.py:840} INFO - DAG(s) 'example_sensors' retrieved from /home/airflow/.local/lib/python3.8/site-packages/airflow/example_dags/example_sensors.py
[2026-08-13T12:57:24.903+0000] {logging_mixin.py:188} INFO - [2026-08-13T12:57:24.900+0000] {dag.py:3036} INFO - Sync 1 DAGs
[2026-08-13T12:57:24.938+0000] {logging_mixin.py:188} INFO - [2026-08-13T12:57:24.937+0000] {dag.py:3823} INFO - Setting next_dagrun for example_sensors to None, run_after=None
[2026-08-13T12:57:25.014+0000] {processor.py:183} INFO - Processing /home/airflow/.local/lib/python3.8/site-packages/airflow/example_dags/example_sensors.py took 0.228 seconds
