[2026-08-13T12:33:28.212+0000] {processor.py:161} INFO - Started process (PID=93) to work on /home/airflow/.local/lib/python3.8/site-packages/airflow/example_dags/example_dag_decorator.py
[2026-08-13T12:33:28.216+0000] {processor.py:830} INFO - Processing file /home/airflow/.local/lib/python3.8/site-packages/airflow/example_dags/example_dag_decorator.py for tasks to queue
[2026-08-13T12:33:28.221+0000] {logging_mixin.py:188} INFO - [2026-08-13T12:33:28.221+0000] {dagbag.py:538} INFO - Filling up the DagBag from /home/airflow/.local/lib/python3.8/site-packages/airflow/example_dags/example_dag_decorator.py
[2026-08-13T12:33:30.038+0000] {processor.py:840} INFO - DAG(s) 'example_dag_decorator' retrieved from /home/airflow/.local/lib/python3.8/site-packages/airflow/example_dags/example_dag_decorator.py
[2026-08-13T12:33:30.724+0000] {logging_mixin.py:188} INFO - [2026-08-13T12:33:30.723+0000] {dag.py:3036} INFO - Sync 1 DAGs
[2026-08-13T12:33:30.773+0000] {logging_mixin.py:188} INFO - [2026-08-13T12:33:30.772+0000] {dag.py:3823} INFO - Setting next_dagrun for example_dag_decorator to None, run_after=None
[2026-08-13T12:33:30.866+0000] {processor.py:183} INFO - Processing /home/airflow/.local/lib/python3.8/site-packages/airflow/example_dags/example_dag_decorator.py took 2.669 seconds
[2026-08-13T12:34:01.424+0000] {processor.py:161} INFO - Started process (PID=148) to work on /home/airflow/.local/lib/python3.8/site-packages/airflow/example_dags/example_dag_decorator.py
[2026-08-13T12:34:01.427+0000] {processor.py:830} INFO - Processing file /home/airflow/.local/lib/python3.8/site-packages/airflow/example_dags/example_dag_decorator.py for tasks to queue
[2026-08-13T12:34:01.430+0000] {logging_mixin.py:188} INFO - [2026-08-13T12:34:01.429+0000] {dagbag.py:538} INFO - Filling up the DagBag from /home/airflow/.local/lib/python3.8/site-packages/airflow/example_dags/example_dag_decorator.py
[2026-08-13T12:34:01.603+0000] {processor.py:840} INFO - DAG(s) 'example_dag_decorator' retrieved from /home/airflow/.local/lib/python3.8/site-packages/airflow/example_dags/example_dag_decorator.py
[2026-08-13T12:34:01.775+0000] {logging_mixin.py:188} INFO - [2026-08-13T12:34:01.775+0000] {dag.py:3036} INFO - Sync 1 DAGs
[2026-08-13T12:34:01.787+0000] {logging_mixin.py:188} INFO - [2026-08-13T12:34:01.787+0000] {dag.py:3823} INFO - Setting next_dagrun for example_dag_decorator to None, run_after=None
[2026-08-13T12:34:01.810+0000] {processor.py:183} INFO - Processing /home/airflow/.local/lib/python3.8/site-packages/airflow/example_dags/example_dag_decorator.py took 0.390 seconds
[2026-08-13T12:34:31.938+0000] {processor.py:161} INFO - Started process (PID=205) to work on /home/airflow/.local/lib/python3.8/site-packages/airflow/example_dags/example_dag_decorator.py
[2026-08-13T12:34:31.940+0000] {processor.py:830} INFO - Processing file /home/airflow/.local/lib/python3.8/site-packages/airflow/example_dags/example_dag_decorator.py for tasks to queue
[2026-08-13T12:34:31.943+0000] {logging_mixin.py:188} INFO - [2026-08-13T12:34:31.943+0000] {dagbag.py:538} INFO - Filling up the DagBag from /home/airflow/.local/lib/python3.8/site-packages/airflow/example_dags/example_dag_decorator.py
[2026-08-13T12:34:32.167+0000] {processor.py:840} INFO - DAG(s) 'example_dag_decorator' retrieved from /home/airflow/.local/lib/python3.8/site-packages/airflow/example_dags/example_dag_decorator.py
[2026-08-13T12:34:32.394+0000] {logging_mixin.py:188} INFO - [2026-08-13T12:34:32.393+0000] {dag.py:3036} INFO - Sync 1 DAGs
[2026-08-13T12:34:32.408+0000] {logging_mixin.py:188} INFO - [2026-08-13T12:34:32.407+0000] {dag.py:3823} INFO - Setting next_dagrun for example_dag_decorator to None, run_after=None
[2026-08-13T12:34:32.457+0000] {processor.py:183} INFO - Processing /home/airflow/.local/lib/python3.8/site-packages/airflow/example_dags/example_dag_decorator.py took 0.525 seconds
[2026-08-13T12:35:03.315+0000] {processor.py:161} INFO - Started process (PID=266) to work on /home/airflow/.local/lib/python3.8/site-packages/airflow/example_dags/example_dag_decorator.py
[2026-08-13T12:35:03.320+0000] {processor.py:830} INFO - Processing file /home/airflow/.local/lib/python3.8/site-packages/airflow/example_dags/example_dag_decorator.py for tasks to queue
[2026-08-13T12:35:03.325+0000] {logging_mixin.py:188} INFO - [2026-08-13T12:35:03.324+0000] {dagbag.py:538} INFO - Filling up the DagBag from /home/airflow/.local/lib/python3.8/site-packages/airflow/example_dags/example_dag_decorator.py
[2026-08-13T12:35:03.492+0000] {processor.py:840} INFO - DAG(s) 'example_dag_decorator' retrieved from /home/airflow/.local/lib/python3.8/site-packages/airflow/example_dags/example_dag_decorator.py
[2026-08-13T12:35:03.625+0000] {logging_mixin.py:188} INFO - [2026-08-13T12:35:03.625+0000] {dag.py:3036} INFO - Sync 1 DAGs
[2026-08-13T12:35:03.639+0000] {logging_mixin.py:188} INFO - [2026-08-13T12:35:03.639+0000] {dag.py:3823} INFO - Setting next_dagrun for example_dag_decorator to None, run_after=None
[2026-08-13T12:35:03.672+0000] {processor.py:183} INFO - Processing /home/airflow/.local/lib/python3.8/site-packages/airflow/example_dags/example_dag_decorator.py took 0.363 seconds
[2026-08-13T12:35:33.824+0000] {processor.py:161} INFO - Started process (PID=322) to work on /home/airflow/.local/lib/python3.8/site-packages/airflow/example_dags/example_dag_decorator.py
[2026-08-13T12:35:33.826+0000] {processor.py:830} INFO - Processing file /home/airflow/.local/lib/python3.8/site-packages/airflow/example_dags/example_dag_decorator.py for tasks to queue
[2026-08-13T12:35:33.828+0000] {logging_mixin.py:188} INFO - [2026-08-13T12:35:33.828+0000] {dagbag.py:538} INFO - Filling up the DagBag from /home/airflow/.local/lib/python3.8/site-packages/airflow/example_dags/example_dag_decorator.py
[2026-08-13T12:35:33.936+0000] {processor.py:840} INFO - DAG(s) 'example_dag_decorator' retrieved from /home/airflow/.local/lib/python3.8/site-packages/airflow/example_dags/example_dag_decorator.py
[2026-08-13T12:35:34.120+0000] {logging_mixin.py:188} INFO - [2026-08-13T12:35:34.120+0000] {dag.py:3036} INFO - Sync 1 DAGs
[2026-08-13T12:35:34.135+0000] {logging_mixin.py:188} INFO - [2026-08-13T12:35:34.135+0000] {dag.py:3823} INFO - Setting next_dagrun for example_dag_decorator to None, run_after=None
[2026-08-13T12:35:34.165+0000] {processor.py:183} INFO - Processing /home/airflow/.local/lib/python3.8/site-packages/airflow/example_dags/example_dag_decorator.py took 0.345 seconds
[2026-08-13T12:36:04.971+0000] {processor.py:161} INFO - Started process (PID=377) to work on /home/airflow/.local/lib/python3.8/site-packages/airflow/example_dags/example_dag_decorator.py
[2026-08-13T12:36:04.984+0000] {processor.py:830} INFO - Processing file /home/airflow/.local/lib/python3.8/site-packages/airflow/example_dags/example_dag_decorator.py for tasks to queue
[2026-08-13T12:36:04.991+0000] {logging_mixin.py:188} INFO - [2026-08-13T12:36:04.990+0000] {dagbag.py:538} INFO - Filling up the DagBag from /home/airflow/.local/lib/python3.8/site-packages/airflow/example_dags/example_dag_decorator.py
[2026-08-13T12:36:05.117+0000] {processor.py:840} INFO - DAG(s) 'example_dag_decorator' retrieved from /home/airflow/.local/lib/python3.8/site-packages/airflow/example_dags/example_dag_decorator.py
[2026-08-13T12:36:05.256+0000] {logging_mixin.py:188} INFO - [2026-08-13T12:36:05.256+0000] {dag.py:3036} INFO - Sync 1 DAGs
[2026-08-13T12:36:05.276+0000] {logging_mixin.py:188} INFO - [2026-08-13T12:36:05.276+0000] {dag.py:3823} INFO - Setting next_dagrun for example_dag_decorator to None, run_after=None
[2026-08-13T12:36:05.302+0000] {processor.py:183} INFO - Processing /home/airflow/.local/lib/python3.8/site-packages/airflow/example_dags/example_dag_decorator.py took 0.338 seconds
[2026-08-13T12:41:44.797+0000] {processor.py:161} INFO - Started process (PID=115) to work on /home/airflow/.local/lib/python3.8/site-packages/airflow/example_dags/example_dag_decorator.py
[2026-08-13T12:41:44.812+0000] {processor.py:830} INFO - Processing file /home/airflow/.local/lib/python3.8/site-packages/airflow/example_dags/example_dag_decorator.py for tasks to queue
[2026-08-13T12:41:44.850+0000] {logging_mixin.py:188} INFO - [2026-08-13T12:41:44.843+0000] {dagbag.py:538} INFO - Filling up the DagBag from /home/airflow/.local/lib/python3.8/site-packages/airflow/example_dags/example_dag_decorator.py
[2026-08-13T12:41:47.551+0000] {processor.py:840} INFO - DAG(s) 'example_dag_decorator' retrieved from /home/airflow/.local/lib/python3.8/site-packages/airflow/example_dags/example_dag_decorator.py
[2026-08-13T12:41:48.198+0000] {logging_mixin.py:188} INFO - [2026-08-13T12:41:48.197+0000] {dag.py:3036} INFO - Sync 1 DAGs
[2026-08-13T12:41:48.235+0000] {logging_mixin.py:188} INFO - [2026-08-13T12:41:48.234+0000] {dag.py:3823} INFO - Setting next_dagrun for example_dag_decorator to None, run_after=None
[2026-08-13T12:41:48.330+0000] {processor.py:183} INFO - Processing /home/airflow/.local/lib/python3.8/site-packages/airflow/example_dags/example_dag_decorator.py took 3.627 seconds
[2026-08-13T12:42:21.225+0000] {processor.py:161} INFO - Started process (PID=177) to work on /home/airflow/.local/lib/python3.8/site-packages/airflow/example_dags/example_dag_decorator.py
[2026-08-13T12:42:21.229+0000] {processor.py:830} INFO - Processing file /home/airflow/.local/lib/python3.8/site-packages/airflow/example_dags/example_dag_decorator.py for tasks to queue
[2026-08-13T12:42:21.236+0000] {logging_mixin.py:188} INFO - [2026-08-13T12:42:21.235+0000] {dagbag.py:538} INFO - Filling up the DagBag from /home/airflow/.local/lib/python3.8/site-packages/airflow/example_dags/example_dag_decorator.py
[2026-08-13T12:42:23.116+0000] {processor.py:840} INFO - DAG(s) 'example_dag_decorator' retrieved from /home/airflow/.local/lib/python3.8/site-packages/airflow/example_dags/example_dag_decorator.py
[2026-08-13T12:42:24.468+0000] {logging_mixin.py:188} INFO - [2026-08-13T12:42:24.467+0000] {dag.py:3036} INFO - Sync 1 DAGs
[2026-08-13T12:42:24.540+0000] {logging_mixin.py:188} INFO - [2026-08-13T12:42:24.540+0000] {dag.py:3823} INFO - Setting next_dagrun for example_dag_decorator to None, run_after=None
[2026-08-13T12:42:24.702+0000] {processor.py:183} INFO - Processing /home/airflow/.local/lib/python3.8/site-packages/airflow/example_dags/example_dag_decorator.py took 3.507 seconds
[2026-08-13T12:45:43.463+0000] {processor.py:161} INFO - Started process (PID=103) to work on /home/airflow/.local/lib/python3.8/site-packages/airflow/example_dags/example_dag_decorator.py
[2026-08-13T12:45:43.467+0000] {processor.py:830} INFO - Processing file /home/airflow/.local/lib/python3.8/site-packages/airflow/example_dags/example_dag_decorator.py for tasks to queue
[2026-08-13T12:45:43.510+0000] {logging_mixin.py:188} INFO - [2026-08-13T12:45:43.509+0000] {dagbag.py:538} INFO - Filling up the DagBag from /home/airflow/.local/lib/python3.8/site-packages/airflow/example_dags/example_dag_decorator.py
[2026-08-13T12:45:44.680+0000] {processor.py:840} INFO - DAG(s) 'example_dag_decorator' retrieved from /home/airflow/.local/lib/python3.8/site-packages/airflow/example_dags/example_dag_decorator.py
[2026-08-13T12:45:45.129+0000] {logging_mixin.py:188} INFO - [2026-08-13T12:45:45.125+0000] {dag.py:3036} INFO - Sync 1 DAGs
[2026-08-13T12:45:45.169+0000] {logging_mixin.py:188} INFO - [2026-08-13T12:45:45.169+0000] {dag.py:3823} INFO - Setting next_dagrun for example_dag_decorator to None, run_after=None
[2026-08-13T12:45:45.258+0000] {processor.py:183} INFO - Processing /home/airflow/.local/lib/python3.8/site-packages/airflow/example_dags/example_dag_decorator.py took 1.806 seconds
[2026-08-13T12:46:16.149+0000] {processor.py:161} INFO - Started process (PID=158) to work on /home/airflow/.local/lib/python3.8/site-packages/airflow/example_dags/example_dag_decorator.py
[2026-08-13T12:46:16.152+0000] {processor.py:830} INFO - Processing file /home/airflow/.local/lib/python3.8/site-packages/airflow/example_dags/example_dag_decorator.py for tasks to queue
[2026-08-13T12:46:16.156+0000] {logging_mixin.py:188} INFO - [2026-08-13T12:46:16.156+0000] {dagbag.py:538} INFO - Filling up the DagBag from /home/airflow/.local/lib/python3.8/site-packages/airflow/example_dags/example_dag_decorator.py
[2026-08-13T12:46:16.512+0000] {processor.py:840} INFO - DAG(s) 'example_dag_decorator' retrieved from /home/airflow/.local/lib/python3.8/site-packages/airflow/example_dags/example_dag_decorator.py
[2026-08-13T12:46:17.028+0000] {logging_mixin.py:188} INFO - [2026-08-13T12:46:17.026+0000] {dag.py:3036} INFO - Sync 1 DAGs
[2026-08-13T12:46:17.074+0000] {logging_mixin.py:188} INFO - [2026-08-13T12:46:17.073+0000] {dag.py:3823} INFO - Setting next_dagrun for example_dag_decorator to None, run_after=None
[2026-08-13T12:46:17.165+0000] {processor.py:183} INFO - Processing /home/airflow/.local/lib/python3.8/site-packages/airflow/example_dags/example_dag_decorator.py took 1.022 seconds
[2026-08-13T12:46:47.838+0000] {processor.py:161} INFO - Started process (PID=214) to work on /home/airflow/.local/lib/python3.8/site-packages/airflow/example_dags/example_dag_decorator.py
[2026-08-13T12:46:47.849+0000] {processor.py:830} INFO - Processing file /home/airflow/.local/lib/python3.8/site-packages/airflow/example_dags/example_dag_decorator.py for tasks to queue
[2026-08-13T12:46:47.853+0000] {logging_mixin.py:188} INFO - [2026-08-13T12:46:47.853+0000] {dagbag.py:538} INFO - Filling up the DagBag from /home/airflow/.local/lib/python3.8/site-packages/airflow/example_dags/example_dag_decorator.py
[2026-08-13T12:46:48.104+0000] {processor.py:840} INFO - DAG(s) 'example_dag_decorator' retrieved from /home/airflow/.local/lib/python3.8/site-packages/airflow/example_dags/example_dag_decorator.py
[2026-08-13T12:46:48.332+0000] {logging_mixin.py:188} INFO - [2026-08-13T12:46:48.332+0000] {dag.py:3036} INFO - Sync 1 DAGs
[2026-08-13T12:46:48.347+0000] {logging_mixin.py:188} INFO - [2026-08-13T12:46:48.346+0000] {dag.py:3823} INFO - Setting next_dagrun for example_dag_decorator to None, run_after=None
[2026-08-13T12:46:48.376+0000] {processor.py:183} INFO - Processing /home/airflow/.local/lib/python3.8/site-packages/airflow/example_dags/example_dag_decorator.py took 0.546 seconds
[2026-08-13T12:47:18.546+0000] {processor.py:161} INFO - Started process (PID=267) to work on /home/airflow/.local/lib/python3.8/site-packages/airflow/example_dags/example_dag_decorator.py
[2026-08-13T12:47:18.551+0000] {processor.py:830} INFO - Processing file /home/airflow/.local/lib/python3.8/site-packages/airflow/example_dags/example_dag_decorator.py for tasks to queue
[2026-08-13T12:47:18.557+0000] {logging_mixin.py:188} INFO - [2026-08-13T12:47:18.556+0000] {dagbag.py:538} INFO - Filling up the DagBag from /home/airflow/.local/lib/python3.8/site-packages/airflow/example_dags/example_dag_decorator.py
[2026-08-13T12:47:18.891+0000] {processor.py:840} INFO - DAG(s) 'example_dag_decorator' retrieved from /home/airflow/.local/lib/python3.8/site-packages/airflow/example_dags/example_dag_decorator.py
[2026-08-13T12:47:19.093+0000] {logging_mixin.py:188} INFO - [2026-08-13T12:47:19.092+0000] {dag.py:3036} INFO - Sync 1 DAGs
[2026-08-13T12:47:19.105+0000] {logging_mixin.py:188} INFO - [2026-08-13T12:47:19.105+0000] {dag.py:3823} INFO - Setting next_dagrun for example_dag_decorator to None, run_after=None
[2026-08-13T12:47:19.129+0000] {processor.py:183} INFO - Processing /home/airflow/.local/lib/python3.8/site-packages/airflow/example_dags/example_dag_decorator.py took 0.590 seconds
[2026-08-13T12:47:49.495+0000] {processor.py:161} INFO - Started process (PID=322) to work on /home/airflow/.local/lib/python3.8/site-packages/airflow/example_dags/example_dag_decorator.py
[2026-08-13T12:47:49.507+0000] {processor.py:830} INFO - Processing file /home/airflow/.local/lib/python3.8/site-packages/airflow/example_dags/example_dag_decorator.py for tasks to queue
[2026-08-13T12:47:49.546+0000] {logging_mixin.py:188} INFO - [2026-08-13T12:47:49.539+0000] {dagbag.py:538} INFO - Filling up the DagBag from /home/airflow/.local/lib/python3.8/site-packages/airflow/example_dags/example_dag_decorator.py
[2026-08-13T12:47:50.464+0000] {processor.py:840} INFO - DAG(s) 'example_dag_decorator' retrieved from /home/airflow/.local/lib/python3.8/site-packages/airflow/example_dags/example_dag_decorator.py
[2026-08-13T12:47:51.083+0000] {logging_mixin.py:188} INFO - [2026-08-13T12:47:51.082+0000] {dag.py:3036} INFO - Sync 1 DAGs
[2026-08-13T12:47:51.133+0000] {logging_mixin.py:188} INFO - [2026-08-13T12:47:51.132+0000] {dag.py:3823} INFO - Setting next_dagrun for example_dag_decorator to None, run_after=None
[2026-08-13T12:47:51.440+0000] {processor.py:183} INFO - Processing /home/airflow/.local/lib/python3.8/site-packages/airflow/example_dags/example_dag_decorator.py took 2.007 seconds
[2026-08-13T12:48:21.710+0000] {processor.py:161} INFO - Started process (PID=378) to work on /home/airflow/.local/lib/python3.8/site-packages/airflow/example_dags/example_dag_decorator.py
[2026-08-13T12:48:21.712+0000] {processor.py:830} INFO - Processing file /home/airflow/.local/lib/python3.8/site-packages/airflow/example_dags/example_dag_decorator.py for tasks to queue
[2026-08-13T12:48:21.716+0000] {logging_mixin.py:188} INFO - [2026-08-13T12:48:21.715+0000] {dagbag.py:538} INFO - Filling up the DagBag from /home/airflow/.local/lib/python3.8/site-packages/airflow/example_dags/example_dag_decorator.py
[2026-08-13T12:48:21.886+0000] {processor.py:840} INFO - DAG(s) 'example_dag_decorator' retrieved from /home/airflow/.local/lib/python3.8/site-packages/airflow/example_dags/example_dag_decorator.py
[2026-08-13T12:48:22.042+0000] {logging_mixin.py:188} INFO - [2026-08-13T12:48:22.041+0000] {dag.py:3036} INFO - Sync 1 DAGs
[2026-08-13T12:48:22.059+0000] {logging_mixin.py:188} INFO - [2026-08-13T12:48:22.059+0000] {dag.py:3823} INFO - Setting next_dagrun for example_dag_decorator to None, run_after=None
[2026-08-13T12:48:22.092+0000] {processor.py:183} INFO - Processing /home/airflow/.local/lib/python3.8/site-packages/airflow/example_dags/example_dag_decorator.py took 0.390 seconds
[2026-08-13T12:48:52.648+0000] {processor.py:161} INFO - Started process (PID=434) to work on /home/airflow/.local/lib/python3.8/site-packages/airflow/example_dags/example_dag_decorator.py
[2026-08-13T12:48:52.651+0000] {processor.py:830} INFO - Processing file /home/airflow/.local/lib/python3.8/site-packages/airflow/example_dags/example_dag_decorator.py for tasks to queue
[2026-08-13T12:48:52.654+0000] {logging_mixin.py:188} INFO - [2026-08-13T12:48:52.654+0000] {dagbag.py:538} INFO - Filling up the DagBag from /home/airflow/.local/lib/python3.8/site-packages/airflow/example_dags/example_dag_decorator.py
[2026-08-13T12:48:52.838+0000] {processor.py:840} INFO - DAG(s) 'example_dag_decorator' retrieved from /home/airflow/.local/lib/python3.8/site-packages/airflow/example_dags/example_dag_decorator.py
[2026-08-13T12:48:53.018+0000] {logging_mixin.py:188} INFO - [2026-08-13T12:48:53.018+0000] {dag.py:3036} INFO - Sync 1 DAGs
[2026-08-13T12:48:53.035+0000] {logging_mixin.py:188} INFO - [2026-08-13T12:48:53.034+0000] {dag.py:3823} INFO - Setting next_dagrun for example_dag_decorator to None, run_after=None
[2026-08-13T12:48:53.077+0000] {processor.py:183} INFO - Processing /home/airflow/.local/lib/python3.8/site-packages/airflow/example_dags/example_dag_decorator.py took 0.438 seconds
[2026-08-13T12:49:23.156+0000] {processor.py:161} INFO - Started process (PID=490) to work on /home/airflow/.local/lib/python3.8/site-packages/airflow/example_dags/example_dag_decorator.py
[2026-08-13T12:49:23.158+0000] {processor.py:830} INFO - Processing file /home/airflow/.local/lib/python3.8/site-packages/airflow/example_dags/example_dag_decorator.py for tasks to queue
[2026-08-13T12:49:23.163+0000] {logging_mixin.py:188} INFO - [2026-08-13T12:49:23.162+0000] {dagbag.py:538} INFO - Filling up the DagBag from /home/airflow/.local/lib/python3.8/site-packages/airflow/example_dags/example_dag_decorator.py
[2026-08-13T12:49:23.489+0000] {processor.py:840} INFO - DAG(s) 'example_dag_decorator' retrieved from /home/airflow/.local/lib/python3.8/site-packages/airflow/example_dags/example_dag_decorator.py
[2026-08-13T12:49:24.020+0000] {logging_mixin.py:188} INFO - [2026-08-13T12:49:24.020+0000] {dag.py:3036} INFO - Sync 1 DAGs
[2026-08-13T12:49:24.073+0000] {logging_mixin.py:188} INFO - [2026-08-13T12:49:24.073+0000] {dag.py:3823} INFO - Setting next_dagrun for example_dag_decorator to None, run_after=None
[2026-08-13T12:49:24.165+0000] {processor.py:183} INFO - Processing /home/airflow/.local/lib/python3.8/site-packages/airflow/example_dags/example_dag_decorator.py took 1.016 seconds
[2026-08-13T12:49:54.571+0000] {processor.py:161} INFO - Started process (PID=545) to work on /home/airflow/.local/lib/python3.8/site-packages/airflow/example_dags/example_dag_decorator.py
[2026-08-13T12:49:54.575+0000] {processor.py:830} INFO - Processing file /home/airflow/.local/lib/python3.8/site-packages/airflow/example_dags/example_dag_decorator.py for tasks to queue
[2026-08-13T12:49:54.584+0000] {logging_mixin.py:188} INFO - [2026-08-13T12:49:54.583+0000] {dagbag.py:538} INFO - Filling up the DagBag from /home/airflow/.local/lib/python3.8/site-packages/airflow/example_dags/example_dag_decorator.py
[2026-08-13T12:49:55.861+0000] {processor.py:840} INFO - DAG(s) 'example_dag_decorator' retrieved from /home/airflow/.local/lib/python3.8/site-packages/airflow/example_dags/example_dag_decorator.py
[2026-08-13T12:49:57.913+0000] {logging_mixin.py:188} INFO - [2026-08-13T12:49:57.912+0000] {dag.py:3036} INFO - Sync 1 DAGs
[2026-08-13T12:49:57.967+0000] {logging_mixin.py:188} INFO - [2026-08-13T12:49:57.967+0000] {dag.py:3823} INFO - Setting next_dagrun for example_dag_decorator to None, run_after=None
[2026-08-13T12:49:58.032+0000] {processor.py:183} INFO - Processing /home/airflow/.local/lib/python3.8/site-packages/airflow/example_dags/example_dag_decorator.py took 3.482 seconds
[2026-08-13T12:50:28.782+0000] {processor.py:161} INFO - Started process (PID=600) to work on /home/airflow/.local/lib/python3.8/site-packages/airflow/example_dags/example_dag_decorator.py
[2026-08-13T12:50:28.786+0000] {processor.py:830} INFO - Processing file /home/airflow/.local/lib/python3.8/site-packages/airflow/example_dags/example_dag_decorator.py for tasks to queue
[2026-08-13T12:50:28.793+0000] {logging_mixin.py:188} INFO - [2026-08-13T12:50:28.792+0000] {dagbag.py:538} INFO - Filling up the DagBag from /home/airflow/.local/lib/python3.8/site-packages/airflow/example_dags/example_dag_decorator.py
[2026-08-13T12:50:30.178+0000] {processor.py:840} INFO - DAG(s) 'example_dag_decorator' retrieved from /home/airflow/.local/lib/python3.8/site-packages/airflow/example_dags/example_dag_decorator.py
[2026-08-13T12:50:31.044+0000] {logging_mixin.py:188} INFO - [2026-08-13T12:50:31.040+0000] {dag.py:3036} INFO - Sync 1 DAGs
[2026-08-13T12:50:31.102+0000] {logging_mixin.py:188} INFO - [2026-08-13T12:50:31.101+0000] {dag.py:3823} INFO - Setting next_dagrun for example_dag_decorator to None, run_after=None
[2026-08-13T12:50:31.208+0000] {processor.py:183} INFO - Processing /home/airflow/.local/lib/python3.8/site-packages/airflow/example_dags/example_dag_decorator.py took 2.461 seconds
[2026-08-13T12:51:02.151+0000] {processor.py:161} INFO - Started process (PID=657) to work on /home/airflow/.local/lib/python3.8/site-packages/airflow/example_dags/example_dag_decorator.py
[2026-08-13T12:51:02.153+0000] {processor.py:830} INFO - Processing file /home/airflow/.local/lib/python3.8/site-packages/airflow/example_dags/example_dag_decorator.py for tasks to queue
[2026-08-13T12:51:02.156+0000] {logging_mixin.py:188} INFO - [2026-08-13T12:51:02.156+0000] {dagbag.py:538} INFO - Filling up the DagBag from /home/airflow/.local/lib/python3.8/site-packages/airflow/example_dags/example_dag_decorator.py
[2026-08-13T12:51:02.310+0000] {processor.py:840} INFO - DAG(s) 'example_dag_decorator' retrieved from /home/airflow/.local/lib/python3.8/site-packages/airflow/example_dags/example_dag_decorator.py
[2026-08-13T12:51:02.483+0000] {logging_mixin.py:188} INFO - [2026-08-13T12:51:02.483+0000] {dag.py:3036} INFO - Sync 1 DAGs
[2026-08-13T12:51:02.508+0000] {logging_mixin.py:188} INFO - [2026-08-13T12:51:02.507+0000] {dag.py:3823} INFO - Setting next_dagrun for example_dag_decorator to None, run_after=None
[2026-08-13T12:51:02.551+0000] {processor.py:183} INFO - Processing /home/airflow/.local/lib/python3.8/site-packages/airflow/example_dags/example_dag_decorator.py took 0.405 seconds
[2026-08-13T12:51:33.205+0000] {processor.py:161} INFO - Started process (PID=712) to work on /home/airflow/.local/lib/python3.8/site-packages/airflow/example_dags/example_dag_decorator.py
[2026-08-13T12:51:33.207+0000] {processor.py:830} INFO - Processing file /home/airflow/.local/lib/python3.8/site-packages/airflow/example_dags/example_dag_decorator.py for tasks to queue
[2026-08-13T12:51:33.210+0000] {logging_mixin.py:188} INFO - [2026-08-13T12:51:33.210+0000] {dagbag.py:538} INFO - Filling up the DagBag from /home/airflow/.local/lib/python3.8/site-packages/airflow/example_dags/example_dag_decorator.py
[2026-08-13T12:51:33.473+0000] {processor.py:840} INFO - DAG(s) 'example_dag_decorator' retrieved from /home/airflow/.local/lib/python3.8/site-packages/airflow/example_dags/example_dag_decorator.py
[2026-08-13T12:51:33.896+0000] {logging_mixin.py:188} INFO - [2026-08-13T12:51:33.895+0000] {dag.py:3036} INFO - Sync 1 DAGs
[2026-08-13T12:51:33.929+0000] {logging_mixin.py:188} INFO - [2026-08-13T12:51:33.926+0000] {dag.py:3823} INFO - Setting next_dagrun for example_dag_decorator to None, run_after=None
[2026-08-13T12:51:34.021+0000] {processor.py:183} INFO - Processing /home/airflow/.local/lib/python3.8/site-packages/airflow/example_dags/example_dag_decorator.py took 0.819 seconds
[2026-08-13T12:52:04.603+0000] {processor.py:161} INFO - Started process (PID=769) to work on /home/airflow/.local/lib/python3.8/site-packages/airflow/example_dags/example_dag_decorator.py
[2026-08-13T12:52:04.605+0000] {processor.py:830} INFO - Processing file /home/airflow/.local/lib/python3.8/site-packages/airflow/example_dags/example_dag_decorator.py for tasks to queue
[2026-08-13T12:52:04.608+0000] {logging_mixin.py:188} INFO - [2026-08-13T12:52:04.608+0000] {dagbag.py:538} INFO - Filling up the DagBag from /home/airflow/.local/lib/python3.8/site-packages/airflow/example_dags/example_dag_decorator.py
[2026-08-13T12:52:04.786+0000] {processor.py:840} INFO - DAG(s) 'example_dag_decorator' retrieved from /home/airflow/.local/lib/python3.8/site-packages/airflow/example_dags/example_dag_decorator.py
[2026-08-13T12:52:05.007+0000] {logging_mixin.py:188} INFO - [2026-08-13T12:52:05.007+0000] {dag.py:3036} INFO - Sync 1 DAGs
[2026-08-13T12:52:05.025+0000] {logging_mixin.py:188} INFO - [2026-08-13T12:52:05.024+0000] {dag.py:3823} INFO - Setting next_dagrun for example_dag_decorator to None, run_after=None
[2026-08-13T12:52:05.064+0000] {processor.py:183} INFO - Processing /home/airflow/.local/lib/python3.8/site-packages/airflow/example_dags/example_dag_decorator.py took 0.467 seconds
[2026-08-13T12:52:35.260+0000] {processor.py:161} INFO - Started process (PID=829) to work on /home/airflow/.local/lib/python3.8/site-packages/airflow/example_dags/example_dag_decorator.py
[2026-08-13T12:52:35.263+0000] {processor.py:830} INFO - Processing file /home/airflow/.local/lib/python3.8/site-packages/airflow/example_dags/example_dag_decorator.py for tasks to queue
[2026-08-13T12:52:35.271+0000] {logging_mixin.py:188} INFO - [2026-08-13T12:52:35.270+0000] {dagbag.py:538} INFO - Filling up the DagBag from /home/airflow/.local/lib/python3.8/site-packages/airflow/example_dags/example_dag_decorator.py
[2026-08-13T12:52:35.777+0000] {processor.py:840} INFO - DAG(s) 'example_dag_decorator' retrieved from /home/airflow/.local/lib/python3.8/site-packages/airflow/example_dags/example_dag_decorator.py
[2026-08-13T12:52:36.263+0000] {logging_mixin.py:188} INFO - [2026-08-13T12:52:36.263+0000] {dag.py:3036} INFO - Sync 1 DAGs
[2026-08-13T12:52:36.288+0000] {logging_mixin.py:188} INFO - [2026-08-13T12:52:36.288+0000] {dag.py:3823} INFO - Setting next_dagrun for example_dag_decorator to None, run_after=None
[2026-08-13T12:52:36.341+0000] {processor.py:183} INFO - Processing /home/airflow/.local/lib/python3.8/site-packages/airflow/example_dags/example_dag_decorator.py took 1.088 seconds
[2026-08-13T12:53:07.029+0000] {processor.py:161} INFO - Started process (PID=887) to work on /home/airflow/.local/lib/python3.8/site-packages/airflow/example_dags/example_dag_decorator.py
[2026-08-13T12:53:07.032+0000] {processor.py:830} INFO - Processing file /home/airflow/.local/lib/python3.8/site-packages/airflow/example_dags/example_dag_decorator.py for tasks to queue
[2026-08-13T12:53:07.035+0000] {logging_mixin.py:188} INFO - [2026-08-13T12:53:07.034+0000] {dagbag.py:538} INFO - Filling up the DagBag from /home/airflow/.local/lib/python3.8/site-packages/airflow/example_dags/example_dag_decorator.py
[2026-08-13T12:53:07.192+0000] {processor.py:840} INFO - DAG(s) 'example_dag_decorator' retrieved from /home/airflow/.local/lib/python3.8/site-packages/airflow/example_dags/example_dag_decorator.py
[2026-08-13T12:53:07.345+0000] {logging_mixin.py:188} INFO - [2026-08-13T12:53:07.345+0000] {dag.py:3036} INFO - Sync 1 DAGs
[2026-08-13T12:53:07.358+0000] {logging_mixin.py:188} INFO - [2026-08-13T12:53:07.357+0000] {dag.py:3823} INFO - Setting next_dagrun for example_dag_decorator to None, run_after=None
[2026-08-13T12:53:07.382+0000] {processor.py:183} INFO - Processing /home/airflow/.local/lib/python3.8/site-packages/airflow/example_dags/example_dag_decorator.py took 0.357 seconds
[2026-08-13T12:53:38.387+0000] {processor.py:161} INFO - Started process (PID=942) to work on /home/airflow/.local/lib/python3.8/site-packages/airflow/example_dags/example_dag_decorator.py
[2026-08-13T12:53:38.390+0000] {processor.py:830} INFO - Processing file /home/airflow/.local/lib/python3.8/site-packages/airflow/example_dags/example_dag_decorator.py for tasks to queue
[2026-08-13T12:53:38.396+0000] {logging_mixin.py:188} INFO - [2026-08-13T12:53:38.395+0000] {dagbag.py:538} INFO - Filling up the DagBag from /home/airflow/.local/lib/python3.8/site-packages/airflow/example_dags/example_dag_decorator.py
[2026-08-13T12:53:39.299+0000] {processor.py:840} INFO - DAG(s) 'example_dag_decorator' retrieved from /home/airflow/.local/lib/python3.8/site-packages/airflow/example_dags/example_dag_decorator.py
[2026-08-13T12:53:40.334+0000] {logging_mixin.py:188} INFO - [2026-08-13T12:53:40.332+0000] {dag.py:3036} INFO - Sync 1 DAGs
[2026-08-13T12:53:40.403+0000] {logging_mixin.py:188} INFO - [2026-08-13T12:53:40.403+0000] {dag.py:3823} INFO - Setting next_dagrun for example_dag_decorator to None, run_after=None
[2026-08-13T12:53:40.505+0000] {processor.py:183} INFO - Processing /home/airflow/.local/lib/python3.8/site-packages/airflow/example_dags/example_dag_decorator.py took 2.123 seconds
[2026-08-13T12:54:11.235+0000] {processor.py:161} INFO - Started process (PID=996) to work on /home/airflow/.local/lib/python3.8/site-packages/airflow/example_dags/example_dag_decorator.py
[2026-08-13T12:54:11.241+0000] {processor.py:830} INFO - Processing file /home/airflow/.local/lib/python3.8/site-packages/airflow/example_dags/example_dag_decorator.py for tasks to queue
[2026-08-13T12:54:11.244+0000] {logging_mixin.py:188} INFO - [2026-08-13T12:54:11.244+0000] {dagbag.py:538} INFO - Filling up the DagBag from /home/airflow/.local/lib/python3.8/site-packages/airflow/example_dags/example_dag_decorator.py
[2026-08-13T12:54:11.463+0000] {processor.py:840} INFO - DAG(s) 'example_dag_decorator' retrieved from /home/airflow/.local/lib/python3.8/site-packages/airflow/example_dags/example_dag_decorator.py
[2026-08-13T12:54:11.670+0000] {logging_mixin.py:188} INFO - [2026-08-13T12:54:11.670+0000] {dag.py:3036} INFO - Sync 1 DAGs
[2026-08-13T12:54:11.695+0000] {logging_mixin.py:188} INFO - [2026-08-13T12:54:11.694+0000] {dag.py:3823} INFO - Setting next_dagrun for example_dag_decorator to None, run_after=None
[2026-08-13T12:54:11.755+0000] {processor.py:183} INFO - Processing /home/airflow/.local/lib/python3.8/site-packages/airflow/example_dags/example_dag_decorator.py took 0.528 seconds
[2026-08-13T12:54:42.996+0000] {processor.py:161} INFO - Started process (PID=1054) to work on /home/airflow/.local/lib/python3.8/site-packages/airflow/example_dags/example_dag_decorator.py
[2026-08-13T12:54:42.999+0000] {processor.py:830} INFO - Processing file /home/airflow/.local/lib/python3.8/site-packages/airflow/example_dags/example_dag_decorator.py for tasks to queue
[2026-08-13T12:54:43.005+0000] {logging_mixin.py:188} INFO - [2026-08-13T12:54:43.004+0000] {dagbag.py:538} INFO - Filling up the DagBag from /home/airflow/.local/lib/python3.8/site-packages/airflow/example_dags/example_dag_decorator.py
[2026-08-13T12:54:43.201+0000] {processor.py:840} INFO - DAG(s) 'example_dag_decorator' retrieved from /home/airflow/.local/lib/python3.8/site-packages/airflow/example_dags/example_dag_decorator.py
[2026-08-13T12:54:43.399+0000] {logging_mixin.py:188} INFO - [2026-08-13T12:54:43.399+0000] {dag.py:3036} INFO - Sync 1 DAGs
[2026-08-13T12:54:43.415+0000] {logging_mixin.py:188} INFO - [2026-08-13T12:54:43.414+0000] {dag.py:3823} INFO - Setting next_dagrun for example_dag_decorator to None, run_after=None
[2026-08-13T12:54:43.445+0000] {processor.py:183} INFO - Processing /home/airflow/.local/lib/python3.8/site-packages/airflow/example_dags/example_dag_decorator.py took 0.455 seconds
[2026-08-13T12:55:13.778+0000] {processor.py:161} INFO - Started process (PID=1109) to work on /home/airflow/.local/lib/python3.8/site-packages/airflow/example_dags/example_dag_decorator.py
[2026-08-13T12:55:13.780+0000] {processor.py:830} INFO - Processing file /home/airflow/.local/lib/python3.8/site-packages/airflow/example_dags/example_dag_decorator.py for tasks to queue
[2026-08-13T12:55:13.783+0000] {logging_mixin.py:188} INFO - [2026-08-13T12:55:13.782+0000] {dagbag.py:538} INFO - Filling up the DagBag from /home/airflow/.local/lib/python3.8/site-packages/airflow/example_dags/example_dag_decorator.py
[2026-08-13T12:55:13.970+0000] {processor.py:840} INFO - DAG(s) 'example_dag_decorator' retrieved from /home/airflow/.local/lib/python3.8/site-packages/airflow/example_dags/example_dag_decorator.py
[2026-08-13T12:55:14.171+0000] {logging_mixin.py:188} INFO - [2026-08-13T12:55:14.170+0000] {dag.py:3036} INFO - Sync 1 DAGs
[2026-08-13T12:55:14.197+0000] {logging_mixin.py:188} INFO - [2026-08-13T12:55:14.196+0000] {dag.py:3823} INFO - Setting next_dagrun for example_dag_decorator to None, run_after=None
[2026-08-13T12:55:14.244+0000] {processor.py:183} INFO - Processing /home/airflow/.local/lib/python3.8/site-packages/airflow/example_dags/example_dag_decorator.py took 0.471 seconds
[2026-08-13T12:55:44.443+0000] {processor.py:161} INFO - Started process (PID=1165) to work on /home/airflow/.local/lib/python3.8/site-packages/airflow/example_dags/example_dag_decorator.py
[2026-08-13T12:55:44.445+0000] {processor.py:830} INFO - Processing file /home/airflow/.local/lib/python3.8/site-packages/airflow/example_dags/example_dag_decorator.py for tasks to queue
[2026-08-13T12:55:44.448+0000] {logging_mixin.py:188} INFO - [2026-08-13T12:55:44.448+0000] {dagbag.py:538} INFO - Filling up the DagBag from /home/airflow/.local/lib/python3.8/site-packages/airflow/example_dags/example_dag_decorator.py
[2026-08-13T12:55:44.604+0000] {processor.py:840} INFO - DAG(s) 'example_dag_decorator' retrieved from /home/airflow/.local/lib/python3.8/site-packages/airflow/example_dags/example_dag_decorator.py
[2026-08-13T12:55:44.746+0000] {logging_mixin.py:188} INFO - [2026-08-13T12:55:44.745+0000] {dag.py:3036} INFO - Sync 1 DAGs
[2026-08-13T12:55:44.762+0000] {logging_mixin.py:188} INFO - [2026-08-13T12:55:44.761+0000] {dag.py:3823} INFO - Setting next_dagrun for example_dag_decorator to None, run_after=None
[2026-08-13T12:55:45.096+0000] {processor.py:183} INFO - Processing /home/airflow/.local/lib/python3.8/site-packages/airflow/example_dags/example_dag_decorator.py took 0.658 seconds
[2026-08-13T12:56:16.160+0000] {processor.py:161} INFO - Started process (PID=1221) to work on /home/airflow/.local/lib/python3.8/site-packages/airflow/example_dags/example_dag_decorator.py
[2026-08-13T12:56:16.162+0000] {processor.py:830} INFO - Processing file /home/airflow/.local/lib/python3.8/site-packages/airflow/example_dags/example_dag_decorator.py for tasks to queue
[2026-08-13T12:56:16.165+0000] {logging_mixin.py:188} INFO - [2026-08-13T12:56:16.164+0000] {dagbag.py:538} INFO - Filling up the DagBag from /home/airflow/.local/lib/python3.8/site-packages/airflow/example_dags/example_dag_decorator.py
[2026-08-13T12:56:16.373+0000] {processor.py:840} INFO - DAG(s) 'example_dag_decorator' retrieved from /home/airflow/.local/lib/python3.8/site-packages/airflow/example_dags/example_dag_decorator.py
[2026-08-13T12:56:16.552+0000] {logging_mixin.py:188} INFO - [2026-08-13T12:56:16.552+0000] {dag.py:3036} INFO - Sync 1 DAGs
[2026-08-13T12:56:16.590+0000] {logging_mixin.py:188} INFO - [2026-08-13T12:56:16.589+0000] {dag.py:3823} INFO - Setting next_dagrun for example_dag_decorator to None, run_after=None
[2026-08-13T12:56:16.634+0000] {processor.py:183} INFO - Processing /home/airflow/.local/lib/python3.8/site-packages/airflow/example_dags/example_dag_decorator.py took 0.480 seconds
[2026-08-13T12:56:46.819+0000] {processor.py:161} INFO - Started process (PID=1277) to work on /home/airflow/.local/lib/python3.8/site-packages/airflow/example_dags/example_dag_decorator.py
[2026-08-13T12:56:46.822+0000] {processor.py:830} INFO - Processing file /home/airflow/.local/lib/python3.8/site-packages/airflow/example_dags/example_dag_decorator.py for tasks to queue
[2026-08-13T12:56:46.824+0000] {logging_mixin.py:188} INFO - [2026-08-13T12:56:46.824+0000] {dagbag.py:538} INFO - Filling up the DagBag from /home/airflow/.local/lib/python3.8/site-packages/airflow/example_dags/example_dag_decorator.py
[2026-08-13T12:56:46.947+0000] {processor.py:840} INFO - DAG(s) 'example_dag_decorator' retrieved from /home/airflow/.local/lib/python3.8/site-packages/airflow/example_dags/example_dag_decorator.py
[2026-08-13T12:56:47.083+0000] {logging_mixin.py:188} INFO - [2026-08-13T12:56:47.082+0000] {dag.py:3036} INFO - Sync 1 DAGs
[2026-08-13T12:56:47.102+0000] {logging_mixin.py:188} INFO - [2026-08-13T12:56:47.102+0000] {dag.py:3823} INFO - Setting next_dagrun for example_dag_decorator to None, run_after=None
[2026-08-13T12:56:47.138+0000] {processor.py:183} INFO - Processing /home/airflow/.local/lib/python3.8/site-packages/airflow/example_dags/example_dag_decorator.py took 0.325 seconds
[2026-08-13T12:57:17.441+0000] {processor.py:161} INFO - Started process (PID=1332) to work on /home/airflow/.local/lib/python3.8/site-packages/airflow/example_dags/example_dag_decorator.py
[2026-08-13T12:57:17.445+0000] {processor.py:830} INFO - Processing file /home/airflow/.local/lib/python3.8/site-packages/airflow/example_dags/example_dag_decorator.py for tasks to queue
[2026-08-13T12:57:17.451+0000] {logging_mixin.py:188} INFO - [2026-08-13T12:57:17.450+0000] {dagbag.py:538} INFO - Filling up the DagBag from /home/airflow/.local/lib/python3.8/site-packages/airflow/example_dags/example_dag_decorator.py
[2026-08-13T12:57:17.707+0000] {processor.py:840} INFO - DAG(s) 'example_dag_decorator' retrieved from /home/airflow/.local/lib/python3.8/site-packages/airflow/example_dags/example_dag_decorator.py
[2026-08-13T12:57:17.872+0000] {logging_mixin.py:188} INFO - [2026-08-13T12:57:17.871+0000] {dag.py:3036} INFO - Sync 1 DAGs
[2026-08-13T12:57:17.891+0000] {logging_mixin.py:188} INFO - [2026-08-13T12:57:17.891+0000] {dag.py:3823} INFO - Setting next_dagrun for example_dag_decorator to None, run_after=None
[2026-08-13T12:57:17.937+0000] {processor.py:183} INFO - Processing /home/airflow/.local/lib/python3.8/site-packages/airflow/example_dags/example_dag_decorator.py took 0.504 seconds
