[2026-08-13T12:33:27.862+0000] {processor.py:161} INFO - Started process (PID=92) to work on /home/airflow/.local/lib/python3.8/site-packages/airflow/example_dags/example_complex.py
[2026-08-13T12:33:27.905+0000] {processor.py:830} INFO - Processing file /home/airflow/.local/lib/python3.8/site-packages/airflow/example_dags/example_complex.py for tasks to queue
[2026-08-13T12:33:27.953+0000] {logging_mixin.py:188} INFO - [2026-08-13T12:33:27.949+0000] {dagbag.py:538} INFO - Filling up the DagBag from /home/airflow/.local/lib/python3.8/site-packages/airflow/example_dags/example_complex.py
[2026-08-13T12:33:28.119+0000] {processor.py:840} INFO - DAG(s) 'example_complex' retrieved from /home/airflow/.local/lib/python3.8/site-packages/airflow/example_dags/example_complex.py
[2026-08-13T12:33:28.776+0000] {logging_mixin.py:188} INFO - [2026-08-13T12:33:28.771+0000] {dag.py:3036} INFO - Sync 1 DAGs
[2026-08-13T12:33:28.957+0000] {logging_mixin.py:188} INFO - [2026-08-13T12:33:28.956+0000] {dag.py:3823} INFO - Setting next_dagrun for example_complex to None, run_after=None
[2026-08-13T12:33:29.236+0000] {processor.py:183} INFO - Processing /home/airflow/.local/lib/python3.8/site-packages/airflow/example_dags/example_complex.py took 1.457 seconds
[2026-08-13T12:33:59.380+0000] {processor.py:161} INFO - Started process (PID=147) to work on /home/airflow/.local/lib/python3.8/site-packages/airflow/example_dags/example_complex.py
[2026-08-13T12:33:59.382+0000] {processor.py:830} INFO - Processing file /home/airflow/.local/lib/python3.8/site-packages/airflow/example_dags/example_complex.py for tasks to queue
[2026-08-13T12:33:59.386+0000] {logging_mixin.py:188} INFO - [2026-08-13T12:33:59.385+0000] {dagbag.py:538} INFO - Filling up the DagBag from /home/airflow/.local/lib/python3.8/site-packages/airflow/example_dags/example_complex.py
[2026-08-13T12:33:59.404+0000] {processor.py:840} INFO - DAG(s) 'example_complex' retrieved from /home/airflow/.local/lib/python3.8/site-packages/airflow/example_dags/example_complex.py
[2026-08-13T12:33:59.450+0000] {logging_mixin.py:188} INFO - [2026-08-13T12:33:59.449+0000] {dag.py:3036} INFO - Sync 1 DAGs
[2026-08-13T12:33:59.464+0000] {logging_mixin.py:188} INFO - [2026-08-13T12:33:59.464+0000] {dag.py:3823} INFO - Setting next_dagrun for example_complex to None, run_after=None
[2026-08-13T12:33:59.489+0000] {processor.py:183} INFO - Processing /home/airflow/.local/lib/python3.8/site-packages/airflow/example_dags/example_complex.py took 0.114 seconds
[2026-08-13T12:34:29.651+0000] {processor.py:161} INFO - Started process (PID=202) to work on /home/airflow/.local/lib/python3.8/site-packages/airflow/example_dags/example_complex.py
[2026-08-13T12:34:29.655+0000] {processor.py:830} INFO - Processing file /home/airflow/.local/lib/python3.8/site-packages/airflow/example_dags/example_complex.py for tasks to queue
[2026-08-13T12:34:29.659+0000] {logging_mixin.py:188} INFO - [2026-08-13T12:34:29.658+0000] {dagbag.py:538} INFO - Filling up the DagBag from /home/airflow/.local/lib/python3.8/site-packages/airflow/example_dags/example_complex.py
[2026-08-13T12:34:29.674+0000] {processor.py:840} INFO - DAG(s) 'example_complex' retrieved from /home/airflow/.local/lib/python3.8/site-packages/airflow/example_dags/example_complex.py
[2026-08-13T12:34:29.726+0000] {logging_mixin.py:188} INFO - [2026-08-13T12:34:29.726+0000] {dag.py:3036} INFO - Sync 1 DAGs
[2026-08-13T12:34:29.744+0000] {logging_mixin.py:188} INFO - [2026-08-13T12:34:29.743+0000] {dag.py:3823} INFO - Setting next_dagrun for example_complex to None, run_after=None
[2026-08-13T12:34:29.770+0000] {processor.py:183} INFO - Processing /home/airflow/.local/lib/python3.8/site-packages/airflow/example_dags/example_complex.py took 0.125 seconds
[2026-08-13T12:34:59.910+0000] {processor.py:161} INFO - Started process (PID=257) to work on /home/airflow/.local/lib/python3.8/site-packages/airflow/example_dags/example_complex.py
[2026-08-13T12:34:59.912+0000] {processor.py:830} INFO - Processing file /home/airflow/.local/lib/python3.8/site-packages/airflow/example_dags/example_complex.py for tasks to queue
[2026-08-13T12:34:59.915+0000] {logging_mixin.py:188} INFO - [2026-08-13T12:34:59.914+0000] {dagbag.py:538} INFO - Filling up the DagBag from /home/airflow/.local/lib/python3.8/site-packages/airflow/example_dags/example_complex.py
[2026-08-13T12:34:59.927+0000] {processor.py:840} INFO - DAG(s) 'example_complex' retrieved from /home/airflow/.local/lib/python3.8/site-packages/airflow/example_dags/example_complex.py
[2026-08-13T12:34:59.962+0000] {logging_mixin.py:188} INFO - [2026-08-13T12:34:59.961+0000] {dag.py:3036} INFO - Sync 1 DAGs
[2026-08-13T12:34:59.975+0000] {logging_mixin.py:188} INFO - [2026-08-13T12:34:59.975+0000] {dag.py:3823} INFO - Setting next_dagrun for example_complex to None, run_after=None
[2026-08-13T12:35:00.014+0000] {processor.py:183} INFO - Processing /home/airflow/.local/lib/python3.8/site-packages/airflow/example_dags/example_complex.py took 0.108 seconds
[2026-08-13T12:35:30.443+0000] {processor.py:161} INFO - Started process (PID=312) to work on /home/airflow/.local/lib/python3.8/site-packages/airflow/example_dags/example_complex.py
[2026-08-13T12:35:30.445+0000] {processor.py:830} INFO - Processing file /home/airflow/.local/lib/python3.8/site-packages/airflow/example_dags/example_complex.py for tasks to queue
[2026-08-13T12:35:30.447+0000] {logging_mixin.py:188} INFO - [2026-08-13T12:35:30.447+0000] {dagbag.py:538} INFO - Filling up the DagBag from /home/airflow/.local/lib/python3.8/site-packages/airflow/example_dags/example_complex.py
[2026-08-13T12:35:30.459+0000] {processor.py:840} INFO - DAG(s) 'example_complex' retrieved from /home/airflow/.local/lib/python3.8/site-packages/airflow/example_dags/example_complex.py
[2026-08-13T12:35:30.492+0000] {logging_mixin.py:188} INFO - [2026-08-13T12:35:30.491+0000] {dag.py:3036} INFO - Sync 1 DAGs
[2026-08-13T12:35:30.508+0000] {logging_mixin.py:188} INFO - [2026-08-13T12:35:30.507+0000] {dag.py:3823} INFO - Setting next_dagrun for example_complex to None, run_after=None
[2026-08-13T12:35:30.535+0000] {processor.py:183} INFO - Processing /home/airflow/.local/lib/python3.8/site-packages/airflow/example_dags/example_complex.py took 0.096 seconds
[2026-08-13T12:36:00.666+0000] {processor.py:161} INFO - Started process (PID=367) to work on /home/airflow/.local/lib/python3.8/site-packages/airflow/example_dags/example_complex.py
[2026-08-13T12:36:00.668+0000] {processor.py:830} INFO - Processing file /home/airflow/.local/lib/python3.8/site-packages/airflow/example_dags/example_complex.py for tasks to queue
[2026-08-13T12:36:00.671+0000] {logging_mixin.py:188} INFO - [2026-08-13T12:36:00.670+0000] {dagbag.py:538} INFO - Filling up the DagBag from /home/airflow/.local/lib/python3.8/site-packages/airflow/example_dags/example_complex.py
[2026-08-13T12:36:00.687+0000] {processor.py:840} INFO - DAG(s) 'example_complex' retrieved from /home/airflow/.local/lib/python3.8/site-packages/airflow/example_dags/example_complex.py
[2026-08-13T12:36:00.728+0000] {logging_mixin.py:188} INFO - [2026-08-13T12:36:00.728+0000] {dag.py:3036} INFO - Sync 1 DAGs
[2026-08-13T12:36:00.746+0000] {logging_mixin.py:188} INFO - [2026-08-13T12:36:00.746+0000] {dag.py:3823} INFO - Setting next_dagrun for example_complex to None, run_after=None
[2026-08-13T12:36:00.780+0000] {processor.py:183} INFO - Processing /home/airflow/.local/lib/python3.8/site-packages/airflow/example_dags/example_complex.py took 0.118 seconds
[2026-08-13T12:36:31.212+0000] {processor.py:161} INFO - Started process (PID=422) to work on /home/airflow/.local/lib/python3.8/site-packages/airflow/example_dags/example_complex.py
[2026-08-13T12:36:31.214+0000] {processor.py:830} INFO - Processing file /home/airflow/.local/lib/python3.8/site-packages/airflow/example_dags/example_complex.py for tasks to queue
[2026-08-13T12:36:31.224+0000] {logging_mixin.py:188} INFO - [2026-08-13T12:36:31.217+0000] {dagbag.py:538} INFO - Filling up the DagBag from /home/airflow/.local/lib/python3.8/site-packages/airflow/example_dags/example_complex.py
[2026-08-13T12:36:31.248+0000] {processor.py:840} INFO - DAG(s) 'example_complex' retrieved from /home/airflow/.local/lib/python3.8/site-packages/airflow/example_dags/example_complex.py
[2026-08-13T12:36:31.288+0000] {logging_mixin.py:188} INFO - [2026-08-13T12:36:31.288+0000] {dag.py:3036} INFO - Sync 1 DAGs
[2026-08-13T12:36:31.308+0000] {logging_mixin.py:188} INFO - [2026-08-13T12:36:31.308+0000] {dag.py:3823} INFO - Setting next_dagrun for example_complex to None, run_after=None
[2026-08-13T12:36:31.354+0000] {processor.py:183} INFO - Processing /home/airflow/.local/lib/python3.8/site-packages/airflow/example_dags/example_complex.py took 0.147 seconds
[2026-08-13T12:41:44.367+0000] {processor.py:161} INFO - Started process (PID=114) to work on /home/airflow/.local/lib/python3.8/site-packages/airflow/example_dags/example_complex.py
[2026-08-13T12:41:44.383+0000] {processor.py:830} INFO - Processing file /home/airflow/.local/lib/python3.8/site-packages/airflow/example_dags/example_complex.py for tasks to queue
[2026-08-13T12:41:44.394+0000] {logging_mixin.py:188} INFO - [2026-08-13T12:41:44.393+0000] {dagbag.py:538} INFO - Filling up the DagBag from /home/airflow/.local/lib/python3.8/site-packages/airflow/example_dags/example_complex.py
[2026-08-13T12:41:44.445+0000] {processor.py:840} INFO - DAG(s) 'example_complex' retrieved from /home/airflow/.local/lib/python3.8/site-packages/airflow/example_dags/example_complex.py
[2026-08-13T12:41:45.172+0000] {logging_mixin.py:188} INFO - [2026-08-13T12:41:45.169+0000] {dag.py:3036} INFO - Sync 1 DAGs
[2026-08-13T12:41:45.307+0000] {logging_mixin.py:188} INFO - [2026-08-13T12:41:45.306+0000] {dag.py:3823} INFO - Setting next_dagrun for example_complex to None, run_after=None
[2026-08-13T12:41:45.548+0000] {processor.py:183} INFO - Processing /home/airflow/.local/lib/python3.8/site-packages/airflow/example_dags/example_complex.py took 1.200 seconds
[2026-08-13T12:42:20.356+0000] {processor.py:161} INFO - Started process (PID=176) to work on /home/airflow/.local/lib/python3.8/site-packages/airflow/example_dags/example_complex.py
[2026-08-13T12:42:20.362+0000] {processor.py:830} INFO - Processing file /home/airflow/.local/lib/python3.8/site-packages/airflow/example_dags/example_complex.py for tasks to queue
[2026-08-13T12:42:20.375+0000] {logging_mixin.py:188} INFO - [2026-08-13T12:42:20.374+0000] {dagbag.py:538} INFO - Filling up the DagBag from /home/airflow/.local/lib/python3.8/site-packages/airflow/example_dags/example_complex.py
[2026-08-13T12:42:20.424+0000] {processor.py:840} INFO - DAG(s) 'example_complex' retrieved from /home/airflow/.local/lib/python3.8/site-packages/airflow/example_dags/example_complex.py
[2026-08-13T12:42:20.659+0000] {logging_mixin.py:188} INFO - [2026-08-13T12:42:20.658+0000] {dag.py:3036} INFO - Sync 1 DAGs
[2026-08-13T12:42:20.796+0000] {logging_mixin.py:188} INFO - [2026-08-13T12:42:20.795+0000] {dag.py:3823} INFO - Setting next_dagrun for example_complex to None, run_after=None
[2026-08-13T12:42:20.970+0000] {processor.py:183} INFO - Processing /home/airflow/.local/lib/python3.8/site-packages/airflow/example_dags/example_complex.py took 0.633 seconds
[2026-08-13T12:45:42.865+0000] {processor.py:161} INFO - Started process (PID=102) to work on /home/airflow/.local/lib/python3.8/site-packages/airflow/example_dags/example_complex.py
[2026-08-13T12:45:42.870+0000] {processor.py:830} INFO - Processing file /home/airflow/.local/lib/python3.8/site-packages/airflow/example_dags/example_complex.py for tasks to queue
[2026-08-13T12:45:42.889+0000] {logging_mixin.py:188} INFO - [2026-08-13T12:45:42.889+0000] {dagbag.py:538} INFO - Filling up the DagBag from /home/airflow/.local/lib/python3.8/site-packages/airflow/example_dags/example_complex.py
[2026-08-13T12:45:42.938+0000] {processor.py:840} INFO - DAG(s) 'example_complex' retrieved from /home/airflow/.local/lib/python3.8/site-packages/airflow/example_dags/example_complex.py
[2026-08-13T12:45:43.499+0000] {logging_mixin.py:188} INFO - [2026-08-13T12:45:43.498+0000] {dag.py:3036} INFO - Sync 1 DAGs
[2026-08-13T12:45:43.573+0000] {logging_mixin.py:188} INFO - [2026-08-13T12:45:43.571+0000] {dag.py:3823} INFO - Setting next_dagrun for example_complex to None, run_after=None
[2026-08-13T12:45:43.642+0000] {processor.py:183} INFO - Processing /home/airflow/.local/lib/python3.8/site-packages/airflow/example_dags/example_complex.py took 0.795 seconds
[2026-08-13T12:46:15.883+0000] {processor.py:161} INFO - Started process (PID=157) to work on /home/airflow/.local/lib/python3.8/site-packages/airflow/example_dags/example_complex.py
[2026-08-13T12:46:15.886+0000] {processor.py:830} INFO - Processing file /home/airflow/.local/lib/python3.8/site-packages/airflow/example_dags/example_complex.py for tasks to queue
[2026-08-13T12:46:15.892+0000] {logging_mixin.py:188} INFO - [2026-08-13T12:46:15.891+0000] {dagbag.py:538} INFO - Filling up the DagBag from /home/airflow/.local/lib/python3.8/site-packages/airflow/example_dags/example_complex.py
[2026-08-13T12:46:15.918+0000] {processor.py:840} INFO - DAG(s) 'example_complex' retrieved from /home/airflow/.local/lib/python3.8/site-packages/airflow/example_dags/example_complex.py
[2026-08-13T12:46:15.991+0000] {logging_mixin.py:188} INFO - [2026-08-13T12:46:15.990+0000] {dag.py:3036} INFO - Sync 1 DAGs
[2026-08-13T12:46:16.025+0000] {logging_mixin.py:188} INFO - [2026-08-13T12:46:16.025+0000] {dag.py:3823} INFO - Setting next_dagrun for example_complex to None, run_after=None
[2026-08-13T12:46:16.073+0000] {processor.py:183} INFO - Processing /home/airflow/.local/lib/python3.8/site-packages/airflow/example_dags/example_complex.py took 0.198 seconds
[2026-08-13T12:46:46.617+0000] {processor.py:161} INFO - Started process (PID=210) to work on /home/airflow/.local/lib/python3.8/site-packages/airflow/example_dags/example_complex.py
[2026-08-13T12:46:46.619+0000] {processor.py:830} INFO - Processing file /home/airflow/.local/lib/python3.8/site-packages/airflow/example_dags/example_complex.py for tasks to queue
[2026-08-13T12:46:46.625+0000] {logging_mixin.py:188} INFO - [2026-08-13T12:46:46.624+0000] {dagbag.py:538} INFO - Filling up the DagBag from /home/airflow/.local/lib/python3.8/site-packages/airflow/example_dags/example_complex.py
[2026-08-13T12:46:46.644+0000] {processor.py:840} INFO - DAG(s) 'example_complex' retrieved from /home/airflow/.local/lib/python3.8/site-packages/airflow/example_dags/example_complex.py
[2026-08-13T12:46:46.692+0000] {logging_mixin.py:188} INFO - [2026-08-13T12:46:46.692+0000] {dag.py:3036} INFO - Sync 1 DAGs
[2026-08-13T12:46:46.710+0000] {logging_mixin.py:188} INFO - [2026-08-13T12:46:46.710+0000] {dag.py:3823} INFO - Setting next_dagrun for example_complex to None, run_after=None
[2026-08-13T12:46:46.742+0000] {processor.py:183} INFO - Processing /home/airflow/.local/lib/python3.8/site-packages/airflow/example_dags/example_complex.py took 0.131 seconds
[2026-08-13T12:47:17.194+0000] {processor.py:161} INFO - Started process (PID=265) to work on /home/airflow/.local/lib/python3.8/site-packages/airflow/example_dags/example_complex.py
[2026-08-13T12:47:17.198+0000] {processor.py:830} INFO - Processing file /home/airflow/.local/lib/python3.8/site-packages/airflow/example_dags/example_complex.py for tasks to queue
[2026-08-13T12:47:17.203+0000] {logging_mixin.py:188} INFO - [2026-08-13T12:47:17.203+0000] {dagbag.py:538} INFO - Filling up the DagBag from /home/airflow/.local/lib/python3.8/site-packages/airflow/example_dags/example_complex.py
[2026-08-13T12:47:17.226+0000] {processor.py:840} INFO - DAG(s) 'example_complex' retrieved from /home/airflow/.local/lib/python3.8/site-packages/airflow/example_dags/example_complex.py
[2026-08-13T12:47:17.317+0000] {logging_mixin.py:188} INFO - [2026-08-13T12:47:17.317+0000] {dag.py:3036} INFO - Sync 1 DAGs
[2026-08-13T12:47:17.377+0000] {logging_mixin.py:188} INFO - [2026-08-13T12:47:17.376+0000] {dag.py:3823} INFO - Setting next_dagrun for example_complex to None, run_after=None
[2026-08-13T12:47:17.443+0000] {processor.py:183} INFO - Processing /home/airflow/.local/lib/python3.8/site-packages/airflow/example_dags/example_complex.py took 0.257 seconds
[2026-08-13T12:47:47.889+0000] {processor.py:161} INFO - Started process (PID=320) to work on /home/airflow/.local/lib/python3.8/site-packages/airflow/example_dags/example_complex.py
[2026-08-13T12:47:47.892+0000] {processor.py:830} INFO - Processing file /home/airflow/.local/lib/python3.8/site-packages/airflow/example_dags/example_complex.py for tasks to queue
[2026-08-13T12:47:47.897+0000] {logging_mixin.py:188} INFO - [2026-08-13T12:47:47.896+0000] {dagbag.py:538} INFO - Filling up the DagBag from /home/airflow/.local/lib/python3.8/site-packages/airflow/example_dags/example_complex.py
[2026-08-13T12:47:47.924+0000] {processor.py:840} INFO - DAG(s) 'example_complex' retrieved from /home/airflow/.local/lib/python3.8/site-packages/airflow/example_dags/example_complex.py
[2026-08-13T12:47:48.105+0000] {logging_mixin.py:188} INFO - [2026-08-13T12:47:48.105+0000] {dag.py:3036} INFO - Sync 1 DAGs
[2026-08-13T12:47:48.189+0000] {logging_mixin.py:188} INFO - [2026-08-13T12:47:48.188+0000] {dag.py:3823} INFO - Setting next_dagrun for example_complex to None, run_after=None
[2026-08-13T12:47:48.269+0000] {processor.py:183} INFO - Processing /home/airflow/.local/lib/python3.8/site-packages/airflow/example_dags/example_complex.py took 0.387 seconds
[2026-08-13T12:48:18.390+0000] {processor.py:161} INFO - Started process (PID=375) to work on /home/airflow/.local/lib/python3.8/site-packages/airflow/example_dags/example_complex.py
[2026-08-13T12:48:18.393+0000] {processor.py:830} INFO - Processing file /home/airflow/.local/lib/python3.8/site-packages/airflow/example_dags/example_complex.py for tasks to queue
[2026-08-13T12:48:18.399+0000] {logging_mixin.py:188} INFO - [2026-08-13T12:48:18.397+0000] {dagbag.py:538} INFO - Filling up the DagBag from /home/airflow/.local/lib/python3.8/site-packages/airflow/example_dags/example_complex.py
[2026-08-13T12:48:18.423+0000] {processor.py:840} INFO - DAG(s) 'example_complex' retrieved from /home/airflow/.local/lib/python3.8/site-packages/airflow/example_dags/example_complex.py
[2026-08-13T12:48:18.475+0000] {logging_mixin.py:188} INFO - [2026-08-13T12:48:18.475+0000] {dag.py:3036} INFO - Sync 1 DAGs
[2026-08-13T12:48:18.495+0000] {logging_mixin.py:188} INFO - [2026-08-13T12:48:18.495+0000] {dag.py:3823} INFO - Setting next_dagrun for example_complex to None, run_after=None
[2026-08-13T12:48:18.535+0000] {processor.py:183} INFO - Processing /home/airflow/.local/lib/python3.8/site-packages/airflow/example_dags/example_complex.py took 0.151 seconds
[2026-08-13T12:48:49.367+0000] {processor.py:161} INFO - Started process (PID=431) to work on /home/airflow/.local/lib/python3.8/site-packages/airflow/example_dags/example_complex.py
[2026-08-13T12:48:49.369+0000] {processor.py:830} INFO - Processing file /home/airflow/.local/lib/python3.8/site-packages/airflow/example_dags/example_complex.py for tasks to queue
[2026-08-13T12:48:49.374+0000] {logging_mixin.py:188} INFO - [2026-08-13T12:48:49.373+0000] {dagbag.py:538} INFO - Filling up the DagBag from /home/airflow/.local/lib/python3.8/site-packages/airflow/example_dags/example_complex.py
[2026-08-13T12:48:49.399+0000] {processor.py:840} INFO - DAG(s) 'example_complex' retrieved from /home/airflow/.local/lib/python3.8/site-packages/airflow/example_dags/example_complex.py
[2026-08-13T12:48:49.447+0000] {logging_mixin.py:188} INFO - [2026-08-13T12:48:49.446+0000] {dag.py:3036} INFO - Sync 1 DAGs
[2026-08-13T12:48:49.467+0000] {logging_mixin.py:188} INFO - [2026-08-13T12:48:49.466+0000] {dag.py:3823} INFO - Setting next_dagrun for example_complex to None, run_after=None
[2026-08-13T12:48:49.493+0000] {processor.py:183} INFO - Processing /home/airflow/.local/lib/python3.8/site-packages/airflow/example_dags/example_complex.py took 0.132 seconds
[2026-08-13T12:49:20.637+0000] {processor.py:161} INFO - Started process (PID=486) to work on /home/airflow/.local/lib/python3.8/site-packages/airflow/example_dags/example_complex.py
[2026-08-13T12:49:20.640+0000] {processor.py:830} INFO - Processing file /home/airflow/.local/lib/python3.8/site-packages/airflow/example_dags/example_complex.py for tasks to queue
[2026-08-13T12:49:20.646+0000] {logging_mixin.py:188} INFO - [2026-08-13T12:49:20.645+0000] {dagbag.py:538} INFO - Filling up the DagBag from /home/airflow/.local/lib/python3.8/site-packages/airflow/example_dags/example_complex.py
[2026-08-13T12:49:20.687+0000] {processor.py:840} INFO - DAG(s) 'example_complex' retrieved from /home/airflow/.local/lib/python3.8/site-packages/airflow/example_dags/example_complex.py
[2026-08-13T12:49:20.753+0000] {logging_mixin.py:188} INFO - [2026-08-13T12:49:20.752+0000] {dag.py:3036} INFO - Sync 1 DAGs
[2026-08-13T12:49:20.780+0000] {logging_mixin.py:188} INFO - [2026-08-13T12:49:20.779+0000] {dag.py:3823} INFO - Setting next_dagrun for example_complex to None, run_after=None
[2026-08-13T12:49:20.827+0000] {processor.py:183} INFO - Processing /home/airflow/.local/lib/python3.8/site-packages/airflow/example_dags/example_complex.py took 0.197 seconds
[2026-08-13T12:49:51.833+0000] {processor.py:161} INFO - Started process (PID=541) to work on /home/airflow/.local/lib/python3.8/site-packages/airflow/example_dags/example_complex.py
[2026-08-13T12:49:51.847+0000] {processor.py:830} INFO - Processing file /home/airflow/.local/lib/python3.8/site-packages/airflow/example_dags/example_complex.py for tasks to queue
[2026-08-13T12:49:51.862+0000] {logging_mixin.py:188} INFO - [2026-08-13T12:49:51.860+0000] {dagbag.py:538} INFO - Filling up the DagBag from /home/airflow/.local/lib/python3.8/site-packages/airflow/example_dags/example_complex.py
[2026-08-13T12:49:51.944+0000] {processor.py:840} INFO - DAG(s) 'example_complex' retrieved from /home/airflow/.local/lib/python3.8/site-packages/airflow/example_dags/example_complex.py
[2026-08-13T12:49:52.149+0000] {logging_mixin.py:188} INFO - [2026-08-13T12:49:52.148+0000] {dag.py:3036} INFO - Sync 1 DAGs
[2026-08-13T12:49:52.314+0000] {logging_mixin.py:188} INFO - [2026-08-13T12:49:52.313+0000] {dag.py:3823} INFO - Setting next_dagrun for example_complex to None, run_after=None
[2026-08-13T12:49:52.472+0000] {processor.py:183} INFO - Processing /home/airflow/.local/lib/python3.8/site-packages/airflow/example_dags/example_complex.py took 0.663 seconds
[2026-08-13T12:50:23.222+0000] {processor.py:161} INFO - Started process (PID=596) to work on /home/airflow/.local/lib/python3.8/site-packages/airflow/example_dags/example_complex.py
[2026-08-13T12:50:23.224+0000] {processor.py:830} INFO - Processing file /home/airflow/.local/lib/python3.8/site-packages/airflow/example_dags/example_complex.py for tasks to queue
[2026-08-13T12:50:23.229+0000] {logging_mixin.py:188} INFO - [2026-08-13T12:50:23.228+0000] {dagbag.py:538} INFO - Filling up the DagBag from /home/airflow/.local/lib/python3.8/site-packages/airflow/example_dags/example_complex.py
[2026-08-13T12:50:23.249+0000] {processor.py:840} INFO - DAG(s) 'example_complex' retrieved from /home/airflow/.local/lib/python3.8/site-packages/airflow/example_dags/example_complex.py
[2026-08-13T12:50:23.332+0000] {logging_mixin.py:188} INFO - [2026-08-13T12:50:23.331+0000] {dag.py:3036} INFO - Sync 1 DAGs
[2026-08-13T12:50:23.363+0000] {logging_mixin.py:188} INFO - [2026-08-13T12:50:23.363+0000] {dag.py:3823} INFO - Setting next_dagrun for example_complex to None, run_after=None
[2026-08-13T12:50:23.409+0000] {processor.py:183} INFO - Processing /home/airflow/.local/lib/python3.8/site-packages/airflow/example_dags/example_complex.py took 0.193 seconds
[2026-08-13T12:50:53.489+0000] {processor.py:161} INFO - Started process (PID=651) to work on /home/airflow/.local/lib/python3.8/site-packages/airflow/example_dags/example_complex.py
[2026-08-13T12:50:53.491+0000] {processor.py:830} INFO - Processing file /home/airflow/.local/lib/python3.8/site-packages/airflow/example_dags/example_complex.py for tasks to queue
[2026-08-13T12:50:53.494+0000] {logging_mixin.py:188} INFO - [2026-08-13T12:50:53.494+0000] {dagbag.py:538} INFO - Filling up the DagBag from /home/airflow/.local/lib/python3.8/site-packages/airflow/example_dags/example_complex.py
[2026-08-13T12:50:53.510+0000] {processor.py:840} INFO - DAG(s) 'example_complex' retrieved from /home/airflow/.local/lib/python3.8/site-packages/airflow/example_dags/example_complex.py
[2026-08-13T12:50:53.552+0000] {logging_mixin.py:188} INFO - [2026-08-13T12:50:53.552+0000] {dag.py:3036} INFO - Sync 1 DAGs
[2026-08-13T12:50:53.568+0000] {logging_mixin.py:188} INFO - [2026-08-13T12:50:53.567+0000] {dag.py:3823} INFO - Setting next_dagrun for example_complex to None, run_after=None
[2026-08-13T12:50:53.595+0000] {processor.py:183} INFO - Processing /home/airflow/.local/lib/python3.8/site-packages/airflow/example_dags/example_complex.py took 0.111 seconds
[2026-08-13T12:51:24.243+0000] {processor.py:161} INFO - Started process (PID=706) to work on /home/airflow/.local/lib/python3.8/site-packages/airflow/example_dags/example_complex.py
[2026-08-13T12:51:24.246+0000] {processor.py:830} INFO - Processing file /home/airflow/.local/lib/python3.8/site-packages/airflow/example_dags/example_complex.py for tasks to queue
[2026-08-13T12:51:24.249+0000] {logging_mixin.py:188} INFO - [2026-08-13T12:51:24.249+0000] {dagbag.py:538} INFO - Filling up the DagBag from /home/airflow/.local/lib/python3.8/site-packages/airflow/example_dags/example_complex.py
[2026-08-13T12:51:24.277+0000] {processor.py:840} INFO - DAG(s) 'example_complex' retrieved from /home/airflow/.local/lib/python3.8/site-packages/airflow/example_dags/example_complex.py
[2026-08-13T12:51:24.349+0000] {logging_mixin.py:188} INFO - [2026-08-13T12:51:24.348+0000] {dag.py:3036} INFO - Sync 1 DAGs
[2026-08-13T12:51:24.379+0000] {logging_mixin.py:188} INFO - [2026-08-13T12:51:24.378+0000] {dag.py:3823} INFO - Setting next_dagrun for example_complex to None, run_after=None
[2026-08-13T12:51:24.422+0000] {processor.py:183} INFO - Processing /home/airflow/.local/lib/python3.8/site-packages/airflow/example_dags/example_complex.py took 0.186 seconds
[2026-08-13T12:51:54.747+0000] {processor.py:161} INFO - Started process (PID=760) to work on /home/airflow/.local/lib/python3.8/site-packages/airflow/example_dags/example_complex.py
[2026-08-13T12:51:54.751+0000] {processor.py:830} INFO - Processing file /home/airflow/.local/lib/python3.8/site-packages/airflow/example_dags/example_complex.py for tasks to queue
[2026-08-13T12:51:54.758+0000] {logging_mixin.py:188} INFO - [2026-08-13T12:51:54.756+0000] {dagbag.py:538} INFO - Filling up the DagBag from /home/airflow/.local/lib/python3.8/site-packages/airflow/example_dags/example_complex.py
[2026-08-13T12:51:54.823+0000] {processor.py:840} INFO - DAG(s) 'example_complex' retrieved from /home/airflow/.local/lib/python3.8/site-packages/airflow/example_dags/example_complex.py
[2026-08-13T12:51:55.019+0000] {logging_mixin.py:188} INFO - [2026-08-13T12:51:55.015+0000] {dag.py:3036} INFO - Sync 1 DAGs
[2026-08-13T12:51:55.088+0000] {logging_mixin.py:188} INFO - [2026-08-13T12:51:55.086+0000] {dag.py:3823} INFO - Setting next_dagrun for example_complex to None, run_after=None
[2026-08-13T12:51:55.178+0000] {processor.py:183} INFO - Processing /home/airflow/.local/lib/python3.8/site-packages/airflow/example_dags/example_complex.py took 0.450 seconds
[2026-08-13T12:52:26.231+0000] {processor.py:161} INFO - Started process (PID=814) to work on /home/airflow/.local/lib/python3.8/site-packages/airflow/example_dags/example_complex.py
[2026-08-13T12:52:26.236+0000] {processor.py:830} INFO - Processing file /home/airflow/.local/lib/python3.8/site-packages/airflow/example_dags/example_complex.py for tasks to queue
[2026-08-13T12:52:26.242+0000] {logging_mixin.py:188} INFO - [2026-08-13T12:52:26.241+0000] {dagbag.py:538} INFO - Filling up the DagBag from /home/airflow/.local/lib/python3.8/site-packages/airflow/example_dags/example_complex.py
[2026-08-13T12:52:26.294+0000] {processor.py:840} INFO - DAG(s) 'example_complex' retrieved from /home/airflow/.local/lib/python3.8/site-packages/airflow/example_dags/example_complex.py
[2026-08-13T12:52:26.567+0000] {logging_mixin.py:188} INFO - [2026-08-13T12:52:26.566+0000] {dag.py:3036} INFO - Sync 1 DAGs
[2026-08-13T12:52:26.731+0000] {logging_mixin.py:188} INFO - [2026-08-13T12:52:26.730+0000] {dag.py:3823} INFO - Setting next_dagrun for example_complex to None, run_after=None
[2026-08-13T12:52:26.915+0000] {processor.py:183} INFO - Processing /home/airflow/.local/lib/python3.8/site-packages/airflow/example_dags/example_complex.py took 0.697 seconds
[2026-08-13T12:52:57.579+0000] {processor.py:161} INFO - Started process (PID=869) to work on /home/airflow/.local/lib/python3.8/site-packages/airflow/example_dags/example_complex.py
[2026-08-13T12:52:57.582+0000] {processor.py:830} INFO - Processing file /home/airflow/.local/lib/python3.8/site-packages/airflow/example_dags/example_complex.py for tasks to queue
[2026-08-13T12:52:57.591+0000] {logging_mixin.py:188} INFO - [2026-08-13T12:52:57.590+0000] {dagbag.py:538} INFO - Filling up the DagBag from /home/airflow/.local/lib/python3.8/site-packages/airflow/example_dags/example_complex.py
[2026-08-13T12:52:57.615+0000] {processor.py:840} INFO - DAG(s) 'example_complex' retrieved from /home/airflow/.local/lib/python3.8/site-packages/airflow/example_dags/example_complex.py
[2026-08-13T12:52:57.673+0000] {logging_mixin.py:188} INFO - [2026-08-13T12:52:57.672+0000] {dag.py:3036} INFO - Sync 1 DAGs
[2026-08-13T12:52:57.692+0000] {logging_mixin.py:188} INFO - [2026-08-13T12:52:57.692+0000] {dag.py:3823} INFO - Setting next_dagrun for example_complex to None, run_after=None
[2026-08-13T12:52:57.725+0000] {processor.py:183} INFO - Processing /home/airflow/.local/lib/python3.8/site-packages/airflow/example_dags/example_complex.py took 0.151 seconds
[2026-08-13T12:53:28.375+0000] {processor.py:161} INFO - Started process (PID=924) to work on /home/airflow/.local/lib/python3.8/site-packages/airflow/example_dags/example_complex.py
[2026-08-13T12:53:28.377+0000] {processor.py:830} INFO - Processing file /home/airflow/.local/lib/python3.8/site-packages/airflow/example_dags/example_complex.py for tasks to queue
[2026-08-13T12:53:28.383+0000] {logging_mixin.py:188} INFO - [2026-08-13T12:53:28.382+0000] {dagbag.py:538} INFO - Filling up the DagBag from /home/airflow/.local/lib/python3.8/site-packages/airflow/example_dags/example_complex.py
[2026-08-13T12:53:28.403+0000] {processor.py:840} INFO - DAG(s) 'example_complex' retrieved from /home/airflow/.local/lib/python3.8/site-packages/airflow/example_dags/example_complex.py
[2026-08-13T12:53:28.459+0000] {logging_mixin.py:188} INFO - [2026-08-13T12:53:28.459+0000] {dag.py:3036} INFO - Sync 1 DAGs
[2026-08-13T12:53:28.483+0000] {logging_mixin.py:188} INFO - [2026-08-13T12:53:28.483+0000] {dag.py:3823} INFO - Setting next_dagrun for example_complex to None, run_after=None
[2026-08-13T12:53:28.522+0000] {processor.py:183} INFO - Processing /home/airflow/.local/lib/python3.8/site-packages/airflow/example_dags/example_complex.py took 0.153 seconds
[2026-08-13T12:53:59.197+0000] {processor.py:161} INFO - Started process (PID=979) to work on /home/airflow/.local/lib/python3.8/site-packages/airflow/example_dags/example_complex.py
[2026-08-13T12:53:59.199+0000] {processor.py:830} INFO - Processing file /home/airflow/.local/lib/python3.8/site-packages/airflow/example_dags/example_complex.py for tasks to queue
[2026-08-13T12:53:59.203+0000] {logging_mixin.py:188} INFO - [2026-08-13T12:53:59.202+0000] {dagbag.py:538} INFO - Filling up the DagBag from /home/airflow/.local/lib/python3.8/site-packages/airflow/example_dags/example_complex.py
[2026-08-13T12:53:59.222+0000] {processor.py:840} INFO - DAG(s) 'example_complex' retrieved from /home/airflow/.local/lib/python3.8/site-packages/airflow/example_dags/example_complex.py
[2026-08-13T12:53:59.300+0000] {logging_mixin.py:188} INFO - [2026-08-13T12:53:59.299+0000] {dag.py:3036} INFO - Sync 1 DAGs
[2026-08-13T12:53:59.327+0000] {logging_mixin.py:188} INFO - [2026-08-13T12:53:59.326+0000] {dag.py:3823} INFO - Setting next_dagrun for example_complex to None, run_after=None
[2026-08-13T12:53:59.360+0000] {processor.py:183} INFO - Processing /home/airflow/.local/lib/python3.8/site-packages/airflow/example_dags/example_complex.py took 0.170 seconds
[2026-08-13T12:54:30.124+0000] {processor.py:161} INFO - Started process (PID=1034) to work on /home/airflow/.local/lib/python3.8/site-packages/airflow/example_dags/example_complex.py
[2026-08-13T12:54:30.132+0000] {processor.py:830} INFO - Processing file /home/airflow/.local/lib/python3.8/site-packages/airflow/example_dags/example_complex.py for tasks to queue
[2026-08-13T12:54:30.140+0000] {logging_mixin.py:188} INFO - [2026-08-13T12:54:30.139+0000] {dagbag.py:538} INFO - Filling up the DagBag from /home/airflow/.local/lib/python3.8/site-packages/airflow/example_dags/example_complex.py
[2026-08-13T12:54:30.169+0000] {processor.py:840} INFO - DAG(s) 'example_complex' retrieved from /home/airflow/.local/lib/python3.8/site-packages/airflow/example_dags/example_complex.py
[2026-08-13T12:54:30.252+0000] {logging_mixin.py:188} INFO - [2026-08-13T12:54:30.251+0000] {dag.py:3036} INFO - Sync 1 DAGs
[2026-08-13T12:54:30.306+0000] {logging_mixin.py:188} INFO - [2026-08-13T12:54:30.305+0000] {dag.py:3823} INFO - Setting next_dagrun for example_complex to None, run_after=None
[2026-08-13T12:54:30.373+0000] {processor.py:183} INFO - Processing /home/airflow/.local/lib/python3.8/site-packages/airflow/example_dags/example_complex.py took 0.254 seconds
[2026-08-13T12:55:00.483+0000] {processor.py:161} INFO - Started process (PID=1089) to work on /home/airflow/.local/lib/python3.8/site-packages/airflow/example_dags/example_complex.py
[2026-08-13T12:55:00.486+0000] {processor.py:830} INFO - Processing file /home/airflow/.local/lib/python3.8/site-packages/airflow/example_dags/example_complex.py for tasks to queue
[2026-08-13T12:55:00.490+0000] {logging_mixin.py:188} INFO - [2026-08-13T12:55:00.490+0000] {dagbag.py:538} INFO - Filling up the DagBag from /home/airflow/.local/lib/python3.8/site-packages/airflow/example_dags/example_complex.py
[2026-08-13T12:55:00.504+0000] {processor.py:840} INFO - DAG(s) 'example_complex' retrieved from /home/airflow/.local/lib/python3.8/site-packages/airflow/example_dags/example_complex.py
[2026-08-13T12:55:00.545+0000] {logging_mixin.py:188} INFO - [2026-08-13T12:55:00.544+0000] {dag.py:3036} INFO - Sync 1 DAGs
[2026-08-13T12:55:00.566+0000] {logging_mixin.py:188} INFO - [2026-08-13T12:55:00.565+0000] {dag.py:3823} INFO - Setting next_dagrun for example_complex to None, run_after=None
[2026-08-13T12:55:00.619+0000] {processor.py:183} INFO - Processing /home/airflow/.local/lib/python3.8/site-packages/airflow/example_dags/example_complex.py took 0.142 seconds
[2026-08-13T12:55:30.866+0000] {processor.py:161} INFO - Started process (PID=1144) to work on /home/airflow/.local/lib/python3.8/site-packages/airflow/example_dags/example_complex.py
[2026-08-13T12:55:30.869+0000] {processor.py:830} INFO - Processing file /home/airflow/.local/lib/python3.8/site-packages/airflow/example_dags/example_complex.py for tasks to queue
[2026-08-13T12:55:30.872+0000] {logging_mixin.py:188} INFO - [2026-08-13T12:55:30.871+0000] {dagbag.py:538} INFO - Filling up the DagBag from /home/airflow/.local/lib/python3.8/site-packages/airflow/example_dags/example_complex.py
[2026-08-13T12:55:30.887+0000] {processor.py:840} INFO - DAG(s) 'example_complex' retrieved from /home/airflow/.local/lib/python3.8/site-packages/airflow/example_dags/example_complex.py
[2026-08-13T12:55:30.934+0000] {logging_mixin.py:188} INFO - [2026-08-13T12:55:30.934+0000] {dag.py:3036} INFO - Sync 1 DAGs
[2026-08-13T12:55:30.963+0000] {logging_mixin.py:188} INFO - [2026-08-13T12:55:30.962+0000] {dag.py:3823} INFO - Setting next_dagrun for example_complex to None, run_after=None
[2026-08-13T12:55:31.003+0000] {processor.py:183} INFO - Processing /home/airflow/.local/lib/python3.8/site-packages/airflow/example_dags/example_complex.py took 0.144 seconds
[2026-08-13T12:56:01.603+0000] {processor.py:161} INFO - Started process (PID=1199) to work on /home/airflow/.local/lib/python3.8/site-packages/airflow/example_dags/example_complex.py
[2026-08-13T12:56:01.605+0000] {processor.py:830} INFO - Processing file /home/airflow/.local/lib/python3.8/site-packages/airflow/example_dags/example_complex.py for tasks to queue
[2026-08-13T12:56:01.609+0000] {logging_mixin.py:188} INFO - [2026-08-13T12:56:01.608+0000] {dagbag.py:538} INFO - Filling up the DagBag from /home/airflow/.local/lib/python3.8/site-packages/airflow/example_dags/example_complex.py
[2026-08-13T12:56:01.625+0000] {processor.py:840} INFO - DAG(s) 'example_complex' retrieved from /home/airflow/.local/lib/python3.8/site-packages/airflow/example_dags/example_complex.py
[2026-08-13T12:56:01.676+0000] {logging_mixin.py:188} INFO - [2026-08-13T12:56:01.676+0000] {dag.py:3036} INFO - Sync 1 DAGs
[2026-08-13T12:56:01.700+0000] {logging_mixin.py:188} INFO - [2026-08-13T12:56:01.700+0000] {dag.py:3823} INFO - Setting next_dagrun for example_complex to None, run_after=None
[2026-08-13T12:56:01.739+0000] {processor.py:183} INFO - Processing /home/airflow/.local/lib/python3.8/site-packages/airflow/example_dags/example_complex.py took 0.142 seconds
[2026-08-13T12:56:31.937+0000] {processor.py:161} INFO - Started process (PID=1254) to work on /home/airflow/.local/lib/python3.8/site-packages/airflow/example_dags/example_complex.py
[2026-08-13T12:56:31.940+0000] {processor.py:830} INFO - Processing file /home/airflow/.local/lib/python3.8/site-packages/airflow/example_dags/example_complex.py for tasks to queue
[2026-08-13T12:56:31.943+0000] {logging_mixin.py:188} INFO - [2026-08-13T12:56:31.943+0000] {dagbag.py:538} INFO - Filling up the DagBag from /home/airflow/.local/lib/python3.8/site-packages/airflow/example_dags/example_complex.py
[2026-08-13T12:56:31.966+0000] {processor.py:840} INFO - DAG(s) 'example_complex' retrieved from /home/airflow/.local/lib/python3.8/site-packages/airflow/example_dags/example_complex.py
[2026-08-13T12:56:32.013+0000] {logging_mixin.py:188} INFO - [2026-08-13T12:56:32.012+0000] {dag.py:3036} INFO - Sync 1 DAGs
[2026-08-13T12:56:32.034+0000] {logging_mixin.py:188} INFO - [2026-08-13T12:56:32.034+0000] {dag.py:3823} INFO - Setting next_dagrun for example_complex to None, run_after=None
[2026-08-13T12:56:32.065+0000] {processor.py:183} INFO - Processing /home/airflow/.local/lib/python3.8/site-packages/airflow/example_dags/example_complex.py took 0.134 seconds
[2026-08-13T12:57:03.045+0000] {processor.py:161} INFO - Started process (PID=1309) to work on /home/airflow/.local/lib/python3.8/site-packages/airflow/example_dags/example_complex.py
[2026-08-13T12:57:03.048+0000] {processor.py:830} INFO - Processing file /home/airflow/.local/lib/python3.8/site-packages/airflow/example_dags/example_complex.py for tasks to queue
[2026-08-13T12:57:03.051+0000] {logging_mixin.py:188} INFO - [2026-08-13T12:57:03.051+0000] {dagbag.py:538} INFO - Filling up the DagBag from /home/airflow/.local/lib/python3.8/site-packages/airflow/example_dags/example_complex.py
[2026-08-13T12:57:03.073+0000] {processor.py:840} INFO - DAG(s) 'example_complex' retrieved from /home/airflow/.local/lib/python3.8/site-packages/airflow/example_dags/example_complex.py
[2026-08-13T12:57:03.114+0000] {logging_mixin.py:188} INFO - [2026-08-13T12:57:03.113+0000] {dag.py:3036} INFO - Sync 1 DAGs
[2026-08-13T12:57:03.132+0000] {logging_mixin.py:188} INFO - [2026-08-13T12:57:03.131+0000] {dag.py:3823} INFO - Setting next_dagrun for example_complex to None, run_after=None
[2026-08-13T12:57:03.165+0000] {processor.py:183} INFO - Processing /home/airflow/.local/lib/python3.8/site-packages/airflow/example_dags/example_complex.py took 0.124 seconds
