[2026-08-13T12:33:26.222+0000] {processor.py:161} INFO - Started process (PID=89) to work on /home/airflow/.local/lib/python3.8/site-packages/airflow/example_dags/example_sensor_decorator.py
[2026-08-13T12:33:26.225+0000] {processor.py:830} INFO - Processing file /home/airflow/.local/lib/python3.8/site-packages/airflow/example_dags/example_sensor_decorator.py for tasks to queue
[2026-08-13T12:33:26.230+0000] {logging_mixin.py:188} INFO - [2026-08-13T12:33:26.230+0000] {dagbag.py:538} INFO - Filling up the DagBag from /home/airflow/.local/lib/python3.8/site-packages/airflow/example_dags/example_sensor_decorator.py
[2026-08-13T12:33:26.256+0000] {processor.py:840} INFO - DAG(s) 'example_sensor_decorator' retrieved from /home/airflow/.local/lib/python3.8/site-packages/airflow/example_dags/example_sensor_decorator.py
[2026-08-13T12:33:26.665+0000] {logging_mixin.py:188} INFO - [2026-08-13T12:33:26.664+0000] {dag.py:3036} INFO - Sync 1 DAGs
[2026-08-13T12:33:26.722+0000] {logging_mixin.py:188} INFO - [2026-08-13T12:33:26.721+0000] {dag.py:3823} INFO - Setting next_dagrun for example_sensor_decorator to None, run_after=None
[2026-08-13T12:33:26.812+0000] {processor.py:183} INFO - Processing /home/airflow/.local/lib/python3.8/site-packages/airflow/example_dags/example_sensor_decorator.py took 0.658 seconds
[2026-08-13T12:33:57.077+0000] {processor.py:161} INFO - Started process (PID=144) to work on /home/airflow/.local/lib/python3.8/site-packages/airflow/example_dags/example_sensor_decorator.py
[2026-08-13T12:33:57.080+0000] {processor.py:830} INFO - Processing file /home/airflow/.local/lib/python3.8/site-packages/airflow/example_dags/example_sensor_decorator.py for tasks to queue
[2026-08-13T12:33:57.083+0000] {logging_mixin.py:188} INFO - [2026-08-13T12:33:57.083+0000] {dagbag.py:538} INFO - Filling up the DagBag from /home/airflow/.local/lib/python3.8/site-packages/airflow/example_dags/example_sensor_decorator.py
[2026-08-13T12:33:57.096+0000] {processor.py:840} INFO - DAG(s) 'example_sensor_decorator' retrieved from /home/airflow/.local/lib/python3.8/site-packages/airflow/example_dags/example_sensor_decorator.py
[2026-08-13T12:33:57.126+0000] {logging_mixin.py:188} INFO - [2026-08-13T12:33:57.126+0000] {dag.py:3036} INFO - Sync 1 DAGs
[2026-08-13T12:33:57.145+0000] {logging_mixin.py:188} INFO - [2026-08-13T12:33:57.144+0000] {dag.py:3823} INFO - Setting next_dagrun for example_sensor_decorator to None, run_after=None
[2026-08-13T12:33:57.170+0000] {processor.py:183} INFO - Processing /home/airflow/.local/lib/python3.8/site-packages/airflow/example_dags/example_sensor_decorator.py took 0.099 seconds
[2026-08-13T12:34:27.394+0000] {processor.py:161} INFO - Started process (PID=199) to work on /home/airflow/.local/lib/python3.8/site-packages/airflow/example_dags/example_sensor_decorator.py
[2026-08-13T12:34:27.396+0000] {processor.py:830} INFO - Processing file /home/airflow/.local/lib/python3.8/site-packages/airflow/example_dags/example_sensor_decorator.py for tasks to queue
[2026-08-13T12:34:27.400+0000] {logging_mixin.py:188} INFO - [2026-08-13T12:34:27.400+0000] {dagbag.py:538} INFO - Filling up the DagBag from /home/airflow/.local/lib/python3.8/site-packages/airflow/example_dags/example_sensor_decorator.py
[2026-08-13T12:34:27.409+0000] {processor.py:840} INFO - DAG(s) 'example_sensor_decorator' retrieved from /home/airflow/.local/lib/python3.8/site-packages/airflow/example_dags/example_sensor_decorator.py
[2026-08-13T12:34:27.433+0000] {logging_mixin.py:188} INFO - [2026-08-13T12:34:27.433+0000] {dag.py:3036} INFO - Sync 1 DAGs
[2026-08-13T12:34:27.451+0000] {logging_mixin.py:188} INFO - [2026-08-13T12:34:27.451+0000] {dag.py:3823} INFO - Setting next_dagrun for example_sensor_decorator to None, run_after=None
[2026-08-13T12:34:27.479+0000] {processor.py:183} INFO - Processing /home/airflow/.local/lib/python3.8/site-packages/airflow/example_dags/example_sensor_decorator.py took 0.092 seconds
[2026-08-13T12:34:57.628+0000] {processor.py:161} INFO - Started process (PID=254) to work on /home/airflow/.local/lib/python3.8/site-packages/airflow/example_dags/example_sensor_decorator.py
[2026-08-13T12:34:57.630+0000] {processor.py:830} INFO - Processing file /home/airflow/.local/lib/python3.8/site-packages/airflow/example_dags/example_sensor_decorator.py for tasks to queue
[2026-08-13T12:34:57.634+0000] {logging_mixin.py:188} INFO - [2026-08-13T12:34:57.634+0000] {dagbag.py:538} INFO - Filling up the DagBag from /home/airflow/.local/lib/python3.8/site-packages/airflow/example_dags/example_sensor_decorator.py
[2026-08-13T12:34:57.644+0000] {processor.py:840} INFO - DAG(s) 'example_sensor_decorator' retrieved from /home/airflow/.local/lib/python3.8/site-packages/airflow/example_dags/example_sensor_decorator.py
[2026-08-13T12:34:57.674+0000] {logging_mixin.py:188} INFO - [2026-08-13T12:34:57.673+0000] {dag.py:3036} INFO - Sync 1 DAGs
[2026-08-13T12:34:57.692+0000] {logging_mixin.py:188} INFO - [2026-08-13T12:34:57.691+0000] {dag.py:3823} INFO - Setting next_dagrun for example_sensor_decorator to None, run_after=None
[2026-08-13T12:34:57.714+0000] {processor.py:183} INFO - Processing /home/airflow/.local/lib/python3.8/site-packages/airflow/example_dags/example_sensor_decorator.py took 0.091 seconds
[2026-08-13T12:35:28.138+0000] {processor.py:161} INFO - Started process (PID=309) to work on /home/airflow/.local/lib/python3.8/site-packages/airflow/example_dags/example_sensor_decorator.py
[2026-08-13T12:35:28.140+0000] {processor.py:830} INFO - Processing file /home/airflow/.local/lib/python3.8/site-packages/airflow/example_dags/example_sensor_decorator.py for tasks to queue
[2026-08-13T12:35:28.144+0000] {logging_mixin.py:188} INFO - [2026-08-13T12:35:28.144+0000] {dagbag.py:538} INFO - Filling up the DagBag from /home/airflow/.local/lib/python3.8/site-packages/airflow/example_dags/example_sensor_decorator.py
[2026-08-13T12:35:28.156+0000] {processor.py:840} INFO - DAG(s) 'example_sensor_decorator' retrieved from /home/airflow/.local/lib/python3.8/site-packages/airflow/example_dags/example_sensor_decorator.py
[2026-08-13T12:35:28.186+0000] {logging_mixin.py:188} INFO - [2026-08-13T12:35:28.185+0000] {dag.py:3036} INFO - Sync 1 DAGs
[2026-08-13T12:35:28.206+0000] {logging_mixin.py:188} INFO - [2026-08-13T12:35:28.205+0000] {dag.py:3823} INFO - Setting next_dagrun for example_sensor_decorator to None, run_after=None
[2026-08-13T12:35:28.228+0000] {processor.py:183} INFO - Processing /home/airflow/.local/lib/python3.8/site-packages/airflow/example_dags/example_sensor_decorator.py took 0.096 seconds
[2026-08-13T12:35:58.331+0000] {processor.py:161} INFO - Started process (PID=364) to work on /home/airflow/.local/lib/python3.8/site-packages/airflow/example_dags/example_sensor_decorator.py
[2026-08-13T12:35:58.333+0000] {processor.py:830} INFO - Processing file /home/airflow/.local/lib/python3.8/site-packages/airflow/example_dags/example_sensor_decorator.py for tasks to queue
[2026-08-13T12:35:58.336+0000] {logging_mixin.py:188} INFO - [2026-08-13T12:35:58.336+0000] {dagbag.py:538} INFO - Filling up the DagBag from /home/airflow/.local/lib/python3.8/site-packages/airflow/example_dags/example_sensor_decorator.py
[2026-08-13T12:35:58.344+0000] {processor.py:840} INFO - DAG(s) 'example_sensor_decorator' retrieved from /home/airflow/.local/lib/python3.8/site-packages/airflow/example_dags/example_sensor_decorator.py
[2026-08-13T12:35:58.370+0000] {logging_mixin.py:188} INFO - [2026-08-13T12:35:58.370+0000] {dag.py:3036} INFO - Sync 1 DAGs
[2026-08-13T12:35:58.386+0000] {logging_mixin.py:188} INFO - [2026-08-13T12:35:58.385+0000] {dag.py:3823} INFO - Setting next_dagrun for example_sensor_decorator to None, run_after=None
[2026-08-13T12:35:58.406+0000] {processor.py:183} INFO - Processing /home/airflow/.local/lib/python3.8/site-packages/airflow/example_dags/example_sensor_decorator.py took 0.080 seconds
[2026-08-13T12:36:28.827+0000] {processor.py:161} INFO - Started process (PID=419) to work on /home/airflow/.local/lib/python3.8/site-packages/airflow/example_dags/example_sensor_decorator.py
[2026-08-13T12:36:28.829+0000] {processor.py:830} INFO - Processing file /home/airflow/.local/lib/python3.8/site-packages/airflow/example_dags/example_sensor_decorator.py for tasks to queue
[2026-08-13T12:36:28.834+0000] {logging_mixin.py:188} INFO - [2026-08-13T12:36:28.833+0000] {dagbag.py:538} INFO - Filling up the DagBag from /home/airflow/.local/lib/python3.8/site-packages/airflow/example_dags/example_sensor_decorator.py
[2026-08-13T12:36:28.844+0000] {processor.py:840} INFO - DAG(s) 'example_sensor_decorator' retrieved from /home/airflow/.local/lib/python3.8/site-packages/airflow/example_dags/example_sensor_decorator.py
[2026-08-13T12:36:28.877+0000] {logging_mixin.py:188} INFO - [2026-08-13T12:36:28.877+0000] {dag.py:3036} INFO - Sync 1 DAGs
[2026-08-13T12:36:28.898+0000] {logging_mixin.py:188} INFO - [2026-08-13T12:36:28.898+0000] {dag.py:3823} INFO - Setting next_dagrun for example_sensor_decorator to None, run_after=None
[2026-08-13T12:36:28.927+0000] {processor.py:183} INFO - Processing /home/airflow/.local/lib/python3.8/site-packages/airflow/example_dags/example_sensor_decorator.py took 0.105 seconds
[2026-08-13T12:41:39.730+0000] {processor.py:161} INFO - Started process (PID=111) to work on /home/airflow/.local/lib/python3.8/site-packages/airflow/example_dags/example_sensor_decorator.py
[2026-08-13T12:41:39.822+0000] {processor.py:830} INFO - Processing file /home/airflow/.local/lib/python3.8/site-packages/airflow/example_dags/example_sensor_decorator.py for tasks to queue
[2026-08-13T12:41:39.894+0000] {logging_mixin.py:188} INFO - [2026-08-13T12:41:39.892+0000] {dagbag.py:538} INFO - Filling up the DagBag from /home/airflow/.local/lib/python3.8/site-packages/airflow/example_dags/example_sensor_decorator.py
[2026-08-13T12:41:40.063+0000] {processor.py:840} INFO - DAG(s) 'example_sensor_decorator' retrieved from /home/airflow/.local/lib/python3.8/site-packages/airflow/example_dags/example_sensor_decorator.py
[2026-08-13T12:41:41.541+0000] {logging_mixin.py:188} INFO - [2026-08-13T12:41:41.539+0000] {dag.py:3036} INFO - Sync 1 DAGs
[2026-08-13T12:41:41.654+0000] {logging_mixin.py:188} INFO - [2026-08-13T12:41:41.653+0000] {dag.py:3823} INFO - Setting next_dagrun for example_sensor_decorator to None, run_after=None
[2026-08-13T12:41:41.853+0000] {processor.py:183} INFO - Processing /home/airflow/.local/lib/python3.8/site-packages/airflow/example_dags/example_sensor_decorator.py took 2.332 seconds
[2026-08-13T12:42:15.636+0000] {processor.py:161} INFO - Started process (PID=166) to work on /home/airflow/.local/lib/python3.8/site-packages/airflow/example_dags/example_sensor_decorator.py
[2026-08-13T12:42:15.648+0000] {processor.py:830} INFO - Processing file /home/airflow/.local/lib/python3.8/site-packages/airflow/example_dags/example_sensor_decorator.py for tasks to queue
[2026-08-13T12:42:15.658+0000] {logging_mixin.py:188} INFO - [2026-08-13T12:42:15.657+0000] {dagbag.py:538} INFO - Filling up the DagBag from /home/airflow/.local/lib/python3.8/site-packages/airflow/example_dags/example_sensor_decorator.py
[2026-08-13T12:42:15.736+0000] {processor.py:840} INFO - DAG(s) 'example_sensor_decorator' retrieved from /home/airflow/.local/lib/python3.8/site-packages/airflow/example_dags/example_sensor_decorator.py
[2026-08-13T12:42:16.100+0000] {logging_mixin.py:188} INFO - [2026-08-13T12:42:16.098+0000] {dag.py:3036} INFO - Sync 1 DAGs
[2026-08-13T12:42:16.501+0000] {logging_mixin.py:188} INFO - [2026-08-13T12:42:16.500+0000] {dag.py:3823} INFO - Setting next_dagrun for example_sensor_decorator to None, run_after=None
[2026-08-13T12:42:17.434+0000] {processor.py:183} INFO - Processing /home/airflow/.local/lib/python3.8/site-packages/airflow/example_dags/example_sensor_decorator.py took 1.835 seconds
[2026-08-13T12:45:41.089+0000] {processor.py:161} INFO - Started process (PID=99) to work on /home/airflow/.local/lib/python3.8/site-packages/airflow/example_dags/example_sensor_decorator.py
[2026-08-13T12:45:41.093+0000] {processor.py:830} INFO - Processing file /home/airflow/.local/lib/python3.8/site-packages/airflow/example_dags/example_sensor_decorator.py for tasks to queue
[2026-08-13T12:45:41.100+0000] {logging_mixin.py:188} INFO - [2026-08-13T12:45:41.099+0000] {dagbag.py:538} INFO - Filling up the DagBag from /home/airflow/.local/lib/python3.8/site-packages/airflow/example_dags/example_sensor_decorator.py
[2026-08-13T12:45:41.131+0000] {processor.py:840} INFO - DAG(s) 'example_sensor_decorator' retrieved from /home/airflow/.local/lib/python3.8/site-packages/airflow/example_dags/example_sensor_decorator.py
[2026-08-13T12:45:41.624+0000] {logging_mixin.py:188} INFO - [2026-08-13T12:45:41.623+0000] {dag.py:3036} INFO - Sync 1 DAGs
[2026-08-13T12:45:41.665+0000] {logging_mixin.py:188} INFO - [2026-08-13T12:45:41.662+0000] {dag.py:3823} INFO - Setting next_dagrun for example_sensor_decorator to None, run_after=None
[2026-08-13T12:45:41.795+0000] {processor.py:183} INFO - Processing /home/airflow/.local/lib/python3.8/site-packages/airflow/example_dags/example_sensor_decorator.py took 0.718 seconds
[2026-08-13T12:46:14.671+0000] {processor.py:161} INFO - Started process (PID=154) to work on /home/airflow/.local/lib/python3.8/site-packages/airflow/example_dags/example_sensor_decorator.py
[2026-08-13T12:46:14.676+0000] {processor.py:830} INFO - Processing file /home/airflow/.local/lib/python3.8/site-packages/airflow/example_dags/example_sensor_decorator.py for tasks to queue
[2026-08-13T12:46:14.684+0000] {logging_mixin.py:188} INFO - [2026-08-13T12:46:14.684+0000] {dagbag.py:538} INFO - Filling up the DagBag from /home/airflow/.local/lib/python3.8/site-packages/airflow/example_dags/example_sensor_decorator.py
[2026-08-13T12:46:14.720+0000] {processor.py:840} INFO - DAG(s) 'example_sensor_decorator' retrieved from /home/airflow/.local/lib/python3.8/site-packages/airflow/example_dags/example_sensor_decorator.py
[2026-08-13T12:46:14.843+0000] {logging_mixin.py:188} INFO - [2026-08-13T12:46:14.843+0000] {dag.py:3036} INFO - Sync 1 DAGs
[2026-08-13T12:46:14.952+0000] {logging_mixin.py:188} INFO - [2026-08-13T12:46:14.951+0000] {dag.py:3823} INFO - Setting next_dagrun for example_sensor_decorator to None, run_after=None
[2026-08-13T12:46:15.062+0000] {processor.py:183} INFO - Processing /home/airflow/.local/lib/python3.8/site-packages/airflow/example_dags/example_sensor_decorator.py took 0.406 seconds
[2026-08-13T12:46:45.291+0000] {processor.py:161} INFO - Started process (PID=207) to work on /home/airflow/.local/lib/python3.8/site-packages/airflow/example_dags/example_sensor_decorator.py
[2026-08-13T12:46:45.294+0000] {processor.py:830} INFO - Processing file /home/airflow/.local/lib/python3.8/site-packages/airflow/example_dags/example_sensor_decorator.py for tasks to queue
[2026-08-13T12:46:45.298+0000] {logging_mixin.py:188} INFO - [2026-08-13T12:46:45.297+0000] {dagbag.py:538} INFO - Filling up the DagBag from /home/airflow/.local/lib/python3.8/site-packages/airflow/example_dags/example_sensor_decorator.py
[2026-08-13T12:46:45.312+0000] {processor.py:840} INFO - DAG(s) 'example_sensor_decorator' retrieved from /home/airflow/.local/lib/python3.8/site-packages/airflow/example_dags/example_sensor_decorator.py
[2026-08-13T12:46:45.360+0000] {logging_mixin.py:188} INFO - [2026-08-13T12:46:45.359+0000] {dag.py:3036} INFO - Sync 1 DAGs
[2026-08-13T12:46:45.381+0000] {logging_mixin.py:188} INFO - [2026-08-13T12:46:45.381+0000] {dag.py:3823} INFO - Setting next_dagrun for example_sensor_decorator to None, run_after=None
[2026-08-13T12:46:45.414+0000] {processor.py:183} INFO - Processing /home/airflow/.local/lib/python3.8/site-packages/airflow/example_dags/example_sensor_decorator.py took 0.128 seconds
[2026-08-13T12:47:15.642+0000] {processor.py:161} INFO - Started process (PID=262) to work on /home/airflow/.local/lib/python3.8/site-packages/airflow/example_dags/example_sensor_decorator.py
[2026-08-13T12:47:15.645+0000] {processor.py:830} INFO - Processing file /home/airflow/.local/lib/python3.8/site-packages/airflow/example_dags/example_sensor_decorator.py for tasks to queue
[2026-08-13T12:47:15.652+0000] {logging_mixin.py:188} INFO - [2026-08-13T12:47:15.651+0000] {dagbag.py:538} INFO - Filling up the DagBag from /home/airflow/.local/lib/python3.8/site-packages/airflow/example_dags/example_sensor_decorator.py
[2026-08-13T12:47:15.667+0000] {processor.py:840} INFO - DAG(s) 'example_sensor_decorator' retrieved from /home/airflow/.local/lib/python3.8/site-packages/airflow/example_dags/example_sensor_decorator.py
[2026-08-13T12:47:15.722+0000] {logging_mixin.py:188} INFO - [2026-08-13T12:47:15.721+0000] {dag.py:3036} INFO - Sync 1 DAGs
[2026-08-13T12:47:15.754+0000] {logging_mixin.py:188} INFO - [2026-08-13T12:47:15.753+0000] {dag.py:3823} INFO - Setting next_dagrun for example_sensor_decorator to None, run_after=None
[2026-08-13T12:47:15.803+0000] {processor.py:183} INFO - Processing /home/airflow/.local/lib/python3.8/site-packages/airflow/example_dags/example_sensor_decorator.py took 0.171 seconds
[2026-08-13T12:47:46.628+0000] {processor.py:161} INFO - Started process (PID=317) to work on /home/airflow/.local/lib/python3.8/site-packages/airflow/example_dags/example_sensor_decorator.py
[2026-08-13T12:47:46.631+0000] {processor.py:830} INFO - Processing file /home/airflow/.local/lib/python3.8/site-packages/airflow/example_dags/example_sensor_decorator.py for tasks to queue
[2026-08-13T12:47:46.635+0000] {logging_mixin.py:188} INFO - [2026-08-13T12:47:46.635+0000] {dagbag.py:538} INFO - Filling up the DagBag from /home/airflow/.local/lib/python3.8/site-packages/airflow/example_dags/example_sensor_decorator.py
[2026-08-13T12:47:46.679+0000] {processor.py:840} INFO - DAG(s) 'example_sensor_decorator' retrieved from /home/airflow/.local/lib/python3.8/site-packages/airflow/example_dags/example_sensor_decorator.py
[2026-08-13T12:47:46.791+0000] {logging_mixin.py:188} INFO - [2026-08-13T12:47:46.790+0000] {dag.py:3036} INFO - Sync 1 DAGs
[2026-08-13T12:47:46.852+0000] {logging_mixin.py:188} INFO - [2026-08-13T12:47:46.851+0000] {dag.py:3823} INFO - Setting next_dagrun for example_sensor_decorator to None, run_after=None
[2026-08-13T12:47:46.945+0000] {processor.py:183} INFO - Processing /home/airflow/.local/lib/python3.8/site-packages/airflow/example_dags/example_sensor_decorator.py took 0.330 seconds
[2026-08-13T12:48:17.114+0000] {processor.py:161} INFO - Started process (PID=372) to work on /home/airflow/.local/lib/python3.8/site-packages/airflow/example_dags/example_sensor_decorator.py
[2026-08-13T12:48:17.117+0000] {processor.py:830} INFO - Processing file /home/airflow/.local/lib/python3.8/site-packages/airflow/example_dags/example_sensor_decorator.py for tasks to queue
[2026-08-13T12:48:17.120+0000] {logging_mixin.py:188} INFO - [2026-08-13T12:48:17.120+0000] {dagbag.py:538} INFO - Filling up the DagBag from /home/airflow/.local/lib/python3.8/site-packages/airflow/example_dags/example_sensor_decorator.py
[2026-08-13T12:48:17.132+0000] {processor.py:840} INFO - DAG(s) 'example_sensor_decorator' retrieved from /home/airflow/.local/lib/python3.8/site-packages/airflow/example_dags/example_sensor_decorator.py
[2026-08-13T12:48:17.163+0000] {logging_mixin.py:188} INFO - [2026-08-13T12:48:17.162+0000] {dag.py:3036} INFO - Sync 1 DAGs
[2026-08-13T12:48:17.182+0000] {logging_mixin.py:188} INFO - [2026-08-13T12:48:17.182+0000] {dag.py:3823} INFO - Setting next_dagrun for example_sensor_decorator to None, run_after=None
[2026-08-13T12:48:17.210+0000] {processor.py:183} INFO - Processing /home/airflow/.local/lib/python3.8/site-packages/airflow/example_dags/example_sensor_decorator.py took 0.104 seconds
[2026-08-13T12:48:48.138+0000] {processor.py:161} INFO - Started process (PID=428) to work on /home/airflow/.local/lib/python3.8/site-packages/airflow/example_dags/example_sensor_decorator.py
[2026-08-13T12:48:48.139+0000] {processor.py:830} INFO - Processing file /home/airflow/.local/lib/python3.8/site-packages/airflow/example_dags/example_sensor_decorator.py for tasks to queue
[2026-08-13T12:48:48.142+0000] {logging_mixin.py:188} INFO - [2026-08-13T12:48:48.142+0000] {dagbag.py:538} INFO - Filling up the DagBag from /home/airflow/.local/lib/python3.8/site-packages/airflow/example_dags/example_sensor_decorator.py
[2026-08-13T12:48:48.152+0000] {processor.py:840} INFO - DAG(s) 'example_sensor_decorator' retrieved from /home/airflow/.local/lib/python3.8/site-packages/airflow/example_dags/example_sensor_decorator.py
[2026-08-13T12:48:48.179+0000] {logging_mixin.py:188} INFO - [2026-08-13T12:48:48.179+0000] {dag.py:3036} INFO - Sync 1 DAGs
[2026-08-13T12:48:48.193+0000] {logging_mixin.py:188} INFO - [2026-08-13T12:48:48.193+0000] {dag.py:3823} INFO - Setting next_dagrun for example_sensor_decorator to None, run_after=None
[2026-08-13T12:48:48.226+0000] {processor.py:183} INFO - Processing /home/airflow/.local/lib/python3.8/site-packages/airflow/example_dags/example_sensor_decorator.py took 0.093 seconds
[2026-08-13T12:49:19.032+0000] {processor.py:161} INFO - Started process (PID=483) to work on /home/airflow/.local/lib/python3.8/site-packages/airflow/example_dags/example_sensor_decorator.py
[2026-08-13T12:49:19.035+0000] {processor.py:830} INFO - Processing file /home/airflow/.local/lib/python3.8/site-packages/airflow/example_dags/example_sensor_decorator.py for tasks to queue
[2026-08-13T12:49:19.047+0000] {logging_mixin.py:188} INFO - [2026-08-13T12:49:19.045+0000] {dagbag.py:538} INFO - Filling up the DagBag from /home/airflow/.local/lib/python3.8/site-packages/airflow/example_dags/example_sensor_decorator.py
[2026-08-13T12:49:19.069+0000] {processor.py:840} INFO - DAG(s) 'example_sensor_decorator' retrieved from /home/airflow/.local/lib/python3.8/site-packages/airflow/example_dags/example_sensor_decorator.py
[2026-08-13T12:49:19.126+0000] {logging_mixin.py:188} INFO - [2026-08-13T12:49:19.125+0000] {dag.py:3036} INFO - Sync 1 DAGs
[2026-08-13T12:49:19.153+0000] {logging_mixin.py:188} INFO - [2026-08-13T12:49:19.152+0000] {dag.py:3823} INFO - Setting next_dagrun for example_sensor_decorator to None, run_after=None
[2026-08-13T12:49:19.216+0000] {processor.py:183} INFO - Processing /home/airflow/.local/lib/python3.8/site-packages/airflow/example_dags/example_sensor_decorator.py took 0.198 seconds
[2026-08-13T12:49:50.441+0000] {processor.py:161} INFO - Started process (PID=538) to work on /home/airflow/.local/lib/python3.8/site-packages/airflow/example_dags/example_sensor_decorator.py
[2026-08-13T12:49:50.445+0000] {processor.py:830} INFO - Processing file /home/airflow/.local/lib/python3.8/site-packages/airflow/example_dags/example_sensor_decorator.py for tasks to queue
[2026-08-13T12:49:50.453+0000] {logging_mixin.py:188} INFO - [2026-08-13T12:49:50.452+0000] {dagbag.py:538} INFO - Filling up the DagBag from /home/airflow/.local/lib/python3.8/site-packages/airflow/example_dags/example_sensor_decorator.py
[2026-08-13T12:49:50.479+0000] {processor.py:840} INFO - DAG(s) 'example_sensor_decorator' retrieved from /home/airflow/.local/lib/python3.8/site-packages/airflow/example_dags/example_sensor_decorator.py
[2026-08-13T12:49:50.588+0000] {logging_mixin.py:188} INFO - [2026-08-13T12:49:50.587+0000] {dag.py:3036} INFO - Sync 1 DAGs
[2026-08-13T12:49:50.652+0000] {logging_mixin.py:188} INFO - [2026-08-13T12:49:50.651+0000] {dag.py:3823} INFO - Setting next_dagrun for example_sensor_decorator to None, run_after=None
[2026-08-13T12:49:50.772+0000] {processor.py:183} INFO - Processing /home/airflow/.local/lib/python3.8/site-packages/airflow/example_dags/example_sensor_decorator.py took 0.342 seconds
[2026-08-13T12:50:21.003+0000] {processor.py:161} INFO - Started process (PID=593) to work on /home/airflow/.local/lib/python3.8/site-packages/airflow/example_dags/example_sensor_decorator.py
[2026-08-13T12:50:21.005+0000] {processor.py:830} INFO - Processing file /home/airflow/.local/lib/python3.8/site-packages/airflow/example_dags/example_sensor_decorator.py for tasks to queue
[2026-08-13T12:50:21.007+0000] {logging_mixin.py:188} INFO - [2026-08-13T12:50:21.007+0000] {dagbag.py:538} INFO - Filling up the DagBag from /home/airflow/.local/lib/python3.8/site-packages/airflow/example_dags/example_sensor_decorator.py
[2026-08-13T12:50:21.017+0000] {processor.py:840} INFO - DAG(s) 'example_sensor_decorator' retrieved from /home/airflow/.local/lib/python3.8/site-packages/airflow/example_dags/example_sensor_decorator.py
[2026-08-13T12:50:21.049+0000] {logging_mixin.py:188} INFO - [2026-08-13T12:50:21.048+0000] {dag.py:3036} INFO - Sync 1 DAGs
[2026-08-13T12:50:21.067+0000] {logging_mixin.py:188} INFO - [2026-08-13T12:50:21.067+0000] {dag.py:3823} INFO - Setting next_dagrun for example_sensor_decorator to None, run_after=None
[2026-08-13T12:50:21.093+0000] {processor.py:183} INFO - Processing /home/airflow/.local/lib/python3.8/site-packages/airflow/example_dags/example_sensor_decorator.py took 0.095 seconds
[2026-08-13T12:50:51.152+0000] {processor.py:161} INFO - Started process (PID=648) to work on /home/airflow/.local/lib/python3.8/site-packages/airflow/example_dags/example_sensor_decorator.py
[2026-08-13T12:50:51.154+0000] {processor.py:830} INFO - Processing file /home/airflow/.local/lib/python3.8/site-packages/airflow/example_dags/example_sensor_decorator.py for tasks to queue
[2026-08-13T12:50:51.158+0000] {logging_mixin.py:188} INFO - [2026-08-13T12:50:51.157+0000] {dagbag.py:538} INFO - Filling up the DagBag from /home/airflow/.local/lib/python3.8/site-packages/airflow/example_dags/example_sensor_decorator.py
[2026-08-13T12:50:51.169+0000] {processor.py:840} INFO - DAG(s) 'example_sensor_decorator' retrieved from /home/airflow/.local/lib/python3.8/site-packages/airflow/example_dags/example_sensor_decorator.py
[2026-08-13T12:50:51.201+0000] {logging_mixin.py:188} INFO - [2026-08-13T12:50:51.201+0000] {dag.py:3036} INFO - Sync 1 DAGs
[2026-08-13T12:50:51.217+0000] {logging_mixin.py:188} INFO - [2026-08-13T12:50:51.217+0000] {dag.py:3823} INFO - Setting next_dagrun for example_sensor_decorator to None, run_after=None
[2026-08-13T12:50:51.241+0000] {processor.py:183} INFO - Processing /home/airflow/.local/lib/python3.8/site-packages/airflow/example_dags/example_sensor_decorator.py took 0.095 seconds
[2026-08-13T12:51:22.599+0000] {processor.py:161} INFO - Started process (PID=703) to work on /home/airflow/.local/lib/python3.8/site-packages/airflow/example_dags/example_sensor_decorator.py
[2026-08-13T12:51:22.603+0000] {processor.py:830} INFO - Processing file /home/airflow/.local/lib/python3.8/site-packages/airflow/example_dags/example_sensor_decorator.py for tasks to queue
[2026-08-13T12:51:22.609+0000] {logging_mixin.py:188} INFO - [2026-08-13T12:51:22.608+0000] {dagbag.py:538} INFO - Filling up the DagBag from /home/airflow/.local/lib/python3.8/site-packages/airflow/example_dags/example_sensor_decorator.py
[2026-08-13T12:51:22.629+0000] {processor.py:840} INFO - DAG(s) 'example_sensor_decorator' retrieved from /home/airflow/.local/lib/python3.8/site-packages/airflow/example_dags/example_sensor_decorator.py
[2026-08-13T12:51:22.671+0000] {logging_mixin.py:188} INFO - [2026-08-13T12:51:22.671+0000] {dag.py:3036} INFO - Sync 1 DAGs
[2026-08-13T12:51:22.695+0000] {logging_mixin.py:188} INFO - [2026-08-13T12:51:22.694+0000] {dag.py:3823} INFO - Setting next_dagrun for example_sensor_decorator to None, run_after=None
[2026-08-13T12:51:22.731+0000] {processor.py:183} INFO - Processing /home/airflow/.local/lib/python3.8/site-packages/airflow/example_dags/example_sensor_decorator.py took 0.140 seconds
[2026-08-13T12:51:53.596+0000] {processor.py:161} INFO - Started process (PID=756) to work on /home/airflow/.local/lib/python3.8/site-packages/airflow/example_dags/example_sensor_decorator.py
[2026-08-13T12:51:53.625+0000] {processor.py:830} INFO - Processing file /home/airflow/.local/lib/python3.8/site-packages/airflow/example_dags/example_sensor_decorator.py for tasks to queue
[2026-08-13T12:51:53.642+0000] {logging_mixin.py:188} INFO - [2026-08-13T12:51:53.640+0000] {dagbag.py:538} INFO - Filling up the DagBag from /home/airflow/.local/lib/python3.8/site-packages/airflow/example_dags/example_sensor_decorator.py
[2026-08-13T12:51:53.678+0000] {processor.py:840} INFO - DAG(s) 'example_sensor_decorator' retrieved from /home/airflow/.local/lib/python3.8/site-packages/airflow/example_dags/example_sensor_decorator.py
[2026-08-13T12:51:53.797+0000] {logging_mixin.py:188} INFO - [2026-08-13T12:51:53.793+0000] {dag.py:3036} INFO - Sync 1 DAGs
[2026-08-13T12:51:53.877+0000] {logging_mixin.py:188} INFO - [2026-08-13T12:51:53.876+0000] {dag.py:3823} INFO - Setting next_dagrun for example_sensor_decorator to None, run_after=None
[2026-08-13T12:51:53.992+0000] {processor.py:183} INFO - Processing /home/airflow/.local/lib/python3.8/site-packages/airflow/example_dags/example_sensor_decorator.py took 0.406 seconds
[2026-08-13T12:52:24.625+0000] {processor.py:161} INFO - Started process (PID=811) to work on /home/airflow/.local/lib/python3.8/site-packages/airflow/example_dags/example_sensor_decorator.py
[2026-08-13T12:52:24.627+0000] {processor.py:830} INFO - Processing file /home/airflow/.local/lib/python3.8/site-packages/airflow/example_dags/example_sensor_decorator.py for tasks to queue
[2026-08-13T12:52:24.634+0000] {logging_mixin.py:188} INFO - [2026-08-13T12:52:24.632+0000] {dagbag.py:538} INFO - Filling up the DagBag from /home/airflow/.local/lib/python3.8/site-packages/airflow/example_dags/example_sensor_decorator.py
[2026-08-13T12:52:24.651+0000] {processor.py:840} INFO - DAG(s) 'example_sensor_decorator' retrieved from /home/airflow/.local/lib/python3.8/site-packages/airflow/example_dags/example_sensor_decorator.py
[2026-08-13T12:52:24.739+0000] {logging_mixin.py:188} INFO - [2026-08-13T12:52:24.739+0000] {dag.py:3036} INFO - Sync 1 DAGs
[2026-08-13T12:52:24.769+0000] {logging_mixin.py:188} INFO - [2026-08-13T12:52:24.769+0000] {dag.py:3823} INFO - Setting next_dagrun for example_sensor_decorator to None, run_after=None
[2026-08-13T12:52:24.825+0000] {processor.py:183} INFO - Processing /home/airflow/.local/lib/python3.8/site-packages/airflow/example_dags/example_sensor_decorator.py took 0.208 seconds
[2026-08-13T12:52:55.212+0000] {processor.py:161} INFO - Started process (PID=866) to work on /home/airflow/.local/lib/python3.8/site-packages/airflow/example_dags/example_sensor_decorator.py
[2026-08-13T12:52:55.214+0000] {processor.py:830} INFO - Processing file /home/airflow/.local/lib/python3.8/site-packages/airflow/example_dags/example_sensor_decorator.py for tasks to queue
[2026-08-13T12:52:55.218+0000] {logging_mixin.py:188} INFO - [2026-08-13T12:52:55.217+0000] {dagbag.py:538} INFO - Filling up the DagBag from /home/airflow/.local/lib/python3.8/site-packages/airflow/example_dags/example_sensor_decorator.py
[2026-08-13T12:52:55.228+0000] {processor.py:840} INFO - DAG(s) 'example_sensor_decorator' retrieved from /home/airflow/.local/lib/python3.8/site-packages/airflow/example_dags/example_sensor_decorator.py
[2026-08-13T12:52:55.303+0000] {logging_mixin.py:188} INFO - [2026-08-13T12:52:55.302+0000] {dag.py:3036} INFO - Sync 1 DAGs
[2026-08-13T12:52:55.323+0000] {logging_mixin.py:188} INFO - [2026-08-13T12:52:55.323+0000] {dag.py:3823} INFO - Setting next_dagrun for example_sensor_decorator to None, run_after=None
[2026-08-13T12:52:55.389+0000] {processor.py:183} INFO - Processing /home/airflow/.local/lib/python3.8/site-packages/airflow/example_dags/example_sensor_decorator.py took 0.184 seconds
[2026-08-13T12:53:25.961+0000] {processor.py:161} INFO - Started process (PID=921) to work on /home/airflow/.local/lib/python3.8/site-packages/airflow/example_dags/example_sensor_decorator.py
[2026-08-13T12:53:25.965+0000] {processor.py:830} INFO - Processing file /home/airflow/.local/lib/python3.8/site-packages/airflow/example_dags/example_sensor_decorator.py for tasks to queue
[2026-08-13T12:53:25.969+0000] {logging_mixin.py:188} INFO - [2026-08-13T12:53:25.969+0000] {dagbag.py:538} INFO - Filling up the DagBag from /home/airflow/.local/lib/python3.8/site-packages/airflow/example_dags/example_sensor_decorator.py
[2026-08-13T12:53:25.987+0000] {processor.py:840} INFO - DAG(s) 'example_sensor_decorator' retrieved from /home/airflow/.local/lib/python3.8/site-packages/airflow/example_dags/example_sensor_decorator.py
[2026-08-13T12:53:26.052+0000] {logging_mixin.py:188} INFO - [2026-08-13T12:53:26.052+0000] {dag.py:3036} INFO - Sync 1 DAGs
[2026-08-13T12:53:26.104+0000] {logging_mixin.py:188} INFO - [2026-08-13T12:53:26.103+0000] {dag.py:3823} INFO - Setting next_dagrun for example_sensor_decorator to None, run_after=None
[2026-08-13T12:53:26.157+0000] {processor.py:183} INFO - Processing /home/airflow/.local/lib/python3.8/site-packages/airflow/example_dags/example_sensor_decorator.py took 0.202 seconds
[2026-08-13T12:53:56.815+0000] {processor.py:161} INFO - Started process (PID=976) to work on /home/airflow/.local/lib/python3.8/site-packages/airflow/example_dags/example_sensor_decorator.py
[2026-08-13T12:53:56.819+0000] {processor.py:830} INFO - Processing file /home/airflow/.local/lib/python3.8/site-packages/airflow/example_dags/example_sensor_decorator.py for tasks to queue
[2026-08-13T12:53:56.823+0000] {logging_mixin.py:188} INFO - [2026-08-13T12:53:56.822+0000] {dagbag.py:538} INFO - Filling up the DagBag from /home/airflow/.local/lib/python3.8/site-packages/airflow/example_dags/example_sensor_decorator.py
[2026-08-13T12:53:56.838+0000] {processor.py:840} INFO - DAG(s) 'example_sensor_decorator' retrieved from /home/airflow/.local/lib/python3.8/site-packages/airflow/example_dags/example_sensor_decorator.py
[2026-08-13T12:53:56.885+0000] {logging_mixin.py:188} INFO - [2026-08-13T12:53:56.885+0000] {dag.py:3036} INFO - Sync 1 DAGs
[2026-08-13T12:53:56.914+0000] {logging_mixin.py:188} INFO - [2026-08-13T12:53:56.913+0000] {dag.py:3823} INFO - Setting next_dagrun for example_sensor_decorator to None, run_after=None
[2026-08-13T12:53:56.982+0000] {processor.py:183} INFO - Processing /home/airflow/.local/lib/python3.8/site-packages/airflow/example_dags/example_sensor_decorator.py took 0.175 seconds
[2026-08-13T12:54:27.604+0000] {processor.py:161} INFO - Started process (PID=1031) to work on /home/airflow/.local/lib/python3.8/site-packages/airflow/example_dags/example_sensor_decorator.py
[2026-08-13T12:54:27.608+0000] {processor.py:830} INFO - Processing file /home/airflow/.local/lib/python3.8/site-packages/airflow/example_dags/example_sensor_decorator.py for tasks to queue
[2026-08-13T12:54:27.615+0000] {logging_mixin.py:188} INFO - [2026-08-13T12:54:27.614+0000] {dagbag.py:538} INFO - Filling up the DagBag from /home/airflow/.local/lib/python3.8/site-packages/airflow/example_dags/example_sensor_decorator.py
[2026-08-13T12:54:27.649+0000] {processor.py:840} INFO - DAG(s) 'example_sensor_decorator' retrieved from /home/airflow/.local/lib/python3.8/site-packages/airflow/example_dags/example_sensor_decorator.py
[2026-08-13T12:54:27.764+0000] {logging_mixin.py:188} INFO - [2026-08-13T12:54:27.763+0000] {dag.py:3036} INFO - Sync 1 DAGs
[2026-08-13T12:54:27.821+0000] {logging_mixin.py:188} INFO - [2026-08-13T12:54:27.821+0000] {dag.py:3823} INFO - Setting next_dagrun for example_sensor_decorator to None, run_after=None
[2026-08-13T12:54:27.887+0000] {processor.py:183} INFO - Processing /home/airflow/.local/lib/python3.8/site-packages/airflow/example_dags/example_sensor_decorator.py took 0.290 seconds
[2026-08-13T12:54:58.081+0000] {processor.py:161} INFO - Started process (PID=1086) to work on /home/airflow/.local/lib/python3.8/site-packages/airflow/example_dags/example_sensor_decorator.py
[2026-08-13T12:54:58.083+0000] {processor.py:830} INFO - Processing file /home/airflow/.local/lib/python3.8/site-packages/airflow/example_dags/example_sensor_decorator.py for tasks to queue
[2026-08-13T12:54:58.086+0000] {logging_mixin.py:188} INFO - [2026-08-13T12:54:58.086+0000] {dagbag.py:538} INFO - Filling up the DagBag from /home/airflow/.local/lib/python3.8/site-packages/airflow/example_dags/example_sensor_decorator.py
[2026-08-13T12:54:58.096+0000] {processor.py:840} INFO - DAG(s) 'example_sensor_decorator' retrieved from /home/airflow/.local/lib/python3.8/site-packages/airflow/example_dags/example_sensor_decorator.py
[2026-08-13T12:54:58.124+0000] {logging_mixin.py:188} INFO - [2026-08-13T12:54:58.124+0000] {dag.py:3036} INFO - Sync 1 DAGs
[2026-08-13T12:54:58.139+0000] {logging_mixin.py:188} INFO - [2026-08-13T12:54:58.139+0000] {dag.py:3823} INFO - Setting next_dagrun for example_sensor_decorator to None, run_after=None
[2026-08-13T12:54:58.176+0000] {processor.py:183} INFO - Processing /home/airflow/.local/lib/python3.8/site-packages/airflow/example_dags/example_sensor_decorator.py took 0.100 seconds
[2026-08-13T12:55:28.572+0000] {processor.py:161} INFO - Started process (PID=1141) to work on /home/airflow/.local/lib/python3.8/site-packages/airflow/example_dags/example_sensor_decorator.py
[2026-08-13T12:55:28.574+0000] {processor.py:830} INFO - Processing file /home/airflow/.local/lib/python3.8/site-packages/airflow/example_dags/example_sensor_decorator.py for tasks to queue
[2026-08-13T12:55:28.578+0000] {logging_mixin.py:188} INFO - [2026-08-13T12:55:28.577+0000] {dagbag.py:538} INFO - Filling up the DagBag from /home/airflow/.local/lib/python3.8/site-packages/airflow/example_dags/example_sensor_decorator.py
[2026-08-13T12:55:28.590+0000] {processor.py:840} INFO - DAG(s) 'example_sensor_decorator' retrieved from /home/airflow/.local/lib/python3.8/site-packages/airflow/example_dags/example_sensor_decorator.py
[2026-08-13T12:55:28.621+0000] {logging_mixin.py:188} INFO - [2026-08-13T12:55:28.620+0000] {dag.py:3036} INFO - Sync 1 DAGs
[2026-08-13T12:55:28.640+0000] {logging_mixin.py:188} INFO - [2026-08-13T12:55:28.639+0000] {dag.py:3823} INFO - Setting next_dagrun for example_sensor_decorator to None, run_after=None
[2026-08-13T12:55:28.670+0000] {processor.py:183} INFO - Processing /home/airflow/.local/lib/python3.8/site-packages/airflow/example_dags/example_sensor_decorator.py took 0.104 seconds
[2026-08-13T12:55:59.233+0000] {processor.py:161} INFO - Started process (PID=1196) to work on /home/airflow/.local/lib/python3.8/site-packages/airflow/example_dags/example_sensor_decorator.py
[2026-08-13T12:55:59.235+0000] {processor.py:830} INFO - Processing file /home/airflow/.local/lib/python3.8/site-packages/airflow/example_dags/example_sensor_decorator.py for tasks to queue
[2026-08-13T12:55:59.238+0000] {logging_mixin.py:188} INFO - [2026-08-13T12:55:59.237+0000] {dagbag.py:538} INFO - Filling up the DagBag from /home/airflow/.local/lib/python3.8/site-packages/airflow/example_dags/example_sensor_decorator.py
[2026-08-13T12:55:59.248+0000] {processor.py:840} INFO - DAG(s) 'example_sensor_decorator' retrieved from /home/airflow/.local/lib/python3.8/site-packages/airflow/example_dags/example_sensor_decorator.py
[2026-08-13T12:55:59.275+0000] {logging_mixin.py:188} INFO - [2026-08-13T12:55:59.275+0000] {dag.py:3036} INFO - Sync 1 DAGs
[2026-08-13T12:55:59.290+0000] {logging_mixin.py:188} INFO - [2026-08-13T12:55:59.289+0000] {dag.py:3823} INFO - Setting next_dagrun for example_sensor_decorator to None, run_after=None
[2026-08-13T12:55:59.318+0000] {processor.py:183} INFO - Processing /home/airflow/.local/lib/python3.8/site-packages/airflow/example_dags/example_sensor_decorator.py took 0.089 seconds
[2026-08-13T12:56:29.705+0000] {processor.py:161} INFO - Started process (PID=1251) to work on /home/airflow/.local/lib/python3.8/site-packages/airflow/example_dags/example_sensor_decorator.py
[2026-08-13T12:56:29.706+0000] {processor.py:830} INFO - Processing file /home/airflow/.local/lib/python3.8/site-packages/airflow/example_dags/example_sensor_decorator.py for tasks to queue
[2026-08-13T12:56:29.709+0000] {logging_mixin.py:188} INFO - [2026-08-13T12:56:29.709+0000] {dagbag.py:538} INFO - Filling up the DagBag from /home/airflow/.local/lib/python3.8/site-packages/airflow/example_dags/example_sensor_decorator.py
[2026-08-13T12:56:29.721+0000] {processor.py:840} INFO - DAG(s) 'example_sensor_decorator' retrieved from /home/airflow/.local/lib/python3.8/site-packages/airflow/example_dags/example_sensor_decorator.py
[2026-08-13T12:56:29.749+0000] {logging_mixin.py:188} INFO - [2026-08-13T12:56:29.749+0000] {dag.py:3036} INFO - Sync 1 DAGs
[2026-08-13T12:56:29.765+0000] {logging_mixin.py:188} INFO - [2026-08-13T12:56:29.765+0000] {dag.py:3823} INFO - Setting next_dagrun for example_sensor_decorator to None, run_after=None
[2026-08-13T12:56:29.793+0000] {processor.py:183} INFO - Processing /home/airflow/.local/lib/python3.8/site-packages/airflow/example_dags/example_sensor_decorator.py took 0.092 seconds
[2026-08-13T12:57:00.618+0000] {processor.py:161} INFO - Started process (PID=1306) to work on /home/airflow/.local/lib/python3.8/site-packages/airflow/example_dags/example_sensor_decorator.py
[2026-08-13T12:57:00.620+0000] {processor.py:830} INFO - Processing file /home/airflow/.local/lib/python3.8/site-packages/airflow/example_dags/example_sensor_decorator.py for tasks to queue
[2026-08-13T12:57:00.627+0000] {logging_mixin.py:188} INFO - [2026-08-13T12:57:00.625+0000] {dagbag.py:538} INFO - Filling up the DagBag from /home/airflow/.local/lib/python3.8/site-packages/airflow/example_dags/example_sensor_decorator.py
[2026-08-13T12:57:00.640+0000] {processor.py:840} INFO - DAG(s) 'example_sensor_decorator' retrieved from /home/airflow/.local/lib/python3.8/site-packages/airflow/example_dags/example_sensor_decorator.py
[2026-08-13T12:57:00.680+0000] {logging_mixin.py:188} INFO - [2026-08-13T12:57:00.680+0000] {dag.py:3036} INFO - Sync 1 DAGs
[2026-08-13T12:57:00.710+0000] {logging_mixin.py:188} INFO - [2026-08-13T12:57:00.709+0000] {dag.py:3823} INFO - Setting next_dagrun for example_sensor_decorator to None, run_after=None
[2026-08-13T12:57:00.750+0000] {processor.py:183} INFO - Processing /home/airflow/.local/lib/python3.8/site-packages/airflow/example_dags/example_sensor_decorator.py took 0.137 seconds
