[2026-08-13T12:33:31.631+0000] {processor.py:161} INFO - Started process (PID=103) to work on /home/airflow/.local/lib/python3.8/site-packages/airflow/example_dags/example_local_kubernetes_executor.py
[2026-08-13T12:33:31.634+0000] {processor.py:830} INFO - Processing file /home/airflow/.local/lib/python3.8/site-packages/airflow/example_dags/example_local_kubernetes_executor.py for tasks to queue
[2026-08-13T12:33:31.640+0000] {logging_mixin.py:188} INFO - [2026-08-13T12:33:31.639+0000] {dagbag.py:538} INFO - Filling up the DagBag from /home/airflow/.local/lib/python3.8/site-packages/airflow/example_dags/example_local_kubernetes_executor.py
[2026-08-13T12:33:31.713+0000] {processor.py:840} INFO - DAG(s) 'example_local_kubernetes_executor' retrieved from /home/airflow/.local/lib/python3.8/site-packages/airflow/example_dags/example_local_kubernetes_executor.py
[2026-08-13T12:33:32.669+0000] {logging_mixin.py:188} INFO - [2026-08-13T12:33:32.669+0000] {dag.py:3036} INFO - Sync 1 DAGs
[2026-08-13T12:33:32.774+0000] {logging_mixin.py:188} INFO - [2026-08-13T12:33:32.774+0000] {dag.py:3823} INFO - Setting next_dagrun for example_local_kubernetes_executor to None, run_after=None
[2026-08-13T12:33:32.887+0000] {processor.py:183} INFO - Processing /home/airflow/.local/lib/python3.8/site-packages/airflow/example_dags/example_local_kubernetes_executor.py took 1.267 seconds
[2026-08-13T12:34:03.912+0000] {processor.py:161} INFO - Started process (PID=158) to work on /home/airflow/.local/lib/python3.8/site-packages/airflow/example_dags/example_local_kubernetes_executor.py
[2026-08-13T12:34:03.915+0000] {processor.py:830} INFO - Processing file /home/airflow/.local/lib/python3.8/site-packages/airflow/example_dags/example_local_kubernetes_executor.py for tasks to queue
[2026-08-13T12:34:03.918+0000] {logging_mixin.py:188} INFO - [2026-08-13T12:34:03.918+0000] {dagbag.py:538} INFO - Filling up the DagBag from /home/airflow/.local/lib/python3.8/site-packages/airflow/example_dags/example_local_kubernetes_executor.py
[2026-08-13T12:34:03.929+0000] {processor.py:840} INFO - DAG(s) 'example_local_kubernetes_executor' retrieved from /home/airflow/.local/lib/python3.8/site-packages/airflow/example_dags/example_local_kubernetes_executor.py
[2026-08-13T12:34:03.976+0000] {logging_mixin.py:188} INFO - [2026-08-13T12:34:03.976+0000] {dag.py:3036} INFO - Sync 1 DAGs
[2026-08-13T12:34:03.992+0000] {logging_mixin.py:188} INFO - [2026-08-13T12:34:03.992+0000] {dag.py:3823} INFO - Setting next_dagrun for example_local_kubernetes_executor to None, run_after=None
[2026-08-13T12:34:04.020+0000] {processor.py:183} INFO - Processing /home/airflow/.local/lib/python3.8/site-packages/airflow/example_dags/example_local_kubernetes_executor.py took 0.113 seconds
[2026-08-13T12:34:34.194+0000] {processor.py:161} INFO - Started process (PID=214) to work on /home/airflow/.local/lib/python3.8/site-packages/airflow/example_dags/example_local_kubernetes_executor.py
[2026-08-13T12:34:34.197+0000] {processor.py:830} INFO - Processing file /home/airflow/.local/lib/python3.8/site-packages/airflow/example_dags/example_local_kubernetes_executor.py for tasks to queue
[2026-08-13T12:34:34.201+0000] {logging_mixin.py:188} INFO - [2026-08-13T12:34:34.200+0000] {dagbag.py:538} INFO - Filling up the DagBag from /home/airflow/.local/lib/python3.8/site-packages/airflow/example_dags/example_local_kubernetes_executor.py
[2026-08-13T12:34:34.214+0000] {processor.py:840} INFO - DAG(s) 'example_local_kubernetes_executor' retrieved from /home/airflow/.local/lib/python3.8/site-packages/airflow/example_dags/example_local_kubernetes_executor.py
[2026-08-13T12:34:34.268+0000] {logging_mixin.py:188} INFO - [2026-08-13T12:34:34.268+0000] {dag.py:3036} INFO - Sync 1 DAGs
[2026-08-13T12:34:34.292+0000] {logging_mixin.py:188} INFO - [2026-08-13T12:34:34.291+0000] {dag.py:3823} INFO - Setting next_dagrun for example_local_kubernetes_executor to None, run_after=None
[2026-08-13T12:34:34.315+0000] {processor.py:183} INFO - Processing /home/airflow/.local/lib/python3.8/site-packages/airflow/example_dags/example_local_kubernetes_executor.py took 0.126 seconds
[2026-08-13T12:35:04.512+0000] {processor.py:161} INFO - Started process (PID=268) to work on /home/airflow/.local/lib/python3.8/site-packages/airflow/example_dags/example_local_kubernetes_executor.py
[2026-08-13T12:35:04.514+0000] {processor.py:830} INFO - Processing file /home/airflow/.local/lib/python3.8/site-packages/airflow/example_dags/example_local_kubernetes_executor.py for tasks to queue
[2026-08-13T12:35:04.517+0000] {logging_mixin.py:188} INFO - [2026-08-13T12:35:04.517+0000] {dagbag.py:538} INFO - Filling up the DagBag from /home/airflow/.local/lib/python3.8/site-packages/airflow/example_dags/example_local_kubernetes_executor.py
[2026-08-13T12:35:04.532+0000] {processor.py:840} INFO - DAG(s) 'example_local_kubernetes_executor' retrieved from /home/airflow/.local/lib/python3.8/site-packages/airflow/example_dags/example_local_kubernetes_executor.py
[2026-08-13T12:35:04.602+0000] {logging_mixin.py:188} INFO - [2026-08-13T12:35:04.602+0000] {dag.py:3036} INFO - Sync 1 DAGs
[2026-08-13T12:35:04.623+0000] {logging_mixin.py:188} INFO - [2026-08-13T12:35:04.623+0000] {dag.py:3823} INFO - Setting next_dagrun for example_local_kubernetes_executor to None, run_after=None
[2026-08-13T12:35:04.659+0000] {processor.py:183} INFO - Processing /home/airflow/.local/lib/python3.8/site-packages/airflow/example_dags/example_local_kubernetes_executor.py took 0.152 seconds
[2026-08-13T12:35:34.875+0000] {processor.py:161} INFO - Started process (PID=323) to work on /home/airflow/.local/lib/python3.8/site-packages/airflow/example_dags/example_local_kubernetes_executor.py
[2026-08-13T12:35:34.877+0000] {processor.py:830} INFO - Processing file /home/airflow/.local/lib/python3.8/site-packages/airflow/example_dags/example_local_kubernetes_executor.py for tasks to queue
[2026-08-13T12:35:34.881+0000] {logging_mixin.py:188} INFO - [2026-08-13T12:35:34.880+0000] {dagbag.py:538} INFO - Filling up the DagBag from /home/airflow/.local/lib/python3.8/site-packages/airflow/example_dags/example_local_kubernetes_executor.py
[2026-08-13T12:35:34.894+0000] {processor.py:840} INFO - DAG(s) 'example_local_kubernetes_executor' retrieved from /home/airflow/.local/lib/python3.8/site-packages/airflow/example_dags/example_local_kubernetes_executor.py
[2026-08-13T12:35:34.960+0000] {logging_mixin.py:188} INFO - [2026-08-13T12:35:34.959+0000] {dag.py:3036} INFO - Sync 1 DAGs
[2026-08-13T12:35:34.979+0000] {logging_mixin.py:188} INFO - [2026-08-13T12:35:34.979+0000] {dag.py:3823} INFO - Setting next_dagrun for example_local_kubernetes_executor to None, run_after=None
[2026-08-13T12:35:35.010+0000] {processor.py:183} INFO - Processing /home/airflow/.local/lib/python3.8/site-packages/airflow/example_dags/example_local_kubernetes_executor.py took 0.141 seconds
[2026-08-13T12:36:05.061+0000] {processor.py:161} INFO - Started process (PID=378) to work on /home/airflow/.local/lib/python3.8/site-packages/airflow/example_dags/example_local_kubernetes_executor.py
[2026-08-13T12:36:05.064+0000] {processor.py:830} INFO - Processing file /home/airflow/.local/lib/python3.8/site-packages/airflow/example_dags/example_local_kubernetes_executor.py for tasks to queue
[2026-08-13T12:36:05.066+0000] {logging_mixin.py:188} INFO - [2026-08-13T12:36:05.066+0000] {dagbag.py:538} INFO - Filling up the DagBag from /home/airflow/.local/lib/python3.8/site-packages/airflow/example_dags/example_local_kubernetes_executor.py
[2026-08-13T12:36:05.079+0000] {processor.py:840} INFO - DAG(s) 'example_local_kubernetes_executor' retrieved from /home/airflow/.local/lib/python3.8/site-packages/airflow/example_dags/example_local_kubernetes_executor.py
[2026-08-13T12:36:05.126+0000] {logging_mixin.py:188} INFO - [2026-08-13T12:36:05.126+0000] {dag.py:3036} INFO - Sync 1 DAGs
[2026-08-13T12:36:05.146+0000] {logging_mixin.py:188} INFO - [2026-08-13T12:36:05.145+0000] {dag.py:3823} INFO - Setting next_dagrun for example_local_kubernetes_executor to None, run_after=None
[2026-08-13T12:36:05.173+0000] {processor.py:183} INFO - Processing /home/airflow/.local/lib/python3.8/site-packages/airflow/example_dags/example_local_kubernetes_executor.py took 0.116 seconds
[2026-08-13T12:41:48.457+0000] {processor.py:161} INFO - Started process (PID=125) to work on /home/airflow/.local/lib/python3.8/site-packages/airflow/example_dags/example_local_kubernetes_executor.py
[2026-08-13T12:41:48.468+0000] {processor.py:830} INFO - Processing file /home/airflow/.local/lib/python3.8/site-packages/airflow/example_dags/example_local_kubernetes_executor.py for tasks to queue
[2026-08-13T12:41:48.478+0000] {logging_mixin.py:188} INFO - [2026-08-13T12:41:48.476+0000] {dagbag.py:538} INFO - Filling up the DagBag from /home/airflow/.local/lib/python3.8/site-packages/airflow/example_dags/example_local_kubernetes_executor.py
[2026-08-13T12:41:48.704+0000] {processor.py:840} INFO - DAG(s) 'example_local_kubernetes_executor' retrieved from /home/airflow/.local/lib/python3.8/site-packages/airflow/example_dags/example_local_kubernetes_executor.py
[2026-08-13T12:41:50.918+0000] {logging_mixin.py:188} INFO - [2026-08-13T12:41:50.917+0000] {dag.py:3036} INFO - Sync 1 DAGs
[2026-08-13T12:41:51.007+0000] {logging_mixin.py:188} INFO - [2026-08-13T12:41:51.007+0000] {dag.py:3823} INFO - Setting next_dagrun for example_local_kubernetes_executor to None, run_after=None
[2026-08-13T12:41:51.123+0000] {processor.py:183} INFO - Processing /home/airflow/.local/lib/python3.8/site-packages/airflow/example_dags/example_local_kubernetes_executor.py took 2.678 seconds
[2026-08-13T12:42:24.667+0000] {processor.py:161} INFO - Started process (PID=181) to work on /home/airflow/.local/lib/python3.8/site-packages/airflow/example_dags/example_local_kubernetes_executor.py
[2026-08-13T12:42:24.671+0000] {processor.py:830} INFO - Processing file /home/airflow/.local/lib/python3.8/site-packages/airflow/example_dags/example_local_kubernetes_executor.py for tasks to queue
[2026-08-13T12:42:24.677+0000] {logging_mixin.py:188} INFO - [2026-08-13T12:42:24.676+0000] {dagbag.py:538} INFO - Filling up the DagBag from /home/airflow/.local/lib/python3.8/site-packages/airflow/example_dags/example_local_kubernetes_executor.py
[2026-08-13T12:42:24.740+0000] {processor.py:840} INFO - DAG(s) 'example_local_kubernetes_executor' retrieved from /home/airflow/.local/lib/python3.8/site-packages/airflow/example_dags/example_local_kubernetes_executor.py
[2026-08-13T12:42:24.987+0000] {logging_mixin.py:188} INFO - [2026-08-13T12:42:24.986+0000] {dag.py:3036} INFO - Sync 1 DAGs
[2026-08-13T12:42:25.076+0000] {logging_mixin.py:188} INFO - [2026-08-13T12:42:25.076+0000] {dag.py:3823} INFO - Setting next_dagrun for example_local_kubernetes_executor to None, run_after=None
[2026-08-13T12:42:25.204+0000] {processor.py:183} INFO - Processing /home/airflow/.local/lib/python3.8/site-packages/airflow/example_dags/example_local_kubernetes_executor.py took 0.550 seconds
[2026-08-13T12:45:45.344+0000] {processor.py:161} INFO - Started process (PID=107) to work on /home/airflow/.local/lib/python3.8/site-packages/airflow/example_dags/example_local_kubernetes_executor.py
[2026-08-13T12:45:45.348+0000] {processor.py:830} INFO - Processing file /home/airflow/.local/lib/python3.8/site-packages/airflow/example_dags/example_local_kubernetes_executor.py for tasks to queue
[2026-08-13T12:45:45.353+0000] {logging_mixin.py:188} INFO - [2026-08-13T12:45:45.352+0000] {dagbag.py:538} INFO - Filling up the DagBag from /home/airflow/.local/lib/python3.8/site-packages/airflow/example_dags/example_local_kubernetes_executor.py
[2026-08-13T12:45:45.417+0000] {processor.py:840} INFO - DAG(s) 'example_local_kubernetes_executor' retrieved from /home/airflow/.local/lib/python3.8/site-packages/airflow/example_dags/example_local_kubernetes_executor.py
[2026-08-13T12:45:45.929+0000] {logging_mixin.py:188} INFO - [2026-08-13T12:45:45.928+0000] {dag.py:3036} INFO - Sync 1 DAGs
[2026-08-13T12:45:45.952+0000] {logging_mixin.py:188} INFO - [2026-08-13T12:45:45.952+0000] {dag.py:3823} INFO - Setting next_dagrun for example_local_kubernetes_executor to None, run_after=None
[2026-08-13T12:45:46.000+0000] {processor.py:183} INFO - Processing /home/airflow/.local/lib/python3.8/site-packages/airflow/example_dags/example_local_kubernetes_executor.py took 0.668 seconds
[2026-08-13T12:46:17.352+0000] {processor.py:161} INFO - Started process (PID=162) to work on /home/airflow/.local/lib/python3.8/site-packages/airflow/example_dags/example_local_kubernetes_executor.py
[2026-08-13T12:46:17.360+0000] {processor.py:830} INFO - Processing file /home/airflow/.local/lib/python3.8/site-packages/airflow/example_dags/example_local_kubernetes_executor.py for tasks to queue
[2026-08-13T12:46:17.371+0000] {logging_mixin.py:188} INFO - [2026-08-13T12:46:17.370+0000] {dagbag.py:538} INFO - Filling up the DagBag from /home/airflow/.local/lib/python3.8/site-packages/airflow/example_dags/example_local_kubernetes_executor.py
[2026-08-13T12:46:17.425+0000] {processor.py:840} INFO - DAG(s) 'example_local_kubernetes_executor' retrieved from /home/airflow/.local/lib/python3.8/site-packages/airflow/example_dags/example_local_kubernetes_executor.py
[2026-08-13T12:46:17.552+0000] {logging_mixin.py:188} INFO - [2026-08-13T12:46:17.552+0000] {dag.py:3036} INFO - Sync 1 DAGs
[2026-08-13T12:46:17.580+0000] {logging_mixin.py:188} INFO - [2026-08-13T12:46:17.580+0000] {dag.py:3823} INFO - Setting next_dagrun for example_local_kubernetes_executor to None, run_after=None
[2026-08-13T12:46:17.621+0000] {processor.py:183} INFO - Processing /home/airflow/.local/lib/python3.8/site-packages/airflow/example_dags/example_local_kubernetes_executor.py took 0.290 seconds
[2026-08-13T12:46:48.825+0000] {processor.py:161} INFO - Started process (PID=217) to work on /home/airflow/.local/lib/python3.8/site-packages/airflow/example_dags/example_local_kubernetes_executor.py
[2026-08-13T12:46:48.828+0000] {processor.py:830} INFO - Processing file /home/airflow/.local/lib/python3.8/site-packages/airflow/example_dags/example_local_kubernetes_executor.py for tasks to queue
[2026-08-13T12:46:48.832+0000] {logging_mixin.py:188} INFO - [2026-08-13T12:46:48.831+0000] {dagbag.py:538} INFO - Filling up the DagBag from /home/airflow/.local/lib/python3.8/site-packages/airflow/example_dags/example_local_kubernetes_executor.py
[2026-08-13T12:46:48.845+0000] {processor.py:840} INFO - DAG(s) 'example_local_kubernetes_executor' retrieved from /home/airflow/.local/lib/python3.8/site-packages/airflow/example_dags/example_local_kubernetes_executor.py
[2026-08-13T12:46:48.913+0000] {logging_mixin.py:188} INFO - [2026-08-13T12:46:48.913+0000] {dag.py:3036} INFO - Sync 1 DAGs
[2026-08-13T12:46:48.936+0000] {logging_mixin.py:188} INFO - [2026-08-13T12:46:48.935+0000] {dag.py:3823} INFO - Setting next_dagrun for example_local_kubernetes_executor to None, run_after=None
[2026-08-13T12:46:48.975+0000] {processor.py:183} INFO - Processing /home/airflow/.local/lib/python3.8/site-packages/airflow/example_dags/example_local_kubernetes_executor.py took 0.156 seconds
[2026-08-13T12:47:19.399+0000] {processor.py:161} INFO - Started process (PID=270) to work on /home/airflow/.local/lib/python3.8/site-packages/airflow/example_dags/example_local_kubernetes_executor.py
[2026-08-13T12:47:19.402+0000] {processor.py:830} INFO - Processing file /home/airflow/.local/lib/python3.8/site-packages/airflow/example_dags/example_local_kubernetes_executor.py for tasks to queue
[2026-08-13T12:47:19.405+0000] {logging_mixin.py:188} INFO - [2026-08-13T12:47:19.404+0000] {dagbag.py:538} INFO - Filling up the DagBag from /home/airflow/.local/lib/python3.8/site-packages/airflow/example_dags/example_local_kubernetes_executor.py
[2026-08-13T12:47:19.428+0000] {processor.py:840} INFO - DAG(s) 'example_local_kubernetes_executor' retrieved from /home/airflow/.local/lib/python3.8/site-packages/airflow/example_dags/example_local_kubernetes_executor.py
[2026-08-13T12:47:19.509+0000] {logging_mixin.py:188} INFO - [2026-08-13T12:47:19.508+0000] {dag.py:3036} INFO - Sync 1 DAGs
[2026-08-13T12:47:19.546+0000] {logging_mixin.py:188} INFO - [2026-08-13T12:47:19.546+0000] {dag.py:3823} INFO - Setting next_dagrun for example_local_kubernetes_executor to None, run_after=None
[2026-08-13T12:47:19.633+0000] {processor.py:183} INFO - Processing /home/airflow/.local/lib/python3.8/site-packages/airflow/example_dags/example_local_kubernetes_executor.py took 0.240 seconds
[2026-08-13T12:47:51.116+0000] {processor.py:161} INFO - Started process (PID=325) to work on /home/airflow/.local/lib/python3.8/site-packages/airflow/example_dags/example_local_kubernetes_executor.py
[2026-08-13T12:47:51.123+0000] {processor.py:830} INFO - Processing file /home/airflow/.local/lib/python3.8/site-packages/airflow/example_dags/example_local_kubernetes_executor.py for tasks to queue
[2026-08-13T12:47:51.143+0000] {logging_mixin.py:188} INFO - [2026-08-13T12:47:51.141+0000] {dagbag.py:538} INFO - Filling up the DagBag from /home/airflow/.local/lib/python3.8/site-packages/airflow/example_dags/example_local_kubernetes_executor.py
[2026-08-13T12:47:51.262+0000] {processor.py:840} INFO - DAG(s) 'example_local_kubernetes_executor' retrieved from /home/airflow/.local/lib/python3.8/site-packages/airflow/example_dags/example_local_kubernetes_executor.py
[2026-08-13T12:47:51.788+0000] {logging_mixin.py:188} INFO - [2026-08-13T12:47:51.787+0000] {dag.py:3036} INFO - Sync 1 DAGs
[2026-08-13T12:47:51.895+0000] {logging_mixin.py:188} INFO - [2026-08-13T12:47:51.894+0000] {dag.py:3823} INFO - Setting next_dagrun for example_local_kubernetes_executor to None, run_after=None
[2026-08-13T12:47:52.054+0000] {processor.py:183} INFO - Processing /home/airflow/.local/lib/python3.8/site-packages/airflow/example_dags/example_local_kubernetes_executor.py took 0.971 seconds
[2026-08-13T12:48:22.897+0000] {processor.py:161} INFO - Started process (PID=380) to work on /home/airflow/.local/lib/python3.8/site-packages/airflow/example_dags/example_local_kubernetes_executor.py
[2026-08-13T12:48:22.900+0000] {processor.py:830} INFO - Processing file /home/airflow/.local/lib/python3.8/site-packages/airflow/example_dags/example_local_kubernetes_executor.py for tasks to queue
[2026-08-13T12:48:22.908+0000] {logging_mixin.py:188} INFO - [2026-08-13T12:48:22.905+0000] {dagbag.py:538} INFO - Filling up the DagBag from /home/airflow/.local/lib/python3.8/site-packages/airflow/example_dags/example_local_kubernetes_executor.py
[2026-08-13T12:48:22.921+0000] {processor.py:840} INFO - DAG(s) 'example_local_kubernetes_executor' retrieved from /home/airflow/.local/lib/python3.8/site-packages/airflow/example_dags/example_local_kubernetes_executor.py
[2026-08-13T12:48:22.978+0000] {logging_mixin.py:188} INFO - [2026-08-13T12:48:22.977+0000] {dag.py:3036} INFO - Sync 1 DAGs
[2026-08-13T12:48:23.000+0000] {logging_mixin.py:188} INFO - [2026-08-13T12:48:23.000+0000] {dag.py:3823} INFO - Setting next_dagrun for example_local_kubernetes_executor to None, run_after=None
[2026-08-13T12:48:23.034+0000] {processor.py:183} INFO - Processing /home/airflow/.local/lib/python3.8/site-packages/airflow/example_dags/example_local_kubernetes_executor.py took 0.143 seconds
[2026-08-13T12:48:53.156+0000] {processor.py:161} INFO - Started process (PID=436) to work on /home/airflow/.local/lib/python3.8/site-packages/airflow/example_dags/example_local_kubernetes_executor.py
[2026-08-13T12:48:53.159+0000] {processor.py:830} INFO - Processing file /home/airflow/.local/lib/python3.8/site-packages/airflow/example_dags/example_local_kubernetes_executor.py for tasks to queue
[2026-08-13T12:48:53.165+0000] {logging_mixin.py:188} INFO - [2026-08-13T12:48:53.164+0000] {dagbag.py:538} INFO - Filling up the DagBag from /home/airflow/.local/lib/python3.8/site-packages/airflow/example_dags/example_local_kubernetes_executor.py
[2026-08-13T12:48:53.183+0000] {processor.py:840} INFO - DAG(s) 'example_local_kubernetes_executor' retrieved from /home/airflow/.local/lib/python3.8/site-packages/airflow/example_dags/example_local_kubernetes_executor.py
[2026-08-13T12:48:53.248+0000] {logging_mixin.py:188} INFO - [2026-08-13T12:48:53.248+0000] {dag.py:3036} INFO - Sync 1 DAGs
[2026-08-13T12:48:53.269+0000] {logging_mixin.py:188} INFO - [2026-08-13T12:48:53.268+0000] {dag.py:3823} INFO - Setting next_dagrun for example_local_kubernetes_executor to None, run_after=None
[2026-08-13T12:48:53.320+0000] {processor.py:183} INFO - Processing /home/airflow/.local/lib/python3.8/site-packages/airflow/example_dags/example_local_kubernetes_executor.py took 0.170 seconds
[2026-08-13T12:49:24.213+0000] {processor.py:161} INFO - Started process (PID=491) to work on /home/airflow/.local/lib/python3.8/site-packages/airflow/example_dags/example_local_kubernetes_executor.py
[2026-08-13T12:49:24.216+0000] {processor.py:830} INFO - Processing file /home/airflow/.local/lib/python3.8/site-packages/airflow/example_dags/example_local_kubernetes_executor.py for tasks to queue
[2026-08-13T12:49:24.222+0000] {logging_mixin.py:188} INFO - [2026-08-13T12:49:24.221+0000] {dagbag.py:538} INFO - Filling up the DagBag from /home/airflow/.local/lib/python3.8/site-packages/airflow/example_dags/example_local_kubernetes_executor.py
[2026-08-13T12:49:24.259+0000] {processor.py:840} INFO - DAG(s) 'example_local_kubernetes_executor' retrieved from /home/airflow/.local/lib/python3.8/site-packages/airflow/example_dags/example_local_kubernetes_executor.py
[2026-08-13T12:49:24.438+0000] {logging_mixin.py:188} INFO - [2026-08-13T12:49:24.437+0000] {dag.py:3036} INFO - Sync 1 DAGs
[2026-08-13T12:49:24.477+0000] {logging_mixin.py:188} INFO - [2026-08-13T12:49:24.476+0000] {dag.py:3823} INFO - Setting next_dagrun for example_local_kubernetes_executor to None, run_after=None
[2026-08-13T12:49:24.538+0000] {processor.py:183} INFO - Processing /home/airflow/.local/lib/python3.8/site-packages/airflow/example_dags/example_local_kubernetes_executor.py took 0.338 seconds
[2026-08-13T12:49:55.509+0000] {processor.py:161} INFO - Started process (PID=546) to work on /home/airflow/.local/lib/python3.8/site-packages/airflow/example_dags/example_local_kubernetes_executor.py
[2026-08-13T12:49:55.538+0000] {processor.py:830} INFO - Processing file /home/airflow/.local/lib/python3.8/site-packages/airflow/example_dags/example_local_kubernetes_executor.py for tasks to queue
[2026-08-13T12:49:55.623+0000] {logging_mixin.py:188} INFO - [2026-08-13T12:49:55.616+0000] {dagbag.py:538} INFO - Filling up the DagBag from /home/airflow/.local/lib/python3.8/site-packages/airflow/example_dags/example_local_kubernetes_executor.py
[2026-08-13T12:49:56.183+0000] {processor.py:840} INFO - DAG(s) 'example_local_kubernetes_executor' retrieved from /home/airflow/.local/lib/python3.8/site-packages/airflow/example_dags/example_local_kubernetes_executor.py
[2026-08-13T12:49:57.628+0000] {logging_mixin.py:188} INFO - [2026-08-13T12:49:57.627+0000] {dag.py:3036} INFO - Sync 1 DAGs
[2026-08-13T12:49:57.729+0000] {logging_mixin.py:188} INFO - [2026-08-13T12:49:57.718+0000] {dag.py:3823} INFO - Setting next_dagrun for example_local_kubernetes_executor to None, run_after=None
[2026-08-13T12:49:57.837+0000] {processor.py:183} INFO - Processing /home/airflow/.local/lib/python3.8/site-packages/airflow/example_dags/example_local_kubernetes_executor.py took 2.470 seconds
[2026-08-13T12:50:28.779+0000] {processor.py:161} INFO - Started process (PID=601) to work on /home/airflow/.local/lib/python3.8/site-packages/airflow/example_dags/example_local_kubernetes_executor.py
[2026-08-13T12:50:28.782+0000] {processor.py:830} INFO - Processing file /home/airflow/.local/lib/python3.8/site-packages/airflow/example_dags/example_local_kubernetes_executor.py for tasks to queue
[2026-08-13T12:50:28.789+0000] {logging_mixin.py:188} INFO - [2026-08-13T12:50:28.788+0000] {dagbag.py:538} INFO - Filling up the DagBag from /home/airflow/.local/lib/python3.8/site-packages/airflow/example_dags/example_local_kubernetes_executor.py
[2026-08-13T12:50:28.854+0000] {processor.py:840} INFO - DAG(s) 'example_local_kubernetes_executor' retrieved from /home/airflow/.local/lib/python3.8/site-packages/airflow/example_dags/example_local_kubernetes_executor.py
[2026-08-13T12:50:29.737+0000] {logging_mixin.py:188} INFO - [2026-08-13T12:50:29.737+0000] {dag.py:3036} INFO - Sync 1 DAGs
[2026-08-13T12:50:29.910+0000] {logging_mixin.py:188} INFO - [2026-08-13T12:50:29.909+0000] {dag.py:3823} INFO - Setting next_dagrun for example_local_kubernetes_executor to None, run_after=None
[2026-08-13T12:50:30.077+0000] {processor.py:183} INFO - Processing /home/airflow/.local/lib/python3.8/site-packages/airflow/example_dags/example_local_kubernetes_executor.py took 1.335 seconds
[2026-08-13T12:51:00.919+0000] {processor.py:161} INFO - Started process (PID=655) to work on /home/airflow/.local/lib/python3.8/site-packages/airflow/example_dags/example_local_kubernetes_executor.py
[2026-08-13T12:51:00.921+0000] {processor.py:830} INFO - Processing file /home/airflow/.local/lib/python3.8/site-packages/airflow/example_dags/example_local_kubernetes_executor.py for tasks to queue
[2026-08-13T12:51:00.924+0000] {logging_mixin.py:188} INFO - [2026-08-13T12:51:00.924+0000] {dagbag.py:538} INFO - Filling up the DagBag from /home/airflow/.local/lib/python3.8/site-packages/airflow/example_dags/example_local_kubernetes_executor.py
[2026-08-13T12:51:00.938+0000] {processor.py:840} INFO - DAG(s) 'example_local_kubernetes_executor' retrieved from /home/airflow/.local/lib/python3.8/site-packages/airflow/example_dags/example_local_kubernetes_executor.py
[2026-08-13T12:51:00.988+0000] {logging_mixin.py:188} INFO - [2026-08-13T12:51:00.988+0000] {dag.py:3036} INFO - Sync 1 DAGs
[2026-08-13T12:51:01.012+0000] {logging_mixin.py:188} INFO - [2026-08-13T12:51:01.011+0000] {dag.py:3823} INFO - Setting next_dagrun for example_local_kubernetes_executor to None, run_after=None
[2026-08-13T12:51:01.051+0000] {processor.py:183} INFO - Processing /home/airflow/.local/lib/python3.8/site-packages/airflow/example_dags/example_local_kubernetes_executor.py took 0.137 seconds
[2026-08-13T12:51:31.794+0000] {processor.py:161} INFO - Started process (PID=710) to work on /home/airflow/.local/lib/python3.8/site-packages/airflow/example_dags/example_local_kubernetes_executor.py
[2026-08-13T12:51:31.798+0000] {processor.py:830} INFO - Processing file /home/airflow/.local/lib/python3.8/site-packages/airflow/example_dags/example_local_kubernetes_executor.py for tasks to queue
[2026-08-13T12:51:31.809+0000] {logging_mixin.py:188} INFO - [2026-08-13T12:51:31.807+0000] {dagbag.py:538} INFO - Filling up the DagBag from /home/airflow/.local/lib/python3.8/site-packages/airflow/example_dags/example_local_kubernetes_executor.py
[2026-08-13T12:51:31.840+0000] {processor.py:840} INFO - DAG(s) 'example_local_kubernetes_executor' retrieved from /home/airflow/.local/lib/python3.8/site-packages/airflow/example_dags/example_local_kubernetes_executor.py
[2026-08-13T12:51:31.917+0000] {logging_mixin.py:188} INFO - [2026-08-13T12:51:31.917+0000] {dag.py:3036} INFO - Sync 1 DAGs
[2026-08-13T12:51:31.957+0000] {logging_mixin.py:188} INFO - [2026-08-13T12:51:31.956+0000] {dag.py:3823} INFO - Setting next_dagrun for example_local_kubernetes_executor to None, run_after=None
[2026-08-13T12:51:32.028+0000] {processor.py:183} INFO - Processing /home/airflow/.local/lib/python3.8/site-packages/airflow/example_dags/example_local_kubernetes_executor.py took 0.244 seconds
[2026-08-13T12:52:02.399+0000] {processor.py:161} INFO - Started process (PID=765) to work on /home/airflow/.local/lib/python3.8/site-packages/airflow/example_dags/example_local_kubernetes_executor.py
[2026-08-13T12:52:02.402+0000] {processor.py:830} INFO - Processing file /home/airflow/.local/lib/python3.8/site-packages/airflow/example_dags/example_local_kubernetes_executor.py for tasks to queue
[2026-08-13T12:52:02.404+0000] {logging_mixin.py:188} INFO - [2026-08-13T12:52:02.404+0000] {dagbag.py:538} INFO - Filling up the DagBag from /home/airflow/.local/lib/python3.8/site-packages/airflow/example_dags/example_local_kubernetes_executor.py
[2026-08-13T12:52:02.417+0000] {processor.py:840} INFO - DAG(s) 'example_local_kubernetes_executor' retrieved from /home/airflow/.local/lib/python3.8/site-packages/airflow/example_dags/example_local_kubernetes_executor.py
[2026-08-13T12:52:02.472+0000] {logging_mixin.py:188} INFO - [2026-08-13T12:52:02.472+0000] {dag.py:3036} INFO - Sync 1 DAGs
[2026-08-13T12:52:02.490+0000] {logging_mixin.py:188} INFO - [2026-08-13T12:52:02.489+0000] {dag.py:3823} INFO - Setting next_dagrun for example_local_kubernetes_executor to None, run_after=None
[2026-08-13T12:52:02.519+0000] {processor.py:183} INFO - Processing /home/airflow/.local/lib/python3.8/site-packages/airflow/example_dags/example_local_kubernetes_executor.py took 0.126 seconds
[2026-08-13T12:52:32.740+0000] {processor.py:161} INFO - Started process (PID=820) to work on /home/airflow/.local/lib/python3.8/site-packages/airflow/example_dags/example_local_kubernetes_executor.py
[2026-08-13T12:52:32.744+0000] {processor.py:830} INFO - Processing file /home/airflow/.local/lib/python3.8/site-packages/airflow/example_dags/example_local_kubernetes_executor.py for tasks to queue
[2026-08-13T12:52:32.750+0000] {logging_mixin.py:188} INFO - [2026-08-13T12:52:32.749+0000] {dagbag.py:538} INFO - Filling up the DagBag from /home/airflow/.local/lib/python3.8/site-packages/airflow/example_dags/example_local_kubernetes_executor.py
[2026-08-13T12:52:32.768+0000] {processor.py:840} INFO - DAG(s) 'example_local_kubernetes_executor' retrieved from /home/airflow/.local/lib/python3.8/site-packages/airflow/example_dags/example_local_kubernetes_executor.py
[2026-08-13T12:52:32.853+0000] {logging_mixin.py:188} INFO - [2026-08-13T12:52:32.853+0000] {dag.py:3036} INFO - Sync 1 DAGs
[2026-08-13T12:52:32.878+0000] {logging_mixin.py:188} INFO - [2026-08-13T12:52:32.877+0000] {dag.py:3823} INFO - Setting next_dagrun for example_local_kubernetes_executor to None, run_after=None
[2026-08-13T12:52:32.916+0000] {processor.py:183} INFO - Processing /home/airflow/.local/lib/python3.8/site-packages/airflow/example_dags/example_local_kubernetes_executor.py took 0.184 seconds
[2026-08-13T12:53:02.986+0000] {processor.py:161} INFO - Started process (PID=873) to work on /home/airflow/.local/lib/python3.8/site-packages/airflow/example_dags/example_local_kubernetes_executor.py
[2026-08-13T12:53:02.988+0000] {processor.py:830} INFO - Processing file /home/airflow/.local/lib/python3.8/site-packages/airflow/example_dags/example_local_kubernetes_executor.py for tasks to queue
[2026-08-13T12:53:02.991+0000] {logging_mixin.py:188} INFO - [2026-08-13T12:53:02.991+0000] {dagbag.py:538} INFO - Filling up the DagBag from /home/airflow/.local/lib/python3.8/site-packages/airflow/example_dags/example_local_kubernetes_executor.py
[2026-08-13T12:53:03.009+0000] {processor.py:840} INFO - DAG(s) 'example_local_kubernetes_executor' retrieved from /home/airflow/.local/lib/python3.8/site-packages/airflow/example_dags/example_local_kubernetes_executor.py
[2026-08-13T12:53:03.149+0000] {logging_mixin.py:188} INFO - [2026-08-13T12:53:03.148+0000] {dag.py:3036} INFO - Sync 1 DAGs
[2026-08-13T12:53:03.199+0000] {logging_mixin.py:188} INFO - [2026-08-13T12:53:03.199+0000] {dag.py:3823} INFO - Setting next_dagrun for example_local_kubernetes_executor to None, run_after=None
[2026-08-13T12:53:03.256+0000] {processor.py:183} INFO - Processing /home/airflow/.local/lib/python3.8/site-packages/airflow/example_dags/example_local_kubernetes_executor.py took 0.275 seconds
[2026-08-13T12:53:33.863+0000] {processor.py:161} INFO - Started process (PID=928) to work on /home/airflow/.local/lib/python3.8/site-packages/airflow/example_dags/example_local_kubernetes_executor.py
[2026-08-13T12:53:33.866+0000] {processor.py:830} INFO - Processing file /home/airflow/.local/lib/python3.8/site-packages/airflow/example_dags/example_local_kubernetes_executor.py for tasks to queue
[2026-08-13T12:53:33.869+0000] {logging_mixin.py:188} INFO - [2026-08-13T12:53:33.869+0000] {dagbag.py:538} INFO - Filling up the DagBag from /home/airflow/.local/lib/python3.8/site-packages/airflow/example_dags/example_local_kubernetes_executor.py
[2026-08-13T12:53:33.896+0000] {processor.py:840} INFO - DAG(s) 'example_local_kubernetes_executor' retrieved from /home/airflow/.local/lib/python3.8/site-packages/airflow/example_dags/example_local_kubernetes_executor.py
[2026-08-13T12:53:33.964+0000] {logging_mixin.py:188} INFO - [2026-08-13T12:53:33.963+0000] {dag.py:3036} INFO - Sync 1 DAGs
[2026-08-13T12:53:33.985+0000] {logging_mixin.py:188} INFO - [2026-08-13T12:53:33.984+0000] {dag.py:3823} INFO - Setting next_dagrun for example_local_kubernetes_executor to None, run_after=None
[2026-08-13T12:53:34.021+0000] {processor.py:183} INFO - Processing /home/airflow/.local/lib/python3.8/site-packages/airflow/example_dags/example_local_kubernetes_executor.py took 0.163 seconds
[2026-08-13T12:54:04.638+0000] {processor.py:161} INFO - Started process (PID=983) to work on /home/airflow/.local/lib/python3.8/site-packages/airflow/example_dags/example_local_kubernetes_executor.py
[2026-08-13T12:54:04.641+0000] {processor.py:830} INFO - Processing file /home/airflow/.local/lib/python3.8/site-packages/airflow/example_dags/example_local_kubernetes_executor.py for tasks to queue
[2026-08-13T12:54:04.648+0000] {logging_mixin.py:188} INFO - [2026-08-13T12:54:04.646+0000] {dagbag.py:538} INFO - Filling up the DagBag from /home/airflow/.local/lib/python3.8/site-packages/airflow/example_dags/example_local_kubernetes_executor.py
[2026-08-13T12:54:04.667+0000] {processor.py:840} INFO - DAG(s) 'example_local_kubernetes_executor' retrieved from /home/airflow/.local/lib/python3.8/site-packages/airflow/example_dags/example_local_kubernetes_executor.py
[2026-08-13T12:54:04.731+0000] {logging_mixin.py:188} INFO - [2026-08-13T12:54:04.730+0000] {dag.py:3036} INFO - Sync 1 DAGs
[2026-08-13T12:54:04.753+0000] {logging_mixin.py:188} INFO - [2026-08-13T12:54:04.753+0000] {dag.py:3823} INFO - Setting next_dagrun for example_local_kubernetes_executor to None, run_after=None
[2026-08-13T12:54:04.783+0000] {processor.py:183} INFO - Processing /home/airflow/.local/lib/python3.8/site-packages/airflow/example_dags/example_local_kubernetes_executor.py took 0.150 seconds
[2026-08-13T12:54:35.007+0000] {processor.py:161} INFO - Started process (PID=1038) to work on /home/airflow/.local/lib/python3.8/site-packages/airflow/example_dags/example_local_kubernetes_executor.py
[2026-08-13T12:54:35.010+0000] {processor.py:830} INFO - Processing file /home/airflow/.local/lib/python3.8/site-packages/airflow/example_dags/example_local_kubernetes_executor.py for tasks to queue
[2026-08-13T12:54:35.017+0000] {logging_mixin.py:188} INFO - [2026-08-13T12:54:35.016+0000] {dagbag.py:538} INFO - Filling up the DagBag from /home/airflow/.local/lib/python3.8/site-packages/airflow/example_dags/example_local_kubernetes_executor.py
[2026-08-13T12:54:35.042+0000] {processor.py:840} INFO - DAG(s) 'example_local_kubernetes_executor' retrieved from /home/airflow/.local/lib/python3.8/site-packages/airflow/example_dags/example_local_kubernetes_executor.py
[2026-08-13T12:54:35.145+0000] {logging_mixin.py:188} INFO - [2026-08-13T12:54:35.144+0000] {dag.py:3036} INFO - Sync 1 DAGs
[2026-08-13T12:54:35.191+0000] {logging_mixin.py:188} INFO - [2026-08-13T12:54:35.190+0000] {dag.py:3823} INFO - Setting next_dagrun for example_local_kubernetes_executor to None, run_after=None
[2026-08-13T12:54:35.273+0000] {processor.py:183} INFO - Processing /home/airflow/.local/lib/python3.8/site-packages/airflow/example_dags/example_local_kubernetes_executor.py took 0.282 seconds
[2026-08-13T12:55:06.015+0000] {processor.py:161} INFO - Started process (PID=1093) to work on /home/airflow/.local/lib/python3.8/site-packages/airflow/example_dags/example_local_kubernetes_executor.py
[2026-08-13T12:55:06.018+0000] {processor.py:830} INFO - Processing file /home/airflow/.local/lib/python3.8/site-packages/airflow/example_dags/example_local_kubernetes_executor.py for tasks to queue
[2026-08-13T12:55:06.021+0000] {logging_mixin.py:188} INFO - [2026-08-13T12:55:06.020+0000] {dagbag.py:538} INFO - Filling up the DagBag from /home/airflow/.local/lib/python3.8/site-packages/airflow/example_dags/example_local_kubernetes_executor.py
[2026-08-13T12:55:06.037+0000] {processor.py:840} INFO - DAG(s) 'example_local_kubernetes_executor' retrieved from /home/airflow/.local/lib/python3.8/site-packages/airflow/example_dags/example_local_kubernetes_executor.py
[2026-08-13T12:55:06.095+0000] {logging_mixin.py:188} INFO - [2026-08-13T12:55:06.095+0000] {dag.py:3036} INFO - Sync 1 DAGs
[2026-08-13T12:55:06.114+0000] {logging_mixin.py:188} INFO - [2026-08-13T12:55:06.114+0000] {dag.py:3823} INFO - Setting next_dagrun for example_local_kubernetes_executor to None, run_after=None
[2026-08-13T12:55:06.149+0000] {processor.py:183} INFO - Processing /home/airflow/.local/lib/python3.8/site-packages/airflow/example_dags/example_local_kubernetes_executor.py took 0.140 seconds
[2026-08-13T12:55:36.285+0000] {processor.py:161} INFO - Started process (PID=1148) to work on /home/airflow/.local/lib/python3.8/site-packages/airflow/example_dags/example_local_kubernetes_executor.py
[2026-08-13T12:55:36.287+0000] {processor.py:830} INFO - Processing file /home/airflow/.local/lib/python3.8/site-packages/airflow/example_dags/example_local_kubernetes_executor.py for tasks to queue
[2026-08-13T12:55:36.291+0000] {logging_mixin.py:188} INFO - [2026-08-13T12:55:36.290+0000] {dagbag.py:538} INFO - Filling up the DagBag from /home/airflow/.local/lib/python3.8/site-packages/airflow/example_dags/example_local_kubernetes_executor.py
[2026-08-13T12:55:36.308+0000] {processor.py:840} INFO - DAG(s) 'example_local_kubernetes_executor' retrieved from /home/airflow/.local/lib/python3.8/site-packages/airflow/example_dags/example_local_kubernetes_executor.py
[2026-08-13T12:55:36.368+0000] {logging_mixin.py:188} INFO - [2026-08-13T12:55:36.368+0000] {dag.py:3036} INFO - Sync 1 DAGs
[2026-08-13T12:55:36.387+0000] {logging_mixin.py:188} INFO - [2026-08-13T12:55:36.386+0000] {dag.py:3823} INFO - Setting next_dagrun for example_local_kubernetes_executor to None, run_after=None
[2026-08-13T12:55:36.421+0000] {processor.py:183} INFO - Processing /home/airflow/.local/lib/python3.8/site-packages/airflow/example_dags/example_local_kubernetes_executor.py took 0.143 seconds
[2026-08-13T12:56:07.062+0000] {processor.py:161} INFO - Started process (PID=1209) to work on /home/airflow/.local/lib/python3.8/site-packages/airflow/example_dags/example_local_kubernetes_executor.py
[2026-08-13T12:56:07.064+0000] {processor.py:830} INFO - Processing file /home/airflow/.local/lib/python3.8/site-packages/airflow/example_dags/example_local_kubernetes_executor.py for tasks to queue
[2026-08-13T12:56:07.069+0000] {logging_mixin.py:188} INFO - [2026-08-13T12:56:07.068+0000] {dagbag.py:538} INFO - Filling up the DagBag from /home/airflow/.local/lib/python3.8/site-packages/airflow/example_dags/example_local_kubernetes_executor.py
[2026-08-13T12:56:07.082+0000] {processor.py:840} INFO - DAG(s) 'example_local_kubernetes_executor' retrieved from /home/airflow/.local/lib/python3.8/site-packages/airflow/example_dags/example_local_kubernetes_executor.py
[2026-08-13T12:56:07.133+0000] {logging_mixin.py:188} INFO - [2026-08-13T12:56:07.133+0000] {dag.py:3036} INFO - Sync 1 DAGs
[2026-08-13T12:56:07.156+0000] {logging_mixin.py:188} INFO - [2026-08-13T12:56:07.155+0000] {dag.py:3823} INFO - Setting next_dagrun for example_local_kubernetes_executor to None, run_after=None
[2026-08-13T12:56:07.194+0000] {processor.py:183} INFO - Processing /home/airflow/.local/lib/python3.8/site-packages/airflow/example_dags/example_local_kubernetes_executor.py took 0.137 seconds
[2026-08-13T12:56:37.361+0000] {processor.py:161} INFO - Started process (PID=1264) to work on /home/airflow/.local/lib/python3.8/site-packages/airflow/example_dags/example_local_kubernetes_executor.py
[2026-08-13T12:56:37.374+0000] {processor.py:830} INFO - Processing file /home/airflow/.local/lib/python3.8/site-packages/airflow/example_dags/example_local_kubernetes_executor.py for tasks to queue
[2026-08-13T12:56:37.378+0000] {logging_mixin.py:188} INFO - [2026-08-13T12:56:37.377+0000] {dagbag.py:538} INFO - Filling up the DagBag from /home/airflow/.local/lib/python3.8/site-packages/airflow/example_dags/example_local_kubernetes_executor.py
[2026-08-13T12:56:37.394+0000] {processor.py:840} INFO - DAG(s) 'example_local_kubernetes_executor' retrieved from /home/airflow/.local/lib/python3.8/site-packages/airflow/example_dags/example_local_kubernetes_executor.py
[2026-08-13T12:56:37.473+0000] {logging_mixin.py:188} INFO - [2026-08-13T12:56:37.472+0000] {dag.py:3036} INFO - Sync 1 DAGs
[2026-08-13T12:56:37.506+0000] {logging_mixin.py:188} INFO - [2026-08-13T12:56:37.506+0000] {dag.py:3823} INFO - Setting next_dagrun for example_local_kubernetes_executor to None, run_after=None
[2026-08-13T12:56:37.561+0000] {processor.py:183} INFO - Processing /home/airflow/.local/lib/python3.8/site-packages/airflow/example_dags/example_local_kubernetes_executor.py took 0.206 seconds
[2026-08-13T12:57:08.442+0000] {processor.py:161} INFO - Started process (PID=1319) to work on /home/airflow/.local/lib/python3.8/site-packages/airflow/example_dags/example_local_kubernetes_executor.py
[2026-08-13T12:57:08.444+0000] {processor.py:830} INFO - Processing file /home/airflow/.local/lib/python3.8/site-packages/airflow/example_dags/example_local_kubernetes_executor.py for tasks to queue
[2026-08-13T12:57:08.448+0000] {logging_mixin.py:188} INFO - [2026-08-13T12:57:08.448+0000] {dagbag.py:538} INFO - Filling up the DagBag from /home/airflow/.local/lib/python3.8/site-packages/airflow/example_dags/example_local_kubernetes_executor.py
[2026-08-13T12:57:08.460+0000] {processor.py:840} INFO - DAG(s) 'example_local_kubernetes_executor' retrieved from /home/airflow/.local/lib/python3.8/site-packages/airflow/example_dags/example_local_kubernetes_executor.py
[2026-08-13T12:57:08.509+0000] {logging_mixin.py:188} INFO - [2026-08-13T12:57:08.509+0000] {dag.py:3036} INFO - Sync 1 DAGs
[2026-08-13T12:57:08.526+0000] {logging_mixin.py:188} INFO - [2026-08-13T12:57:08.525+0000] {dag.py:3823} INFO - Setting next_dagrun for example_local_kubernetes_executor to None, run_after=None
[2026-08-13T12:57:08.553+0000] {processor.py:183} INFO - Processing /home/airflow/.local/lib/python3.8/site-packages/airflow/example_dags/example_local_kubernetes_executor.py took 0.118 seconds
