[2026-08-13T12:33:39.872+0000] {processor.py:161} INFO - Started process (PID=117) to work on /home/airflow/.local/lib/python3.8/site-packages/airflow/example_dags/example_datasets.py
[2026-08-13T12:33:39.876+0000] {processor.py:830} INFO - Processing file /home/airflow/.local/lib/python3.8/site-packages/airflow/example_dags/example_datasets.py for tasks to queue
[2026-08-13T12:33:39.882+0000] {logging_mixin.py:188} INFO - [2026-08-13T12:33:39.881+0000] {dagbag.py:538} INFO - Filling up the DagBag from /home/airflow/.local/lib/python3.8/site-packages/airflow/example_dags/example_datasets.py
[2026-08-13T12:33:39.911+0000] {processor.py:840} INFO - DAG(s) 'dataset_produces_1', 'dataset_consumes_unknown_never_scheduled', 'dataset_produces_2', 'dataset_consumes_1_never_scheduled', 'dataset_consumes_1_and_2', 'dataset_consumes_1' retrieved from /home/airflow/.local/lib/python3.8/site-packages/airflow/example_dags/example_datasets.py
[2026-08-13T12:33:40.468+0000] {logging_mixin.py:188} INFO - [2026-08-13T12:33:40.467+0000] {dag.py:3036} INFO - Sync 6 DAGs
[2026-08-13T12:33:40.510+0000] {logging_mixin.py:188} INFO - [2026-08-13T12:33:40.509+0000] {dag.py:3823} INFO - Setting next_dagrun for dataset_consumes_1 to None, run_after=None
[2026-08-13T12:33:40.519+0000] {logging_mixin.py:188} INFO - [2026-08-13T12:33:40.519+0000] {dag.py:3823} INFO - Setting next_dagrun for dataset_consumes_1_and_2 to None, run_after=None
[2026-08-13T12:33:40.523+0000] {logging_mixin.py:188} INFO - [2026-08-13T12:33:40.523+0000] {dag.py:3823} INFO - Setting next_dagrun for dataset_consumes_1_never_scheduled to None, run_after=None
[2026-08-13T12:33:40.527+0000] {logging_mixin.py:188} INFO - [2026-08-13T12:33:40.526+0000] {dag.py:3823} INFO - Setting next_dagrun for dataset_consumes_unknown_never_scheduled to None, run_after=None
[2026-08-13T12:33:40.534+0000] {logging_mixin.py:188} INFO - [2026-08-13T12:33:40.534+0000] {dag.py:3823} INFO - Setting next_dagrun for dataset_produces_1 to 2026-08-12 00:00:00+00:00, run_after=2026-08-13 00:00:00+00:00
[2026-08-13T12:33:40.537+0000] {logging_mixin.py:188} INFO - [2026-08-13T12:33:40.537+0000] {dag.py:3823} INFO - Setting next_dagrun for dataset_produces_2 to None, run_after=None
[2026-08-13T12:33:40.681+0000] {processor.py:183} INFO - Processing /home/airflow/.local/lib/python3.8/site-packages/airflow/example_dags/example_datasets.py took 0.818 seconds
[2026-08-13T12:34:11.205+0000] {processor.py:161} INFO - Started process (PID=172) to work on /home/airflow/.local/lib/python3.8/site-packages/airflow/example_dags/example_datasets.py
[2026-08-13T12:34:11.207+0000] {processor.py:830} INFO - Processing file /home/airflow/.local/lib/python3.8/site-packages/airflow/example_dags/example_datasets.py for tasks to queue
[2026-08-13T12:34:11.210+0000] {logging_mixin.py:188} INFO - [2026-08-13T12:34:11.209+0000] {dagbag.py:538} INFO - Filling up the DagBag from /home/airflow/.local/lib/python3.8/site-packages/airflow/example_dags/example_datasets.py
[2026-08-13T12:34:11.226+0000] {processor.py:840} INFO - DAG(s) 'dataset_produces_2', 'dataset_consumes_1_and_2', 'dataset_consumes_unknown_never_scheduled', 'dataset_consumes_1_never_scheduled', 'dataset_consumes_1', 'dataset_produces_1' retrieved from /home/airflow/.local/lib/python3.8/site-packages/airflow/example_dags/example_datasets.py
[2026-08-13T12:34:11.317+0000] {logging_mixin.py:188} INFO - [2026-08-13T12:34:11.316+0000] {dag.py:3036} INFO - Sync 6 DAGs
[2026-08-13T12:34:11.394+0000] {logging_mixin.py:188} INFO - [2026-08-13T12:34:11.393+0000] {dag.py:3823} INFO - Setting next_dagrun for dataset_consumes_1 to None, run_after=None
[2026-08-13T12:34:11.404+0000] {logging_mixin.py:188} INFO - [2026-08-13T12:34:11.404+0000] {dag.py:3823} INFO - Setting next_dagrun for dataset_consumes_1_and_2 to None, run_after=None
[2026-08-13T12:34:11.408+0000] {logging_mixin.py:188} INFO - [2026-08-13T12:34:11.407+0000] {dag.py:3823} INFO - Setting next_dagrun for dataset_consumes_1_never_scheduled to None, run_after=None
[2026-08-13T12:34:11.410+0000] {logging_mixin.py:188} INFO - [2026-08-13T12:34:11.410+0000] {dag.py:3823} INFO - Setting next_dagrun for dataset_consumes_unknown_never_scheduled to None, run_after=None
[2026-08-13T12:34:11.415+0000] {logging_mixin.py:188} INFO - [2026-08-13T12:34:11.415+0000] {dag.py:3823} INFO - Setting next_dagrun for dataset_produces_1 to 2026-08-12 00:00:00+00:00, run_after=2026-08-13 00:00:00+00:00
[2026-08-13T12:34:11.419+0000] {logging_mixin.py:188} INFO - [2026-08-13T12:34:11.419+0000] {dag.py:3823} INFO - Setting next_dagrun for dataset_produces_2 to None, run_after=None
[2026-08-13T12:34:11.497+0000] {processor.py:183} INFO - Processing /home/airflow/.local/lib/python3.8/site-packages/airflow/example_dags/example_datasets.py took 0.297 seconds
[2026-08-13T12:34:41.684+0000] {processor.py:161} INFO - Started process (PID=227) to work on /home/airflow/.local/lib/python3.8/site-packages/airflow/example_dags/example_datasets.py
[2026-08-13T12:34:41.686+0000] {processor.py:830} INFO - Processing file /home/airflow/.local/lib/python3.8/site-packages/airflow/example_dags/example_datasets.py for tasks to queue
[2026-08-13T12:34:41.691+0000] {logging_mixin.py:188} INFO - [2026-08-13T12:34:41.690+0000] {dagbag.py:538} INFO - Filling up the DagBag from /home/airflow/.local/lib/python3.8/site-packages/airflow/example_dags/example_datasets.py
[2026-08-13T12:34:41.719+0000] {processor.py:840} INFO - DAG(s) 'dataset_consumes_1', 'dataset_consumes_1_never_scheduled', 'dataset_produces_1', 'dataset_consumes_unknown_never_scheduled', 'dataset_produces_2', 'dataset_consumes_1_and_2' retrieved from /home/airflow/.local/lib/python3.8/site-packages/airflow/example_dags/example_datasets.py
[2026-08-13T12:34:41.795+0000] {logging_mixin.py:188} INFO - [2026-08-13T12:34:41.794+0000] {dag.py:3036} INFO - Sync 6 DAGs
[2026-08-13T12:34:41.827+0000] {logging_mixin.py:188} INFO - [2026-08-13T12:34:41.827+0000] {dag.py:3823} INFO - Setting next_dagrun for dataset_consumes_1 to None, run_after=None
[2026-08-13T12:34:41.849+0000] {logging_mixin.py:188} INFO - [2026-08-13T12:34:41.848+0000] {dag.py:3823} INFO - Setting next_dagrun for dataset_consumes_1_and_2 to None, run_after=None
[2026-08-13T12:34:41.852+0000] {logging_mixin.py:188} INFO - [2026-08-13T12:34:41.852+0000] {dag.py:3823} INFO - Setting next_dagrun for dataset_consumes_1_never_scheduled to None, run_after=None
[2026-08-13T12:34:41.855+0000] {logging_mixin.py:188} INFO - [2026-08-13T12:34:41.854+0000] {dag.py:3823} INFO - Setting next_dagrun for dataset_consumes_unknown_never_scheduled to None, run_after=None
[2026-08-13T12:34:41.861+0000] {logging_mixin.py:188} INFO - [2026-08-13T12:34:41.860+0000] {dag.py:3823} INFO - Setting next_dagrun for dataset_produces_1 to 2026-08-12 00:00:00+00:00, run_after=2026-08-13 00:00:00+00:00
[2026-08-13T12:34:41.864+0000] {logging_mixin.py:188} INFO - [2026-08-13T12:34:41.864+0000] {dag.py:3823} INFO - Setting next_dagrun for dataset_produces_2 to None, run_after=None
[2026-08-13T12:34:41.919+0000] {processor.py:183} INFO - Processing /home/airflow/.local/lib/python3.8/site-packages/airflow/example_dags/example_datasets.py took 0.242 seconds
[2026-08-13T12:35:12.033+0000] {processor.py:161} INFO - Started process (PID=282) to work on /home/airflow/.local/lib/python3.8/site-packages/airflow/example_dags/example_datasets.py
[2026-08-13T12:35:12.037+0000] {processor.py:830} INFO - Processing file /home/airflow/.local/lib/python3.8/site-packages/airflow/example_dags/example_datasets.py for tasks to queue
[2026-08-13T12:35:12.040+0000] {logging_mixin.py:188} INFO - [2026-08-13T12:35:12.039+0000] {dagbag.py:538} INFO - Filling up the DagBag from /home/airflow/.local/lib/python3.8/site-packages/airflow/example_dags/example_datasets.py
[2026-08-13T12:35:12.053+0000] {processor.py:840} INFO - DAG(s) 'dataset_consumes_unknown_never_scheduled', 'dataset_produces_1', 'dataset_consumes_1_and_2', 'dataset_produces_2', 'dataset_consumes_1', 'dataset_consumes_1_never_scheduled' retrieved from /home/airflow/.local/lib/python3.8/site-packages/airflow/example_dags/example_datasets.py
[2026-08-13T12:35:12.108+0000] {logging_mixin.py:188} INFO - [2026-08-13T12:35:12.107+0000] {dag.py:3036} INFO - Sync 6 DAGs
[2026-08-13T12:35:12.145+0000] {logging_mixin.py:188} INFO - [2026-08-13T12:35:12.144+0000] {dag.py:3823} INFO - Setting next_dagrun for dataset_consumes_1 to None, run_after=None
[2026-08-13T12:35:12.152+0000] {logging_mixin.py:188} INFO - [2026-08-13T12:35:12.151+0000] {dag.py:3823} INFO - Setting next_dagrun for dataset_consumes_1_and_2 to None, run_after=None
[2026-08-13T12:35:12.154+0000] {logging_mixin.py:188} INFO - [2026-08-13T12:35:12.154+0000] {dag.py:3823} INFO - Setting next_dagrun for dataset_consumes_1_never_scheduled to None, run_after=None
[2026-08-13T12:35:12.157+0000] {logging_mixin.py:188} INFO - [2026-08-13T12:35:12.157+0000] {dag.py:3823} INFO - Setting next_dagrun for dataset_consumes_unknown_never_scheduled to None, run_after=None
[2026-08-13T12:35:12.162+0000] {logging_mixin.py:188} INFO - [2026-08-13T12:35:12.162+0000] {dag.py:3823} INFO - Setting next_dagrun for dataset_produces_1 to 2026-08-12 00:00:00+00:00, run_after=2026-08-13 00:00:00+00:00
[2026-08-13T12:35:12.165+0000] {logging_mixin.py:188} INFO - [2026-08-13T12:35:12.165+0000] {dag.py:3823} INFO - Setting next_dagrun for dataset_produces_2 to None, run_after=None
[2026-08-13T12:35:12.251+0000] {processor.py:183} INFO - Processing /home/airflow/.local/lib/python3.8/site-packages/airflow/example_dags/example_datasets.py took 0.225 seconds
[2026-08-13T12:35:42.460+0000] {processor.py:161} INFO - Started process (PID=337) to work on /home/airflow/.local/lib/python3.8/site-packages/airflow/example_dags/example_datasets.py
[2026-08-13T12:35:42.462+0000] {processor.py:830} INFO - Processing file /home/airflow/.local/lib/python3.8/site-packages/airflow/example_dags/example_datasets.py for tasks to queue
[2026-08-13T12:35:42.468+0000] {logging_mixin.py:188} INFO - [2026-08-13T12:35:42.467+0000] {dagbag.py:538} INFO - Filling up the DagBag from /home/airflow/.local/lib/python3.8/site-packages/airflow/example_dags/example_datasets.py
[2026-08-13T12:35:42.494+0000] {processor.py:840} INFO - DAG(s) 'dataset_consumes_1', 'dataset_consumes_unknown_never_scheduled', 'dataset_consumes_1_never_scheduled', 'dataset_produces_2', 'dataset_consumes_1_and_2', 'dataset_produces_1' retrieved from /home/airflow/.local/lib/python3.8/site-packages/airflow/example_dags/example_datasets.py
[2026-08-13T12:35:42.561+0000] {logging_mixin.py:188} INFO - [2026-08-13T12:35:42.561+0000] {dag.py:3036} INFO - Sync 6 DAGs
[2026-08-13T12:35:42.598+0000] {logging_mixin.py:188} INFO - [2026-08-13T12:35:42.598+0000] {dag.py:3823} INFO - Setting next_dagrun for dataset_consumes_1 to None, run_after=None
[2026-08-13T12:35:42.606+0000] {logging_mixin.py:188} INFO - [2026-08-13T12:35:42.605+0000] {dag.py:3823} INFO - Setting next_dagrun for dataset_consumes_1_and_2 to None, run_after=None
[2026-08-13T12:35:42.608+0000] {logging_mixin.py:188} INFO - [2026-08-13T12:35:42.608+0000] {dag.py:3823} INFO - Setting next_dagrun for dataset_consumes_1_never_scheduled to None, run_after=None
[2026-08-13T12:35:42.611+0000] {logging_mixin.py:188} INFO - [2026-08-13T12:35:42.610+0000] {dag.py:3823} INFO - Setting next_dagrun for dataset_consumes_unknown_never_scheduled to None, run_after=None
[2026-08-13T12:35:42.615+0000] {logging_mixin.py:188} INFO - [2026-08-13T12:35:42.615+0000] {dag.py:3823} INFO - Setting next_dagrun for dataset_produces_1 to 2026-08-12 00:00:00+00:00, run_after=2026-08-13 00:00:00+00:00
[2026-08-13T12:35:42.618+0000] {logging_mixin.py:188} INFO - [2026-08-13T12:35:42.618+0000] {dag.py:3823} INFO - Setting next_dagrun for dataset_produces_2 to None, run_after=None
[2026-08-13T12:35:42.671+0000] {processor.py:183} INFO - Processing /home/airflow/.local/lib/python3.8/site-packages/airflow/example_dags/example_datasets.py took 0.218 seconds
[2026-08-13T12:36:12.805+0000] {processor.py:161} INFO - Started process (PID=392) to work on /home/airflow/.local/lib/python3.8/site-packages/airflow/example_dags/example_datasets.py
[2026-08-13T12:36:12.806+0000] {processor.py:830} INFO - Processing file /home/airflow/.local/lib/python3.8/site-packages/airflow/example_dags/example_datasets.py for tasks to queue
[2026-08-13T12:36:12.809+0000] {logging_mixin.py:188} INFO - [2026-08-13T12:36:12.808+0000] {dagbag.py:538} INFO - Filling up the DagBag from /home/airflow/.local/lib/python3.8/site-packages/airflow/example_dags/example_datasets.py
[2026-08-13T12:36:12.820+0000] {processor.py:840} INFO - DAG(s) 'dataset_produces_2', 'dataset_consumes_1', 'dataset_consumes_1_never_scheduled', 'dataset_produces_1', 'dataset_consumes_1_and_2', 'dataset_consumes_unknown_never_scheduled' retrieved from /home/airflow/.local/lib/python3.8/site-packages/airflow/example_dags/example_datasets.py
[2026-08-13T12:36:12.864+0000] {logging_mixin.py:188} INFO - [2026-08-13T12:36:12.864+0000] {dag.py:3036} INFO - Sync 6 DAGs
[2026-08-13T12:36:12.898+0000] {logging_mixin.py:188} INFO - [2026-08-13T12:36:12.897+0000] {dag.py:3823} INFO - Setting next_dagrun for dataset_consumes_1 to None, run_after=None
[2026-08-13T12:36:12.906+0000] {logging_mixin.py:188} INFO - [2026-08-13T12:36:12.906+0000] {dag.py:3823} INFO - Setting next_dagrun for dataset_consumes_1_and_2 to None, run_after=None
[2026-08-13T12:36:12.909+0000] {logging_mixin.py:188} INFO - [2026-08-13T12:36:12.908+0000] {dag.py:3823} INFO - Setting next_dagrun for dataset_consumes_1_never_scheduled to None, run_after=None
[2026-08-13T12:36:12.911+0000] {logging_mixin.py:188} INFO - [2026-08-13T12:36:12.911+0000] {dag.py:3823} INFO - Setting next_dagrun for dataset_consumes_unknown_never_scheduled to None, run_after=None
[2026-08-13T12:36:12.917+0000] {logging_mixin.py:188} INFO - [2026-08-13T12:36:12.916+0000] {dag.py:3823} INFO - Setting next_dagrun for dataset_produces_1 to 2026-08-12 00:00:00+00:00, run_after=2026-08-13 00:00:00+00:00
[2026-08-13T12:36:12.919+0000] {logging_mixin.py:188} INFO - [2026-08-13T12:36:12.919+0000] {dag.py:3823} INFO - Setting next_dagrun for dataset_produces_2 to None, run_after=None
[2026-08-13T12:36:12.983+0000] {processor.py:183} INFO - Processing /home/airflow/.local/lib/python3.8/site-packages/airflow/example_dags/example_datasets.py took 0.183 seconds
[2026-08-13T12:41:56.699+0000] {processor.py:161} INFO - Started process (PID=139) to work on /home/airflow/.local/lib/python3.8/site-packages/airflow/example_dags/example_datasets.py
[2026-08-13T12:41:56.702+0000] {processor.py:830} INFO - Processing file /home/airflow/.local/lib/python3.8/site-packages/airflow/example_dags/example_datasets.py for tasks to queue
[2026-08-13T12:41:56.707+0000] {logging_mixin.py:188} INFO - [2026-08-13T12:41:56.706+0000] {dagbag.py:538} INFO - Filling up the DagBag from /home/airflow/.local/lib/python3.8/site-packages/airflow/example_dags/example_datasets.py
[2026-08-13T12:41:56.752+0000] {processor.py:840} INFO - DAG(s) 'dataset_produces_2', 'dataset_consumes_1_and_2', 'dataset_consumes_1', 'dataset_produces_1', 'dataset_consumes_1_never_scheduled', 'dataset_consumes_unknown_never_scheduled' retrieved from /home/airflow/.local/lib/python3.8/site-packages/airflow/example_dags/example_datasets.py
[2026-08-13T12:41:57.267+0000] {logging_mixin.py:188} INFO - [2026-08-13T12:41:57.265+0000] {dag.py:3036} INFO - Sync 6 DAGs
[2026-08-13T12:41:57.348+0000] {logging_mixin.py:188} INFO - [2026-08-13T12:41:57.347+0000] {dag.py:3823} INFO - Setting next_dagrun for dataset_consumes_1 to None, run_after=None
[2026-08-13T12:41:57.367+0000] {logging_mixin.py:188} INFO - [2026-08-13T12:41:57.366+0000] {dag.py:3823} INFO - Setting next_dagrun for dataset_consumes_1_and_2 to None, run_after=None
[2026-08-13T12:41:57.382+0000] {logging_mixin.py:188} INFO - [2026-08-13T12:41:57.381+0000] {dag.py:3823} INFO - Setting next_dagrun for dataset_consumes_1_never_scheduled to None, run_after=None
[2026-08-13T12:41:57.387+0000] {logging_mixin.py:188} INFO - [2026-08-13T12:41:57.386+0000] {dag.py:3823} INFO - Setting next_dagrun for dataset_consumes_unknown_never_scheduled to None, run_after=None
[2026-08-13T12:41:57.407+0000] {logging_mixin.py:188} INFO - [2026-08-13T12:41:57.406+0000] {dag.py:3823} INFO - Setting next_dagrun for dataset_produces_1 to 2026-08-12 00:00:00+00:00, run_after=2026-08-13 00:00:00+00:00
[2026-08-13T12:41:57.435+0000] {logging_mixin.py:188} INFO - [2026-08-13T12:41:57.434+0000] {dag.py:3823} INFO - Setting next_dagrun for dataset_produces_2 to None, run_after=None
[2026-08-13T12:41:57.781+0000] {processor.py:183} INFO - Processing /home/airflow/.local/lib/python3.8/site-packages/airflow/example_dags/example_datasets.py took 1.095 seconds
[2026-08-13T12:42:30.470+0000] {processor.py:161} INFO - Started process (PID=196) to work on /home/airflow/.local/lib/python3.8/site-packages/airflow/example_dags/example_datasets.py
[2026-08-13T12:42:30.479+0000] {processor.py:830} INFO - Processing file /home/airflow/.local/lib/python3.8/site-packages/airflow/example_dags/example_datasets.py for tasks to queue
[2026-08-13T12:42:30.491+0000] {logging_mixin.py:188} INFO - [2026-08-13T12:42:30.490+0000] {dagbag.py:538} INFO - Filling up the DagBag from /home/airflow/.local/lib/python3.8/site-packages/airflow/example_dags/example_datasets.py
[2026-08-13T12:42:30.605+0000] {processor.py:840} INFO - DAG(s) 'dataset_consumes_1_and_2', 'dataset_produces_2', 'dataset_produces_1', 'dataset_consumes_1_never_scheduled', 'dataset_consumes_unknown_never_scheduled', 'dataset_consumes_1' retrieved from /home/airflow/.local/lib/python3.8/site-packages/airflow/example_dags/example_datasets.py
[2026-08-13T12:42:31.748+0000] {logging_mixin.py:188} INFO - [2026-08-13T12:42:31.747+0000] {dag.py:3036} INFO - Sync 6 DAGs
[2026-08-13T12:42:32.802+0000] {logging_mixin.py:188} INFO - [2026-08-13T12:42:32.801+0000] {dag.py:3823} INFO - Setting next_dagrun for dataset_consumes_1 to None, run_after=None
[2026-08-13T12:42:32.834+0000] {logging_mixin.py:188} INFO - [2026-08-13T12:42:32.833+0000] {dag.py:3823} INFO - Setting next_dagrun for dataset_consumes_1_and_2 to None, run_after=None
[2026-08-13T12:42:32.849+0000] {logging_mixin.py:188} INFO - [2026-08-13T12:42:32.849+0000] {dag.py:3823} INFO - Setting next_dagrun for dataset_consumes_1_never_scheduled to None, run_after=None
[2026-08-13T12:42:32.854+0000] {logging_mixin.py:188} INFO - [2026-08-13T12:42:32.854+0000] {dag.py:3823} INFO - Setting next_dagrun for dataset_consumes_unknown_never_scheduled to None, run_after=None
[2026-08-13T12:42:32.883+0000] {logging_mixin.py:188} INFO - [2026-08-13T12:42:32.882+0000] {dag.py:3823} INFO - Setting next_dagrun for dataset_produces_1 to 2026-08-12 00:00:00+00:00, run_after=2026-08-13 00:00:00+00:00
[2026-08-13T12:42:32.898+0000] {logging_mixin.py:188} INFO - [2026-08-13T12:42:32.898+0000] {dag.py:3823} INFO - Setting next_dagrun for dataset_produces_2 to None, run_after=None
[2026-08-13T12:42:33.171+0000] {processor.py:183} INFO - Processing /home/airflow/.local/lib/python3.8/site-packages/airflow/example_dags/example_datasets.py took 2.723 seconds
[2026-08-13T12:45:49.453+0000] {processor.py:161} INFO - Started process (PID=121) to work on /home/airflow/.local/lib/python3.8/site-packages/airflow/example_dags/example_datasets.py
[2026-08-13T12:45:49.457+0000] {processor.py:830} INFO - Processing file /home/airflow/.local/lib/python3.8/site-packages/airflow/example_dags/example_datasets.py for tasks to queue
[2026-08-13T12:45:49.462+0000] {logging_mixin.py:188} INFO - [2026-08-13T12:45:49.461+0000] {dagbag.py:538} INFO - Filling up the DagBag from /home/airflow/.local/lib/python3.8/site-packages/airflow/example_dags/example_datasets.py
[2026-08-13T12:45:49.513+0000] {processor.py:840} INFO - DAG(s) 'dataset_consumes_1_never_scheduled', 'dataset_consumes_1_and_2', 'dataset_consumes_unknown_never_scheduled', 'dataset_produces_2', 'dataset_produces_1', 'dataset_consumes_1' retrieved from /home/airflow/.local/lib/python3.8/site-packages/airflow/example_dags/example_datasets.py
[2026-08-13T12:45:50.169+0000] {logging_mixin.py:188} INFO - [2026-08-13T12:45:50.165+0000] {dag.py:3036} INFO - Sync 6 DAGs
[2026-08-13T12:45:50.269+0000] {logging_mixin.py:188} INFO - [2026-08-13T12:45:50.269+0000] {dag.py:3823} INFO - Setting next_dagrun for dataset_consumes_1 to None, run_after=None
[2026-08-13T12:45:50.289+0000] {logging_mixin.py:188} INFO - [2026-08-13T12:45:50.289+0000] {dag.py:3823} INFO - Setting next_dagrun for dataset_consumes_1_and_2 to None, run_after=None
[2026-08-13T12:45:50.295+0000] {logging_mixin.py:188} INFO - [2026-08-13T12:45:50.294+0000] {dag.py:3823} INFO - Setting next_dagrun for dataset_consumes_1_never_scheduled to None, run_after=None
[2026-08-13T12:45:50.299+0000] {logging_mixin.py:188} INFO - [2026-08-13T12:45:50.298+0000] {dag.py:3823} INFO - Setting next_dagrun for dataset_consumes_unknown_never_scheduled to None, run_after=None
[2026-08-13T12:45:50.312+0000] {logging_mixin.py:188} INFO - [2026-08-13T12:45:50.311+0000] {dag.py:3823} INFO - Setting next_dagrun for dataset_produces_1 to 2026-08-12 00:00:00+00:00, run_after=2026-08-13 00:00:00+00:00
[2026-08-13T12:45:50.320+0000] {logging_mixin.py:188} INFO - [2026-08-13T12:45:50.316+0000] {dag.py:3823} INFO - Setting next_dagrun for dataset_produces_2 to None, run_after=None
[2026-08-13T12:45:50.447+0000] {processor.py:183} INFO - Processing /home/airflow/.local/lib/python3.8/site-packages/airflow/example_dags/example_datasets.py took 1.008 seconds
[2026-08-13T12:46:20.661+0000] {processor.py:161} INFO - Started process (PID=176) to work on /home/airflow/.local/lib/python3.8/site-packages/airflow/example_dags/example_datasets.py
[2026-08-13T12:46:20.663+0000] {processor.py:830} INFO - Processing file /home/airflow/.local/lib/python3.8/site-packages/airflow/example_dags/example_datasets.py for tasks to queue
[2026-08-13T12:46:20.667+0000] {logging_mixin.py:188} INFO - [2026-08-13T12:46:20.666+0000] {dagbag.py:538} INFO - Filling up the DagBag from /home/airflow/.local/lib/python3.8/site-packages/airflow/example_dags/example_datasets.py
[2026-08-13T12:46:20.688+0000] {processor.py:840} INFO - DAG(s) 'dataset_consumes_unknown_never_scheduled', 'dataset_produces_2', 'dataset_produces_1', 'dataset_consumes_1_and_2', 'dataset_consumes_1_never_scheduled', 'dataset_consumes_1' retrieved from /home/airflow/.local/lib/python3.8/site-packages/airflow/example_dags/example_datasets.py
[2026-08-13T12:46:20.789+0000] {logging_mixin.py:188} INFO - [2026-08-13T12:46:20.788+0000] {dag.py:3036} INFO - Sync 6 DAGs
[2026-08-13T12:46:20.877+0000] {logging_mixin.py:188} INFO - [2026-08-13T12:46:20.876+0000] {dag.py:3823} INFO - Setting next_dagrun for dataset_consumes_1 to None, run_after=None
[2026-08-13T12:46:20.888+0000] {logging_mixin.py:188} INFO - [2026-08-13T12:46:20.888+0000] {dag.py:3823} INFO - Setting next_dagrun for dataset_consumes_1_and_2 to None, run_after=None
[2026-08-13T12:46:20.893+0000] {logging_mixin.py:188} INFO - [2026-08-13T12:46:20.892+0000] {dag.py:3823} INFO - Setting next_dagrun for dataset_consumes_1_never_scheduled to None, run_after=None
[2026-08-13T12:46:20.897+0000] {logging_mixin.py:188} INFO - [2026-08-13T12:46:20.897+0000] {dag.py:3823} INFO - Setting next_dagrun for dataset_consumes_unknown_never_scheduled to None, run_after=None
[2026-08-13T12:46:20.911+0000] {logging_mixin.py:188} INFO - [2026-08-13T12:46:20.911+0000] {dag.py:3823} INFO - Setting next_dagrun for dataset_produces_1 to 2026-08-12 00:00:00+00:00, run_after=2026-08-13 00:00:00+00:00
[2026-08-13T12:46:20.915+0000] {logging_mixin.py:188} INFO - [2026-08-13T12:46:20.915+0000] {dag.py:3823} INFO - Setting next_dagrun for dataset_produces_2 to None, run_after=None
[2026-08-13T12:46:21.050+0000] {processor.py:183} INFO - Processing /home/airflow/.local/lib/python3.8/site-packages/airflow/example_dags/example_datasets.py took 0.395 seconds
[2026-08-13T12:46:51.851+0000] {processor.py:161} INFO - Started process (PID=231) to work on /home/airflow/.local/lib/python3.8/site-packages/airflow/example_dags/example_datasets.py
[2026-08-13T12:46:51.855+0000] {processor.py:830} INFO - Processing file /home/airflow/.local/lib/python3.8/site-packages/airflow/example_dags/example_datasets.py for tasks to queue
[2026-08-13T12:46:51.863+0000] {logging_mixin.py:188} INFO - [2026-08-13T12:46:51.862+0000] {dagbag.py:538} INFO - Filling up the DagBag from /home/airflow/.local/lib/python3.8/site-packages/airflow/example_dags/example_datasets.py
[2026-08-13T12:46:51.897+0000] {processor.py:840} INFO - DAG(s) 'dataset_produces_1', 'dataset_consumes_1', 'dataset_consumes_1_never_scheduled', 'dataset_consumes_1_and_2', 'dataset_consumes_unknown_never_scheduled', 'dataset_produces_2' retrieved from /home/airflow/.local/lib/python3.8/site-packages/airflow/example_dags/example_datasets.py
[2026-08-13T12:46:52.019+0000] {logging_mixin.py:188} INFO - [2026-08-13T12:46:52.018+0000] {dag.py:3036} INFO - Sync 6 DAGs
[2026-08-13T12:46:52.101+0000] {logging_mixin.py:188} INFO - [2026-08-13T12:46:52.101+0000] {dag.py:3823} INFO - Setting next_dagrun for dataset_consumes_1 to None, run_after=None
[2026-08-13T12:46:52.115+0000] {logging_mixin.py:188} INFO - [2026-08-13T12:46:52.115+0000] {dag.py:3823} INFO - Setting next_dagrun for dataset_consumes_1_and_2 to None, run_after=None
[2026-08-13T12:46:52.119+0000] {logging_mixin.py:188} INFO - [2026-08-13T12:46:52.119+0000] {dag.py:3823} INFO - Setting next_dagrun for dataset_consumes_1_never_scheduled to None, run_after=None
[2026-08-13T12:46:52.123+0000] {logging_mixin.py:188} INFO - [2026-08-13T12:46:52.122+0000] {dag.py:3823} INFO - Setting next_dagrun for dataset_consumes_unknown_never_scheduled to None, run_after=None
[2026-08-13T12:46:52.136+0000] {logging_mixin.py:188} INFO - [2026-08-13T12:46:52.135+0000] {dag.py:3823} INFO - Setting next_dagrun for dataset_produces_1 to 2026-08-12 00:00:00+00:00, run_after=2026-08-13 00:00:00+00:00
[2026-08-13T12:46:52.141+0000] {logging_mixin.py:188} INFO - [2026-08-13T12:46:52.141+0000] {dag.py:3823} INFO - Setting next_dagrun for dataset_produces_2 to None, run_after=None
[2026-08-13T12:46:52.224+0000] {processor.py:183} INFO - Processing /home/airflow/.local/lib/python3.8/site-packages/airflow/example_dags/example_datasets.py took 0.388 seconds
[2026-08-13T12:47:24.665+0000] {processor.py:161} INFO - Started process (PID=286) to work on /home/airflow/.local/lib/python3.8/site-packages/airflow/example_dags/example_datasets.py
[2026-08-13T12:47:24.668+0000] {processor.py:830} INFO - Processing file /home/airflow/.local/lib/python3.8/site-packages/airflow/example_dags/example_datasets.py for tasks to queue
[2026-08-13T12:47:24.672+0000] {logging_mixin.py:188} INFO - [2026-08-13T12:47:24.671+0000] {dagbag.py:538} INFO - Filling up the DagBag from /home/airflow/.local/lib/python3.8/site-packages/airflow/example_dags/example_datasets.py
[2026-08-13T12:47:24.691+0000] {processor.py:840} INFO - DAG(s) 'dataset_consumes_unknown_never_scheduled', 'dataset_consumes_1', 'dataset_produces_2', 'dataset_consumes_1_never_scheduled', 'dataset_consumes_1_and_2', 'dataset_produces_1' retrieved from /home/airflow/.local/lib/python3.8/site-packages/airflow/example_dags/example_datasets.py
[2026-08-13T12:47:24.773+0000] {logging_mixin.py:188} INFO - [2026-08-13T12:47:24.772+0000] {dag.py:3036} INFO - Sync 6 DAGs
[2026-08-13T12:47:24.826+0000] {logging_mixin.py:188} INFO - [2026-08-13T12:47:24.826+0000] {dag.py:3823} INFO - Setting next_dagrun for dataset_consumes_1 to None, run_after=None
[2026-08-13T12:47:24.835+0000] {logging_mixin.py:188} INFO - [2026-08-13T12:47:24.834+0000] {dag.py:3823} INFO - Setting next_dagrun for dataset_consumes_1_and_2 to None, run_after=None
[2026-08-13T12:47:24.840+0000] {logging_mixin.py:188} INFO - [2026-08-13T12:47:24.839+0000] {dag.py:3823} INFO - Setting next_dagrun for dataset_consumes_1_never_scheduled to None, run_after=None
[2026-08-13T12:47:24.844+0000] {logging_mixin.py:188} INFO - [2026-08-13T12:47:24.843+0000] {dag.py:3823} INFO - Setting next_dagrun for dataset_consumes_unknown_never_scheduled to None, run_after=None
[2026-08-13T12:47:24.851+0000] {logging_mixin.py:188} INFO - [2026-08-13T12:47:24.850+0000] {dag.py:3823} INFO - Setting next_dagrun for dataset_produces_1 to 2026-08-12 00:00:00+00:00, run_after=2026-08-13 00:00:00+00:00
[2026-08-13T12:47:24.854+0000] {logging_mixin.py:188} INFO - [2026-08-13T12:47:24.854+0000] {dag.py:3823} INFO - Setting next_dagrun for dataset_produces_2 to None, run_after=None
[2026-08-13T12:47:24.937+0000] {processor.py:183} INFO - Processing /home/airflow/.local/lib/python3.8/site-packages/airflow/example_dags/example_datasets.py took 0.280 seconds
[2026-08-13T12:47:57.457+0000] {processor.py:161} INFO - Started process (PID=341) to work on /home/airflow/.local/lib/python3.8/site-packages/airflow/example_dags/example_datasets.py
[2026-08-13T12:47:57.465+0000] {processor.py:830} INFO - Processing file /home/airflow/.local/lib/python3.8/site-packages/airflow/example_dags/example_datasets.py for tasks to queue
[2026-08-13T12:47:57.477+0000] {logging_mixin.py:188} INFO - [2026-08-13T12:47:57.476+0000] {dagbag.py:538} INFO - Filling up the DagBag from /home/airflow/.local/lib/python3.8/site-packages/airflow/example_dags/example_datasets.py
[2026-08-13T12:47:57.540+0000] {processor.py:840} INFO - DAG(s) 'dataset_consumes_1', 'dataset_produces_1', 'dataset_produces_2', 'dataset_consumes_1_and_2', 'dataset_consumes_unknown_never_scheduled', 'dataset_consumes_1_never_scheduled' retrieved from /home/airflow/.local/lib/python3.8/site-packages/airflow/example_dags/example_datasets.py
[2026-08-13T12:47:57.777+0000] {logging_mixin.py:188} INFO - [2026-08-13T12:47:57.777+0000] {dag.py:3036} INFO - Sync 6 DAGs
[2026-08-13T12:47:57.934+0000] {logging_mixin.py:188} INFO - [2026-08-13T12:47:57.933+0000] {dag.py:3823} INFO - Setting next_dagrun for dataset_consumes_1 to None, run_after=None
[2026-08-13T12:47:57.968+0000] {logging_mixin.py:188} INFO - [2026-08-13T12:47:57.967+0000] {dag.py:3823} INFO - Setting next_dagrun for dataset_consumes_1_and_2 to None, run_after=None
[2026-08-13T12:47:57.975+0000] {logging_mixin.py:188} INFO - [2026-08-13T12:47:57.974+0000] {dag.py:3823} INFO - Setting next_dagrun for dataset_consumes_1_never_scheduled to None, run_after=None
[2026-08-13T12:47:58.001+0000] {logging_mixin.py:188} INFO - [2026-08-13T12:47:58.000+0000] {dag.py:3823} INFO - Setting next_dagrun for dataset_consumes_unknown_never_scheduled to None, run_after=None
[2026-08-13T12:47:58.023+0000] {logging_mixin.py:188} INFO - [2026-08-13T12:47:58.021+0000] {dag.py:3823} INFO - Setting next_dagrun for dataset_produces_1 to 2026-08-12 00:00:00+00:00, run_after=2026-08-13 00:00:00+00:00
[2026-08-13T12:47:58.035+0000] {logging_mixin.py:188} INFO - [2026-08-13T12:47:58.034+0000] {dag.py:3823} INFO - Setting next_dagrun for dataset_produces_2 to None, run_after=None
[2026-08-13T12:47:58.338+0000] {processor.py:183} INFO - Processing /home/airflow/.local/lib/python3.8/site-packages/airflow/example_dags/example_datasets.py took 0.895 seconds
[2026-08-13T12:48:29.086+0000] {processor.py:161} INFO - Started process (PID=394) to work on /home/airflow/.local/lib/python3.8/site-packages/airflow/example_dags/example_datasets.py
[2026-08-13T12:48:29.089+0000] {processor.py:830} INFO - Processing file /home/airflow/.local/lib/python3.8/site-packages/airflow/example_dags/example_datasets.py for tasks to queue
[2026-08-13T12:48:29.095+0000] {logging_mixin.py:188} INFO - [2026-08-13T12:48:29.094+0000] {dagbag.py:538} INFO - Filling up the DagBag from /home/airflow/.local/lib/python3.8/site-packages/airflow/example_dags/example_datasets.py
[2026-08-13T12:48:29.120+0000] {processor.py:840} INFO - DAG(s) 'dataset_produces_2', 'dataset_consumes_unknown_never_scheduled', 'dataset_consumes_1', 'dataset_consumes_1_and_2', 'dataset_produces_1', 'dataset_consumes_1_never_scheduled' retrieved from /home/airflow/.local/lib/python3.8/site-packages/airflow/example_dags/example_datasets.py
[2026-08-13T12:48:29.189+0000] {logging_mixin.py:188} INFO - [2026-08-13T12:48:29.188+0000] {dag.py:3036} INFO - Sync 6 DAGs
[2026-08-13T12:48:29.249+0000] {logging_mixin.py:188} INFO - [2026-08-13T12:48:29.249+0000] {dag.py:3823} INFO - Setting next_dagrun for dataset_consumes_1 to None, run_after=None
[2026-08-13T12:48:29.258+0000] {logging_mixin.py:188} INFO - [2026-08-13T12:48:29.258+0000] {dag.py:3823} INFO - Setting next_dagrun for dataset_consumes_1_and_2 to None, run_after=None
[2026-08-13T12:48:29.261+0000] {logging_mixin.py:188} INFO - [2026-08-13T12:48:29.261+0000] {dag.py:3823} INFO - Setting next_dagrun for dataset_consumes_1_never_scheduled to None, run_after=None
[2026-08-13T12:48:29.265+0000] {logging_mixin.py:188} INFO - [2026-08-13T12:48:29.264+0000] {dag.py:3823} INFO - Setting next_dagrun for dataset_consumes_unknown_never_scheduled to None, run_after=None
[2026-08-13T12:48:29.273+0000] {logging_mixin.py:188} INFO - [2026-08-13T12:48:29.272+0000] {dag.py:3823} INFO - Setting next_dagrun for dataset_produces_1 to 2026-08-12 00:00:00+00:00, run_after=2026-08-13 00:00:00+00:00
[2026-08-13T12:48:29.276+0000] {logging_mixin.py:188} INFO - [2026-08-13T12:48:29.276+0000] {dag.py:3823} INFO - Setting next_dagrun for dataset_produces_2 to None, run_after=None
[2026-08-13T12:48:29.364+0000] {processor.py:183} INFO - Processing /home/airflow/.local/lib/python3.8/site-packages/airflow/example_dags/example_datasets.py took 0.304 seconds
[2026-08-13T12:48:59.523+0000] {processor.py:161} INFO - Started process (PID=450) to work on /home/airflow/.local/lib/python3.8/site-packages/airflow/example_dags/example_datasets.py
[2026-08-13T12:48:59.527+0000] {processor.py:830} INFO - Processing file /home/airflow/.local/lib/python3.8/site-packages/airflow/example_dags/example_datasets.py for tasks to queue
[2026-08-13T12:48:59.536+0000] {logging_mixin.py:188} INFO - [2026-08-13T12:48:59.535+0000] {dagbag.py:538} INFO - Filling up the DagBag from /home/airflow/.local/lib/python3.8/site-packages/airflow/example_dags/example_datasets.py
[2026-08-13T12:48:59.561+0000] {processor.py:840} INFO - DAG(s) 'dataset_consumes_unknown_never_scheduled', 'dataset_produces_2', 'dataset_produces_1', 'dataset_consumes_1', 'dataset_consumes_1_and_2', 'dataset_consumes_1_never_scheduled' retrieved from /home/airflow/.local/lib/python3.8/site-packages/airflow/example_dags/example_datasets.py
[2026-08-13T12:48:59.644+0000] {logging_mixin.py:188} INFO - [2026-08-13T12:48:59.643+0000] {dag.py:3036} INFO - Sync 6 DAGs
[2026-08-13T12:48:59.701+0000] {logging_mixin.py:188} INFO - [2026-08-13T12:48:59.701+0000] {dag.py:3823} INFO - Setting next_dagrun for dataset_consumes_1 to None, run_after=None
[2026-08-13T12:48:59.708+0000] {logging_mixin.py:188} INFO - [2026-08-13T12:48:59.708+0000] {dag.py:3823} INFO - Setting next_dagrun for dataset_consumes_1_and_2 to None, run_after=None
[2026-08-13T12:48:59.711+0000] {logging_mixin.py:188} INFO - [2026-08-13T12:48:59.711+0000] {dag.py:3823} INFO - Setting next_dagrun for dataset_consumes_1_never_scheduled to None, run_after=None
[2026-08-13T12:48:59.714+0000] {logging_mixin.py:188} INFO - [2026-08-13T12:48:59.714+0000] {dag.py:3823} INFO - Setting next_dagrun for dataset_consumes_unknown_never_scheduled to None, run_after=None
[2026-08-13T12:48:59.720+0000] {logging_mixin.py:188} INFO - [2026-08-13T12:48:59.720+0000] {dag.py:3823} INFO - Setting next_dagrun for dataset_produces_1 to 2026-08-12 00:00:00+00:00, run_after=2026-08-13 00:00:00+00:00
[2026-08-13T12:48:59.723+0000] {logging_mixin.py:188} INFO - [2026-08-13T12:48:59.723+0000] {dag.py:3823} INFO - Setting next_dagrun for dataset_produces_2 to None, run_after=None
[2026-08-13T12:48:59.848+0000] {processor.py:183} INFO - Processing /home/airflow/.local/lib/python3.8/site-packages/airflow/example_dags/example_datasets.py took 0.332 seconds
[2026-08-13T12:49:30.358+0000] {processor.py:161} INFO - Started process (PID=505) to work on /home/airflow/.local/lib/python3.8/site-packages/airflow/example_dags/example_datasets.py
[2026-08-13T12:49:30.361+0000] {processor.py:830} INFO - Processing file /home/airflow/.local/lib/python3.8/site-packages/airflow/example_dags/example_datasets.py for tasks to queue
[2026-08-13T12:49:30.366+0000] {logging_mixin.py:188} INFO - [2026-08-13T12:49:30.365+0000] {dagbag.py:538} INFO - Filling up the DagBag from /home/airflow/.local/lib/python3.8/site-packages/airflow/example_dags/example_datasets.py
[2026-08-13T12:49:30.419+0000] {processor.py:840} INFO - DAG(s) 'dataset_consumes_1_never_scheduled', 'dataset_consumes_1', 'dataset_consumes_unknown_never_scheduled', 'dataset_consumes_1_and_2', 'dataset_produces_2', 'dataset_produces_1' retrieved from /home/airflow/.local/lib/python3.8/site-packages/airflow/example_dags/example_datasets.py
[2026-08-13T12:49:30.526+0000] {logging_mixin.py:188} INFO - [2026-08-13T12:49:30.525+0000] {dag.py:3036} INFO - Sync 6 DAGs
[2026-08-13T12:49:30.586+0000] {logging_mixin.py:188} INFO - [2026-08-13T12:49:30.585+0000] {dag.py:3823} INFO - Setting next_dagrun for dataset_consumes_1 to None, run_after=None
[2026-08-13T12:49:30.596+0000] {logging_mixin.py:188} INFO - [2026-08-13T12:49:30.595+0000] {dag.py:3823} INFO - Setting next_dagrun for dataset_consumes_1_and_2 to None, run_after=None
[2026-08-13T12:49:30.599+0000] {logging_mixin.py:188} INFO - [2026-08-13T12:49:30.598+0000] {dag.py:3823} INFO - Setting next_dagrun for dataset_consumes_1_never_scheduled to None, run_after=None
[2026-08-13T12:49:30.603+0000] {logging_mixin.py:188} INFO - [2026-08-13T12:49:30.602+0000] {dag.py:3823} INFO - Setting next_dagrun for dataset_consumes_unknown_never_scheduled to None, run_after=None
[2026-08-13T12:49:30.612+0000] {logging_mixin.py:188} INFO - [2026-08-13T12:49:30.611+0000] {dag.py:3823} INFO - Setting next_dagrun for dataset_produces_1 to 2026-08-12 00:00:00+00:00, run_after=2026-08-13 00:00:00+00:00
[2026-08-13T12:49:30.615+0000] {logging_mixin.py:188} INFO - [2026-08-13T12:49:30.614+0000] {dag.py:3823} INFO - Setting next_dagrun for dataset_produces_2 to None, run_after=None
[2026-08-13T12:49:30.712+0000] {processor.py:183} INFO - Processing /home/airflow/.local/lib/python3.8/site-packages/airflow/example_dags/example_datasets.py took 0.364 seconds
[2026-08-13T12:50:01.520+0000] {processor.py:161} INFO - Started process (PID=560) to work on /home/airflow/.local/lib/python3.8/site-packages/airflow/example_dags/example_datasets.py
[2026-08-13T12:50:01.524+0000] {processor.py:830} INFO - Processing file /home/airflow/.local/lib/python3.8/site-packages/airflow/example_dags/example_datasets.py for tasks to queue
[2026-08-13T12:50:01.532+0000] {logging_mixin.py:188} INFO - [2026-08-13T12:50:01.531+0000] {dagbag.py:538} INFO - Filling up the DagBag from /home/airflow/.local/lib/python3.8/site-packages/airflow/example_dags/example_datasets.py
[2026-08-13T12:50:01.562+0000] {processor.py:840} INFO - DAG(s) 'dataset_consumes_1', 'dataset_produces_1', 'dataset_consumes_unknown_never_scheduled', 'dataset_produces_2', 'dataset_consumes_1_never_scheduled', 'dataset_consumes_1_and_2' retrieved from /home/airflow/.local/lib/python3.8/site-packages/airflow/example_dags/example_datasets.py
[2026-08-13T12:50:01.692+0000] {logging_mixin.py:188} INFO - [2026-08-13T12:50:01.690+0000] {dag.py:3036} INFO - Sync 6 DAGs
[2026-08-13T12:50:01.811+0000] {logging_mixin.py:188} INFO - [2026-08-13T12:50:01.809+0000] {dag.py:3823} INFO - Setting next_dagrun for dataset_consumes_1 to None, run_after=None
[2026-08-13T12:50:01.835+0000] {logging_mixin.py:188} INFO - [2026-08-13T12:50:01.834+0000] {dag.py:3823} INFO - Setting next_dagrun for dataset_consumes_1_and_2 to None, run_after=None
[2026-08-13T12:50:01.846+0000] {logging_mixin.py:188} INFO - [2026-08-13T12:50:01.845+0000] {dag.py:3823} INFO - Setting next_dagrun for dataset_consumes_1_never_scheduled to None, run_after=None
[2026-08-13T12:50:01.851+0000] {logging_mixin.py:188} INFO - [2026-08-13T12:50:01.850+0000] {dag.py:3823} INFO - Setting next_dagrun for dataset_consumes_unknown_never_scheduled to None, run_after=None
[2026-08-13T12:50:01.869+0000] {logging_mixin.py:188} INFO - [2026-08-13T12:50:01.868+0000] {dag.py:3823} INFO - Setting next_dagrun for dataset_produces_1 to 2026-08-12 00:00:00+00:00, run_after=2026-08-13 00:00:00+00:00
[2026-08-13T12:50:01.874+0000] {logging_mixin.py:188} INFO - [2026-08-13T12:50:01.873+0000] {dag.py:3823} INFO - Setting next_dagrun for dataset_produces_2 to None, run_after=None
[2026-08-13T12:50:02.006+0000] {processor.py:183} INFO - Processing /home/airflow/.local/lib/python3.8/site-packages/airflow/example_dags/example_datasets.py took 0.496 seconds
[2026-08-13T12:50:34.355+0000] {processor.py:161} INFO - Started process (PID=623) to work on /home/airflow/.local/lib/python3.8/site-packages/airflow/example_dags/example_datasets.py
[2026-08-13T12:50:34.359+0000] {processor.py:830} INFO - Processing file /home/airflow/.local/lib/python3.8/site-packages/airflow/example_dags/example_datasets.py for tasks to queue
[2026-08-13T12:50:34.364+0000] {logging_mixin.py:188} INFO - [2026-08-13T12:50:34.364+0000] {dagbag.py:538} INFO - Filling up the DagBag from /home/airflow/.local/lib/python3.8/site-packages/airflow/example_dags/example_datasets.py
[2026-08-13T12:50:34.391+0000] {processor.py:840} INFO - DAG(s) 'dataset_produces_2', 'dataset_consumes_1_and_2', 'dataset_produces_1', 'dataset_consumes_unknown_never_scheduled', 'dataset_consumes_1', 'dataset_consumes_1_never_scheduled' retrieved from /home/airflow/.local/lib/python3.8/site-packages/airflow/example_dags/example_datasets.py
[2026-08-13T12:50:34.477+0000] {logging_mixin.py:188} INFO - [2026-08-13T12:50:34.477+0000] {dag.py:3036} INFO - Sync 6 DAGs
[2026-08-13T12:50:34.539+0000] {logging_mixin.py:188} INFO - [2026-08-13T12:50:34.538+0000] {dag.py:3823} INFO - Setting next_dagrun for dataset_consumes_1 to None, run_after=None
[2026-08-13T12:50:34.548+0000] {logging_mixin.py:188} INFO - [2026-08-13T12:50:34.547+0000] {dag.py:3823} INFO - Setting next_dagrun for dataset_consumes_1_and_2 to None, run_after=None
[2026-08-13T12:50:34.552+0000] {logging_mixin.py:188} INFO - [2026-08-13T12:50:34.551+0000] {dag.py:3823} INFO - Setting next_dagrun for dataset_consumes_1_never_scheduled to None, run_after=None
[2026-08-13T12:50:34.557+0000] {logging_mixin.py:188} INFO - [2026-08-13T12:50:34.556+0000] {dag.py:3823} INFO - Setting next_dagrun for dataset_consumes_unknown_never_scheduled to None, run_after=None
[2026-08-13T12:50:34.562+0000] {logging_mixin.py:188} INFO - [2026-08-13T12:50:34.562+0000] {dag.py:3823} INFO - Setting next_dagrun for dataset_produces_1 to 2026-08-12 00:00:00+00:00, run_after=2026-08-13 00:00:00+00:00
[2026-08-13T12:50:34.566+0000] {logging_mixin.py:188} INFO - [2026-08-13T12:50:34.565+0000] {dag.py:3823} INFO - Setting next_dagrun for dataset_produces_2 to None, run_after=None
[2026-08-13T12:50:34.655+0000] {processor.py:183} INFO - Processing /home/airflow/.local/lib/python3.8/site-packages/airflow/example_dags/example_datasets.py took 0.310 seconds
[2026-08-13T12:51:05.210+0000] {processor.py:161} INFO - Started process (PID=678) to work on /home/airflow/.local/lib/python3.8/site-packages/airflow/example_dags/example_datasets.py
[2026-08-13T12:51:05.212+0000] {processor.py:830} INFO - Processing file /home/airflow/.local/lib/python3.8/site-packages/airflow/example_dags/example_datasets.py for tasks to queue
[2026-08-13T12:51:05.216+0000] {logging_mixin.py:188} INFO - [2026-08-13T12:51:05.215+0000] {dagbag.py:538} INFO - Filling up the DagBag from /home/airflow/.local/lib/python3.8/site-packages/airflow/example_dags/example_datasets.py
[2026-08-13T12:51:05.232+0000] {processor.py:840} INFO - DAG(s) 'dataset_consumes_unknown_never_scheduled', 'dataset_consumes_1_and_2', 'dataset_consumes_1', 'dataset_produces_1', 'dataset_consumes_1_never_scheduled', 'dataset_produces_2' retrieved from /home/airflow/.local/lib/python3.8/site-packages/airflow/example_dags/example_datasets.py
[2026-08-13T12:51:05.292+0000] {logging_mixin.py:188} INFO - [2026-08-13T12:51:05.291+0000] {dag.py:3036} INFO - Sync 6 DAGs
[2026-08-13T12:51:05.325+0000] {logging_mixin.py:188} INFO - [2026-08-13T12:51:05.325+0000] {dag.py:3823} INFO - Setting next_dagrun for dataset_consumes_1 to None, run_after=None
[2026-08-13T12:51:05.332+0000] {logging_mixin.py:188} INFO - [2026-08-13T12:51:05.332+0000] {dag.py:3823} INFO - Setting next_dagrun for dataset_consumes_1_and_2 to None, run_after=None
[2026-08-13T12:51:05.335+0000] {logging_mixin.py:188} INFO - [2026-08-13T12:51:05.335+0000] {dag.py:3823} INFO - Setting next_dagrun for dataset_consumes_1_never_scheduled to None, run_after=None
[2026-08-13T12:51:05.337+0000] {logging_mixin.py:188} INFO - [2026-08-13T12:51:05.337+0000] {dag.py:3823} INFO - Setting next_dagrun for dataset_consumes_unknown_never_scheduled to None, run_after=None
[2026-08-13T12:51:05.342+0000] {logging_mixin.py:188} INFO - [2026-08-13T12:51:05.341+0000] {dag.py:3823} INFO - Setting next_dagrun for dataset_produces_1 to 2026-08-12 00:00:00+00:00, run_after=2026-08-13 00:00:00+00:00
[2026-08-13T12:51:05.344+0000] {logging_mixin.py:188} INFO - [2026-08-13T12:51:05.344+0000] {dag.py:3823} INFO - Setting next_dagrun for dataset_produces_2 to None, run_after=None
[2026-08-13T12:51:05.397+0000] {processor.py:183} INFO - Processing /home/airflow/.local/lib/python3.8/site-packages/airflow/example_dags/example_datasets.py took 0.193 seconds
[2026-08-13T12:51:37.044+0000] {processor.py:161} INFO - Started process (PID=737) to work on /home/airflow/.local/lib/python3.8/site-packages/airflow/example_dags/example_datasets.py
[2026-08-13T12:51:37.047+0000] {processor.py:830} INFO - Processing file /home/airflow/.local/lib/python3.8/site-packages/airflow/example_dags/example_datasets.py for tasks to queue
[2026-08-13T12:51:37.053+0000] {logging_mixin.py:188} INFO - [2026-08-13T12:51:37.052+0000] {dagbag.py:538} INFO - Filling up the DagBag from /home/airflow/.local/lib/python3.8/site-packages/airflow/example_dags/example_datasets.py
[2026-08-13T12:51:37.089+0000] {processor.py:840} INFO - DAG(s) 'dataset_consumes_1_and_2', 'dataset_consumes_1', 'dataset_produces_2', 'dataset_consumes_1_never_scheduled', 'dataset_consumes_unknown_never_scheduled', 'dataset_produces_1' retrieved from /home/airflow/.local/lib/python3.8/site-packages/airflow/example_dags/example_datasets.py
[2026-08-13T12:51:37.208+0000] {logging_mixin.py:188} INFO - [2026-08-13T12:51:37.207+0000] {dag.py:3036} INFO - Sync 6 DAGs
[2026-08-13T12:51:37.288+0000] {logging_mixin.py:188} INFO - [2026-08-13T12:51:37.287+0000] {dag.py:3823} INFO - Setting next_dagrun for dataset_consumes_1 to None, run_after=None
[2026-08-13T12:51:37.299+0000] {logging_mixin.py:188} INFO - [2026-08-13T12:51:37.298+0000] {dag.py:3823} INFO - Setting next_dagrun for dataset_consumes_1_and_2 to None, run_after=None
[2026-08-13T12:51:37.305+0000] {logging_mixin.py:188} INFO - [2026-08-13T12:51:37.305+0000] {dag.py:3823} INFO - Setting next_dagrun for dataset_consumes_1_never_scheduled to None, run_after=None
[2026-08-13T12:51:37.310+0000] {logging_mixin.py:188} INFO - [2026-08-13T12:51:37.310+0000] {dag.py:3823} INFO - Setting next_dagrun for dataset_consumes_unknown_never_scheduled to None, run_after=None
[2026-08-13T12:51:37.323+0000] {logging_mixin.py:188} INFO - [2026-08-13T12:51:37.320+0000] {dag.py:3823} INFO - Setting next_dagrun for dataset_produces_1 to 2026-08-12 00:00:00+00:00, run_after=2026-08-13 00:00:00+00:00
[2026-08-13T12:51:37.328+0000] {logging_mixin.py:188} INFO - [2026-08-13T12:51:37.327+0000] {dag.py:3823} INFO - Setting next_dagrun for dataset_produces_2 to None, run_after=None
[2026-08-13T12:51:37.565+0000] {processor.py:183} INFO - Processing /home/airflow/.local/lib/python3.8/site-packages/airflow/example_dags/example_datasets.py took 0.534 seconds
[2026-08-13T12:52:08.112+0000] {processor.py:161} INFO - Started process (PID=792) to work on /home/airflow/.local/lib/python3.8/site-packages/airflow/example_dags/example_datasets.py
[2026-08-13T12:52:08.115+0000] {processor.py:830} INFO - Processing file /home/airflow/.local/lib/python3.8/site-packages/airflow/example_dags/example_datasets.py for tasks to queue
[2026-08-13T12:52:08.118+0000] {logging_mixin.py:188} INFO - [2026-08-13T12:52:08.118+0000] {dagbag.py:538} INFO - Filling up the DagBag from /home/airflow/.local/lib/python3.8/site-packages/airflow/example_dags/example_datasets.py
[2026-08-13T12:52:08.131+0000] {processor.py:840} INFO - DAG(s) 'dataset_consumes_unknown_never_scheduled', 'dataset_consumes_1_never_scheduled', 'dataset_produces_1', 'dataset_consumes_1', 'dataset_produces_2', 'dataset_consumes_1_and_2' retrieved from /home/airflow/.local/lib/python3.8/site-packages/airflow/example_dags/example_datasets.py
[2026-08-13T12:52:08.196+0000] {logging_mixin.py:188} INFO - [2026-08-13T12:52:08.196+0000] {dag.py:3036} INFO - Sync 6 DAGs
[2026-08-13T12:52:08.235+0000] {logging_mixin.py:188} INFO - [2026-08-13T12:52:08.235+0000] {dag.py:3823} INFO - Setting next_dagrun for dataset_consumes_1 to None, run_after=None
[2026-08-13T12:52:08.242+0000] {logging_mixin.py:188} INFO - [2026-08-13T12:52:08.242+0000] {dag.py:3823} INFO - Setting next_dagrun for dataset_consumes_1_and_2 to None, run_after=None
[2026-08-13T12:52:08.246+0000] {logging_mixin.py:188} INFO - [2026-08-13T12:52:08.245+0000] {dag.py:3823} INFO - Setting next_dagrun for dataset_consumes_1_never_scheduled to None, run_after=None
[2026-08-13T12:52:08.249+0000] {logging_mixin.py:188} INFO - [2026-08-13T12:52:08.248+0000] {dag.py:3823} INFO - Setting next_dagrun for dataset_consumes_unknown_never_scheduled to None, run_after=None
[2026-08-13T12:52:08.253+0000] {logging_mixin.py:188} INFO - [2026-08-13T12:52:08.253+0000] {dag.py:3823} INFO - Setting next_dagrun for dataset_produces_1 to 2026-08-12 00:00:00+00:00, run_after=2026-08-13 00:00:00+00:00
[2026-08-13T12:52:08.256+0000] {logging_mixin.py:188} INFO - [2026-08-13T12:52:08.256+0000] {dag.py:3823} INFO - Setting next_dagrun for dataset_produces_2 to None, run_after=None
[2026-08-13T12:52:08.317+0000] {processor.py:183} INFO - Processing /home/airflow/.local/lib/python3.8/site-packages/airflow/example_dags/example_datasets.py took 0.210 seconds
[2026-08-13T12:52:38.516+0000] {processor.py:161} INFO - Started process (PID=847) to work on /home/airflow/.local/lib/python3.8/site-packages/airflow/example_dags/example_datasets.py
[2026-08-13T12:52:38.519+0000] {processor.py:830} INFO - Processing file /home/airflow/.local/lib/python3.8/site-packages/airflow/example_dags/example_datasets.py for tasks to queue
[2026-08-13T12:52:38.523+0000] {logging_mixin.py:188} INFO - [2026-08-13T12:52:38.522+0000] {dagbag.py:538} INFO - Filling up the DagBag from /home/airflow/.local/lib/python3.8/site-packages/airflow/example_dags/example_datasets.py
[2026-08-13T12:52:38.543+0000] {processor.py:840} INFO - DAG(s) 'dataset_produces_1', 'dataset_consumes_1_and_2', 'dataset_consumes_1_never_scheduled', 'dataset_consumes_unknown_never_scheduled', 'dataset_consumes_1', 'dataset_produces_2' retrieved from /home/airflow/.local/lib/python3.8/site-packages/airflow/example_dags/example_datasets.py
[2026-08-13T12:52:38.651+0000] {logging_mixin.py:188} INFO - [2026-08-13T12:52:38.651+0000] {dag.py:3036} INFO - Sync 6 DAGs
[2026-08-13T12:52:38.703+0000] {logging_mixin.py:188} INFO - [2026-08-13T12:52:38.702+0000] {dag.py:3823} INFO - Setting next_dagrun for dataset_consumes_1 to None, run_after=None
[2026-08-13T12:52:38.713+0000] {logging_mixin.py:188} INFO - [2026-08-13T12:52:38.712+0000] {dag.py:3823} INFO - Setting next_dagrun for dataset_consumes_1_and_2 to None, run_after=None
[2026-08-13T12:52:38.716+0000] {logging_mixin.py:188} INFO - [2026-08-13T12:52:38.716+0000] {dag.py:3823} INFO - Setting next_dagrun for dataset_consumes_1_never_scheduled to None, run_after=None
[2026-08-13T12:52:38.719+0000] {logging_mixin.py:188} INFO - [2026-08-13T12:52:38.719+0000] {dag.py:3823} INFO - Setting next_dagrun for dataset_consumes_unknown_never_scheduled to None, run_after=None
[2026-08-13T12:52:38.730+0000] {logging_mixin.py:188} INFO - [2026-08-13T12:52:38.729+0000] {dag.py:3823} INFO - Setting next_dagrun for dataset_produces_1 to 2026-08-12 00:00:00+00:00, run_after=2026-08-13 00:00:00+00:00
[2026-08-13T12:52:38.733+0000] {logging_mixin.py:188} INFO - [2026-08-13T12:52:38.733+0000] {dag.py:3823} INFO - Setting next_dagrun for dataset_produces_2 to None, run_after=None
[2026-08-13T12:52:38.852+0000] {processor.py:183} INFO - Processing /home/airflow/.local/lib/python3.8/site-packages/airflow/example_dags/example_datasets.py took 0.343 seconds
[2026-08-13T12:53:08.930+0000] {processor.py:161} INFO - Started process (PID=902) to work on /home/airflow/.local/lib/python3.8/site-packages/airflow/example_dags/example_datasets.py
[2026-08-13T12:53:08.932+0000] {processor.py:830} INFO - Processing file /home/airflow/.local/lib/python3.8/site-packages/airflow/example_dags/example_datasets.py for tasks to queue
[2026-08-13T12:53:08.937+0000] {logging_mixin.py:188} INFO - [2026-08-13T12:53:08.936+0000] {dagbag.py:538} INFO - Filling up the DagBag from /home/airflow/.local/lib/python3.8/site-packages/airflow/example_dags/example_datasets.py
[2026-08-13T12:53:08.959+0000] {processor.py:840} INFO - DAG(s) 'dataset_consumes_unknown_never_scheduled', 'dataset_produces_1', 'dataset_consumes_1', 'dataset_consumes_1_never_scheduled', 'dataset_produces_2', 'dataset_consumes_1_and_2' retrieved from /home/airflow/.local/lib/python3.8/site-packages/airflow/example_dags/example_datasets.py
[2026-08-13T12:53:09.057+0000] {logging_mixin.py:188} INFO - [2026-08-13T12:53:09.056+0000] {dag.py:3036} INFO - Sync 6 DAGs
[2026-08-13T12:53:09.092+0000] {logging_mixin.py:188} INFO - [2026-08-13T12:53:09.092+0000] {dag.py:3823} INFO - Setting next_dagrun for dataset_consumes_1 to None, run_after=None
[2026-08-13T12:53:09.099+0000] {logging_mixin.py:188} INFO - [2026-08-13T12:53:09.099+0000] {dag.py:3823} INFO - Setting next_dagrun for dataset_consumes_1_and_2 to None, run_after=None
[2026-08-13T12:53:09.101+0000] {logging_mixin.py:188} INFO - [2026-08-13T12:53:09.101+0000] {dag.py:3823} INFO - Setting next_dagrun for dataset_consumes_1_never_scheduled to None, run_after=None
[2026-08-13T12:53:09.104+0000] {logging_mixin.py:188} INFO - [2026-08-13T12:53:09.104+0000] {dag.py:3823} INFO - Setting next_dagrun for dataset_consumes_unknown_never_scheduled to None, run_after=None
[2026-08-13T12:53:09.108+0000] {logging_mixin.py:188} INFO - [2026-08-13T12:53:09.108+0000] {dag.py:3823} INFO - Setting next_dagrun for dataset_produces_1 to 2026-08-12 00:00:00+00:00, run_after=2026-08-13 00:00:00+00:00
[2026-08-13T12:53:09.112+0000] {logging_mixin.py:188} INFO - [2026-08-13T12:53:09.111+0000] {dag.py:3823} INFO - Setting next_dagrun for dataset_produces_2 to None, run_after=None
[2026-08-13T12:53:09.196+0000] {processor.py:183} INFO - Processing /home/airflow/.local/lib/python3.8/site-packages/airflow/example_dags/example_datasets.py took 0.272 seconds
[2026-08-13T12:53:43.404+0000] {processor.py:161} INFO - Started process (PID=958) to work on /home/airflow/.local/lib/python3.8/site-packages/airflow/example_dags/example_datasets.py
[2026-08-13T12:53:43.407+0000] {processor.py:830} INFO - Processing file /home/airflow/.local/lib/python3.8/site-packages/airflow/example_dags/example_datasets.py for tasks to queue
[2026-08-13T12:53:43.411+0000] {logging_mixin.py:188} INFO - [2026-08-13T12:53:43.410+0000] {dagbag.py:538} INFO - Filling up the DagBag from /home/airflow/.local/lib/python3.8/site-packages/airflow/example_dags/example_datasets.py
[2026-08-13T12:53:43.430+0000] {processor.py:840} INFO - DAG(s) 'dataset_consumes_1_never_scheduled', 'dataset_consumes_1_and_2', 'dataset_consumes_1', 'dataset_produces_2', 'dataset_consumes_unknown_never_scheduled', 'dataset_produces_1' retrieved from /home/airflow/.local/lib/python3.8/site-packages/airflow/example_dags/example_datasets.py
[2026-08-13T12:53:43.487+0000] {logging_mixin.py:188} INFO - [2026-08-13T12:53:43.487+0000] {dag.py:3036} INFO - Sync 6 DAGs
[2026-08-13T12:53:43.520+0000] {logging_mixin.py:188} INFO - [2026-08-13T12:53:43.519+0000] {dag.py:3823} INFO - Setting next_dagrun for dataset_consumes_1 to None, run_after=None
[2026-08-13T12:53:43.525+0000] {logging_mixin.py:188} INFO - [2026-08-13T12:53:43.524+0000] {dag.py:3823} INFO - Setting next_dagrun for dataset_consumes_1_and_2 to None, run_after=None
[2026-08-13T12:53:43.527+0000] {logging_mixin.py:188} INFO - [2026-08-13T12:53:43.527+0000] {dag.py:3823} INFO - Setting next_dagrun for dataset_consumes_1_never_scheduled to None, run_after=None
[2026-08-13T12:53:43.529+0000] {logging_mixin.py:188} INFO - [2026-08-13T12:53:43.529+0000] {dag.py:3823} INFO - Setting next_dagrun for dataset_consumes_unknown_never_scheduled to None, run_after=None
[2026-08-13T12:53:43.534+0000] {logging_mixin.py:188} INFO - [2026-08-13T12:53:43.533+0000] {dag.py:3823} INFO - Setting next_dagrun for dataset_produces_1 to 2026-08-12 00:00:00+00:00, run_after=2026-08-13 00:00:00+00:00
[2026-08-13T12:53:43.536+0000] {logging_mixin.py:188} INFO - [2026-08-13T12:53:43.536+0000] {dag.py:3823} INFO - Setting next_dagrun for dataset_produces_2 to None, run_after=None
[2026-08-13T12:53:43.593+0000] {processor.py:183} INFO - Processing /home/airflow/.local/lib/python3.8/site-packages/airflow/example_dags/example_datasets.py took 0.195 seconds
[2026-08-13T12:54:13.894+0000] {processor.py:161} INFO - Started process (PID=1013) to work on /home/airflow/.local/lib/python3.8/site-packages/airflow/example_dags/example_datasets.py
[2026-08-13T12:54:13.897+0000] {processor.py:830} INFO - Processing file /home/airflow/.local/lib/python3.8/site-packages/airflow/example_dags/example_datasets.py for tasks to queue
[2026-08-13T12:54:13.905+0000] {logging_mixin.py:188} INFO - [2026-08-13T12:54:13.903+0000] {dagbag.py:538} INFO - Filling up the DagBag from /home/airflow/.local/lib/python3.8/site-packages/airflow/example_dags/example_datasets.py
[2026-08-13T12:54:13.929+0000] {processor.py:840} INFO - DAG(s) 'dataset_produces_2', 'dataset_produces_1', 'dataset_consumes_1_never_scheduled', 'dataset_consumes_unknown_never_scheduled', 'dataset_consumes_1', 'dataset_consumes_1_and_2' retrieved from /home/airflow/.local/lib/python3.8/site-packages/airflow/example_dags/example_datasets.py
[2026-08-13T12:54:13.999+0000] {logging_mixin.py:188} INFO - [2026-08-13T12:54:13.999+0000] {dag.py:3036} INFO - Sync 6 DAGs
[2026-08-13T12:54:14.049+0000] {logging_mixin.py:188} INFO - [2026-08-13T12:54:14.049+0000] {dag.py:3823} INFO - Setting next_dagrun for dataset_consumes_1 to None, run_after=None
[2026-08-13T12:54:14.056+0000] {logging_mixin.py:188} INFO - [2026-08-13T12:54:14.055+0000] {dag.py:3823} INFO - Setting next_dagrun for dataset_consumes_1_and_2 to None, run_after=None
[2026-08-13T12:54:14.061+0000] {logging_mixin.py:188} INFO - [2026-08-13T12:54:14.060+0000] {dag.py:3823} INFO - Setting next_dagrun for dataset_consumes_1_never_scheduled to None, run_after=None
[2026-08-13T12:54:14.066+0000] {logging_mixin.py:188} INFO - [2026-08-13T12:54:14.066+0000] {dag.py:3823} INFO - Setting next_dagrun for dataset_consumes_unknown_never_scheduled to None, run_after=None
[2026-08-13T12:54:14.073+0000] {logging_mixin.py:188} INFO - [2026-08-13T12:54:14.072+0000] {dag.py:3823} INFO - Setting next_dagrun for dataset_produces_1 to 2026-08-12 00:00:00+00:00, run_after=2026-08-13 00:00:00+00:00
[2026-08-13T12:54:14.077+0000] {logging_mixin.py:188} INFO - [2026-08-13T12:54:14.077+0000] {dag.py:3823} INFO - Setting next_dagrun for dataset_produces_2 to None, run_after=None
[2026-08-13T12:54:14.170+0000] {processor.py:183} INFO - Processing /home/airflow/.local/lib/python3.8/site-packages/airflow/example_dags/example_datasets.py took 0.286 seconds
[2026-08-13T12:54:44.992+0000] {processor.py:161} INFO - Started process (PID=1068) to work on /home/airflow/.local/lib/python3.8/site-packages/airflow/example_dags/example_datasets.py
[2026-08-13T12:54:44.994+0000] {processor.py:830} INFO - Processing file /home/airflow/.local/lib/python3.8/site-packages/airflow/example_dags/example_datasets.py for tasks to queue
[2026-08-13T12:54:44.997+0000] {logging_mixin.py:188} INFO - [2026-08-13T12:54:44.996+0000] {dagbag.py:538} INFO - Filling up the DagBag from /home/airflow/.local/lib/python3.8/site-packages/airflow/example_dags/example_datasets.py
[2026-08-13T12:54:45.010+0000] {processor.py:840} INFO - DAG(s) 'dataset_consumes_1', 'dataset_consumes_1_never_scheduled', 'dataset_produces_2', 'dataset_consumes_unknown_never_scheduled', 'dataset_consumes_1_and_2', 'dataset_produces_1' retrieved from /home/airflow/.local/lib/python3.8/site-packages/airflow/example_dags/example_datasets.py
[2026-08-13T12:54:45.057+0000] {logging_mixin.py:188} INFO - [2026-08-13T12:54:45.057+0000] {dag.py:3036} INFO - Sync 6 DAGs
[2026-08-13T12:54:45.089+0000] {logging_mixin.py:188} INFO - [2026-08-13T12:54:45.089+0000] {dag.py:3823} INFO - Setting next_dagrun for dataset_consumes_1 to None, run_after=None
[2026-08-13T12:54:45.094+0000] {logging_mixin.py:188} INFO - [2026-08-13T12:54:45.094+0000] {dag.py:3823} INFO - Setting next_dagrun for dataset_consumes_1_and_2 to None, run_after=None
[2026-08-13T12:54:45.098+0000] {logging_mixin.py:188} INFO - [2026-08-13T12:54:45.097+0000] {dag.py:3823} INFO - Setting next_dagrun for dataset_consumes_1_never_scheduled to None, run_after=None
[2026-08-13T12:54:45.100+0000] {logging_mixin.py:188} INFO - [2026-08-13T12:54:45.100+0000] {dag.py:3823} INFO - Setting next_dagrun for dataset_consumes_unknown_never_scheduled to None, run_after=None
[2026-08-13T12:54:45.105+0000] {logging_mixin.py:188} INFO - [2026-08-13T12:54:45.105+0000] {dag.py:3823} INFO - Setting next_dagrun for dataset_produces_1 to 2026-08-12 00:00:00+00:00, run_after=2026-08-13 00:00:00+00:00
[2026-08-13T12:54:45.107+0000] {logging_mixin.py:188} INFO - [2026-08-13T12:54:45.107+0000] {dag.py:3823} INFO - Setting next_dagrun for dataset_produces_2 to None, run_after=None
[2026-08-13T12:54:45.165+0000] {processor.py:183} INFO - Processing /home/airflow/.local/lib/python3.8/site-packages/airflow/example_dags/example_datasets.py took 0.177 seconds
[2026-08-13T12:55:15.356+0000] {processor.py:161} INFO - Started process (PID=1121) to work on /home/airflow/.local/lib/python3.8/site-packages/airflow/example_dags/example_datasets.py
[2026-08-13T12:55:15.358+0000] {processor.py:830} INFO - Processing file /home/airflow/.local/lib/python3.8/site-packages/airflow/example_dags/example_datasets.py for tasks to queue
[2026-08-13T12:55:15.361+0000] {logging_mixin.py:188} INFO - [2026-08-13T12:55:15.361+0000] {dagbag.py:538} INFO - Filling up the DagBag from /home/airflow/.local/lib/python3.8/site-packages/airflow/example_dags/example_datasets.py
[2026-08-13T12:55:15.376+0000] {processor.py:840} INFO - DAG(s) 'dataset_consumes_1', 'dataset_produces_2', 'dataset_produces_1', 'dataset_consumes_1_and_2', 'dataset_consumes_unknown_never_scheduled', 'dataset_consumes_1_never_scheduled' retrieved from /home/airflow/.local/lib/python3.8/site-packages/airflow/example_dags/example_datasets.py
[2026-08-13T12:55:15.427+0000] {logging_mixin.py:188} INFO - [2026-08-13T12:55:15.427+0000] {dag.py:3036} INFO - Sync 6 DAGs
[2026-08-13T12:55:15.463+0000] {logging_mixin.py:188} INFO - [2026-08-13T12:55:15.462+0000] {dag.py:3823} INFO - Setting next_dagrun for dataset_consumes_1 to None, run_after=None
[2026-08-13T12:55:15.468+0000] {logging_mixin.py:188} INFO - [2026-08-13T12:55:15.468+0000] {dag.py:3823} INFO - Setting next_dagrun for dataset_consumes_1_and_2 to None, run_after=None
[2026-08-13T12:55:15.471+0000] {logging_mixin.py:188} INFO - [2026-08-13T12:55:15.470+0000] {dag.py:3823} INFO - Setting next_dagrun for dataset_consumes_1_never_scheduled to None, run_after=None
[2026-08-13T12:55:15.473+0000] {logging_mixin.py:188} INFO - [2026-08-13T12:55:15.472+0000] {dag.py:3823} INFO - Setting next_dagrun for dataset_consumes_unknown_never_scheduled to None, run_after=None
[2026-08-13T12:55:15.476+0000] {logging_mixin.py:188} INFO - [2026-08-13T12:55:15.476+0000] {dag.py:3823} INFO - Setting next_dagrun for dataset_produces_1 to 2026-08-12 00:00:00+00:00, run_after=2026-08-13 00:00:00+00:00
[2026-08-13T12:55:15.478+0000] {logging_mixin.py:188} INFO - [2026-08-13T12:55:15.478+0000] {dag.py:3823} INFO - Setting next_dagrun for dataset_produces_2 to None, run_after=None
[2026-08-13T12:55:15.522+0000] {processor.py:183} INFO - Processing /home/airflow/.local/lib/python3.8/site-packages/airflow/example_dags/example_datasets.py took 0.171 seconds
[2026-08-13T12:55:46.533+0000] {processor.py:161} INFO - Started process (PID=1176) to work on /home/airflow/.local/lib/python3.8/site-packages/airflow/example_dags/example_datasets.py
[2026-08-13T12:55:46.535+0000] {processor.py:830} INFO - Processing file /home/airflow/.local/lib/python3.8/site-packages/airflow/example_dags/example_datasets.py for tasks to queue
[2026-08-13T12:55:46.539+0000] {logging_mixin.py:188} INFO - [2026-08-13T12:55:46.538+0000] {dagbag.py:538} INFO - Filling up the DagBag from /home/airflow/.local/lib/python3.8/site-packages/airflow/example_dags/example_datasets.py
[2026-08-13T12:55:46.551+0000] {processor.py:840} INFO - DAG(s) 'dataset_consumes_1_never_scheduled', 'dataset_consumes_1_and_2', 'dataset_consumes_unknown_never_scheduled', 'dataset_produces_1', 'dataset_produces_2', 'dataset_consumes_1' retrieved from /home/airflow/.local/lib/python3.8/site-packages/airflow/example_dags/example_datasets.py
[2026-08-13T12:55:46.595+0000] {logging_mixin.py:188} INFO - [2026-08-13T12:55:46.595+0000] {dag.py:3036} INFO - Sync 6 DAGs
[2026-08-13T12:55:46.628+0000] {logging_mixin.py:188} INFO - [2026-08-13T12:55:46.627+0000] {dag.py:3823} INFO - Setting next_dagrun for dataset_consumes_1 to None, run_after=None
[2026-08-13T12:55:46.636+0000] {logging_mixin.py:188} INFO - [2026-08-13T12:55:46.636+0000] {dag.py:3823} INFO - Setting next_dagrun for dataset_consumes_1_and_2 to None, run_after=None
[2026-08-13T12:55:46.638+0000] {logging_mixin.py:188} INFO - [2026-08-13T12:55:46.638+0000] {dag.py:3823} INFO - Setting next_dagrun for dataset_consumes_1_never_scheduled to None, run_after=None
[2026-08-13T12:55:46.640+0000] {logging_mixin.py:188} INFO - [2026-08-13T12:55:46.640+0000] {dag.py:3823} INFO - Setting next_dagrun for dataset_consumes_unknown_never_scheduled to None, run_after=None
[2026-08-13T12:55:46.644+0000] {logging_mixin.py:188} INFO - [2026-08-13T12:55:46.644+0000] {dag.py:3823} INFO - Setting next_dagrun for dataset_produces_1 to 2026-08-12 00:00:00+00:00, run_after=2026-08-13 00:00:00+00:00
[2026-08-13T12:55:46.646+0000] {logging_mixin.py:188} INFO - [2026-08-13T12:55:46.646+0000] {dag.py:3823} INFO - Setting next_dagrun for dataset_produces_2 to None, run_after=None
[2026-08-13T12:55:46.690+0000] {processor.py:183} INFO - Processing /home/airflow/.local/lib/python3.8/site-packages/airflow/example_dags/example_datasets.py took 0.163 seconds
[2026-08-13T12:56:17.477+0000] {processor.py:161} INFO - Started process (PID=1231) to work on /home/airflow/.local/lib/python3.8/site-packages/airflow/example_dags/example_datasets.py
[2026-08-13T12:56:17.480+0000] {processor.py:830} INFO - Processing file /home/airflow/.local/lib/python3.8/site-packages/airflow/example_dags/example_datasets.py for tasks to queue
[2026-08-13T12:56:17.484+0000] {logging_mixin.py:188} INFO - [2026-08-13T12:56:17.483+0000] {dagbag.py:538} INFO - Filling up the DagBag from /home/airflow/.local/lib/python3.8/site-packages/airflow/example_dags/example_datasets.py
[2026-08-13T12:56:17.505+0000] {processor.py:840} INFO - DAG(s) 'dataset_consumes_1_never_scheduled', 'dataset_produces_1', 'dataset_consumes_1', 'dataset_consumes_unknown_never_scheduled', 'dataset_consumes_1_and_2', 'dataset_produces_2' retrieved from /home/airflow/.local/lib/python3.8/site-packages/airflow/example_dags/example_datasets.py
[2026-08-13T12:56:17.591+0000] {logging_mixin.py:188} INFO - [2026-08-13T12:56:17.590+0000] {dag.py:3036} INFO - Sync 6 DAGs
[2026-08-13T12:56:17.639+0000] {logging_mixin.py:188} INFO - [2026-08-13T12:56:17.638+0000] {dag.py:3823} INFO - Setting next_dagrun for dataset_consumes_1 to None, run_after=None
[2026-08-13T12:56:17.645+0000] {logging_mixin.py:188} INFO - [2026-08-13T12:56:17.644+0000] {dag.py:3823} INFO - Setting next_dagrun for dataset_consumes_1_and_2 to None, run_after=None
[2026-08-13T12:56:17.647+0000] {logging_mixin.py:188} INFO - [2026-08-13T12:56:17.647+0000] {dag.py:3823} INFO - Setting next_dagrun for dataset_consumes_1_never_scheduled to None, run_after=None
[2026-08-13T12:56:17.650+0000] {logging_mixin.py:188} INFO - [2026-08-13T12:56:17.649+0000] {dag.py:3823} INFO - Setting next_dagrun for dataset_consumes_unknown_never_scheduled to None, run_after=None
[2026-08-13T12:56:17.656+0000] {logging_mixin.py:188} INFO - [2026-08-13T12:56:17.656+0000] {dag.py:3823} INFO - Setting next_dagrun for dataset_produces_1 to 2026-08-12 00:00:00+00:00, run_after=2026-08-13 00:00:00+00:00
[2026-08-13T12:56:17.662+0000] {logging_mixin.py:188} INFO - [2026-08-13T12:56:17.661+0000] {dag.py:3823} INFO - Setting next_dagrun for dataset_produces_2 to None, run_after=None
[2026-08-13T12:56:17.718+0000] {processor.py:183} INFO - Processing /home/airflow/.local/lib/python3.8/site-packages/airflow/example_dags/example_datasets.py took 0.247 seconds
[2026-08-13T12:56:47.871+0000] {processor.py:161} INFO - Started process (PID=1286) to work on /home/airflow/.local/lib/python3.8/site-packages/airflow/example_dags/example_datasets.py
[2026-08-13T12:56:47.873+0000] {processor.py:830} INFO - Processing file /home/airflow/.local/lib/python3.8/site-packages/airflow/example_dags/example_datasets.py for tasks to queue
[2026-08-13T12:56:47.878+0000] {logging_mixin.py:188} INFO - [2026-08-13T12:56:47.877+0000] {dagbag.py:538} INFO - Filling up the DagBag from /home/airflow/.local/lib/python3.8/site-packages/airflow/example_dags/example_datasets.py
[2026-08-13T12:56:47.893+0000] {processor.py:840} INFO - DAG(s) 'dataset_consumes_1_and_2', 'dataset_consumes_unknown_never_scheduled', 'dataset_produces_2', 'dataset_consumes_1', 'dataset_produces_1', 'dataset_consumes_1_never_scheduled' retrieved from /home/airflow/.local/lib/python3.8/site-packages/airflow/example_dags/example_datasets.py
[2026-08-13T12:56:47.953+0000] {logging_mixin.py:188} INFO - [2026-08-13T12:56:47.953+0000] {dag.py:3036} INFO - Sync 6 DAGs
[2026-08-13T12:56:47.989+0000] {logging_mixin.py:188} INFO - [2026-08-13T12:56:47.989+0000] {dag.py:3823} INFO - Setting next_dagrun for dataset_consumes_1 to None, run_after=None
[2026-08-13T12:56:47.995+0000] {logging_mixin.py:188} INFO - [2026-08-13T12:56:47.995+0000] {dag.py:3823} INFO - Setting next_dagrun for dataset_consumes_1_and_2 to None, run_after=None
[2026-08-13T12:56:47.998+0000] {logging_mixin.py:188} INFO - [2026-08-13T12:56:47.997+0000] {dag.py:3823} INFO - Setting next_dagrun for dataset_consumes_1_never_scheduled to None, run_after=None
[2026-08-13T12:56:48.001+0000] {logging_mixin.py:188} INFO - [2026-08-13T12:56:48.001+0000] {dag.py:3823} INFO - Setting next_dagrun for dataset_consumes_unknown_never_scheduled to None, run_after=None
[2026-08-13T12:56:48.006+0000] {logging_mixin.py:188} INFO - [2026-08-13T12:56:48.006+0000] {dag.py:3823} INFO - Setting next_dagrun for dataset_produces_1 to 2026-08-12 00:00:00+00:00, run_after=2026-08-13 00:00:00+00:00
[2026-08-13T12:56:48.008+0000] {logging_mixin.py:188} INFO - [2026-08-13T12:56:48.008+0000] {dag.py:3823} INFO - Setting next_dagrun for dataset_produces_2 to None, run_after=None
[2026-08-13T12:56:48.051+0000] {processor.py:183} INFO - Processing /home/airflow/.local/lib/python3.8/site-packages/airflow/example_dags/example_datasets.py took 0.185 seconds
[2026-08-13T12:57:18.839+0000] {processor.py:161} INFO - Started process (PID=1341) to work on /home/airflow/.local/lib/python3.8/site-packages/airflow/example_dags/example_datasets.py
[2026-08-13T12:57:18.841+0000] {processor.py:830} INFO - Processing file /home/airflow/.local/lib/python3.8/site-packages/airflow/example_dags/example_datasets.py for tasks to queue
[2026-08-13T12:57:18.844+0000] {logging_mixin.py:188} INFO - [2026-08-13T12:57:18.844+0000] {dagbag.py:538} INFO - Filling up the DagBag from /home/airflow/.local/lib/python3.8/site-packages/airflow/example_dags/example_datasets.py
[2026-08-13T12:57:18.860+0000] {processor.py:840} INFO - DAG(s) 'dataset_consumes_1_and_2', 'dataset_consumes_unknown_never_scheduled', 'dataset_consumes_1', 'dataset_produces_2', 'dataset_consumes_1_never_scheduled', 'dataset_produces_1' retrieved from /home/airflow/.local/lib/python3.8/site-packages/airflow/example_dags/example_datasets.py
[2026-08-13T12:57:18.938+0000] {logging_mixin.py:188} INFO - [2026-08-13T12:57:18.938+0000] {dag.py:3036} INFO - Sync 6 DAGs
[2026-08-13T12:57:18.978+0000] {logging_mixin.py:188} INFO - [2026-08-13T12:57:18.977+0000] {dag.py:3823} INFO - Setting next_dagrun for dataset_consumes_1 to None, run_after=None
[2026-08-13T12:57:18.986+0000] {logging_mixin.py:188} INFO - [2026-08-13T12:57:18.985+0000] {dag.py:3823} INFO - Setting next_dagrun for dataset_consumes_1_and_2 to None, run_after=None
[2026-08-13T12:57:18.990+0000] {logging_mixin.py:188} INFO - [2026-08-13T12:57:18.989+0000] {dag.py:3823} INFO - Setting next_dagrun for dataset_consumes_1_never_scheduled to None, run_after=None
[2026-08-13T12:57:18.994+0000] {logging_mixin.py:188} INFO - [2026-08-13T12:57:18.993+0000] {dag.py:3823} INFO - Setting next_dagrun for dataset_consumes_unknown_never_scheduled to None, run_after=None
[2026-08-13T12:57:19.002+0000] {logging_mixin.py:188} INFO - [2026-08-13T12:57:19.002+0000] {dag.py:3823} INFO - Setting next_dagrun for dataset_produces_1 to 2026-08-12 00:00:00+00:00, run_after=2026-08-13 00:00:00+00:00
[2026-08-13T12:57:19.007+0000] {logging_mixin.py:188} INFO - [2026-08-13T12:57:19.006+0000] {dag.py:3823} INFO - Setting next_dagrun for dataset_produces_2 to None, run_after=None
[2026-08-13T12:57:19.077+0000] {processor.py:183} INFO - Processing /home/airflow/.local/lib/python3.8/site-packages/airflow/example_dags/example_datasets.py took 0.245 seconds
