[2026-08-13T12:33:33.869+0000] {processor.py:161} INFO - Started process (PID=107) to work on /home/airflow/.local/lib/python3.8/site-packages/airflow/example_dags/example_branch_labels.py
[2026-08-13T12:33:33.873+0000] {processor.py:830} INFO - Processing file /home/airflow/.local/lib/python3.8/site-packages/airflow/example_dags/example_branch_labels.py for tasks to queue
[2026-08-13T12:33:33.880+0000] {logging_mixin.py:188} INFO - [2026-08-13T12:33:33.878+0000] {dagbag.py:538} INFO - Filling up the DagBag from /home/airflow/.local/lib/python3.8/site-packages/airflow/example_dags/example_branch_labels.py
[2026-08-13T12:33:33.925+0000] {processor.py:840} INFO - DAG(s) 'example_branch_labels' retrieved from /home/airflow/.local/lib/python3.8/site-packages/airflow/example_dags/example_branch_labels.py
[2026-08-13T12:33:35.758+0000] {logging_mixin.py:188} INFO - [2026-08-13T12:33:35.758+0000] {dag.py:3036} INFO - Sync 1 DAGs
[2026-08-13T12:33:35.893+0000] {logging_mixin.py:188} INFO - [2026-08-13T12:33:35.892+0000] {dag.py:3823} INFO - Setting next_dagrun for example_branch_labels to 2026-08-12 00:00:00+00:00, run_after=2026-08-13 00:00:00+00:00
[2026-08-13T12:33:36.143+0000] {processor.py:183} INFO - Processing /home/airflow/.local/lib/python3.8/site-packages/airflow/example_dags/example_branch_labels.py took 2.286 seconds
[2026-08-13T12:34:06.256+0000] {processor.py:161} INFO - Started process (PID=162) to work on /home/airflow/.local/lib/python3.8/site-packages/airflow/example_dags/example_branch_labels.py
[2026-08-13T12:34:06.258+0000] {processor.py:830} INFO - Processing file /home/airflow/.local/lib/python3.8/site-packages/airflow/example_dags/example_branch_labels.py for tasks to queue
[2026-08-13T12:34:06.263+0000] {logging_mixin.py:188} INFO - [2026-08-13T12:34:06.262+0000] {dagbag.py:538} INFO - Filling up the DagBag from /home/airflow/.local/lib/python3.8/site-packages/airflow/example_dags/example_branch_labels.py
[2026-08-13T12:34:06.274+0000] {processor.py:840} INFO - DAG(s) 'example_branch_labels' retrieved from /home/airflow/.local/lib/python3.8/site-packages/airflow/example_dags/example_branch_labels.py
[2026-08-13T12:34:06.308+0000] {logging_mixin.py:188} INFO - [2026-08-13T12:34:06.308+0000] {dag.py:3036} INFO - Sync 1 DAGs
[2026-08-13T12:34:06.338+0000] {logging_mixin.py:188} INFO - [2026-08-13T12:34:06.337+0000] {dag.py:3823} INFO - Setting next_dagrun for example_branch_labels to 2026-08-12 00:00:00+00:00, run_after=2026-08-13 00:00:00+00:00
[2026-08-13T12:34:06.366+0000] {processor.py:183} INFO - Processing /home/airflow/.local/lib/python3.8/site-packages/airflow/example_dags/example_branch_labels.py took 0.115 seconds
[2026-08-13T12:34:36.464+0000] {processor.py:161} INFO - Started process (PID=217) to work on /home/airflow/.local/lib/python3.8/site-packages/airflow/example_dags/example_branch_labels.py
[2026-08-13T12:34:36.466+0000] {processor.py:830} INFO - Processing file /home/airflow/.local/lib/python3.8/site-packages/airflow/example_dags/example_branch_labels.py for tasks to queue
[2026-08-13T12:34:36.470+0000] {logging_mixin.py:188} INFO - [2026-08-13T12:34:36.469+0000] {dagbag.py:538} INFO - Filling up the DagBag from /home/airflow/.local/lib/python3.8/site-packages/airflow/example_dags/example_branch_labels.py
[2026-08-13T12:34:36.485+0000] {processor.py:840} INFO - DAG(s) 'example_branch_labels' retrieved from /home/airflow/.local/lib/python3.8/site-packages/airflow/example_dags/example_branch_labels.py
[2026-08-13T12:34:36.528+0000] {logging_mixin.py:188} INFO - [2026-08-13T12:34:36.528+0000] {dag.py:3036} INFO - Sync 1 DAGs
[2026-08-13T12:34:36.561+0000] {logging_mixin.py:188} INFO - [2026-08-13T12:34:36.561+0000] {dag.py:3823} INFO - Setting next_dagrun for example_branch_labels to 2026-08-12 00:00:00+00:00, run_after=2026-08-13 00:00:00+00:00
[2026-08-13T12:34:36.592+0000] {processor.py:183} INFO - Processing /home/airflow/.local/lib/python3.8/site-packages/airflow/example_dags/example_branch_labels.py took 0.134 seconds
[2026-08-13T12:35:06.970+0000] {processor.py:161} INFO - Started process (PID=272) to work on /home/airflow/.local/lib/python3.8/site-packages/airflow/example_dags/example_branch_labels.py
[2026-08-13T12:35:06.973+0000] {processor.py:830} INFO - Processing file /home/airflow/.local/lib/python3.8/site-packages/airflow/example_dags/example_branch_labels.py for tasks to queue
[2026-08-13T12:35:06.977+0000] {logging_mixin.py:188} INFO - [2026-08-13T12:35:06.976+0000] {dagbag.py:538} INFO - Filling up the DagBag from /home/airflow/.local/lib/python3.8/site-packages/airflow/example_dags/example_branch_labels.py
[2026-08-13T12:35:06.993+0000] {processor.py:840} INFO - DAG(s) 'example_branch_labels' retrieved from /home/airflow/.local/lib/python3.8/site-packages/airflow/example_dags/example_branch_labels.py
[2026-08-13T12:35:07.030+0000] {logging_mixin.py:188} INFO - [2026-08-13T12:35:07.030+0000] {dag.py:3036} INFO - Sync 1 DAGs
[2026-08-13T12:35:07.069+0000] {logging_mixin.py:188} INFO - [2026-08-13T12:35:07.069+0000] {dag.py:3823} INFO - Setting next_dagrun for example_branch_labels to 2026-08-12 00:00:00+00:00, run_after=2026-08-13 00:00:00+00:00
[2026-08-13T12:35:07.117+0000] {processor.py:183} INFO - Processing /home/airflow/.local/lib/python3.8/site-packages/airflow/example_dags/example_branch_labels.py took 0.152 seconds
[2026-08-13T12:35:37.264+0000] {processor.py:161} INFO - Started process (PID=327) to work on /home/airflow/.local/lib/python3.8/site-packages/airflow/example_dags/example_branch_labels.py
[2026-08-13T12:35:37.266+0000] {processor.py:830} INFO - Processing file /home/airflow/.local/lib/python3.8/site-packages/airflow/example_dags/example_branch_labels.py for tasks to queue
[2026-08-13T12:35:37.269+0000] {logging_mixin.py:188} INFO - [2026-08-13T12:35:37.269+0000] {dagbag.py:538} INFO - Filling up the DagBag from /home/airflow/.local/lib/python3.8/site-packages/airflow/example_dags/example_branch_labels.py
[2026-08-13T12:35:37.282+0000] {processor.py:840} INFO - DAG(s) 'example_branch_labels' retrieved from /home/airflow/.local/lib/python3.8/site-packages/airflow/example_dags/example_branch_labels.py
[2026-08-13T12:35:37.309+0000] {logging_mixin.py:188} INFO - [2026-08-13T12:35:37.309+0000] {dag.py:3036} INFO - Sync 1 DAGs
[2026-08-13T12:35:37.339+0000] {logging_mixin.py:188} INFO - [2026-08-13T12:35:37.338+0000] {dag.py:3823} INFO - Setting next_dagrun for example_branch_labels to 2026-08-12 00:00:00+00:00, run_after=2026-08-13 00:00:00+00:00
[2026-08-13T12:35:37.365+0000] {processor.py:183} INFO - Processing /home/airflow/.local/lib/python3.8/site-packages/airflow/example_dags/example_branch_labels.py took 0.106 seconds
[2026-08-13T12:36:07.586+0000] {processor.py:161} INFO - Started process (PID=382) to work on /home/airflow/.local/lib/python3.8/site-packages/airflow/example_dags/example_branch_labels.py
[2026-08-13T12:36:07.589+0000] {processor.py:830} INFO - Processing file /home/airflow/.local/lib/python3.8/site-packages/airflow/example_dags/example_branch_labels.py for tasks to queue
[2026-08-13T12:36:07.594+0000] {logging_mixin.py:188} INFO - [2026-08-13T12:36:07.593+0000] {dagbag.py:538} INFO - Filling up the DagBag from /home/airflow/.local/lib/python3.8/site-packages/airflow/example_dags/example_branch_labels.py
[2026-08-13T12:36:07.607+0000] {processor.py:840} INFO - DAG(s) 'example_branch_labels' retrieved from /home/airflow/.local/lib/python3.8/site-packages/airflow/example_dags/example_branch_labels.py
[2026-08-13T12:36:07.635+0000] {logging_mixin.py:188} INFO - [2026-08-13T12:36:07.635+0000] {dag.py:3036} INFO - Sync 1 DAGs
[2026-08-13T12:36:07.661+0000] {logging_mixin.py:188} INFO - [2026-08-13T12:36:07.661+0000] {dag.py:3823} INFO - Setting next_dagrun for example_branch_labels to 2026-08-12 00:00:00+00:00, run_after=2026-08-13 00:00:00+00:00
[2026-08-13T12:36:07.689+0000] {processor.py:183} INFO - Processing /home/airflow/.local/lib/python3.8/site-packages/airflow/example_dags/example_branch_labels.py took 0.111 seconds
[2026-08-13T12:41:52.007+0000] {processor.py:161} INFO - Started process (PID=129) to work on /home/airflow/.local/lib/python3.8/site-packages/airflow/example_dags/example_branch_labels.py
[2026-08-13T12:41:52.011+0000] {processor.py:830} INFO - Processing file /home/airflow/.local/lib/python3.8/site-packages/airflow/example_dags/example_branch_labels.py for tasks to queue
[2026-08-13T12:41:52.017+0000] {logging_mixin.py:188} INFO - [2026-08-13T12:41:52.016+0000] {dagbag.py:538} INFO - Filling up the DagBag from /home/airflow/.local/lib/python3.8/site-packages/airflow/example_dags/example_branch_labels.py
[2026-08-13T12:41:52.052+0000] {processor.py:840} INFO - DAG(s) 'example_branch_labels' retrieved from /home/airflow/.local/lib/python3.8/site-packages/airflow/example_dags/example_branch_labels.py
[2026-08-13T12:41:52.498+0000] {logging_mixin.py:188} INFO - [2026-08-13T12:41:52.497+0000] {dag.py:3036} INFO - Sync 1 DAGs
[2026-08-13T12:41:52.597+0000] {logging_mixin.py:188} INFO - [2026-08-13T12:41:52.596+0000] {dag.py:3823} INFO - Setting next_dagrun for example_branch_labels to 2026-08-12 00:00:00+00:00, run_after=2026-08-13 00:00:00+00:00
[2026-08-13T12:41:52.717+0000] {processor.py:183} INFO - Processing /home/airflow/.local/lib/python3.8/site-packages/airflow/example_dags/example_branch_labels.py took 0.724 seconds
[2026-08-13T12:42:26.154+0000] {processor.py:161} INFO - Started process (PID=185) to work on /home/airflow/.local/lib/python3.8/site-packages/airflow/example_dags/example_branch_labels.py
[2026-08-13T12:42:26.167+0000] {processor.py:830} INFO - Processing file /home/airflow/.local/lib/python3.8/site-packages/airflow/example_dags/example_branch_labels.py for tasks to queue
[2026-08-13T12:42:26.184+0000] {logging_mixin.py:188} INFO - [2026-08-13T12:42:26.183+0000] {dagbag.py:538} INFO - Filling up the DagBag from /home/airflow/.local/lib/python3.8/site-packages/airflow/example_dags/example_branch_labels.py
[2026-08-13T12:42:26.266+0000] {processor.py:840} INFO - DAG(s) 'example_branch_labels' retrieved from /home/airflow/.local/lib/python3.8/site-packages/airflow/example_dags/example_branch_labels.py
[2026-08-13T12:42:26.444+0000] {logging_mixin.py:188} INFO - [2026-08-13T12:42:26.444+0000] {dag.py:3036} INFO - Sync 1 DAGs
[2026-08-13T12:42:26.622+0000] {logging_mixin.py:188} INFO - [2026-08-13T12:42:26.620+0000] {dag.py:3823} INFO - Setting next_dagrun for example_branch_labels to 2026-08-12 00:00:00+00:00, run_after=2026-08-13 00:00:00+00:00
[2026-08-13T12:42:26.785+0000] {processor.py:183} INFO - Processing /home/airflow/.local/lib/python3.8/site-packages/airflow/example_dags/example_branch_labels.py took 0.656 seconds
[2026-08-13T12:45:46.698+0000] {processor.py:161} INFO - Started process (PID=111) to work on /home/airflow/.local/lib/python3.8/site-packages/airflow/example_dags/example_branch_labels.py
[2026-08-13T12:45:46.702+0000] {processor.py:830} INFO - Processing file /home/airflow/.local/lib/python3.8/site-packages/airflow/example_dags/example_branch_labels.py for tasks to queue
[2026-08-13T12:45:46.708+0000] {logging_mixin.py:188} INFO - [2026-08-13T12:45:46.707+0000] {dagbag.py:538} INFO - Filling up the DagBag from /home/airflow/.local/lib/python3.8/site-packages/airflow/example_dags/example_branch_labels.py
[2026-08-13T12:45:46.735+0000] {processor.py:840} INFO - DAG(s) 'example_branch_labels' retrieved from /home/airflow/.local/lib/python3.8/site-packages/airflow/example_dags/example_branch_labels.py
[2026-08-13T12:45:46.958+0000] {logging_mixin.py:188} INFO - [2026-08-13T12:45:46.958+0000] {dag.py:3036} INFO - Sync 1 DAGs
[2026-08-13T12:45:47.006+0000] {logging_mixin.py:188} INFO - [2026-08-13T12:45:47.005+0000] {dag.py:3823} INFO - Setting next_dagrun for example_branch_labels to 2026-08-12 00:00:00+00:00, run_after=2026-08-13 00:00:00+00:00
[2026-08-13T12:45:47.046+0000] {processor.py:183} INFO - Processing /home/airflow/.local/lib/python3.8/site-packages/airflow/example_dags/example_branch_labels.py took 0.358 seconds
[2026-08-13T12:46:18.052+0000] {processor.py:161} INFO - Started process (PID=166) to work on /home/airflow/.local/lib/python3.8/site-packages/airflow/example_dags/example_branch_labels.py
[2026-08-13T12:46:18.055+0000] {processor.py:830} INFO - Processing file /home/airflow/.local/lib/python3.8/site-packages/airflow/example_dags/example_branch_labels.py for tasks to queue
[2026-08-13T12:46:18.062+0000] {logging_mixin.py:188} INFO - [2026-08-13T12:46:18.061+0000] {dagbag.py:538} INFO - Filling up the DagBag from /home/airflow/.local/lib/python3.8/site-packages/airflow/example_dags/example_branch_labels.py
[2026-08-13T12:46:18.093+0000] {processor.py:840} INFO - DAG(s) 'example_branch_labels' retrieved from /home/airflow/.local/lib/python3.8/site-packages/airflow/example_dags/example_branch_labels.py
[2026-08-13T12:46:18.200+0000] {logging_mixin.py:188} INFO - [2026-08-13T12:46:18.199+0000] {dag.py:3036} INFO - Sync 1 DAGs
[2026-08-13T12:46:18.273+0000] {logging_mixin.py:188} INFO - [2026-08-13T12:46:18.273+0000] {dag.py:3823} INFO - Setting next_dagrun for example_branch_labels to 2026-08-12 00:00:00+00:00, run_after=2026-08-13 00:00:00+00:00
[2026-08-13T12:46:18.389+0000] {processor.py:183} INFO - Processing /home/airflow/.local/lib/python3.8/site-packages/airflow/example_dags/example_branch_labels.py took 0.349 seconds
[2026-08-13T12:46:49.278+0000] {processor.py:161} INFO - Started process (PID=221) to work on /home/airflow/.local/lib/python3.8/site-packages/airflow/example_dags/example_branch_labels.py
[2026-08-13T12:46:49.282+0000] {processor.py:830} INFO - Processing file /home/airflow/.local/lib/python3.8/site-packages/airflow/example_dags/example_branch_labels.py for tasks to queue
[2026-08-13T12:46:49.286+0000] {logging_mixin.py:188} INFO - [2026-08-13T12:46:49.285+0000] {dagbag.py:538} INFO - Filling up the DagBag from /home/airflow/.local/lib/python3.8/site-packages/airflow/example_dags/example_branch_labels.py
[2026-08-13T12:46:49.301+0000] {processor.py:840} INFO - DAG(s) 'example_branch_labels' retrieved from /home/airflow/.local/lib/python3.8/site-packages/airflow/example_dags/example_branch_labels.py
[2026-08-13T12:46:49.353+0000] {logging_mixin.py:188} INFO - [2026-08-13T12:46:49.352+0000] {dag.py:3036} INFO - Sync 1 DAGs
[2026-08-13T12:46:49.414+0000] {logging_mixin.py:188} INFO - [2026-08-13T12:46:49.414+0000] {dag.py:3823} INFO - Setting next_dagrun for example_branch_labels to 2026-08-12 00:00:00+00:00, run_after=2026-08-13 00:00:00+00:00
[2026-08-13T12:46:49.461+0000] {processor.py:183} INFO - Processing /home/airflow/.local/lib/python3.8/site-packages/airflow/example_dags/example_branch_labels.py took 0.195 seconds
[2026-08-13T12:47:21.261+0000] {processor.py:161} INFO - Started process (PID=276) to work on /home/airflow/.local/lib/python3.8/site-packages/airflow/example_dags/example_branch_labels.py
[2026-08-13T12:47:21.266+0000] {processor.py:830} INFO - Processing file /home/airflow/.local/lib/python3.8/site-packages/airflow/example_dags/example_branch_labels.py for tasks to queue
[2026-08-13T12:47:21.276+0000] {logging_mixin.py:188} INFO - [2026-08-13T12:47:21.275+0000] {dagbag.py:538} INFO - Filling up the DagBag from /home/airflow/.local/lib/python3.8/site-packages/airflow/example_dags/example_branch_labels.py
[2026-08-13T12:47:21.306+0000] {processor.py:840} INFO - DAG(s) 'example_branch_labels' retrieved from /home/airflow/.local/lib/python3.8/site-packages/airflow/example_dags/example_branch_labels.py
[2026-08-13T12:47:21.410+0000] {logging_mixin.py:188} INFO - [2026-08-13T12:47:21.409+0000] {dag.py:3036} INFO - Sync 1 DAGs
[2026-08-13T12:47:21.526+0000] {logging_mixin.py:188} INFO - [2026-08-13T12:47:21.525+0000] {dag.py:3823} INFO - Setting next_dagrun for example_branch_labels to 2026-08-12 00:00:00+00:00, run_after=2026-08-13 00:00:00+00:00
[2026-08-13T12:47:21.613+0000] {processor.py:183} INFO - Processing /home/airflow/.local/lib/python3.8/site-packages/airflow/example_dags/example_branch_labels.py took 0.371 seconds
[2026-08-13T12:47:53.695+0000] {processor.py:161} INFO - Started process (PID=329) to work on /home/airflow/.local/lib/python3.8/site-packages/airflow/example_dags/example_branch_labels.py
[2026-08-13T12:47:53.699+0000] {processor.py:830} INFO - Processing file /home/airflow/.local/lib/python3.8/site-packages/airflow/example_dags/example_branch_labels.py for tasks to queue
[2026-08-13T12:47:53.712+0000] {logging_mixin.py:188} INFO - [2026-08-13T12:47:53.711+0000] {dagbag.py:538} INFO - Filling up the DagBag from /home/airflow/.local/lib/python3.8/site-packages/airflow/example_dags/example_branch_labels.py
[2026-08-13T12:47:53.756+0000] {processor.py:840} INFO - DAG(s) 'example_branch_labels' retrieved from /home/airflow/.local/lib/python3.8/site-packages/airflow/example_dags/example_branch_labels.py
[2026-08-13T12:47:53.831+0000] {logging_mixin.py:188} INFO - [2026-08-13T12:47:53.830+0000] {dag.py:3036} INFO - Sync 1 DAGs
[2026-08-13T12:47:53.915+0000] {logging_mixin.py:188} INFO - [2026-08-13T12:47:53.914+0000] {dag.py:3823} INFO - Setting next_dagrun for example_branch_labels to 2026-08-12 00:00:00+00:00, run_after=2026-08-13 00:00:00+00:00
[2026-08-13T12:47:53.979+0000] {processor.py:183} INFO - Processing /home/airflow/.local/lib/python3.8/site-packages/airflow/example_dags/example_branch_labels.py took 0.298 seconds
[2026-08-13T12:48:24.281+0000] {processor.py:161} INFO - Started process (PID=384) to work on /home/airflow/.local/lib/python3.8/site-packages/airflow/example_dags/example_branch_labels.py
[2026-08-13T12:48:24.288+0000] {processor.py:830} INFO - Processing file /home/airflow/.local/lib/python3.8/site-packages/airflow/example_dags/example_branch_labels.py for tasks to queue
[2026-08-13T12:48:24.295+0000] {logging_mixin.py:188} INFO - [2026-08-13T12:48:24.295+0000] {dagbag.py:538} INFO - Filling up the DagBag from /home/airflow/.local/lib/python3.8/site-packages/airflow/example_dags/example_branch_labels.py
[2026-08-13T12:48:24.343+0000] {processor.py:840} INFO - DAG(s) 'example_branch_labels' retrieved from /home/airflow/.local/lib/python3.8/site-packages/airflow/example_dags/example_branch_labels.py
[2026-08-13T12:48:24.439+0000] {logging_mixin.py:188} INFO - [2026-08-13T12:48:24.438+0000] {dag.py:3036} INFO - Sync 1 DAGs
[2026-08-13T12:48:24.504+0000] {logging_mixin.py:188} INFO - [2026-08-13T12:48:24.503+0000] {dag.py:3823} INFO - Setting next_dagrun for example_branch_labels to 2026-08-12 00:00:00+00:00, run_after=2026-08-13 00:00:00+00:00
[2026-08-13T12:48:24.557+0000] {processor.py:183} INFO - Processing /home/airflow/.local/lib/python3.8/site-packages/airflow/example_dags/example_branch_labels.py took 0.284 seconds
[2026-08-13T12:48:54.870+0000] {processor.py:161} INFO - Started process (PID=440) to work on /home/airflow/.local/lib/python3.8/site-packages/airflow/example_dags/example_branch_labels.py
[2026-08-13T12:48:54.872+0000] {processor.py:830} INFO - Processing file /home/airflow/.local/lib/python3.8/site-packages/airflow/example_dags/example_branch_labels.py for tasks to queue
[2026-08-13T12:48:54.876+0000] {logging_mixin.py:188} INFO - [2026-08-13T12:48:54.875+0000] {dagbag.py:538} INFO - Filling up the DagBag from /home/airflow/.local/lib/python3.8/site-packages/airflow/example_dags/example_branch_labels.py
[2026-08-13T12:48:54.890+0000] {processor.py:840} INFO - DAG(s) 'example_branch_labels' retrieved from /home/airflow/.local/lib/python3.8/site-packages/airflow/example_dags/example_branch_labels.py
[2026-08-13T12:48:54.931+0000] {logging_mixin.py:188} INFO - [2026-08-13T12:48:54.930+0000] {dag.py:3036} INFO - Sync 1 DAGs
[2026-08-13T12:48:54.969+0000] {logging_mixin.py:188} INFO - [2026-08-13T12:48:54.969+0000] {dag.py:3823} INFO - Setting next_dagrun for example_branch_labels to 2026-08-12 00:00:00+00:00, run_after=2026-08-13 00:00:00+00:00
[2026-08-13T12:48:55.002+0000] {processor.py:183} INFO - Processing /home/airflow/.local/lib/python3.8/site-packages/airflow/example_dags/example_branch_labels.py took 0.139 seconds
[2026-08-13T12:49:25.291+0000] {processor.py:161} INFO - Started process (PID=495) to work on /home/airflow/.local/lib/python3.8/site-packages/airflow/example_dags/example_branch_labels.py
[2026-08-13T12:49:25.294+0000] {processor.py:830} INFO - Processing file /home/airflow/.local/lib/python3.8/site-packages/airflow/example_dags/example_branch_labels.py for tasks to queue
[2026-08-13T12:49:25.300+0000] {logging_mixin.py:188} INFO - [2026-08-13T12:49:25.299+0000] {dagbag.py:538} INFO - Filling up the DagBag from /home/airflow/.local/lib/python3.8/site-packages/airflow/example_dags/example_branch_labels.py
[2026-08-13T12:49:25.340+0000] {processor.py:840} INFO - DAG(s) 'example_branch_labels' retrieved from /home/airflow/.local/lib/python3.8/site-packages/airflow/example_dags/example_branch_labels.py
[2026-08-13T12:49:25.448+0000] {logging_mixin.py:188} INFO - [2026-08-13T12:49:25.447+0000] {dag.py:3036} INFO - Sync 1 DAGs
[2026-08-13T12:49:25.551+0000] {logging_mixin.py:188} INFO - [2026-08-13T12:49:25.550+0000] {dag.py:3823} INFO - Setting next_dagrun for example_branch_labels to 2026-08-12 00:00:00+00:00, run_after=2026-08-13 00:00:00+00:00
[2026-08-13T12:49:25.664+0000] {processor.py:183} INFO - Processing /home/airflow/.local/lib/python3.8/site-packages/airflow/example_dags/example_branch_labels.py took 0.390 seconds
[2026-08-13T12:49:58.647+0000] {processor.py:161} INFO - Started process (PID=550) to work on /home/airflow/.local/lib/python3.8/site-packages/airflow/example_dags/example_branch_labels.py
[2026-08-13T12:49:58.651+0000] {processor.py:830} INFO - Processing file /home/airflow/.local/lib/python3.8/site-packages/airflow/example_dags/example_branch_labels.py for tasks to queue
[2026-08-13T12:49:58.657+0000] {logging_mixin.py:188} INFO - [2026-08-13T12:49:58.656+0000] {dagbag.py:538} INFO - Filling up the DagBag from /home/airflow/.local/lib/python3.8/site-packages/airflow/example_dags/example_branch_labels.py
[2026-08-13T12:49:58.679+0000] {processor.py:840} INFO - DAG(s) 'example_branch_labels' retrieved from /home/airflow/.local/lib/python3.8/site-packages/airflow/example_dags/example_branch_labels.py
[2026-08-13T12:49:58.746+0000] {logging_mixin.py:188} INFO - [2026-08-13T12:49:58.745+0000] {dag.py:3036} INFO - Sync 1 DAGs
[2026-08-13T12:49:58.815+0000] {logging_mixin.py:188} INFO - [2026-08-13T12:49:58.815+0000] {dag.py:3823} INFO - Setting next_dagrun for example_branch_labels to 2026-08-12 00:00:00+00:00, run_after=2026-08-13 00:00:00+00:00
[2026-08-13T12:49:58.899+0000] {processor.py:183} INFO - Processing /home/airflow/.local/lib/python3.8/site-packages/airflow/example_dags/example_branch_labels.py took 0.266 seconds
[2026-08-13T12:50:32.039+0000] {processor.py:161} INFO - Started process (PID=605) to work on /home/airflow/.local/lib/python3.8/site-packages/airflow/example_dags/example_branch_labels.py
[2026-08-13T12:50:32.051+0000] {processor.py:830} INFO - Processing file /home/airflow/.local/lib/python3.8/site-packages/airflow/example_dags/example_branch_labels.py for tasks to queue
[2026-08-13T12:50:32.058+0000] {logging_mixin.py:188} INFO - [2026-08-13T12:50:32.057+0000] {dagbag.py:538} INFO - Filling up the DagBag from /home/airflow/.local/lib/python3.8/site-packages/airflow/example_dags/example_branch_labels.py
[2026-08-13T12:50:32.110+0000] {processor.py:840} INFO - DAG(s) 'example_branch_labels' retrieved from /home/airflow/.local/lib/python3.8/site-packages/airflow/example_dags/example_branch_labels.py
[2026-08-13T12:50:32.238+0000] {logging_mixin.py:188} INFO - [2026-08-13T12:50:32.231+0000] {dag.py:3036} INFO - Sync 1 DAGs
[2026-08-13T12:50:32.372+0000] {logging_mixin.py:188} INFO - [2026-08-13T12:50:32.371+0000] {dag.py:3823} INFO - Setting next_dagrun for example_branch_labels to 2026-08-12 00:00:00+00:00, run_after=2026-08-13 00:00:00+00:00
[2026-08-13T12:50:32.478+0000] {processor.py:183} INFO - Processing /home/airflow/.local/lib/python3.8/site-packages/airflow/example_dags/example_branch_labels.py took 0.461 seconds
[2026-08-13T12:51:02.596+0000] {processor.py:161} INFO - Started process (PID=660) to work on /home/airflow/.local/lib/python3.8/site-packages/airflow/example_dags/example_branch_labels.py
[2026-08-13T12:51:02.598+0000] {processor.py:830} INFO - Processing file /home/airflow/.local/lib/python3.8/site-packages/airflow/example_dags/example_branch_labels.py for tasks to queue
[2026-08-13T12:51:02.603+0000] {logging_mixin.py:188} INFO - [2026-08-13T12:51:02.603+0000] {dagbag.py:538} INFO - Filling up the DagBag from /home/airflow/.local/lib/python3.8/site-packages/airflow/example_dags/example_branch_labels.py
[2026-08-13T12:51:02.618+0000] {processor.py:840} INFO - DAG(s) 'example_branch_labels' retrieved from /home/airflow/.local/lib/python3.8/site-packages/airflow/example_dags/example_branch_labels.py
[2026-08-13T12:51:02.661+0000] {logging_mixin.py:188} INFO - [2026-08-13T12:51:02.661+0000] {dag.py:3036} INFO - Sync 1 DAGs
[2026-08-13T12:51:02.699+0000] {logging_mixin.py:188} INFO - [2026-08-13T12:51:02.698+0000] {dag.py:3823} INFO - Setting next_dagrun for example_branch_labels to 2026-08-12 00:00:00+00:00, run_after=2026-08-13 00:00:00+00:00
[2026-08-13T12:51:02.729+0000] {processor.py:183} INFO - Processing /home/airflow/.local/lib/python3.8/site-packages/airflow/example_dags/example_branch_labels.py took 0.137 seconds
[2026-08-13T12:51:33.916+0000] {processor.py:161} INFO - Started process (PID=715) to work on /home/airflow/.local/lib/python3.8/site-packages/airflow/example_dags/example_branch_labels.py
[2026-08-13T12:51:33.919+0000] {processor.py:830} INFO - Processing file /home/airflow/.local/lib/python3.8/site-packages/airflow/example_dags/example_branch_labels.py for tasks to queue
[2026-08-13T12:51:33.927+0000] {logging_mixin.py:188} INFO - [2026-08-13T12:51:33.925+0000] {dagbag.py:538} INFO - Filling up the DagBag from /home/airflow/.local/lib/python3.8/site-packages/airflow/example_dags/example_branch_labels.py
[2026-08-13T12:51:33.967+0000] {processor.py:840} INFO - DAG(s) 'example_branch_labels' retrieved from /home/airflow/.local/lib/python3.8/site-packages/airflow/example_dags/example_branch_labels.py
[2026-08-13T12:51:34.076+0000] {logging_mixin.py:188} INFO - [2026-08-13T12:51:34.076+0000] {dag.py:3036} INFO - Sync 1 DAGs
[2026-08-13T12:51:34.139+0000] {logging_mixin.py:188} INFO - [2026-08-13T12:51:34.137+0000] {dag.py:3823} INFO - Setting next_dagrun for example_branch_labels to 2026-08-12 00:00:00+00:00, run_after=2026-08-13 00:00:00+00:00
[2026-08-13T12:51:34.207+0000] {processor.py:183} INFO - Processing /home/airflow/.local/lib/python3.8/site-packages/airflow/example_dags/example_branch_labels.py took 0.301 seconds
[2026-08-13T12:52:04.806+0000] {processor.py:161} INFO - Started process (PID=776) to work on /home/airflow/.local/lib/python3.8/site-packages/airflow/example_dags/example_branch_labels.py
[2026-08-13T12:52:04.809+0000] {processor.py:830} INFO - Processing file /home/airflow/.local/lib/python3.8/site-packages/airflow/example_dags/example_branch_labels.py for tasks to queue
[2026-08-13T12:52:04.814+0000] {logging_mixin.py:188} INFO - [2026-08-13T12:52:04.813+0000] {dagbag.py:538} INFO - Filling up the DagBag from /home/airflow/.local/lib/python3.8/site-packages/airflow/example_dags/example_branch_labels.py
[2026-08-13T12:52:04.832+0000] {processor.py:840} INFO - DAG(s) 'example_branch_labels' retrieved from /home/airflow/.local/lib/python3.8/site-packages/airflow/example_dags/example_branch_labels.py
[2026-08-13T12:52:04.873+0000] {logging_mixin.py:188} INFO - [2026-08-13T12:52:04.873+0000] {dag.py:3036} INFO - Sync 1 DAGs
[2026-08-13T12:52:04.913+0000] {logging_mixin.py:188} INFO - [2026-08-13T12:52:04.913+0000] {dag.py:3823} INFO - Setting next_dagrun for example_branch_labels to 2026-08-12 00:00:00+00:00, run_after=2026-08-13 00:00:00+00:00
[2026-08-13T12:52:04.952+0000] {processor.py:183} INFO - Processing /home/airflow/.local/lib/python3.8/site-packages/airflow/example_dags/example_branch_labels.py took 0.152 seconds
[2026-08-13T12:52:35.710+0000] {processor.py:161} INFO - Started process (PID=831) to work on /home/airflow/.local/lib/python3.8/site-packages/airflow/example_dags/example_branch_labels.py
[2026-08-13T12:52:35.713+0000] {processor.py:830} INFO - Processing file /home/airflow/.local/lib/python3.8/site-packages/airflow/example_dags/example_branch_labels.py for tasks to queue
[2026-08-13T12:52:35.721+0000] {logging_mixin.py:188} INFO - [2026-08-13T12:52:35.720+0000] {dagbag.py:538} INFO - Filling up the DagBag from /home/airflow/.local/lib/python3.8/site-packages/airflow/example_dags/example_branch_labels.py
[2026-08-13T12:52:35.753+0000] {processor.py:840} INFO - DAG(s) 'example_branch_labels' retrieved from /home/airflow/.local/lib/python3.8/site-packages/airflow/example_dags/example_branch_labels.py
[2026-08-13T12:52:35.833+0000] {logging_mixin.py:188} INFO - [2026-08-13T12:52:35.832+0000] {dag.py:3036} INFO - Sync 1 DAGs
[2026-08-13T12:52:35.932+0000] {logging_mixin.py:188} INFO - [2026-08-13T12:52:35.931+0000] {dag.py:3823} INFO - Setting next_dagrun for example_branch_labels to 2026-08-12 00:00:00+00:00, run_after=2026-08-13 00:00:00+00:00
[2026-08-13T12:52:35.989+0000] {processor.py:183} INFO - Processing /home/airflow/.local/lib/python3.8/site-packages/airflow/example_dags/example_branch_labels.py took 0.289 seconds
[2026-08-13T12:53:07.446+0000] {processor.py:161} INFO - Started process (PID=888) to work on /home/airflow/.local/lib/python3.8/site-packages/airflow/example_dags/example_branch_labels.py
[2026-08-13T12:53:07.448+0000] {processor.py:830} INFO - Processing file /home/airflow/.local/lib/python3.8/site-packages/airflow/example_dags/example_branch_labels.py for tasks to queue
[2026-08-13T12:53:07.451+0000] {logging_mixin.py:188} INFO - [2026-08-13T12:53:07.450+0000] {dagbag.py:538} INFO - Filling up the DagBag from /home/airflow/.local/lib/python3.8/site-packages/airflow/example_dags/example_branch_labels.py
[2026-08-13T12:53:07.460+0000] {processor.py:840} INFO - DAG(s) 'example_branch_labels' retrieved from /home/airflow/.local/lib/python3.8/site-packages/airflow/example_dags/example_branch_labels.py
[2026-08-13T12:53:07.490+0000] {logging_mixin.py:188} INFO - [2026-08-13T12:53:07.490+0000] {dag.py:3036} INFO - Sync 1 DAGs
[2026-08-13T12:53:07.518+0000] {logging_mixin.py:188} INFO - [2026-08-13T12:53:07.517+0000] {dag.py:3823} INFO - Setting next_dagrun for example_branch_labels to 2026-08-12 00:00:00+00:00, run_after=2026-08-13 00:00:00+00:00
[2026-08-13T12:53:07.543+0000] {processor.py:183} INFO - Processing /home/airflow/.local/lib/python3.8/site-packages/airflow/example_dags/example_branch_labels.py took 0.102 seconds
[2026-08-13T12:53:41.548+0000] {processor.py:161} INFO - Started process (PID=947) to work on /home/airflow/.local/lib/python3.8/site-packages/airflow/example_dags/example_branch_labels.py
[2026-08-13T12:53:41.561+0000] {processor.py:830} INFO - Processing file /home/airflow/.local/lib/python3.8/site-packages/airflow/example_dags/example_branch_labels.py for tasks to queue
[2026-08-13T12:53:41.567+0000] {logging_mixin.py:188} INFO - [2026-08-13T12:53:41.566+0000] {dagbag.py:538} INFO - Filling up the DagBag from /home/airflow/.local/lib/python3.8/site-packages/airflow/example_dags/example_branch_labels.py
[2026-08-13T12:53:41.606+0000] {processor.py:840} INFO - DAG(s) 'example_branch_labels' retrieved from /home/airflow/.local/lib/python3.8/site-packages/airflow/example_dags/example_branch_labels.py
[2026-08-13T12:53:41.705+0000] {logging_mixin.py:188} INFO - [2026-08-13T12:53:41.705+0000] {dag.py:3036} INFO - Sync 1 DAGs
[2026-08-13T12:53:41.856+0000] {logging_mixin.py:188} INFO - [2026-08-13T12:53:41.856+0000] {dag.py:3823} INFO - Setting next_dagrun for example_branch_labels to 2026-08-12 00:00:00+00:00, run_after=2026-08-13 00:00:00+00:00
[2026-08-13T12:53:41.949+0000] {processor.py:183} INFO - Processing /home/airflow/.local/lib/python3.8/site-packages/airflow/example_dags/example_branch_labels.py took 0.417 seconds
[2026-08-13T12:54:12.313+0000] {processor.py:161} INFO - Started process (PID=1002) to work on /home/airflow/.local/lib/python3.8/site-packages/airflow/example_dags/example_branch_labels.py
[2026-08-13T12:54:12.315+0000] {processor.py:830} INFO - Processing file /home/airflow/.local/lib/python3.8/site-packages/airflow/example_dags/example_branch_labels.py for tasks to queue
[2026-08-13T12:54:12.321+0000] {logging_mixin.py:188} INFO - [2026-08-13T12:54:12.320+0000] {dagbag.py:538} INFO - Filling up the DagBag from /home/airflow/.local/lib/python3.8/site-packages/airflow/example_dags/example_branch_labels.py
[2026-08-13T12:54:12.332+0000] {processor.py:840} INFO - DAG(s) 'example_branch_labels' retrieved from /home/airflow/.local/lib/python3.8/site-packages/airflow/example_dags/example_branch_labels.py
[2026-08-13T12:54:12.372+0000] {logging_mixin.py:188} INFO - [2026-08-13T12:54:12.372+0000] {dag.py:3036} INFO - Sync 1 DAGs
[2026-08-13T12:54:12.407+0000] {logging_mixin.py:188} INFO - [2026-08-13T12:54:12.406+0000] {dag.py:3823} INFO - Setting next_dagrun for example_branch_labels to 2026-08-12 00:00:00+00:00, run_after=2026-08-13 00:00:00+00:00
[2026-08-13T12:54:12.439+0000] {processor.py:183} INFO - Processing /home/airflow/.local/lib/python3.8/site-packages/airflow/example_dags/example_branch_labels.py took 0.131 seconds
[2026-08-13T12:54:42.996+0000] {processor.py:161} INFO - Started process (PID=1055) to work on /home/airflow/.local/lib/python3.8/site-packages/airflow/example_dags/example_branch_labels.py
[2026-08-13T12:54:42.999+0000] {processor.py:830} INFO - Processing file /home/airflow/.local/lib/python3.8/site-packages/airflow/example_dags/example_branch_labels.py for tasks to queue
[2026-08-13T12:54:43.004+0000] {logging_mixin.py:188} INFO - [2026-08-13T12:54:43.003+0000] {dagbag.py:538} INFO - Filling up the DagBag from /home/airflow/.local/lib/python3.8/site-packages/airflow/example_dags/example_branch_labels.py
[2026-08-13T12:54:43.021+0000] {processor.py:840} INFO - DAG(s) 'example_branch_labels' retrieved from /home/airflow/.local/lib/python3.8/site-packages/airflow/example_dags/example_branch_labels.py
[2026-08-13T12:54:43.058+0000] {logging_mixin.py:188} INFO - [2026-08-13T12:54:43.058+0000] {dag.py:3036} INFO - Sync 1 DAGs
[2026-08-13T12:54:43.107+0000] {logging_mixin.py:188} INFO - [2026-08-13T12:54:43.106+0000] {dag.py:3823} INFO - Setting next_dagrun for example_branch_labels to 2026-08-12 00:00:00+00:00, run_after=2026-08-13 00:00:00+00:00
[2026-08-13T12:54:43.135+0000] {processor.py:183} INFO - Processing /home/airflow/.local/lib/python3.8/site-packages/airflow/example_dags/example_branch_labels.py took 0.145 seconds
[2026-08-13T12:55:13.780+0000] {processor.py:161} INFO - Started process (PID=1110) to work on /home/airflow/.local/lib/python3.8/site-packages/airflow/example_dags/example_branch_labels.py
[2026-08-13T12:55:13.782+0000] {processor.py:830} INFO - Processing file /home/airflow/.local/lib/python3.8/site-packages/airflow/example_dags/example_branch_labels.py for tasks to queue
[2026-08-13T12:55:13.786+0000] {logging_mixin.py:188} INFO - [2026-08-13T12:55:13.785+0000] {dagbag.py:538} INFO - Filling up the DagBag from /home/airflow/.local/lib/python3.8/site-packages/airflow/example_dags/example_branch_labels.py
[2026-08-13T12:55:13.799+0000] {processor.py:840} INFO - DAG(s) 'example_branch_labels' retrieved from /home/airflow/.local/lib/python3.8/site-packages/airflow/example_dags/example_branch_labels.py
[2026-08-13T12:55:13.834+0000] {logging_mixin.py:188} INFO - [2026-08-13T12:55:13.834+0000] {dag.py:3036} INFO - Sync 1 DAGs
[2026-08-13T12:55:13.870+0000] {logging_mixin.py:188} INFO - [2026-08-13T12:55:13.869+0000] {dag.py:3823} INFO - Setting next_dagrun for example_branch_labels to 2026-08-12 00:00:00+00:00, run_after=2026-08-13 00:00:00+00:00
[2026-08-13T12:55:13.907+0000] {processor.py:183} INFO - Processing /home/airflow/.local/lib/python3.8/site-packages/airflow/example_dags/example_branch_labels.py took 0.133 seconds
[2026-08-13T12:55:44.202+0000] {processor.py:161} INFO - Started process (PID=1164) to work on /home/airflow/.local/lib/python3.8/site-packages/airflow/example_dags/example_branch_labels.py
[2026-08-13T12:55:44.206+0000] {processor.py:830} INFO - Processing file /home/airflow/.local/lib/python3.8/site-packages/airflow/example_dags/example_branch_labels.py for tasks to queue
[2026-08-13T12:55:44.210+0000] {logging_mixin.py:188} INFO - [2026-08-13T12:55:44.209+0000] {dagbag.py:538} INFO - Filling up the DagBag from /home/airflow/.local/lib/python3.8/site-packages/airflow/example_dags/example_branch_labels.py
[2026-08-13T12:55:44.234+0000] {processor.py:840} INFO - DAG(s) 'example_branch_labels' retrieved from /home/airflow/.local/lib/python3.8/site-packages/airflow/example_dags/example_branch_labels.py
[2026-08-13T12:55:44.273+0000] {logging_mixin.py:188} INFO - [2026-08-13T12:55:44.273+0000] {dag.py:3036} INFO - Sync 1 DAGs
[2026-08-13T12:55:44.317+0000] {logging_mixin.py:188} INFO - [2026-08-13T12:55:44.317+0000] {dag.py:3823} INFO - Setting next_dagrun for example_branch_labels to 2026-08-12 00:00:00+00:00, run_after=2026-08-13 00:00:00+00:00
[2026-08-13T12:55:44.375+0000] {processor.py:183} INFO - Processing /home/airflow/.local/lib/python3.8/site-packages/airflow/example_dags/example_branch_labels.py took 0.182 seconds
[2026-08-13T12:56:14.907+0000] {processor.py:161} INFO - Started process (PID=1219) to work on /home/airflow/.local/lib/python3.8/site-packages/airflow/example_dags/example_branch_labels.py
[2026-08-13T12:56:14.911+0000] {processor.py:830} INFO - Processing file /home/airflow/.local/lib/python3.8/site-packages/airflow/example_dags/example_branch_labels.py for tasks to queue
[2026-08-13T12:56:14.914+0000] {logging_mixin.py:188} INFO - [2026-08-13T12:56:14.914+0000] {dagbag.py:538} INFO - Filling up the DagBag from /home/airflow/.local/lib/python3.8/site-packages/airflow/example_dags/example_branch_labels.py
[2026-08-13T12:56:14.931+0000] {processor.py:840} INFO - DAG(s) 'example_branch_labels' retrieved from /home/airflow/.local/lib/python3.8/site-packages/airflow/example_dags/example_branch_labels.py
[2026-08-13T12:56:14.979+0000] {logging_mixin.py:188} INFO - [2026-08-13T12:56:14.978+0000] {dag.py:3036} INFO - Sync 1 DAGs
[2026-08-13T12:56:15.032+0000] {logging_mixin.py:188} INFO - [2026-08-13T12:56:15.032+0000] {dag.py:3823} INFO - Setting next_dagrun for example_branch_labels to 2026-08-12 00:00:00+00:00, run_after=2026-08-13 00:00:00+00:00
[2026-08-13T12:56:15.089+0000] {processor.py:183} INFO - Processing /home/airflow/.local/lib/python3.8/site-packages/airflow/example_dags/example_branch_labels.py took 0.190 seconds
[2026-08-13T12:56:45.416+0000] {processor.py:161} INFO - Started process (PID=1274) to work on /home/airflow/.local/lib/python3.8/site-packages/airflow/example_dags/example_branch_labels.py
[2026-08-13T12:56:45.418+0000] {processor.py:830} INFO - Processing file /home/airflow/.local/lib/python3.8/site-packages/airflow/example_dags/example_branch_labels.py for tasks to queue
[2026-08-13T12:56:45.422+0000] {logging_mixin.py:188} INFO - [2026-08-13T12:56:45.422+0000] {dagbag.py:538} INFO - Filling up the DagBag from /home/airflow/.local/lib/python3.8/site-packages/airflow/example_dags/example_branch_labels.py
[2026-08-13T12:56:45.438+0000] {processor.py:840} INFO - DAG(s) 'example_branch_labels' retrieved from /home/airflow/.local/lib/python3.8/site-packages/airflow/example_dags/example_branch_labels.py
[2026-08-13T12:56:45.466+0000] {logging_mixin.py:188} INFO - [2026-08-13T12:56:45.466+0000] {dag.py:3036} INFO - Sync 1 DAGs
[2026-08-13T12:56:45.504+0000] {logging_mixin.py:188} INFO - [2026-08-13T12:56:45.503+0000] {dag.py:3823} INFO - Setting next_dagrun for example_branch_labels to 2026-08-12 00:00:00+00:00, run_after=2026-08-13 00:00:00+00:00
[2026-08-13T12:56:45.536+0000] {processor.py:183} INFO - Processing /home/airflow/.local/lib/python3.8/site-packages/airflow/example_dags/example_branch_labels.py took 0.126 seconds
[2026-08-13T12:57:15.605+0000] {processor.py:161} INFO - Started process (PID=1329) to work on /home/airflow/.local/lib/python3.8/site-packages/airflow/example_dags/example_branch_labels.py
[2026-08-13T12:57:15.607+0000] {processor.py:830} INFO - Processing file /home/airflow/.local/lib/python3.8/site-packages/airflow/example_dags/example_branch_labels.py for tasks to queue
[2026-08-13T12:57:15.609+0000] {logging_mixin.py:188} INFO - [2026-08-13T12:57:15.609+0000] {dagbag.py:538} INFO - Filling up the DagBag from /home/airflow/.local/lib/python3.8/site-packages/airflow/example_dags/example_branch_labels.py
[2026-08-13T12:57:15.619+0000] {processor.py:840} INFO - DAG(s) 'example_branch_labels' retrieved from /home/airflow/.local/lib/python3.8/site-packages/airflow/example_dags/example_branch_labels.py
[2026-08-13T12:57:15.645+0000] {logging_mixin.py:188} INFO - [2026-08-13T12:57:15.645+0000] {dag.py:3036} INFO - Sync 1 DAGs
[2026-08-13T12:57:15.674+0000] {logging_mixin.py:188} INFO - [2026-08-13T12:57:15.674+0000] {dag.py:3823} INFO - Setting next_dagrun for example_branch_labels to 2026-08-12 00:00:00+00:00, run_after=2026-08-13 00:00:00+00:00
[2026-08-13T12:57:15.701+0000] {processor.py:183} INFO - Processing /home/airflow/.local/lib/python3.8/site-packages/airflow/example_dags/example_branch_labels.py took 0.100 seconds
