[2026-08-13T12:33:21.706+0000] {processor.py:161} INFO - Started process (PID=81) to work on /home/airflow/.local/lib/python3.8/site-packages/airflow/example_dags/example_setup_teardown.py
[2026-08-13T12:33:21.710+0000] {processor.py:830} INFO - Processing file /home/airflow/.local/lib/python3.8/site-packages/airflow/example_dags/example_setup_teardown.py for tasks to queue
[2026-08-13T12:33:21.715+0000] {logging_mixin.py:188} INFO - [2026-08-13T12:33:21.714+0000] {dagbag.py:538} INFO - Filling up the DagBag from /home/airflow/.local/lib/python3.8/site-packages/airflow/example_dags/example_setup_teardown.py
[2026-08-13T12:33:21.740+0000] {processor.py:840} INFO - DAG(s) 'example_setup_teardown' retrieved from /home/airflow/.local/lib/python3.8/site-packages/airflow/example_dags/example_setup_teardown.py
[2026-08-13T12:33:22.289+0000] {logging_mixin.py:188} INFO - [2026-08-13T12:33:22.288+0000] {dag.py:3036} INFO - Sync 1 DAGs
[2026-08-13T12:33:22.432+0000] {logging_mixin.py:188} INFO - [2026-08-13T12:33:22.430+0000] {dag.py:3823} INFO - Setting next_dagrun for example_setup_teardown to 2026-08-12 00:00:00+00:00, run_after=2026-08-13 00:00:00+00:00
[2026-08-13T12:33:22.593+0000] {processor.py:183} INFO - Processing /home/airflow/.local/lib/python3.8/site-packages/airflow/example_dags/example_setup_teardown.py took 0.895 seconds
[2026-08-13T12:33:53.468+0000] {processor.py:161} INFO - Started process (PID=136) to work on /home/airflow/.local/lib/python3.8/site-packages/airflow/example_dags/example_setup_teardown.py
[2026-08-13T12:33:53.470+0000] {processor.py:830} INFO - Processing file /home/airflow/.local/lib/python3.8/site-packages/airflow/example_dags/example_setup_teardown.py for tasks to queue
[2026-08-13T12:33:53.473+0000] {logging_mixin.py:188} INFO - [2026-08-13T12:33:53.473+0000] {dagbag.py:538} INFO - Filling up the DagBag from /home/airflow/.local/lib/python3.8/site-packages/airflow/example_dags/example_setup_teardown.py
[2026-08-13T12:33:53.485+0000] {processor.py:840} INFO - DAG(s) 'example_setup_teardown' retrieved from /home/airflow/.local/lib/python3.8/site-packages/airflow/example_dags/example_setup_teardown.py
[2026-08-13T12:33:53.525+0000] {logging_mixin.py:188} INFO - [2026-08-13T12:33:53.524+0000] {dag.py:3036} INFO - Sync 1 DAGs
[2026-08-13T12:33:53.559+0000] {logging_mixin.py:188} INFO - [2026-08-13T12:33:53.558+0000] {dag.py:3823} INFO - Setting next_dagrun for example_setup_teardown to 2026-08-12 00:00:00+00:00, run_after=2026-08-13 00:00:00+00:00
[2026-08-13T12:33:53.597+0000] {processor.py:183} INFO - Processing /home/airflow/.local/lib/python3.8/site-packages/airflow/example_dags/example_setup_teardown.py took 0.134 seconds
[2026-08-13T12:34:23.773+0000] {processor.py:161} INFO - Started process (PID=191) to work on /home/airflow/.local/lib/python3.8/site-packages/airflow/example_dags/example_setup_teardown.py
[2026-08-13T12:34:23.777+0000] {processor.py:830} INFO - Processing file /home/airflow/.local/lib/python3.8/site-packages/airflow/example_dags/example_setup_teardown.py for tasks to queue
[2026-08-13T12:34:23.781+0000] {logging_mixin.py:188} INFO - [2026-08-13T12:34:23.781+0000] {dagbag.py:538} INFO - Filling up the DagBag from /home/airflow/.local/lib/python3.8/site-packages/airflow/example_dags/example_setup_teardown.py
[2026-08-13T12:34:23.789+0000] {processor.py:840} INFO - DAG(s) 'example_setup_teardown' retrieved from /home/airflow/.local/lib/python3.8/site-packages/airflow/example_dags/example_setup_teardown.py
[2026-08-13T12:34:23.817+0000] {logging_mixin.py:188} INFO - [2026-08-13T12:34:23.817+0000] {dag.py:3036} INFO - Sync 1 DAGs
[2026-08-13T12:34:23.844+0000] {logging_mixin.py:188} INFO - [2026-08-13T12:34:23.844+0000] {dag.py:3823} INFO - Setting next_dagrun for example_setup_teardown to 2026-08-12 00:00:00+00:00, run_after=2026-08-13 00:00:00+00:00
[2026-08-13T12:34:23.883+0000] {processor.py:183} INFO - Processing /home/airflow/.local/lib/python3.8/site-packages/airflow/example_dags/example_setup_teardown.py took 0.116 seconds
[2026-08-13T12:34:54.105+0000] {processor.py:161} INFO - Started process (PID=246) to work on /home/airflow/.local/lib/python3.8/site-packages/airflow/example_dags/example_setup_teardown.py
[2026-08-13T12:34:54.106+0000] {processor.py:830} INFO - Processing file /home/airflow/.local/lib/python3.8/site-packages/airflow/example_dags/example_setup_teardown.py for tasks to queue
[2026-08-13T12:34:54.110+0000] {logging_mixin.py:188} INFO - [2026-08-13T12:34:54.110+0000] {dagbag.py:538} INFO - Filling up the DagBag from /home/airflow/.local/lib/python3.8/site-packages/airflow/example_dags/example_setup_teardown.py
[2026-08-13T12:34:54.119+0000] {processor.py:840} INFO - DAG(s) 'example_setup_teardown' retrieved from /home/airflow/.local/lib/python3.8/site-packages/airflow/example_dags/example_setup_teardown.py
[2026-08-13T12:34:54.153+0000] {logging_mixin.py:188} INFO - [2026-08-13T12:34:54.153+0000] {dag.py:3036} INFO - Sync 1 DAGs
[2026-08-13T12:34:54.188+0000] {logging_mixin.py:188} INFO - [2026-08-13T12:34:54.188+0000] {dag.py:3823} INFO - Setting next_dagrun for example_setup_teardown to 2026-08-12 00:00:00+00:00, run_after=2026-08-13 00:00:00+00:00
[2026-08-13T12:34:54.215+0000] {processor.py:183} INFO - Processing /home/airflow/.local/lib/python3.8/site-packages/airflow/example_dags/example_setup_teardown.py took 0.117 seconds
[2026-08-13T12:35:24.353+0000] {processor.py:161} INFO - Started process (PID=301) to work on /home/airflow/.local/lib/python3.8/site-packages/airflow/example_dags/example_setup_teardown.py
[2026-08-13T12:35:24.356+0000] {processor.py:830} INFO - Processing file /home/airflow/.local/lib/python3.8/site-packages/airflow/example_dags/example_setup_teardown.py for tasks to queue
[2026-08-13T12:35:24.361+0000] {logging_mixin.py:188} INFO - [2026-08-13T12:35:24.359+0000] {dagbag.py:538} INFO - Filling up the DagBag from /home/airflow/.local/lib/python3.8/site-packages/airflow/example_dags/example_setup_teardown.py
[2026-08-13T12:35:24.388+0000] {processor.py:840} INFO - DAG(s) 'example_setup_teardown' retrieved from /home/airflow/.local/lib/python3.8/site-packages/airflow/example_dags/example_setup_teardown.py
[2026-08-13T12:35:24.437+0000] {logging_mixin.py:188} INFO - [2026-08-13T12:35:24.436+0000] {dag.py:3036} INFO - Sync 1 DAGs
[2026-08-13T12:35:24.476+0000] {logging_mixin.py:188} INFO - [2026-08-13T12:35:24.476+0000] {dag.py:3823} INFO - Setting next_dagrun for example_setup_teardown to 2026-08-12 00:00:00+00:00, run_after=2026-08-13 00:00:00+00:00
[2026-08-13T12:35:24.507+0000] {processor.py:183} INFO - Processing /home/airflow/.local/lib/python3.8/site-packages/airflow/example_dags/example_setup_teardown.py took 0.161 seconds
[2026-08-13T12:35:55.408+0000] {processor.py:161} INFO - Started process (PID=356) to work on /home/airflow/.local/lib/python3.8/site-packages/airflow/example_dags/example_setup_teardown.py
[2026-08-13T12:35:55.409+0000] {processor.py:830} INFO - Processing file /home/airflow/.local/lib/python3.8/site-packages/airflow/example_dags/example_setup_teardown.py for tasks to queue
[2026-08-13T12:35:55.412+0000] {logging_mixin.py:188} INFO - [2026-08-13T12:35:55.412+0000] {dagbag.py:538} INFO - Filling up the DagBag from /home/airflow/.local/lib/python3.8/site-packages/airflow/example_dags/example_setup_teardown.py
[2026-08-13T12:35:55.423+0000] {processor.py:840} INFO - DAG(s) 'example_setup_teardown' retrieved from /home/airflow/.local/lib/python3.8/site-packages/airflow/example_dags/example_setup_teardown.py
[2026-08-13T12:35:55.455+0000] {logging_mixin.py:188} INFO - [2026-08-13T12:35:55.455+0000] {dag.py:3036} INFO - Sync 1 DAGs
[2026-08-13T12:35:55.489+0000] {logging_mixin.py:188} INFO - [2026-08-13T12:35:55.488+0000] {dag.py:3823} INFO - Setting next_dagrun for example_setup_teardown to 2026-08-12 00:00:00+00:00, run_after=2026-08-13 00:00:00+00:00
[2026-08-13T12:35:55.527+0000] {processor.py:183} INFO - Processing /home/airflow/.local/lib/python3.8/site-packages/airflow/example_dags/example_setup_teardown.py took 0.123 seconds
[2026-08-13T12:36:25.668+0000] {processor.py:161} INFO - Started process (PID=411) to work on /home/airflow/.local/lib/python3.8/site-packages/airflow/example_dags/example_setup_teardown.py
[2026-08-13T12:36:25.670+0000] {processor.py:830} INFO - Processing file /home/airflow/.local/lib/python3.8/site-packages/airflow/example_dags/example_setup_teardown.py for tasks to queue
[2026-08-13T12:36:25.674+0000] {logging_mixin.py:188} INFO - [2026-08-13T12:36:25.674+0000] {dagbag.py:538} INFO - Filling up the DagBag from /home/airflow/.local/lib/python3.8/site-packages/airflow/example_dags/example_setup_teardown.py
[2026-08-13T12:36:25.685+0000] {processor.py:840} INFO - DAG(s) 'example_setup_teardown' retrieved from /home/airflow/.local/lib/python3.8/site-packages/airflow/example_dags/example_setup_teardown.py
[2026-08-13T12:36:25.715+0000] {logging_mixin.py:188} INFO - [2026-08-13T12:36:25.714+0000] {dag.py:3036} INFO - Sync 1 DAGs
[2026-08-13T12:36:25.757+0000] {logging_mixin.py:188} INFO - [2026-08-13T12:36:25.756+0000] {dag.py:3823} INFO - Setting next_dagrun for example_setup_teardown to 2026-08-12 00:00:00+00:00, run_after=2026-08-13 00:00:00+00:00
[2026-08-13T12:36:25.796+0000] {processor.py:183} INFO - Processing /home/airflow/.local/lib/python3.8/site-packages/airflow/example_dags/example_setup_teardown.py took 0.131 seconds
[2026-08-13T12:41:24.486+0000] {processor.py:161} INFO - Started process (PID=103) to work on /home/airflow/.local/lib/python3.8/site-packages/airflow/example_dags/example_setup_teardown.py
[2026-08-13T12:41:24.492+0000] {processor.py:830} INFO - Processing file /home/airflow/.local/lib/python3.8/site-packages/airflow/example_dags/example_setup_teardown.py for tasks to queue
[2026-08-13T12:41:24.910+0000] {logging_mixin.py:188} INFO - [2026-08-13T12:41:24.909+0000] {dagbag.py:538} INFO - Filling up the DagBag from /home/airflow/.local/lib/python3.8/site-packages/airflow/example_dags/example_setup_teardown.py
[2026-08-13T12:41:25.067+0000] {processor.py:840} INFO - DAG(s) 'example_setup_teardown' retrieved from /home/airflow/.local/lib/python3.8/site-packages/airflow/example_dags/example_setup_teardown.py
[2026-08-13T12:41:27.252+0000] {logging_mixin.py:188} INFO - [2026-08-13T12:41:27.244+0000] {dag.py:3036} INFO - Sync 1 DAGs
[2026-08-13T12:41:27.760+0000] {logging_mixin.py:188} INFO - [2026-08-13T12:41:27.759+0000] {dag.py:3823} INFO - Setting next_dagrun for example_setup_teardown to 2026-08-12 00:00:00+00:00, run_after=2026-08-13 00:00:00+00:00
[2026-08-13T12:41:27.862+0000] {processor.py:183} INFO - Processing /home/airflow/.local/lib/python3.8/site-packages/airflow/example_dags/example_setup_teardown.py took 3.560 seconds
[2026-08-13T12:42:05.155+0000] {processor.py:161} INFO - Started process (PID=158) to work on /home/airflow/.local/lib/python3.8/site-packages/airflow/example_dags/example_setup_teardown.py
[2026-08-13T12:42:05.159+0000] {processor.py:830} INFO - Processing file /home/airflow/.local/lib/python3.8/site-packages/airflow/example_dags/example_setup_teardown.py for tasks to queue
[2026-08-13T12:42:05.176+0000] {logging_mixin.py:188} INFO - [2026-08-13T12:42:05.174+0000] {dagbag.py:538} INFO - Filling up the DagBag from /home/airflow/.local/lib/python3.8/site-packages/airflow/example_dags/example_setup_teardown.py
[2026-08-13T12:42:05.224+0000] {processor.py:840} INFO - DAG(s) 'example_setup_teardown' retrieved from /home/airflow/.local/lib/python3.8/site-packages/airflow/example_dags/example_setup_teardown.py
[2026-08-13T12:42:05.346+0000] {logging_mixin.py:188} INFO - [2026-08-13T12:42:05.345+0000] {dag.py:3036} INFO - Sync 1 DAGs
[2026-08-13T12:42:05.474+0000] {logging_mixin.py:188} INFO - [2026-08-13T12:42:05.473+0000] {dag.py:3823} INFO - Setting next_dagrun for example_setup_teardown to 2026-08-12 00:00:00+00:00, run_after=2026-08-13 00:00:00+00:00
[2026-08-13T12:42:05.605+0000] {processor.py:183} INFO - Processing /home/airflow/.local/lib/python3.8/site-packages/airflow/example_dags/example_setup_teardown.py took 0.471 seconds
[2026-08-13T12:42:39.027+0000] {processor.py:161} INFO - Started process (PID=212) to work on /home/airflow/.local/lib/python3.8/site-packages/airflow/example_dags/example_setup_teardown.py
[2026-08-13T12:42:39.031+0000] {processor.py:830} INFO - Processing file /home/airflow/.local/lib/python3.8/site-packages/airflow/example_dags/example_setup_teardown.py for tasks to queue
[2026-08-13T12:42:39.048+0000] {logging_mixin.py:188} INFO - [2026-08-13T12:42:39.047+0000] {dagbag.py:538} INFO - Filling up the DagBag from /home/airflow/.local/lib/python3.8/site-packages/airflow/example_dags/example_setup_teardown.py
[2026-08-13T12:42:39.089+0000] {processor.py:840} INFO - DAG(s) 'example_setup_teardown' retrieved from /home/airflow/.local/lib/python3.8/site-packages/airflow/example_dags/example_setup_teardown.py
[2026-08-13T12:42:39.175+0000] {logging_mixin.py:188} INFO - [2026-08-13T12:42:39.174+0000] {dag.py:3036} INFO - Sync 1 DAGs
[2026-08-13T12:42:39.253+0000] {logging_mixin.py:188} INFO - [2026-08-13T12:42:39.253+0000] {dag.py:3823} INFO - Setting next_dagrun for example_setup_teardown to 2026-08-12 00:00:00+00:00, run_after=2026-08-13 00:00:00+00:00
[2026-08-13T12:42:39.333+0000] {processor.py:183} INFO - Processing /home/airflow/.local/lib/python3.8/site-packages/airflow/example_dags/example_setup_teardown.py took 0.327 seconds
[2026-08-13T12:45:30.772+0000] {processor.py:161} INFO - Started process (PID=91) to work on /home/airflow/.local/lib/python3.8/site-packages/airflow/example_dags/example_setup_teardown.py
[2026-08-13T12:45:30.788+0000] {processor.py:830} INFO - Processing file /home/airflow/.local/lib/python3.8/site-packages/airflow/example_dags/example_setup_teardown.py for tasks to queue
[2026-08-13T12:45:30.819+0000] {logging_mixin.py:188} INFO - [2026-08-13T12:45:30.818+0000] {dagbag.py:538} INFO - Filling up the DagBag from /home/airflow/.local/lib/python3.8/site-packages/airflow/example_dags/example_setup_teardown.py
[2026-08-13T12:45:30.889+0000] {processor.py:840} INFO - DAG(s) 'example_setup_teardown' retrieved from /home/airflow/.local/lib/python3.8/site-packages/airflow/example_dags/example_setup_teardown.py
[2026-08-13T12:45:31.646+0000] {logging_mixin.py:188} INFO - [2026-08-13T12:45:31.645+0000] {dag.py:3036} INFO - Sync 1 DAGs
[2026-08-13T12:45:31.923+0000] {logging_mixin.py:188} INFO - [2026-08-13T12:45:31.922+0000] {dag.py:3823} INFO - Setting next_dagrun for example_setup_teardown to 2026-08-12 00:00:00+00:00, run_after=2026-08-13 00:00:00+00:00
[2026-08-13T12:45:32.122+0000] {processor.py:183} INFO - Processing /home/airflow/.local/lib/python3.8/site-packages/airflow/example_dags/example_setup_teardown.py took 1.386 seconds
[2026-08-13T12:46:06.787+0000] {processor.py:161} INFO - Started process (PID=146) to work on /home/airflow/.local/lib/python3.8/site-packages/airflow/example_dags/example_setup_teardown.py
[2026-08-13T12:46:06.804+0000] {processor.py:830} INFO - Processing file /home/airflow/.local/lib/python3.8/site-packages/airflow/example_dags/example_setup_teardown.py for tasks to queue
[2026-08-13T12:46:06.831+0000] {logging_mixin.py:188} INFO - [2026-08-13T12:46:06.829+0000] {dagbag.py:538} INFO - Filling up the DagBag from /home/airflow/.local/lib/python3.8/site-packages/airflow/example_dags/example_setup_teardown.py
[2026-08-13T12:46:06.914+0000] {processor.py:840} INFO - DAG(s) 'example_setup_teardown' retrieved from /home/airflow/.local/lib/python3.8/site-packages/airflow/example_dags/example_setup_teardown.py
[2026-08-13T12:46:07.272+0000] {logging_mixin.py:188} INFO - [2026-08-13T12:46:07.271+0000] {dag.py:3036} INFO - Sync 1 DAGs
[2026-08-13T12:46:07.763+0000] {logging_mixin.py:188} INFO - [2026-08-13T12:46:07.762+0000] {dag.py:3823} INFO - Setting next_dagrun for example_setup_teardown to 2026-08-12 00:00:00+00:00, run_after=2026-08-13 00:00:00+00:00
[2026-08-13T12:46:07.997+0000] {processor.py:183} INFO - Processing /home/airflow/.local/lib/python3.8/site-packages/airflow/example_dags/example_setup_teardown.py took 1.254 seconds
[2026-08-13T12:46:38.552+0000] {processor.py:161} INFO - Started process (PID=199) to work on /home/airflow/.local/lib/python3.8/site-packages/airflow/example_dags/example_setup_teardown.py
[2026-08-13T12:46:38.555+0000] {processor.py:830} INFO - Processing file /home/airflow/.local/lib/python3.8/site-packages/airflow/example_dags/example_setup_teardown.py for tasks to queue
[2026-08-13T12:46:38.558+0000] {logging_mixin.py:188} INFO - [2026-08-13T12:46:38.558+0000] {dagbag.py:538} INFO - Filling up the DagBag from /home/airflow/.local/lib/python3.8/site-packages/airflow/example_dags/example_setup_teardown.py
[2026-08-13T12:46:38.568+0000] {processor.py:840} INFO - DAG(s) 'example_setup_teardown' retrieved from /home/airflow/.local/lib/python3.8/site-packages/airflow/example_dags/example_setup_teardown.py
[2026-08-13T12:46:38.596+0000] {logging_mixin.py:188} INFO - [2026-08-13T12:46:38.596+0000] {dag.py:3036} INFO - Sync 1 DAGs
[2026-08-13T12:46:38.635+0000] {logging_mixin.py:188} INFO - [2026-08-13T12:46:38.634+0000] {dag.py:3823} INFO - Setting next_dagrun for example_setup_teardown to 2026-08-12 00:00:00+00:00, run_after=2026-08-13 00:00:00+00:00
[2026-08-13T12:46:38.671+0000] {processor.py:183} INFO - Processing /home/airflow/.local/lib/python3.8/site-packages/airflow/example_dags/example_setup_teardown.py took 0.126 seconds
[2026-08-13T12:47:09.195+0000] {processor.py:161} INFO - Started process (PID=254) to work on /home/airflow/.local/lib/python3.8/site-packages/airflow/example_dags/example_setup_teardown.py
[2026-08-13T12:47:09.198+0000] {processor.py:830} INFO - Processing file /home/airflow/.local/lib/python3.8/site-packages/airflow/example_dags/example_setup_teardown.py for tasks to queue
[2026-08-13T12:47:09.202+0000] {logging_mixin.py:188} INFO - [2026-08-13T12:47:09.201+0000] {dagbag.py:538} INFO - Filling up the DagBag from /home/airflow/.local/lib/python3.8/site-packages/airflow/example_dags/example_setup_teardown.py
[2026-08-13T12:47:09.223+0000] {processor.py:840} INFO - DAG(s) 'example_setup_teardown' retrieved from /home/airflow/.local/lib/python3.8/site-packages/airflow/example_dags/example_setup_teardown.py
[2026-08-13T12:47:09.307+0000] {logging_mixin.py:188} INFO - [2026-08-13T12:47:09.306+0000] {dag.py:3036} INFO - Sync 1 DAGs
[2026-08-13T12:47:09.393+0000] {logging_mixin.py:188} INFO - [2026-08-13T12:47:09.392+0000] {dag.py:3823} INFO - Setting next_dagrun for example_setup_teardown to 2026-08-12 00:00:00+00:00, run_after=2026-08-13 00:00:00+00:00
[2026-08-13T12:47:09.470+0000] {processor.py:183} INFO - Processing /home/airflow/.local/lib/python3.8/site-packages/airflow/example_dags/example_setup_teardown.py took 0.284 seconds
[2026-08-13T12:47:39.651+0000] {processor.py:161} INFO - Started process (PID=309) to work on /home/airflow/.local/lib/python3.8/site-packages/airflow/example_dags/example_setup_teardown.py
[2026-08-13T12:47:39.656+0000] {processor.py:830} INFO - Processing file /home/airflow/.local/lib/python3.8/site-packages/airflow/example_dags/example_setup_teardown.py for tasks to queue
[2026-08-13T12:47:39.661+0000] {logging_mixin.py:188} INFO - [2026-08-13T12:47:39.660+0000] {dagbag.py:538} INFO - Filling up the DagBag from /home/airflow/.local/lib/python3.8/site-packages/airflow/example_dags/example_setup_teardown.py
[2026-08-13T12:47:39.677+0000] {processor.py:840} INFO - DAG(s) 'example_setup_teardown' retrieved from /home/airflow/.local/lib/python3.8/site-packages/airflow/example_dags/example_setup_teardown.py
[2026-08-13T12:47:39.714+0000] {logging_mixin.py:188} INFO - [2026-08-13T12:47:39.713+0000] {dag.py:3036} INFO - Sync 1 DAGs
[2026-08-13T12:47:39.751+0000] {logging_mixin.py:188} INFO - [2026-08-13T12:47:39.751+0000] {dag.py:3823} INFO - Setting next_dagrun for example_setup_teardown to 2026-08-12 00:00:00+00:00, run_after=2026-08-13 00:00:00+00:00
[2026-08-13T12:47:39.779+0000] {processor.py:183} INFO - Processing /home/airflow/.local/lib/python3.8/site-packages/airflow/example_dags/example_setup_teardown.py took 0.138 seconds
[2026-08-13T12:48:10.229+0000] {processor.py:161} INFO - Started process (PID=364) to work on /home/airflow/.local/lib/python3.8/site-packages/airflow/example_dags/example_setup_teardown.py
[2026-08-13T12:48:10.231+0000] {processor.py:830} INFO - Processing file /home/airflow/.local/lib/python3.8/site-packages/airflow/example_dags/example_setup_teardown.py for tasks to queue
[2026-08-13T12:48:10.235+0000] {logging_mixin.py:188} INFO - [2026-08-13T12:48:10.234+0000] {dagbag.py:538} INFO - Filling up the DagBag from /home/airflow/.local/lib/python3.8/site-packages/airflow/example_dags/example_setup_teardown.py
[2026-08-13T12:48:10.248+0000] {processor.py:840} INFO - DAG(s) 'example_setup_teardown' retrieved from /home/airflow/.local/lib/python3.8/site-packages/airflow/example_dags/example_setup_teardown.py
[2026-08-13T12:48:10.286+0000] {logging_mixin.py:188} INFO - [2026-08-13T12:48:10.285+0000] {dag.py:3036} INFO - Sync 1 DAGs
[2026-08-13T12:48:10.325+0000] {logging_mixin.py:188} INFO - [2026-08-13T12:48:10.324+0000] {dag.py:3823} INFO - Setting next_dagrun for example_setup_teardown to 2026-08-12 00:00:00+00:00, run_after=2026-08-13 00:00:00+00:00
[2026-08-13T12:48:10.367+0000] {processor.py:183} INFO - Processing /home/airflow/.local/lib/python3.8/site-packages/airflow/example_dags/example_setup_teardown.py took 0.145 seconds
[2026-08-13T12:48:41.242+0000] {processor.py:161} INFO - Started process (PID=420) to work on /home/airflow/.local/lib/python3.8/site-packages/airflow/example_dags/example_setup_teardown.py
[2026-08-13T12:48:41.244+0000] {processor.py:830} INFO - Processing file /home/airflow/.local/lib/python3.8/site-packages/airflow/example_dags/example_setup_teardown.py for tasks to queue
[2026-08-13T12:48:41.247+0000] {logging_mixin.py:188} INFO - [2026-08-13T12:48:41.246+0000] {dagbag.py:538} INFO - Filling up the DagBag from /home/airflow/.local/lib/python3.8/site-packages/airflow/example_dags/example_setup_teardown.py
[2026-08-13T12:48:41.258+0000] {processor.py:840} INFO - DAG(s) 'example_setup_teardown' retrieved from /home/airflow/.local/lib/python3.8/site-packages/airflow/example_dags/example_setup_teardown.py
[2026-08-13T12:48:41.294+0000] {logging_mixin.py:188} INFO - [2026-08-13T12:48:41.293+0000] {dag.py:3036} INFO - Sync 1 DAGs
[2026-08-13T12:48:41.339+0000] {logging_mixin.py:188} INFO - [2026-08-13T12:48:41.337+0000] {dag.py:3823} INFO - Setting next_dagrun for example_setup_teardown to 2026-08-12 00:00:00+00:00, run_after=2026-08-13 00:00:00+00:00
[2026-08-13T12:48:41.423+0000] {processor.py:183} INFO - Processing /home/airflow/.local/lib/python3.8/site-packages/airflow/example_dags/example_setup_teardown.py took 0.187 seconds
[2026-08-13T12:49:12.249+0000] {processor.py:161} INFO - Started process (PID=475) to work on /home/airflow/.local/lib/python3.8/site-packages/airflow/example_dags/example_setup_teardown.py
[2026-08-13T12:49:12.275+0000] {processor.py:830} INFO - Processing file /home/airflow/.local/lib/python3.8/site-packages/airflow/example_dags/example_setup_teardown.py for tasks to queue
[2026-08-13T12:49:12.299+0000] {logging_mixin.py:188} INFO - [2026-08-13T12:49:12.298+0000] {dagbag.py:538} INFO - Filling up the DagBag from /home/airflow/.local/lib/python3.8/site-packages/airflow/example_dags/example_setup_teardown.py
[2026-08-13T12:49:12.352+0000] {processor.py:840} INFO - DAG(s) 'example_setup_teardown' retrieved from /home/airflow/.local/lib/python3.8/site-packages/airflow/example_dags/example_setup_teardown.py
[2026-08-13T12:49:12.522+0000] {logging_mixin.py:188} INFO - [2026-08-13T12:49:12.520+0000] {dag.py:3036} INFO - Sync 1 DAGs
[2026-08-13T12:49:12.678+0000] {logging_mixin.py:188} INFO - [2026-08-13T12:49:12.677+0000] {dag.py:3823} INFO - Setting next_dagrun for example_setup_teardown to 2026-08-12 00:00:00+00:00, run_after=2026-08-13 00:00:00+00:00
[2026-08-13T12:49:12.806+0000] {processor.py:183} INFO - Processing /home/airflow/.local/lib/python3.8/site-packages/airflow/example_dags/example_setup_teardown.py took 0.578 seconds
[2026-08-13T12:49:43.662+0000] {processor.py:161} INFO - Started process (PID=530) to work on /home/airflow/.local/lib/python3.8/site-packages/airflow/example_dags/example_setup_teardown.py
[2026-08-13T12:49:43.676+0000] {processor.py:830} INFO - Processing file /home/airflow/.local/lib/python3.8/site-packages/airflow/example_dags/example_setup_teardown.py for tasks to queue
[2026-08-13T12:49:43.690+0000] {logging_mixin.py:188} INFO - [2026-08-13T12:49:43.684+0000] {dagbag.py:538} INFO - Filling up the DagBag from /home/airflow/.local/lib/python3.8/site-packages/airflow/example_dags/example_setup_teardown.py
[2026-08-13T12:49:43.747+0000] {processor.py:840} INFO - DAG(s) 'example_setup_teardown' retrieved from /home/airflow/.local/lib/python3.8/site-packages/airflow/example_dags/example_setup_teardown.py
[2026-08-13T12:49:43.929+0000] {logging_mixin.py:188} INFO - [2026-08-13T12:49:43.921+0000] {dag.py:3036} INFO - Sync 1 DAGs
[2026-08-13T12:49:44.324+0000] {logging_mixin.py:188} INFO - [2026-08-13T12:49:44.323+0000] {dag.py:3823} INFO - Setting next_dagrun for example_setup_teardown to 2026-08-12 00:00:00+00:00, run_after=2026-08-13 00:00:00+00:00
[2026-08-13T12:49:44.508+0000] {processor.py:183} INFO - Processing /home/airflow/.local/lib/python3.8/site-packages/airflow/example_dags/example_setup_teardown.py took 0.865 seconds
[2026-08-13T12:50:15.069+0000] {processor.py:161} INFO - Started process (PID=583) to work on /home/airflow/.local/lib/python3.8/site-packages/airflow/example_dags/example_setup_teardown.py
[2026-08-13T12:50:15.075+0000] {processor.py:830} INFO - Processing file /home/airflow/.local/lib/python3.8/site-packages/airflow/example_dags/example_setup_teardown.py for tasks to queue
[2026-08-13T12:50:15.082+0000] {logging_mixin.py:188} INFO - [2026-08-13T12:50:15.081+0000] {dagbag.py:538} INFO - Filling up the DagBag from /home/airflow/.local/lib/python3.8/site-packages/airflow/example_dags/example_setup_teardown.py
[2026-08-13T12:50:15.111+0000] {processor.py:840} INFO - DAG(s) 'example_setup_teardown' retrieved from /home/airflow/.local/lib/python3.8/site-packages/airflow/example_dags/example_setup_teardown.py
[2026-08-13T12:50:15.149+0000] {logging_mixin.py:188} INFO - [2026-08-13T12:50:15.148+0000] {dag.py:3036} INFO - Sync 1 DAGs
[2026-08-13T12:50:15.187+0000] {logging_mixin.py:188} INFO - [2026-08-13T12:50:15.186+0000] {dag.py:3823} INFO - Setting next_dagrun for example_setup_teardown to 2026-08-12 00:00:00+00:00, run_after=2026-08-13 00:00:00+00:00
[2026-08-13T12:50:15.231+0000] {processor.py:183} INFO - Processing /home/airflow/.local/lib/python3.8/site-packages/airflow/example_dags/example_setup_teardown.py took 0.170 seconds
[2026-08-13T12:50:45.409+0000] {processor.py:161} INFO - Started process (PID=638) to work on /home/airflow/.local/lib/python3.8/site-packages/airflow/example_dags/example_setup_teardown.py
[2026-08-13T12:50:45.412+0000] {processor.py:830} INFO - Processing file /home/airflow/.local/lib/python3.8/site-packages/airflow/example_dags/example_setup_teardown.py for tasks to queue
[2026-08-13T12:50:45.415+0000] {logging_mixin.py:188} INFO - [2026-08-13T12:50:45.415+0000] {dagbag.py:538} INFO - Filling up the DagBag from /home/airflow/.local/lib/python3.8/site-packages/airflow/example_dags/example_setup_teardown.py
[2026-08-13T12:50:45.424+0000] {processor.py:840} INFO - DAG(s) 'example_setup_teardown' retrieved from /home/airflow/.local/lib/python3.8/site-packages/airflow/example_dags/example_setup_teardown.py
[2026-08-13T12:50:45.456+0000] {logging_mixin.py:188} INFO - [2026-08-13T12:50:45.455+0000] {dag.py:3036} INFO - Sync 1 DAGs
[2026-08-13T12:50:45.486+0000] {logging_mixin.py:188} INFO - [2026-08-13T12:50:45.485+0000] {dag.py:3823} INFO - Setting next_dagrun for example_setup_teardown to 2026-08-12 00:00:00+00:00, run_after=2026-08-13 00:00:00+00:00
[2026-08-13T12:50:45.507+0000] {processor.py:183} INFO - Processing /home/airflow/.local/lib/python3.8/site-packages/airflow/example_dags/example_setup_teardown.py took 0.104 seconds
[2026-08-13T12:51:15.775+0000] {processor.py:161} INFO - Started process (PID=693) to work on /home/airflow/.local/lib/python3.8/site-packages/airflow/example_dags/example_setup_teardown.py
[2026-08-13T12:51:15.777+0000] {processor.py:830} INFO - Processing file /home/airflow/.local/lib/python3.8/site-packages/airflow/example_dags/example_setup_teardown.py for tasks to queue
[2026-08-13T12:51:15.780+0000] {logging_mixin.py:188} INFO - [2026-08-13T12:51:15.779+0000] {dagbag.py:538} INFO - Filling up the DagBag from /home/airflow/.local/lib/python3.8/site-packages/airflow/example_dags/example_setup_teardown.py
[2026-08-13T12:51:15.794+0000] {processor.py:840} INFO - DAG(s) 'example_setup_teardown' retrieved from /home/airflow/.local/lib/python3.8/site-packages/airflow/example_dags/example_setup_teardown.py
[2026-08-13T12:51:15.836+0000] {logging_mixin.py:188} INFO - [2026-08-13T12:51:15.835+0000] {dag.py:3036} INFO - Sync 1 DAGs
[2026-08-13T12:51:15.876+0000] {logging_mixin.py:188} INFO - [2026-08-13T12:51:15.876+0000] {dag.py:3823} INFO - Setting next_dagrun for example_setup_teardown to 2026-08-12 00:00:00+00:00, run_after=2026-08-13 00:00:00+00:00
[2026-08-13T12:51:15.925+0000] {processor.py:183} INFO - Processing /home/airflow/.local/lib/python3.8/site-packages/airflow/example_dags/example_setup_teardown.py took 0.155 seconds
[2026-08-13T12:51:46.159+0000] {processor.py:161} INFO - Started process (PID=748) to work on /home/airflow/.local/lib/python3.8/site-packages/airflow/example_dags/example_setup_teardown.py
[2026-08-13T12:51:46.162+0000] {processor.py:830} INFO - Processing file /home/airflow/.local/lib/python3.8/site-packages/airflow/example_dags/example_setup_teardown.py for tasks to queue
[2026-08-13T12:51:46.175+0000] {logging_mixin.py:188} INFO - [2026-08-13T12:51:46.169+0000] {dagbag.py:538} INFO - Filling up the DagBag from /home/airflow/.local/lib/python3.8/site-packages/airflow/example_dags/example_setup_teardown.py
[2026-08-13T12:51:46.196+0000] {processor.py:840} INFO - DAG(s) 'example_setup_teardown' retrieved from /home/airflow/.local/lib/python3.8/site-packages/airflow/example_dags/example_setup_teardown.py
[2026-08-13T12:51:46.257+0000] {logging_mixin.py:188} INFO - [2026-08-13T12:51:46.256+0000] {dag.py:3036} INFO - Sync 1 DAGs
[2026-08-13T12:51:46.390+0000] {logging_mixin.py:188} INFO - [2026-08-13T12:51:46.389+0000] {dag.py:3823} INFO - Setting next_dagrun for example_setup_teardown to 2026-08-12 00:00:00+00:00, run_after=2026-08-13 00:00:00+00:00
[2026-08-13T12:51:46.451+0000] {processor.py:183} INFO - Processing /home/airflow/.local/lib/python3.8/site-packages/airflow/example_dags/example_setup_teardown.py took 0.301 seconds
[2026-08-13T12:52:16.857+0000] {processor.py:161} INFO - Started process (PID=803) to work on /home/airflow/.local/lib/python3.8/site-packages/airflow/example_dags/example_setup_teardown.py
[2026-08-13T12:52:16.862+0000] {processor.py:830} INFO - Processing file /home/airflow/.local/lib/python3.8/site-packages/airflow/example_dags/example_setup_teardown.py for tasks to queue
[2026-08-13T12:52:16.873+0000] {logging_mixin.py:188} INFO - [2026-08-13T12:52:16.872+0000] {dagbag.py:538} INFO - Filling up the DagBag from /home/airflow/.local/lib/python3.8/site-packages/airflow/example_dags/example_setup_teardown.py
[2026-08-13T12:52:16.895+0000] {processor.py:840} INFO - DAG(s) 'example_setup_teardown' retrieved from /home/airflow/.local/lib/python3.8/site-packages/airflow/example_dags/example_setup_teardown.py
[2026-08-13T12:52:16.979+0000] {logging_mixin.py:188} INFO - [2026-08-13T12:52:16.978+0000] {dag.py:3036} INFO - Sync 1 DAGs
[2026-08-13T12:52:17.060+0000] {logging_mixin.py:188} INFO - [2026-08-13T12:52:17.060+0000] {dag.py:3823} INFO - Setting next_dagrun for example_setup_teardown to 2026-08-12 00:00:00+00:00, run_after=2026-08-13 00:00:00+00:00
[2026-08-13T12:52:17.112+0000] {processor.py:183} INFO - Processing /home/airflow/.local/lib/python3.8/site-packages/airflow/example_dags/example_setup_teardown.py took 0.273 seconds
[2026-08-13T12:52:48.106+0000] {processor.py:161} INFO - Started process (PID=858) to work on /home/airflow/.local/lib/python3.8/site-packages/airflow/example_dags/example_setup_teardown.py
[2026-08-13T12:52:48.111+0000] {processor.py:830} INFO - Processing file /home/airflow/.local/lib/python3.8/site-packages/airflow/example_dags/example_setup_teardown.py for tasks to queue
[2026-08-13T12:52:48.122+0000] {logging_mixin.py:188} INFO - [2026-08-13T12:52:48.121+0000] {dagbag.py:538} INFO - Filling up the DagBag from /home/airflow/.local/lib/python3.8/site-packages/airflow/example_dags/example_setup_teardown.py
[2026-08-13T12:52:48.162+0000] {processor.py:840} INFO - DAG(s) 'example_setup_teardown' retrieved from /home/airflow/.local/lib/python3.8/site-packages/airflow/example_dags/example_setup_teardown.py
[2026-08-13T12:52:48.250+0000] {logging_mixin.py:188} INFO - [2026-08-13T12:52:48.250+0000] {dag.py:3036} INFO - Sync 1 DAGs
[2026-08-13T12:52:48.354+0000] {logging_mixin.py:188} INFO - [2026-08-13T12:52:48.354+0000] {dag.py:3823} INFO - Setting next_dagrun for example_setup_teardown to 2026-08-12 00:00:00+00:00, run_after=2026-08-13 00:00:00+00:00
[2026-08-13T12:52:48.420+0000] {processor.py:183} INFO - Processing /home/airflow/.local/lib/python3.8/site-packages/airflow/example_dags/example_setup_teardown.py took 0.331 seconds
[2026-08-13T12:53:18.570+0000] {processor.py:161} INFO - Started process (PID=913) to work on /home/airflow/.local/lib/python3.8/site-packages/airflow/example_dags/example_setup_teardown.py
[2026-08-13T12:53:18.572+0000] {processor.py:830} INFO - Processing file /home/airflow/.local/lib/python3.8/site-packages/airflow/example_dags/example_setup_teardown.py for tasks to queue
[2026-08-13T12:53:18.575+0000] {logging_mixin.py:188} INFO - [2026-08-13T12:53:18.574+0000] {dagbag.py:538} INFO - Filling up the DagBag from /home/airflow/.local/lib/python3.8/site-packages/airflow/example_dags/example_setup_teardown.py
[2026-08-13T12:53:18.585+0000] {processor.py:840} INFO - DAG(s) 'example_setup_teardown' retrieved from /home/airflow/.local/lib/python3.8/site-packages/airflow/example_dags/example_setup_teardown.py
[2026-08-13T12:53:18.621+0000] {logging_mixin.py:188} INFO - [2026-08-13T12:53:18.620+0000] {dag.py:3036} INFO - Sync 1 DAGs
[2026-08-13T12:53:18.654+0000] {logging_mixin.py:188} INFO - [2026-08-13T12:53:18.653+0000] {dag.py:3823} INFO - Setting next_dagrun for example_setup_teardown to 2026-08-12 00:00:00+00:00, run_after=2026-08-13 00:00:00+00:00
[2026-08-13T12:53:18.682+0000] {processor.py:183} INFO - Processing /home/airflow/.local/lib/python3.8/site-packages/airflow/example_dags/example_setup_teardown.py took 0.117 seconds
[2026-08-13T12:53:49.351+0000] {processor.py:161} INFO - Started process (PID=968) to work on /home/airflow/.local/lib/python3.8/site-packages/airflow/example_dags/example_setup_teardown.py
[2026-08-13T12:53:49.354+0000] {processor.py:830} INFO - Processing file /home/airflow/.local/lib/python3.8/site-packages/airflow/example_dags/example_setup_teardown.py for tasks to queue
[2026-08-13T12:53:49.363+0000] {logging_mixin.py:188} INFO - [2026-08-13T12:53:49.362+0000] {dagbag.py:538} INFO - Filling up the DagBag from /home/airflow/.local/lib/python3.8/site-packages/airflow/example_dags/example_setup_teardown.py
[2026-08-13T12:53:49.385+0000] {processor.py:840} INFO - DAG(s) 'example_setup_teardown' retrieved from /home/airflow/.local/lib/python3.8/site-packages/airflow/example_dags/example_setup_teardown.py
[2026-08-13T12:53:49.432+0000] {logging_mixin.py:188} INFO - [2026-08-13T12:53:49.432+0000] {dag.py:3036} INFO - Sync 1 DAGs
[2026-08-13T12:53:49.478+0000] {logging_mixin.py:188} INFO - [2026-08-13T12:53:49.477+0000] {dag.py:3823} INFO - Setting next_dagrun for example_setup_teardown to 2026-08-12 00:00:00+00:00, run_after=2026-08-13 00:00:00+00:00
[2026-08-13T12:53:49.524+0000] {processor.py:183} INFO - Processing /home/airflow/.local/lib/python3.8/site-packages/airflow/example_dags/example_setup_teardown.py took 0.181 seconds
[2026-08-13T12:54:19.845+0000] {processor.py:161} INFO - Started process (PID=1023) to work on /home/airflow/.local/lib/python3.8/site-packages/airflow/example_dags/example_setup_teardown.py
[2026-08-13T12:54:19.847+0000] {processor.py:830} INFO - Processing file /home/airflow/.local/lib/python3.8/site-packages/airflow/example_dags/example_setup_teardown.py for tasks to queue
[2026-08-13T12:54:19.850+0000] {logging_mixin.py:188} INFO - [2026-08-13T12:54:19.850+0000] {dagbag.py:538} INFO - Filling up the DagBag from /home/airflow/.local/lib/python3.8/site-packages/airflow/example_dags/example_setup_teardown.py
[2026-08-13T12:54:19.863+0000] {processor.py:840} INFO - DAG(s) 'example_setup_teardown' retrieved from /home/airflow/.local/lib/python3.8/site-packages/airflow/example_dags/example_setup_teardown.py
[2026-08-13T12:54:19.901+0000] {logging_mixin.py:188} INFO - [2026-08-13T12:54:19.900+0000] {dag.py:3036} INFO - Sync 1 DAGs
[2026-08-13T12:54:19.941+0000] {logging_mixin.py:188} INFO - [2026-08-13T12:54:19.941+0000] {dag.py:3823} INFO - Setting next_dagrun for example_setup_teardown to 2026-08-12 00:00:00+00:00, run_after=2026-08-13 00:00:00+00:00
[2026-08-13T12:54:19.977+0000] {processor.py:183} INFO - Processing /home/airflow/.local/lib/python3.8/site-packages/airflow/example_dags/example_setup_teardown.py took 0.137 seconds
[2026-08-13T12:54:50.096+0000] {processor.py:161} INFO - Started process (PID=1078) to work on /home/airflow/.local/lib/python3.8/site-packages/airflow/example_dags/example_setup_teardown.py
[2026-08-13T12:54:50.099+0000] {processor.py:830} INFO - Processing file /home/airflow/.local/lib/python3.8/site-packages/airflow/example_dags/example_setup_teardown.py for tasks to queue
[2026-08-13T12:54:50.102+0000] {logging_mixin.py:188} INFO - [2026-08-13T12:54:50.102+0000] {dagbag.py:538} INFO - Filling up the DagBag from /home/airflow/.local/lib/python3.8/site-packages/airflow/example_dags/example_setup_teardown.py
[2026-08-13T12:54:50.116+0000] {processor.py:840} INFO - DAG(s) 'example_setup_teardown' retrieved from /home/airflow/.local/lib/python3.8/site-packages/airflow/example_dags/example_setup_teardown.py
[2026-08-13T12:54:50.153+0000] {logging_mixin.py:188} INFO - [2026-08-13T12:54:50.152+0000] {dag.py:3036} INFO - Sync 1 DAGs
[2026-08-13T12:54:50.188+0000] {logging_mixin.py:188} INFO - [2026-08-13T12:54:50.188+0000] {dag.py:3823} INFO - Setting next_dagrun for example_setup_teardown to 2026-08-12 00:00:00+00:00, run_after=2026-08-13 00:00:00+00:00
[2026-08-13T12:54:50.227+0000] {processor.py:183} INFO - Processing /home/airflow/.local/lib/python3.8/site-packages/airflow/example_dags/example_setup_teardown.py took 0.135 seconds
[2026-08-13T12:55:20.585+0000] {processor.py:161} INFO - Started process (PID=1133) to work on /home/airflow/.local/lib/python3.8/site-packages/airflow/example_dags/example_setup_teardown.py
[2026-08-13T12:55:20.588+0000] {processor.py:830} INFO - Processing file /home/airflow/.local/lib/python3.8/site-packages/airflow/example_dags/example_setup_teardown.py for tasks to queue
[2026-08-13T12:55:20.592+0000] {logging_mixin.py:188} INFO - [2026-08-13T12:55:20.592+0000] {dagbag.py:538} INFO - Filling up the DagBag from /home/airflow/.local/lib/python3.8/site-packages/airflow/example_dags/example_setup_teardown.py
[2026-08-13T12:55:20.602+0000] {processor.py:840} INFO - DAG(s) 'example_setup_teardown' retrieved from /home/airflow/.local/lib/python3.8/site-packages/airflow/example_dags/example_setup_teardown.py
[2026-08-13T12:55:20.646+0000] {logging_mixin.py:188} INFO - [2026-08-13T12:55:20.645+0000] {dag.py:3036} INFO - Sync 1 DAGs
[2026-08-13T12:55:20.681+0000] {logging_mixin.py:188} INFO - [2026-08-13T12:55:20.680+0000] {dag.py:3823} INFO - Setting next_dagrun for example_setup_teardown to 2026-08-12 00:00:00+00:00, run_after=2026-08-13 00:00:00+00:00
[2026-08-13T12:55:20.709+0000] {processor.py:183} INFO - Processing /home/airflow/.local/lib/python3.8/site-packages/airflow/example_dags/example_setup_teardown.py took 0.131 seconds
[2026-08-13T12:55:51.436+0000] {processor.py:161} INFO - Started process (PID=1188) to work on /home/airflow/.local/lib/python3.8/site-packages/airflow/example_dags/example_setup_teardown.py
[2026-08-13T12:55:51.439+0000] {processor.py:830} INFO - Processing file /home/airflow/.local/lib/python3.8/site-packages/airflow/example_dags/example_setup_teardown.py for tasks to queue
[2026-08-13T12:55:51.442+0000] {logging_mixin.py:188} INFO - [2026-08-13T12:55:51.441+0000] {dagbag.py:538} INFO - Filling up the DagBag from /home/airflow/.local/lib/python3.8/site-packages/airflow/example_dags/example_setup_teardown.py
[2026-08-13T12:55:51.451+0000] {processor.py:840} INFO - DAG(s) 'example_setup_teardown' retrieved from /home/airflow/.local/lib/python3.8/site-packages/airflow/example_dags/example_setup_teardown.py
[2026-08-13T12:55:51.478+0000] {logging_mixin.py:188} INFO - [2026-08-13T12:55:51.478+0000] {dag.py:3036} INFO - Sync 1 DAGs
[2026-08-13T12:55:51.506+0000] {logging_mixin.py:188} INFO - [2026-08-13T12:55:51.505+0000] {dag.py:3823} INFO - Setting next_dagrun for example_setup_teardown to 2026-08-12 00:00:00+00:00, run_after=2026-08-13 00:00:00+00:00
[2026-08-13T12:55:51.538+0000] {processor.py:183} INFO - Processing /home/airflow/.local/lib/python3.8/site-packages/airflow/example_dags/example_setup_teardown.py took 0.107 seconds
[2026-08-13T12:56:21.638+0000] {processor.py:161} INFO - Started process (PID=1243) to work on /home/airflow/.local/lib/python3.8/site-packages/airflow/example_dags/example_setup_teardown.py
[2026-08-13T12:56:21.640+0000] {processor.py:830} INFO - Processing file /home/airflow/.local/lib/python3.8/site-packages/airflow/example_dags/example_setup_teardown.py for tasks to queue
[2026-08-13T12:56:21.642+0000] {logging_mixin.py:188} INFO - [2026-08-13T12:56:21.642+0000] {dagbag.py:538} INFO - Filling up the DagBag from /home/airflow/.local/lib/python3.8/site-packages/airflow/example_dags/example_setup_teardown.py
[2026-08-13T12:56:21.652+0000] {processor.py:840} INFO - DAG(s) 'example_setup_teardown' retrieved from /home/airflow/.local/lib/python3.8/site-packages/airflow/example_dags/example_setup_teardown.py
[2026-08-13T12:56:21.692+0000] {logging_mixin.py:188} INFO - [2026-08-13T12:56:21.692+0000] {dag.py:3036} INFO - Sync 1 DAGs
[2026-08-13T12:56:21.744+0000] {logging_mixin.py:188} INFO - [2026-08-13T12:56:21.744+0000] {dag.py:3823} INFO - Setting next_dagrun for example_setup_teardown to 2026-08-12 00:00:00+00:00, run_after=2026-08-13 00:00:00+00:00
[2026-08-13T12:56:21.803+0000] {processor.py:183} INFO - Processing /home/airflow/.local/lib/python3.8/site-packages/airflow/example_dags/example_setup_teardown.py took 0.170 seconds
[2026-08-13T12:56:51.926+0000] {processor.py:161} INFO - Started process (PID=1298) to work on /home/airflow/.local/lib/python3.8/site-packages/airflow/example_dags/example_setup_teardown.py
[2026-08-13T12:56:51.927+0000] {processor.py:830} INFO - Processing file /home/airflow/.local/lib/python3.8/site-packages/airflow/example_dags/example_setup_teardown.py for tasks to queue
[2026-08-13T12:56:51.930+0000] {logging_mixin.py:188} INFO - [2026-08-13T12:56:51.930+0000] {dagbag.py:538} INFO - Filling up the DagBag from /home/airflow/.local/lib/python3.8/site-packages/airflow/example_dags/example_setup_teardown.py
[2026-08-13T12:56:51.938+0000] {processor.py:840} INFO - DAG(s) 'example_setup_teardown' retrieved from /home/airflow/.local/lib/python3.8/site-packages/airflow/example_dags/example_setup_teardown.py
[2026-08-13T12:56:51.969+0000] {logging_mixin.py:188} INFO - [2026-08-13T12:56:51.968+0000] {dag.py:3036} INFO - Sync 1 DAGs
[2026-08-13T12:56:51.998+0000] {logging_mixin.py:188} INFO - [2026-08-13T12:56:51.998+0000] {dag.py:3823} INFO - Setting next_dagrun for example_setup_teardown to 2026-08-12 00:00:00+00:00, run_after=2026-08-13 00:00:00+00:00
[2026-08-13T12:56:52.029+0000] {processor.py:183} INFO - Processing /home/airflow/.local/lib/python3.8/site-packages/airflow/example_dags/example_setup_teardown.py took 0.108 seconds
[2026-08-13T12:57:22.754+0000] {processor.py:161} INFO - Started process (PID=1353) to work on /home/airflow/.local/lib/python3.8/site-packages/airflow/example_dags/example_setup_teardown.py
[2026-08-13T12:57:22.756+0000] {processor.py:830} INFO - Processing file /home/airflow/.local/lib/python3.8/site-packages/airflow/example_dags/example_setup_teardown.py for tasks to queue
[2026-08-13T12:57:22.759+0000] {logging_mixin.py:188} INFO - [2026-08-13T12:57:22.759+0000] {dagbag.py:538} INFO - Filling up the DagBag from /home/airflow/.local/lib/python3.8/site-packages/airflow/example_dags/example_setup_teardown.py
[2026-08-13T12:57:22.771+0000] {processor.py:840} INFO - DAG(s) 'example_setup_teardown' retrieved from /home/airflow/.local/lib/python3.8/site-packages/airflow/example_dags/example_setup_teardown.py
[2026-08-13T12:57:22.810+0000] {logging_mixin.py:188} INFO - [2026-08-13T12:57:22.809+0000] {dag.py:3036} INFO - Sync 1 DAGs
[2026-08-13T12:57:22.843+0000] {logging_mixin.py:188} INFO - [2026-08-13T12:57:22.843+0000] {dag.py:3823} INFO - Setting next_dagrun for example_setup_teardown to 2026-08-12 00:00:00+00:00, run_after=2026-08-13 00:00:00+00:00
[2026-08-13T12:57:22.882+0000] {processor.py:183} INFO - Processing /home/airflow/.local/lib/python3.8/site-packages/airflow/example_dags/example_setup_teardown.py took 0.135 seconds
