[2026-08-13T12:33:33.248+0000] {processor.py:161} INFO - Started process (PID=106) to work on /home/airflow/.local/lib/python3.8/site-packages/airflow/example_dags/example_branch_datetime_operator.py
[2026-08-13T12:33:33.251+0000] {processor.py:830} INFO - Processing file /home/airflow/.local/lib/python3.8/site-packages/airflow/example_dags/example_branch_datetime_operator.py for tasks to queue
[2026-08-13T12:33:33.259+0000] {logging_mixin.py:188} INFO - [2026-08-13T12:33:33.256+0000] {dagbag.py:538} INFO - Filling up the DagBag from /home/airflow/.local/lib/python3.8/site-packages/airflow/example_dags/example_branch_datetime_operator.py
[2026-08-13T12:33:33.298+0000] {processor.py:840} INFO - DAG(s) 'example_branch_datetime_operator_3', 'example_branch_datetime_operator', 'example_branch_datetime_operator_2' retrieved from /home/airflow/.local/lib/python3.8/site-packages/airflow/example_dags/example_branch_datetime_operator.py
[2026-08-13T12:33:34.079+0000] {logging_mixin.py:188} INFO - [2026-08-13T12:33:34.079+0000] {dag.py:3036} INFO - Sync 3 DAGs
[2026-08-13T12:33:34.178+0000] {logging_mixin.py:188} INFO - [2026-08-13T12:33:34.176+0000] {dag.py:3823} INFO - Setting next_dagrun for example_branch_datetime_operator to 2026-08-12 00:00:00+00:00, run_after=2026-08-13 00:00:00+00:00
[2026-08-13T12:33:34.205+0000] {logging_mixin.py:188} INFO - [2026-08-13T12:33:34.204+0000] {dag.py:3823} INFO - Setting next_dagrun for example_branch_datetime_operator_2 to 2026-08-12 00:00:00+00:00, run_after=2026-08-13 00:00:00+00:00
[2026-08-13T12:33:34.224+0000] {logging_mixin.py:188} INFO - [2026-08-13T12:33:34.223+0000] {dag.py:3823} INFO - Setting next_dagrun for example_branch_datetime_operator_3 to 2026-08-12 00:00:00+00:00, run_after=2026-08-13 00:00:00+00:00
[2026-08-13T12:33:34.458+0000] {processor.py:183} INFO - Processing /home/airflow/.local/lib/python3.8/site-packages/airflow/example_dags/example_branch_datetime_operator.py took 1.221 seconds
[2026-08-13T12:34:05.102+0000] {processor.py:161} INFO - Started process (PID=161) to work on /home/airflow/.local/lib/python3.8/site-packages/airflow/example_dags/example_branch_datetime_operator.py
[2026-08-13T12:34:05.104+0000] {processor.py:830} INFO - Processing file /home/airflow/.local/lib/python3.8/site-packages/airflow/example_dags/example_branch_datetime_operator.py for tasks to queue
[2026-08-13T12:34:05.108+0000] {logging_mixin.py:188} INFO - [2026-08-13T12:34:05.107+0000] {dagbag.py:538} INFO - Filling up the DagBag from /home/airflow/.local/lib/python3.8/site-packages/airflow/example_dags/example_branch_datetime_operator.py
[2026-08-13T12:34:05.125+0000] {processor.py:840} INFO - DAG(s) 'example_branch_datetime_operator_3', 'example_branch_datetime_operator', 'example_branch_datetime_operator_2' retrieved from /home/airflow/.local/lib/python3.8/site-packages/airflow/example_dags/example_branch_datetime_operator.py
[2026-08-13T12:34:05.165+0000] {logging_mixin.py:188} INFO - [2026-08-13T12:34:05.164+0000] {dag.py:3036} INFO - Sync 3 DAGs
[2026-08-13T12:34:05.200+0000] {logging_mixin.py:188} INFO - [2026-08-13T12:34:05.199+0000] {dag.py:3823} INFO - Setting next_dagrun for example_branch_datetime_operator to 2026-08-12 00:00:00+00:00, run_after=2026-08-13 00:00:00+00:00
[2026-08-13T12:34:05.207+0000] {logging_mixin.py:188} INFO - [2026-08-13T12:34:05.207+0000] {dag.py:3823} INFO - Setting next_dagrun for example_branch_datetime_operator_2 to 2026-08-12 00:00:00+00:00, run_after=2026-08-13 00:00:00+00:00
[2026-08-13T12:34:05.210+0000] {logging_mixin.py:188} INFO - [2026-08-13T12:34:05.210+0000] {dag.py:3823} INFO - Setting next_dagrun for example_branch_datetime_operator_3 to 2026-08-12 00:00:00+00:00, run_after=2026-08-13 00:00:00+00:00
[2026-08-13T12:34:05.230+0000] {processor.py:183} INFO - Processing /home/airflow/.local/lib/python3.8/site-packages/airflow/example_dags/example_branch_datetime_operator.py took 0.132 seconds
[2026-08-13T12:34:35.431+0000] {processor.py:161} INFO - Started process (PID=216) to work on /home/airflow/.local/lib/python3.8/site-packages/airflow/example_dags/example_branch_datetime_operator.py
[2026-08-13T12:34:35.432+0000] {processor.py:830} INFO - Processing file /home/airflow/.local/lib/python3.8/site-packages/airflow/example_dags/example_branch_datetime_operator.py for tasks to queue
[2026-08-13T12:34:35.435+0000] {logging_mixin.py:188} INFO - [2026-08-13T12:34:35.434+0000] {dagbag.py:538} INFO - Filling up the DagBag from /home/airflow/.local/lib/python3.8/site-packages/airflow/example_dags/example_branch_datetime_operator.py
[2026-08-13T12:34:35.451+0000] {processor.py:840} INFO - DAG(s) 'example_branch_datetime_operator', 'example_branch_datetime_operator_2', 'example_branch_datetime_operator_3' retrieved from /home/airflow/.local/lib/python3.8/site-packages/airflow/example_dags/example_branch_datetime_operator.py
[2026-08-13T12:34:35.494+0000] {logging_mixin.py:188} INFO - [2026-08-13T12:34:35.494+0000] {dag.py:3036} INFO - Sync 3 DAGs
[2026-08-13T12:34:35.527+0000] {logging_mixin.py:188} INFO - [2026-08-13T12:34:35.527+0000] {dag.py:3823} INFO - Setting next_dagrun for example_branch_datetime_operator to 2026-08-12 00:00:00+00:00, run_after=2026-08-13 00:00:00+00:00
[2026-08-13T12:34:35.536+0000] {logging_mixin.py:188} INFO - [2026-08-13T12:34:35.536+0000] {dag.py:3823} INFO - Setting next_dagrun for example_branch_datetime_operator_2 to 2026-08-12 00:00:00+00:00, run_after=2026-08-13 00:00:00+00:00
[2026-08-13T12:34:35.542+0000] {logging_mixin.py:188} INFO - [2026-08-13T12:34:35.541+0000] {dag.py:3823} INFO - Setting next_dagrun for example_branch_datetime_operator_3 to 2026-08-12 00:00:00+00:00, run_after=2026-08-13 00:00:00+00:00
[2026-08-13T12:34:35.576+0000] {processor.py:183} INFO - Processing /home/airflow/.local/lib/python3.8/site-packages/airflow/example_dags/example_branch_datetime_operator.py took 0.150 seconds
[2026-08-13T12:35:05.752+0000] {processor.py:161} INFO - Started process (PID=271) to work on /home/airflow/.local/lib/python3.8/site-packages/airflow/example_dags/example_branch_datetime_operator.py
[2026-08-13T12:35:05.754+0000] {processor.py:830} INFO - Processing file /home/airflow/.local/lib/python3.8/site-packages/airflow/example_dags/example_branch_datetime_operator.py for tasks to queue
[2026-08-13T12:35:05.758+0000] {logging_mixin.py:188} INFO - [2026-08-13T12:35:05.757+0000] {dagbag.py:538} INFO - Filling up the DagBag from /home/airflow/.local/lib/python3.8/site-packages/airflow/example_dags/example_branch_datetime_operator.py
[2026-08-13T12:35:05.771+0000] {processor.py:840} INFO - DAG(s) 'example_branch_datetime_operator', 'example_branch_datetime_operator_2', 'example_branch_datetime_operator_3' retrieved from /home/airflow/.local/lib/python3.8/site-packages/airflow/example_dags/example_branch_datetime_operator.py
[2026-08-13T12:35:05.834+0000] {logging_mixin.py:188} INFO - [2026-08-13T12:35:05.833+0000] {dag.py:3036} INFO - Sync 3 DAGs
[2026-08-13T12:35:05.864+0000] {logging_mixin.py:188} INFO - [2026-08-13T12:35:05.863+0000] {dag.py:3823} INFO - Setting next_dagrun for example_branch_datetime_operator to 2026-08-12 00:00:00+00:00, run_after=2026-08-13 00:00:00+00:00
[2026-08-13T12:35:05.873+0000] {logging_mixin.py:188} INFO - [2026-08-13T12:35:05.873+0000] {dag.py:3823} INFO - Setting next_dagrun for example_branch_datetime_operator_2 to 2026-08-12 00:00:00+00:00, run_after=2026-08-13 00:00:00+00:00
[2026-08-13T12:35:05.878+0000] {logging_mixin.py:188} INFO - [2026-08-13T12:35:05.878+0000] {dag.py:3823} INFO - Setting next_dagrun for example_branch_datetime_operator_3 to 2026-08-12 00:00:00+00:00, run_after=2026-08-13 00:00:00+00:00
[2026-08-13T12:35:05.914+0000] {processor.py:183} INFO - Processing /home/airflow/.local/lib/python3.8/site-packages/airflow/example_dags/example_branch_datetime_operator.py took 0.166 seconds
[2026-08-13T12:35:36.092+0000] {processor.py:161} INFO - Started process (PID=326) to work on /home/airflow/.local/lib/python3.8/site-packages/airflow/example_dags/example_branch_datetime_operator.py
[2026-08-13T12:35:36.094+0000] {processor.py:830} INFO - Processing file /home/airflow/.local/lib/python3.8/site-packages/airflow/example_dags/example_branch_datetime_operator.py for tasks to queue
[2026-08-13T12:35:36.097+0000] {logging_mixin.py:188} INFO - [2026-08-13T12:35:36.097+0000] {dagbag.py:538} INFO - Filling up the DagBag from /home/airflow/.local/lib/python3.8/site-packages/airflow/example_dags/example_branch_datetime_operator.py
[2026-08-13T12:35:36.110+0000] {processor.py:840} INFO - DAG(s) 'example_branch_datetime_operator_2', 'example_branch_datetime_operator_3', 'example_branch_datetime_operator' retrieved from /home/airflow/.local/lib/python3.8/site-packages/airflow/example_dags/example_branch_datetime_operator.py
[2026-08-13T12:35:36.149+0000] {logging_mixin.py:188} INFO - [2026-08-13T12:35:36.148+0000] {dag.py:3036} INFO - Sync 3 DAGs
[2026-08-13T12:35:36.177+0000] {logging_mixin.py:188} INFO - [2026-08-13T12:35:36.177+0000] {dag.py:3823} INFO - Setting next_dagrun for example_branch_datetime_operator to 2026-08-12 00:00:00+00:00, run_after=2026-08-13 00:00:00+00:00
[2026-08-13T12:35:36.186+0000] {logging_mixin.py:188} INFO - [2026-08-13T12:35:36.186+0000] {dag.py:3823} INFO - Setting next_dagrun for example_branch_datetime_operator_2 to 2026-08-12 00:00:00+00:00, run_after=2026-08-13 00:00:00+00:00
[2026-08-13T12:35:36.191+0000] {logging_mixin.py:188} INFO - [2026-08-13T12:35:36.191+0000] {dag.py:3823} INFO - Setting next_dagrun for example_branch_datetime_operator_3 to 2026-08-12 00:00:00+00:00, run_after=2026-08-13 00:00:00+00:00
[2026-08-13T12:35:36.228+0000] {processor.py:183} INFO - Processing /home/airflow/.local/lib/python3.8/site-packages/airflow/example_dags/example_branch_datetime_operator.py took 0.143 seconds
[2026-08-13T12:36:06.420+0000] {processor.py:161} INFO - Started process (PID=381) to work on /home/airflow/.local/lib/python3.8/site-packages/airflow/example_dags/example_branch_datetime_operator.py
[2026-08-13T12:36:06.448+0000] {processor.py:830} INFO - Processing file /home/airflow/.local/lib/python3.8/site-packages/airflow/example_dags/example_branch_datetime_operator.py for tasks to queue
[2026-08-13T12:36:06.458+0000] {logging_mixin.py:188} INFO - [2026-08-13T12:36:06.457+0000] {dagbag.py:538} INFO - Filling up the DagBag from /home/airflow/.local/lib/python3.8/site-packages/airflow/example_dags/example_branch_datetime_operator.py
[2026-08-13T12:36:06.495+0000] {processor.py:840} INFO - DAG(s) 'example_branch_datetime_operator_3', 'example_branch_datetime_operator', 'example_branch_datetime_operator_2' retrieved from /home/airflow/.local/lib/python3.8/site-packages/airflow/example_dags/example_branch_datetime_operator.py
[2026-08-13T12:36:06.557+0000] {logging_mixin.py:188} INFO - [2026-08-13T12:36:06.557+0000] {dag.py:3036} INFO - Sync 3 DAGs
[2026-08-13T12:36:06.622+0000] {logging_mixin.py:188} INFO - [2026-08-13T12:36:06.622+0000] {dag.py:3823} INFO - Setting next_dagrun for example_branch_datetime_operator to 2026-08-12 00:00:00+00:00, run_after=2026-08-13 00:00:00+00:00
[2026-08-13T12:36:06.631+0000] {logging_mixin.py:188} INFO - [2026-08-13T12:36:06.631+0000] {dag.py:3823} INFO - Setting next_dagrun for example_branch_datetime_operator_2 to 2026-08-12 00:00:00+00:00, run_after=2026-08-13 00:00:00+00:00
[2026-08-13T12:36:06.638+0000] {logging_mixin.py:188} INFO - [2026-08-13T12:36:06.638+0000] {dag.py:3823} INFO - Setting next_dagrun for example_branch_datetime_operator_3 to 2026-08-12 00:00:00+00:00, run_after=2026-08-13 00:00:00+00:00
[2026-08-13T12:36:06.668+0000] {processor.py:183} INFO - Processing /home/airflow/.local/lib/python3.8/site-packages/airflow/example_dags/example_branch_datetime_operator.py took 0.254 seconds
[2026-08-13T12:41:51.367+0000] {processor.py:161} INFO - Started process (PID=128) to work on /home/airflow/.local/lib/python3.8/site-packages/airflow/example_dags/example_branch_datetime_operator.py
[2026-08-13T12:41:51.370+0000] {processor.py:830} INFO - Processing file /home/airflow/.local/lib/python3.8/site-packages/airflow/example_dags/example_branch_datetime_operator.py for tasks to queue
[2026-08-13T12:41:51.377+0000] {logging_mixin.py:188} INFO - [2026-08-13T12:41:51.376+0000] {dagbag.py:538} INFO - Filling up the DagBag from /home/airflow/.local/lib/python3.8/site-packages/airflow/example_dags/example_branch_datetime_operator.py
[2026-08-13T12:41:51.413+0000] {processor.py:840} INFO - DAG(s) 'example_branch_datetime_operator', 'example_branch_datetime_operator_3', 'example_branch_datetime_operator_2' retrieved from /home/airflow/.local/lib/python3.8/site-packages/airflow/example_dags/example_branch_datetime_operator.py
[2026-08-13T12:41:51.865+0000] {logging_mixin.py:188} INFO - [2026-08-13T12:41:51.864+0000] {dag.py:3036} INFO - Sync 3 DAGs
[2026-08-13T12:41:51.939+0000] {logging_mixin.py:188} INFO - [2026-08-13T12:41:51.938+0000] {dag.py:3823} INFO - Setting next_dagrun for example_branch_datetime_operator to 2026-08-12 00:00:00+00:00, run_after=2026-08-13 00:00:00+00:00
[2026-08-13T12:41:51.956+0000] {logging_mixin.py:188} INFO - [2026-08-13T12:41:51.956+0000] {dag.py:3823} INFO - Setting next_dagrun for example_branch_datetime_operator_2 to 2026-08-12 00:00:00+00:00, run_after=2026-08-13 00:00:00+00:00
[2026-08-13T12:41:51.966+0000] {logging_mixin.py:188} INFO - [2026-08-13T12:41:51.965+0000] {dag.py:3823} INFO - Setting next_dagrun for example_branch_datetime_operator_3 to 2026-08-12 00:00:00+00:00, run_after=2026-08-13 00:00:00+00:00
[2026-08-13T12:41:52.033+0000] {processor.py:183} INFO - Processing /home/airflow/.local/lib/python3.8/site-packages/airflow/example_dags/example_branch_datetime_operator.py took 0.678 seconds
[2026-08-13T12:42:25.556+0000] {processor.py:161} INFO - Started process (PID=184) to work on /home/airflow/.local/lib/python3.8/site-packages/airflow/example_dags/example_branch_datetime_operator.py
[2026-08-13T12:42:25.561+0000] {processor.py:830} INFO - Processing file /home/airflow/.local/lib/python3.8/site-packages/airflow/example_dags/example_branch_datetime_operator.py for tasks to queue
[2026-08-13T12:42:25.574+0000] {logging_mixin.py:188} INFO - [2026-08-13T12:42:25.573+0000] {dagbag.py:538} INFO - Filling up the DagBag from /home/airflow/.local/lib/python3.8/site-packages/airflow/example_dags/example_branch_datetime_operator.py
[2026-08-13T12:42:25.653+0000] {processor.py:840} INFO - DAG(s) 'example_branch_datetime_operator', 'example_branch_datetime_operator_3', 'example_branch_datetime_operator_2' retrieved from /home/airflow/.local/lib/python3.8/site-packages/airflow/example_dags/example_branch_datetime_operator.py
[2026-08-13T12:42:25.828+0000] {logging_mixin.py:188} INFO - [2026-08-13T12:42:25.826+0000] {dag.py:3036} INFO - Sync 3 DAGs
[2026-08-13T12:42:25.998+0000] {logging_mixin.py:188} INFO - [2026-08-13T12:42:25.994+0000] {dag.py:3823} INFO - Setting next_dagrun for example_branch_datetime_operator to 2026-08-12 00:00:00+00:00, run_after=2026-08-13 00:00:00+00:00
[2026-08-13T12:42:26.028+0000] {logging_mixin.py:188} INFO - [2026-08-13T12:42:26.027+0000] {dag.py:3823} INFO - Setting next_dagrun for example_branch_datetime_operator_2 to 2026-08-12 00:00:00+00:00, run_after=2026-08-13 00:00:00+00:00
[2026-08-13T12:42:26.047+0000] {logging_mixin.py:188} INFO - [2026-08-13T12:42:26.046+0000] {dag.py:3823} INFO - Setting next_dagrun for example_branch_datetime_operator_3 to 2026-08-12 00:00:00+00:00, run_after=2026-08-13 00:00:00+00:00
[2026-08-13T12:42:26.180+0000] {processor.py:183} INFO - Processing /home/airflow/.local/lib/python3.8/site-packages/airflow/example_dags/example_branch_datetime_operator.py took 0.645 seconds
[2026-08-13T12:45:46.314+0000] {processor.py:161} INFO - Started process (PID=110) to work on /home/airflow/.local/lib/python3.8/site-packages/airflow/example_dags/example_branch_datetime_operator.py
[2026-08-13T12:45:46.318+0000] {processor.py:830} INFO - Processing file /home/airflow/.local/lib/python3.8/site-packages/airflow/example_dags/example_branch_datetime_operator.py for tasks to queue
[2026-08-13T12:45:46.324+0000] {logging_mixin.py:188} INFO - [2026-08-13T12:45:46.323+0000] {dagbag.py:538} INFO - Filling up the DagBag from /home/airflow/.local/lib/python3.8/site-packages/airflow/example_dags/example_branch_datetime_operator.py
[2026-08-13T12:45:46.356+0000] {processor.py:840} INFO - DAG(s) 'example_branch_datetime_operator_2', 'example_branch_datetime_operator_3', 'example_branch_datetime_operator' retrieved from /home/airflow/.local/lib/python3.8/site-packages/airflow/example_dags/example_branch_datetime_operator.py
[2026-08-13T12:45:46.733+0000] {logging_mixin.py:188} INFO - [2026-08-13T12:45:46.732+0000] {dag.py:3036} INFO - Sync 3 DAGs
[2026-08-13T12:45:46.781+0000] {logging_mixin.py:188} INFO - [2026-08-13T12:45:46.781+0000] {dag.py:3823} INFO - Setting next_dagrun for example_branch_datetime_operator to 2026-08-12 00:00:00+00:00, run_after=2026-08-13 00:00:00+00:00
[2026-08-13T12:45:46.789+0000] {logging_mixin.py:188} INFO - [2026-08-13T12:45:46.789+0000] {dag.py:3823} INFO - Setting next_dagrun for example_branch_datetime_operator_2 to 2026-08-12 00:00:00+00:00, run_after=2026-08-13 00:00:00+00:00
[2026-08-13T12:45:46.797+0000] {logging_mixin.py:188} INFO - [2026-08-13T12:45:46.797+0000] {dag.py:3823} INFO - Setting next_dagrun for example_branch_datetime_operator_3 to 2026-08-12 00:00:00+00:00, run_after=2026-08-13 00:00:00+00:00
[2026-08-13T12:45:46.839+0000] {processor.py:183} INFO - Processing /home/airflow/.local/lib/python3.8/site-packages/airflow/example_dags/example_branch_datetime_operator.py took 0.544 seconds
[2026-08-13T12:46:17.742+0000] {processor.py:161} INFO - Started process (PID=165) to work on /home/airflow/.local/lib/python3.8/site-packages/airflow/example_dags/example_branch_datetime_operator.py
[2026-08-13T12:46:17.745+0000] {processor.py:830} INFO - Processing file /home/airflow/.local/lib/python3.8/site-packages/airflow/example_dags/example_branch_datetime_operator.py for tasks to queue
[2026-08-13T12:46:17.751+0000] {logging_mixin.py:188} INFO - [2026-08-13T12:46:17.750+0000] {dagbag.py:538} INFO - Filling up the DagBag from /home/airflow/.local/lib/python3.8/site-packages/airflow/example_dags/example_branch_datetime_operator.py
[2026-08-13T12:46:17.789+0000] {processor.py:840} INFO - DAG(s) 'example_branch_datetime_operator_3', 'example_branch_datetime_operator', 'example_branch_datetime_operator_2' retrieved from /home/airflow/.local/lib/python3.8/site-packages/airflow/example_dags/example_branch_datetime_operator.py
[2026-08-13T12:46:17.885+0000] {logging_mixin.py:188} INFO - [2026-08-13T12:46:17.884+0000] {dag.py:3036} INFO - Sync 3 DAGs
[2026-08-13T12:46:17.970+0000] {logging_mixin.py:188} INFO - [2026-08-13T12:46:17.969+0000] {dag.py:3823} INFO - Setting next_dagrun for example_branch_datetime_operator to 2026-08-12 00:00:00+00:00, run_after=2026-08-13 00:00:00+00:00
[2026-08-13T12:46:17.984+0000] {logging_mixin.py:188} INFO - [2026-08-13T12:46:17.984+0000] {dag.py:3823} INFO - Setting next_dagrun for example_branch_datetime_operator_2 to 2026-08-12 00:00:00+00:00, run_after=2026-08-13 00:00:00+00:00
[2026-08-13T12:46:17.993+0000] {logging_mixin.py:188} INFO - [2026-08-13T12:46:17.992+0000] {dag.py:3823} INFO - Setting next_dagrun for example_branch_datetime_operator_3 to 2026-08-12 00:00:00+00:00, run_after=2026-08-13 00:00:00+00:00
[2026-08-13T12:46:18.052+0000] {processor.py:183} INFO - Processing /home/airflow/.local/lib/python3.8/site-packages/airflow/example_dags/example_branch_datetime_operator.py took 0.317 seconds
[2026-08-13T12:46:49.128+0000] {processor.py:161} INFO - Started process (PID=220) to work on /home/airflow/.local/lib/python3.8/site-packages/airflow/example_dags/example_branch_datetime_operator.py
[2026-08-13T12:46:49.130+0000] {processor.py:830} INFO - Processing file /home/airflow/.local/lib/python3.8/site-packages/airflow/example_dags/example_branch_datetime_operator.py for tasks to queue
[2026-08-13T12:46:49.134+0000] {logging_mixin.py:188} INFO - [2026-08-13T12:46:49.134+0000] {dagbag.py:538} INFO - Filling up the DagBag from /home/airflow/.local/lib/python3.8/site-packages/airflow/example_dags/example_branch_datetime_operator.py
[2026-08-13T12:46:49.150+0000] {processor.py:840} INFO - DAG(s) 'example_branch_datetime_operator_3', 'example_branch_datetime_operator_2', 'example_branch_datetime_operator' retrieved from /home/airflow/.local/lib/python3.8/site-packages/airflow/example_dags/example_branch_datetime_operator.py
[2026-08-13T12:46:49.213+0000] {logging_mixin.py:188} INFO - [2026-08-13T12:46:49.212+0000] {dag.py:3036} INFO - Sync 3 DAGs
[2026-08-13T12:46:49.267+0000] {logging_mixin.py:188} INFO - [2026-08-13T12:46:49.266+0000] {dag.py:3823} INFO - Setting next_dagrun for example_branch_datetime_operator to 2026-08-12 00:00:00+00:00, run_after=2026-08-13 00:00:00+00:00
[2026-08-13T12:46:49.284+0000] {logging_mixin.py:188} INFO - [2026-08-13T12:46:49.283+0000] {dag.py:3823} INFO - Setting next_dagrun for example_branch_datetime_operator_2 to 2026-08-12 00:00:00+00:00, run_after=2026-08-13 00:00:00+00:00
[2026-08-13T12:46:49.291+0000] {logging_mixin.py:188} INFO - [2026-08-13T12:46:49.290+0000] {dag.py:3823} INFO - Setting next_dagrun for example_branch_datetime_operator_3 to 2026-08-12 00:00:00+00:00, run_after=2026-08-13 00:00:00+00:00
[2026-08-13T12:46:49.323+0000] {processor.py:183} INFO - Processing /home/airflow/.local/lib/python3.8/site-packages/airflow/example_dags/example_branch_datetime_operator.py took 0.201 seconds
[2026-08-13T12:47:20.816+0000] {processor.py:161} INFO - Started process (PID=275) to work on /home/airflow/.local/lib/python3.8/site-packages/airflow/example_dags/example_branch_datetime_operator.py
[2026-08-13T12:47:20.819+0000] {processor.py:830} INFO - Processing file /home/airflow/.local/lib/python3.8/site-packages/airflow/example_dags/example_branch_datetime_operator.py for tasks to queue
[2026-08-13T12:47:20.823+0000] {logging_mixin.py:188} INFO - [2026-08-13T12:47:20.822+0000] {dagbag.py:538} INFO - Filling up the DagBag from /home/airflow/.local/lib/python3.8/site-packages/airflow/example_dags/example_branch_datetime_operator.py
[2026-08-13T12:47:20.854+0000] {processor.py:840} INFO - DAG(s) 'example_branch_datetime_operator_3', 'example_branch_datetime_operator', 'example_branch_datetime_operator_2' retrieved from /home/airflow/.local/lib/python3.8/site-packages/airflow/example_dags/example_branch_datetime_operator.py
[2026-08-13T12:47:20.948+0000] {logging_mixin.py:188} INFO - [2026-08-13T12:47:20.947+0000] {dag.py:3036} INFO - Sync 3 DAGs
[2026-08-13T12:47:21.037+0000] {logging_mixin.py:188} INFO - [2026-08-13T12:47:21.036+0000] {dag.py:3823} INFO - Setting next_dagrun for example_branch_datetime_operator to 2026-08-12 00:00:00+00:00, run_after=2026-08-13 00:00:00+00:00
[2026-08-13T12:47:21.062+0000] {logging_mixin.py:188} INFO - [2026-08-13T12:47:21.061+0000] {dag.py:3823} INFO - Setting next_dagrun for example_branch_datetime_operator_2 to 2026-08-12 00:00:00+00:00, run_after=2026-08-13 00:00:00+00:00
[2026-08-13T12:47:21.081+0000] {logging_mixin.py:188} INFO - [2026-08-13T12:47:21.080+0000] {dag.py:3823} INFO - Setting next_dagrun for example_branch_datetime_operator_3 to 2026-08-12 00:00:00+00:00, run_after=2026-08-13 00:00:00+00:00
[2026-08-13T12:47:21.153+0000] {processor.py:183} INFO - Processing /home/airflow/.local/lib/python3.8/site-packages/airflow/example_dags/example_branch_datetime_operator.py took 0.344 seconds
[2026-08-13T12:47:53.427+0000] {processor.py:161} INFO - Started process (PID=328) to work on /home/airflow/.local/lib/python3.8/site-packages/airflow/example_dags/example_branch_datetime_operator.py
[2026-08-13T12:47:53.433+0000] {processor.py:830} INFO - Processing file /home/airflow/.local/lib/python3.8/site-packages/airflow/example_dags/example_branch_datetime_operator.py for tasks to queue
[2026-08-13T12:47:53.448+0000] {logging_mixin.py:188} INFO - [2026-08-13T12:47:53.446+0000] {dagbag.py:538} INFO - Filling up the DagBag from /home/airflow/.local/lib/python3.8/site-packages/airflow/example_dags/example_branch_datetime_operator.py
[2026-08-13T12:47:53.505+0000] {processor.py:840} INFO - DAG(s) 'example_branch_datetime_operator_3', 'example_branch_datetime_operator', 'example_branch_datetime_operator_2' retrieved from /home/airflow/.local/lib/python3.8/site-packages/airflow/example_dags/example_branch_datetime_operator.py
[2026-08-13T12:47:53.696+0000] {logging_mixin.py:188} INFO - [2026-08-13T12:47:53.695+0000] {dag.py:3036} INFO - Sync 3 DAGs
[2026-08-13T12:47:53.799+0000] {logging_mixin.py:188} INFO - [2026-08-13T12:47:53.798+0000] {dag.py:3823} INFO - Setting next_dagrun for example_branch_datetime_operator to 2026-08-12 00:00:00+00:00, run_after=2026-08-13 00:00:00+00:00
[2026-08-13T12:47:53.818+0000] {logging_mixin.py:188} INFO - [2026-08-13T12:47:53.818+0000] {dag.py:3823} INFO - Setting next_dagrun for example_branch_datetime_operator_2 to 2026-08-12 00:00:00+00:00, run_after=2026-08-13 00:00:00+00:00
[2026-08-13T12:47:53.828+0000] {logging_mixin.py:188} INFO - [2026-08-13T12:47:53.827+0000] {dag.py:3823} INFO - Setting next_dagrun for example_branch_datetime_operator_3 to 2026-08-12 00:00:00+00:00, run_after=2026-08-13 00:00:00+00:00
[2026-08-13T12:47:53.892+0000] {processor.py:183} INFO - Processing /home/airflow/.local/lib/python3.8/site-packages/airflow/example_dags/example_branch_datetime_operator.py took 0.496 seconds
[2026-08-13T12:48:24.132+0000] {processor.py:161} INFO - Started process (PID=383) to work on /home/airflow/.local/lib/python3.8/site-packages/airflow/example_dags/example_branch_datetime_operator.py
[2026-08-13T12:48:24.137+0000] {processor.py:830} INFO - Processing file /home/airflow/.local/lib/python3.8/site-packages/airflow/example_dags/example_branch_datetime_operator.py for tasks to queue
[2026-08-13T12:48:24.143+0000] {logging_mixin.py:188} INFO - [2026-08-13T12:48:24.142+0000] {dagbag.py:538} INFO - Filling up the DagBag from /home/airflow/.local/lib/python3.8/site-packages/airflow/example_dags/example_branch_datetime_operator.py
[2026-08-13T12:48:24.169+0000] {processor.py:840} INFO - DAG(s) 'example_branch_datetime_operator', 'example_branch_datetime_operator_3', 'example_branch_datetime_operator_2' retrieved from /home/airflow/.local/lib/python3.8/site-packages/airflow/example_dags/example_branch_datetime_operator.py
[2026-08-13T12:48:24.236+0000] {logging_mixin.py:188} INFO - [2026-08-13T12:48:24.235+0000] {dag.py:3036} INFO - Sync 3 DAGs
[2026-08-13T12:48:24.310+0000] {logging_mixin.py:188} INFO - [2026-08-13T12:48:24.310+0000] {dag.py:3823} INFO - Setting next_dagrun for example_branch_datetime_operator to 2026-08-12 00:00:00+00:00, run_after=2026-08-13 00:00:00+00:00
[2026-08-13T12:48:24.343+0000] {logging_mixin.py:188} INFO - [2026-08-13T12:48:24.343+0000] {dag.py:3823} INFO - Setting next_dagrun for example_branch_datetime_operator_2 to 2026-08-12 00:00:00+00:00, run_after=2026-08-13 00:00:00+00:00
[2026-08-13T12:48:24.354+0000] {logging_mixin.py:188} INFO - [2026-08-13T12:48:24.353+0000] {dag.py:3823} INFO - Setting next_dagrun for example_branch_datetime_operator_3 to 2026-08-12 00:00:00+00:00, run_after=2026-08-13 00:00:00+00:00
[2026-08-13T12:48:24.429+0000] {processor.py:183} INFO - Processing /home/airflow/.local/lib/python3.8/site-packages/airflow/example_dags/example_branch_datetime_operator.py took 0.304 seconds
[2026-08-13T12:48:54.623+0000] {processor.py:161} INFO - Started process (PID=439) to work on /home/airflow/.local/lib/python3.8/site-packages/airflow/example_dags/example_branch_datetime_operator.py
[2026-08-13T12:48:54.625+0000] {processor.py:830} INFO - Processing file /home/airflow/.local/lib/python3.8/site-packages/airflow/example_dags/example_branch_datetime_operator.py for tasks to queue
[2026-08-13T12:48:54.628+0000] {logging_mixin.py:188} INFO - [2026-08-13T12:48:54.627+0000] {dagbag.py:538} INFO - Filling up the DagBag from /home/airflow/.local/lib/python3.8/site-packages/airflow/example_dags/example_branch_datetime_operator.py
[2026-08-13T12:48:54.649+0000] {processor.py:840} INFO - DAG(s) 'example_branch_datetime_operator', 'example_branch_datetime_operator_3', 'example_branch_datetime_operator_2' retrieved from /home/airflow/.local/lib/python3.8/site-packages/airflow/example_dags/example_branch_datetime_operator.py
[2026-08-13T12:48:54.700+0000] {logging_mixin.py:188} INFO - [2026-08-13T12:48:54.700+0000] {dag.py:3036} INFO - Sync 3 DAGs
[2026-08-13T12:48:54.747+0000] {logging_mixin.py:188} INFO - [2026-08-13T12:48:54.745+0000] {dag.py:3823} INFO - Setting next_dagrun for example_branch_datetime_operator to 2026-08-12 00:00:00+00:00, run_after=2026-08-13 00:00:00+00:00
[2026-08-13T12:48:54.757+0000] {logging_mixin.py:188} INFO - [2026-08-13T12:48:54.757+0000] {dag.py:3823} INFO - Setting next_dagrun for example_branch_datetime_operator_2 to 2026-08-12 00:00:00+00:00, run_after=2026-08-13 00:00:00+00:00
[2026-08-13T12:48:54.765+0000] {logging_mixin.py:188} INFO - [2026-08-13T12:48:54.765+0000] {dag.py:3823} INFO - Setting next_dagrun for example_branch_datetime_operator_3 to 2026-08-12 00:00:00+00:00, run_after=2026-08-13 00:00:00+00:00
[2026-08-13T12:48:54.802+0000] {processor.py:183} INFO - Processing /home/airflow/.local/lib/python3.8/site-packages/airflow/example_dags/example_branch_datetime_operator.py took 0.183 seconds
[2026-08-13T12:49:24.963+0000] {processor.py:161} INFO - Started process (PID=494) to work on /home/airflow/.local/lib/python3.8/site-packages/airflow/example_dags/example_branch_datetime_operator.py
[2026-08-13T12:49:24.966+0000] {processor.py:830} INFO - Processing file /home/airflow/.local/lib/python3.8/site-packages/airflow/example_dags/example_branch_datetime_operator.py for tasks to queue
[2026-08-13T12:49:24.971+0000] {logging_mixin.py:188} INFO - [2026-08-13T12:49:24.970+0000] {dagbag.py:538} INFO - Filling up the DagBag from /home/airflow/.local/lib/python3.8/site-packages/airflow/example_dags/example_branch_datetime_operator.py
[2026-08-13T12:49:24.995+0000] {processor.py:840} INFO - DAG(s) 'example_branch_datetime_operator', 'example_branch_datetime_operator_2', 'example_branch_datetime_operator_3' retrieved from /home/airflow/.local/lib/python3.8/site-packages/airflow/example_dags/example_branch_datetime_operator.py
[2026-08-13T12:49:25.061+0000] {logging_mixin.py:188} INFO - [2026-08-13T12:49:25.061+0000] {dag.py:3036} INFO - Sync 3 DAGs
[2026-08-13T12:49:25.110+0000] {logging_mixin.py:188} INFO - [2026-08-13T12:49:25.109+0000] {dag.py:3823} INFO - Setting next_dagrun for example_branch_datetime_operator to 2026-08-12 00:00:00+00:00, run_after=2026-08-13 00:00:00+00:00
[2026-08-13T12:49:25.123+0000] {logging_mixin.py:188} INFO - [2026-08-13T12:49:25.122+0000] {dag.py:3823} INFO - Setting next_dagrun for example_branch_datetime_operator_2 to 2026-08-12 00:00:00+00:00, run_after=2026-08-13 00:00:00+00:00
[2026-08-13T12:49:25.130+0000] {logging_mixin.py:188} INFO - [2026-08-13T12:49:25.130+0000] {dag.py:3823} INFO - Setting next_dagrun for example_branch_datetime_operator_3 to 2026-08-12 00:00:00+00:00, run_after=2026-08-13 00:00:00+00:00
[2026-08-13T12:49:25.180+0000] {processor.py:183} INFO - Processing /home/airflow/.local/lib/python3.8/site-packages/airflow/example_dags/example_branch_datetime_operator.py took 0.224 seconds
[2026-08-13T12:49:58.335+0000] {processor.py:161} INFO - Started process (PID=549) to work on /home/airflow/.local/lib/python3.8/site-packages/airflow/example_dags/example_branch_datetime_operator.py
[2026-08-13T12:49:58.345+0000] {processor.py:830} INFO - Processing file /home/airflow/.local/lib/python3.8/site-packages/airflow/example_dags/example_branch_datetime_operator.py for tasks to queue
[2026-08-13T12:49:58.351+0000] {logging_mixin.py:188} INFO - [2026-08-13T12:49:58.350+0000] {dagbag.py:538} INFO - Filling up the DagBag from /home/airflow/.local/lib/python3.8/site-packages/airflow/example_dags/example_branch_datetime_operator.py
[2026-08-13T12:49:58.434+0000] {processor.py:840} INFO - DAG(s) 'example_branch_datetime_operator_2', 'example_branch_datetime_operator', 'example_branch_datetime_operator_3' retrieved from /home/airflow/.local/lib/python3.8/site-packages/airflow/example_dags/example_branch_datetime_operator.py
[2026-08-13T12:49:58.548+0000] {logging_mixin.py:188} INFO - [2026-08-13T12:49:58.547+0000] {dag.py:3036} INFO - Sync 3 DAGs
[2026-08-13T12:49:58.622+0000] {logging_mixin.py:188} INFO - [2026-08-13T12:49:58.621+0000] {dag.py:3823} INFO - Setting next_dagrun for example_branch_datetime_operator to 2026-08-12 00:00:00+00:00, run_after=2026-08-13 00:00:00+00:00
[2026-08-13T12:49:58.633+0000] {logging_mixin.py:188} INFO - [2026-08-13T12:49:58.633+0000] {dag.py:3823} INFO - Setting next_dagrun for example_branch_datetime_operator_2 to 2026-08-12 00:00:00+00:00, run_after=2026-08-13 00:00:00+00:00
[2026-08-13T12:49:58.643+0000] {logging_mixin.py:188} INFO - [2026-08-13T12:49:58.642+0000] {dag.py:3823} INFO - Setting next_dagrun for example_branch_datetime_operator_3 to 2026-08-12 00:00:00+00:00, run_after=2026-08-13 00:00:00+00:00
[2026-08-13T12:49:58.693+0000] {processor.py:183} INFO - Processing /home/airflow/.local/lib/python3.8/site-packages/airflow/example_dags/example_branch_datetime_operator.py took 0.377 seconds
[2026-08-13T12:50:31.540+0000] {processor.py:161} INFO - Started process (PID=604) to work on /home/airflow/.local/lib/python3.8/site-packages/airflow/example_dags/example_branch_datetime_operator.py
[2026-08-13T12:50:31.549+0000] {processor.py:830} INFO - Processing file /home/airflow/.local/lib/python3.8/site-packages/airflow/example_dags/example_branch_datetime_operator.py for tasks to queue
[2026-08-13T12:50:31.555+0000] {logging_mixin.py:188} INFO - [2026-08-13T12:50:31.554+0000] {dagbag.py:538} INFO - Filling up the DagBag from /home/airflow/.local/lib/python3.8/site-packages/airflow/example_dags/example_branch_datetime_operator.py
[2026-08-13T12:50:31.629+0000] {processor.py:840} INFO - DAG(s) 'example_branch_datetime_operator_2', 'example_branch_datetime_operator_3', 'example_branch_datetime_operator' retrieved from /home/airflow/.local/lib/python3.8/site-packages/airflow/example_dags/example_branch_datetime_operator.py
[2026-08-13T12:50:31.877+0000] {logging_mixin.py:188} INFO - [2026-08-13T12:50:31.877+0000] {dag.py:3036} INFO - Sync 3 DAGs
[2026-08-13T12:50:32.047+0000] {logging_mixin.py:188} INFO - [2026-08-13T12:50:32.047+0000] {dag.py:3823} INFO - Setting next_dagrun for example_branch_datetime_operator to 2026-08-12 00:00:00+00:00, run_after=2026-08-13 00:00:00+00:00
[2026-08-13T12:50:32.072+0000] {logging_mixin.py:188} INFO - [2026-08-13T12:50:32.071+0000] {dag.py:3823} INFO - Setting next_dagrun for example_branch_datetime_operator_2 to 2026-08-12 00:00:00+00:00, run_after=2026-08-13 00:00:00+00:00
[2026-08-13T12:50:32.091+0000] {logging_mixin.py:188} INFO - [2026-08-13T12:50:32.091+0000] {dag.py:3823} INFO - Setting next_dagrun for example_branch_datetime_operator_3 to 2026-08-12 00:00:00+00:00, run_after=2026-08-13 00:00:00+00:00
[2026-08-13T12:50:32.194+0000] {processor.py:183} INFO - Processing /home/airflow/.local/lib/python3.8/site-packages/airflow/example_dags/example_branch_datetime_operator.py took 0.672 seconds
[2026-08-13T12:51:02.357+0000] {processor.py:161} INFO - Started process (PID=659) to work on /home/airflow/.local/lib/python3.8/site-packages/airflow/example_dags/example_branch_datetime_operator.py
[2026-08-13T12:51:02.359+0000] {processor.py:830} INFO - Processing file /home/airflow/.local/lib/python3.8/site-packages/airflow/example_dags/example_branch_datetime_operator.py for tasks to queue
[2026-08-13T12:51:02.363+0000] {logging_mixin.py:188} INFO - [2026-08-13T12:51:02.362+0000] {dagbag.py:538} INFO - Filling up the DagBag from /home/airflow/.local/lib/python3.8/site-packages/airflow/example_dags/example_branch_datetime_operator.py
[2026-08-13T12:51:02.382+0000] {processor.py:840} INFO - DAG(s) 'example_branch_datetime_operator_3', 'example_branch_datetime_operator', 'example_branch_datetime_operator_2' retrieved from /home/airflow/.local/lib/python3.8/site-packages/airflow/example_dags/example_branch_datetime_operator.py
[2026-08-13T12:51:02.434+0000] {logging_mixin.py:188} INFO - [2026-08-13T12:51:02.433+0000] {dag.py:3036} INFO - Sync 3 DAGs
[2026-08-13T12:51:02.479+0000] {logging_mixin.py:188} INFO - [2026-08-13T12:51:02.479+0000] {dag.py:3823} INFO - Setting next_dagrun for example_branch_datetime_operator to 2026-08-12 00:00:00+00:00, run_after=2026-08-13 00:00:00+00:00
[2026-08-13T12:51:02.487+0000] {logging_mixin.py:188} INFO - [2026-08-13T12:51:02.487+0000] {dag.py:3823} INFO - Setting next_dagrun for example_branch_datetime_operator_2 to 2026-08-12 00:00:00+00:00, run_after=2026-08-13 00:00:00+00:00
[2026-08-13T12:51:02.494+0000] {logging_mixin.py:188} INFO - [2026-08-13T12:51:02.494+0000] {dag.py:3823} INFO - Setting next_dagrun for example_branch_datetime_operator_3 to 2026-08-12 00:00:00+00:00, run_after=2026-08-13 00:00:00+00:00
[2026-08-13T12:51:02.529+0000] {processor.py:183} INFO - Processing /home/airflow/.local/lib/python3.8/site-packages/airflow/example_dags/example_branch_datetime_operator.py took 0.177 seconds
[2026-08-13T12:51:33.474+0000] {processor.py:161} INFO - Started process (PID=714) to work on /home/airflow/.local/lib/python3.8/site-packages/airflow/example_dags/example_branch_datetime_operator.py
[2026-08-13T12:51:33.477+0000] {processor.py:830} INFO - Processing file /home/airflow/.local/lib/python3.8/site-packages/airflow/example_dags/example_branch_datetime_operator.py for tasks to queue
[2026-08-13T12:51:33.483+0000] {logging_mixin.py:188} INFO - [2026-08-13T12:51:33.482+0000] {dagbag.py:538} INFO - Filling up the DagBag from /home/airflow/.local/lib/python3.8/site-packages/airflow/example_dags/example_branch_datetime_operator.py
[2026-08-13T12:51:33.502+0000] {processor.py:840} INFO - DAG(s) 'example_branch_datetime_operator_2', 'example_branch_datetime_operator_3', 'example_branch_datetime_operator' retrieved from /home/airflow/.local/lib/python3.8/site-packages/airflow/example_dags/example_branch_datetime_operator.py
[2026-08-13T12:51:33.623+0000] {logging_mixin.py:188} INFO - [2026-08-13T12:51:33.622+0000] {dag.py:3036} INFO - Sync 3 DAGs
[2026-08-13T12:51:33.725+0000] {logging_mixin.py:188} INFO - [2026-08-13T12:51:33.725+0000] {dag.py:3823} INFO - Setting next_dagrun for example_branch_datetime_operator to 2026-08-12 00:00:00+00:00, run_after=2026-08-13 00:00:00+00:00
[2026-08-13T12:51:33.740+0000] {logging_mixin.py:188} INFO - [2026-08-13T12:51:33.740+0000] {dag.py:3823} INFO - Setting next_dagrun for example_branch_datetime_operator_2 to 2026-08-12 00:00:00+00:00, run_after=2026-08-13 00:00:00+00:00
[2026-08-13T12:51:33.753+0000] {logging_mixin.py:188} INFO - [2026-08-13T12:51:33.753+0000] {dag.py:3823} INFO - Setting next_dagrun for example_branch_datetime_operator_3 to 2026-08-12 00:00:00+00:00, run_after=2026-08-13 00:00:00+00:00
[2026-08-13T12:51:33.843+0000] {processor.py:183} INFO - Processing /home/airflow/.local/lib/python3.8/site-packages/airflow/example_dags/example_branch_datetime_operator.py took 0.376 seconds
[2026-08-13T12:52:04.603+0000] {processor.py:161} INFO - Started process (PID=770) to work on /home/airflow/.local/lib/python3.8/site-packages/airflow/example_dags/example_branch_datetime_operator.py
[2026-08-13T12:52:04.605+0000] {processor.py:830} INFO - Processing file /home/airflow/.local/lib/python3.8/site-packages/airflow/example_dags/example_branch_datetime_operator.py for tasks to queue
[2026-08-13T12:52:04.608+0000] {logging_mixin.py:188} INFO - [2026-08-13T12:52:04.608+0000] {dagbag.py:538} INFO - Filling up the DagBag from /home/airflow/.local/lib/python3.8/site-packages/airflow/example_dags/example_branch_datetime_operator.py
[2026-08-13T12:52:04.626+0000] {processor.py:840} INFO - DAG(s) 'example_branch_datetime_operator_3', 'example_branch_datetime_operator', 'example_branch_datetime_operator_2' retrieved from /home/airflow/.local/lib/python3.8/site-packages/airflow/example_dags/example_branch_datetime_operator.py
[2026-08-13T12:52:04.673+0000] {logging_mixin.py:188} INFO - [2026-08-13T12:52:04.673+0000] {dag.py:3036} INFO - Sync 3 DAGs
[2026-08-13T12:52:04.719+0000] {logging_mixin.py:188} INFO - [2026-08-13T12:52:04.719+0000] {dag.py:3823} INFO - Setting next_dagrun for example_branch_datetime_operator to 2026-08-12 00:00:00+00:00, run_after=2026-08-13 00:00:00+00:00
[2026-08-13T12:52:04.729+0000] {logging_mixin.py:188} INFO - [2026-08-13T12:52:04.729+0000] {dag.py:3823} INFO - Setting next_dagrun for example_branch_datetime_operator_2 to 2026-08-12 00:00:00+00:00, run_after=2026-08-13 00:00:00+00:00
[2026-08-13T12:52:04.733+0000] {logging_mixin.py:188} INFO - [2026-08-13T12:52:04.733+0000] {dag.py:3823} INFO - Setting next_dagrun for example_branch_datetime_operator_3 to 2026-08-12 00:00:00+00:00, run_after=2026-08-13 00:00:00+00:00
[2026-08-13T12:52:04.757+0000] {processor.py:183} INFO - Processing /home/airflow/.local/lib/python3.8/site-packages/airflow/example_dags/example_branch_datetime_operator.py took 0.160 seconds
[2026-08-13T12:52:35.264+0000] {processor.py:161} INFO - Started process (PID=830) to work on /home/airflow/.local/lib/python3.8/site-packages/airflow/example_dags/example_branch_datetime_operator.py
[2026-08-13T12:52:35.269+0000] {processor.py:830} INFO - Processing file /home/airflow/.local/lib/python3.8/site-packages/airflow/example_dags/example_branch_datetime_operator.py for tasks to queue
[2026-08-13T12:52:35.274+0000] {logging_mixin.py:188} INFO - [2026-08-13T12:52:35.274+0000] {dagbag.py:538} INFO - Filling up the DagBag from /home/airflow/.local/lib/python3.8/site-packages/airflow/example_dags/example_branch_datetime_operator.py
[2026-08-13T12:52:35.306+0000] {processor.py:840} INFO - DAG(s) 'example_branch_datetime_operator_2', 'example_branch_datetime_operator_3', 'example_branch_datetime_operator' retrieved from /home/airflow/.local/lib/python3.8/site-packages/airflow/example_dags/example_branch_datetime_operator.py
[2026-08-13T12:52:35.419+0000] {logging_mixin.py:188} INFO - [2026-08-13T12:52:35.418+0000] {dag.py:3036} INFO - Sync 3 DAGs
[2026-08-13T12:52:35.522+0000] {logging_mixin.py:188} INFO - [2026-08-13T12:52:35.521+0000] {dag.py:3823} INFO - Setting next_dagrun for example_branch_datetime_operator to 2026-08-12 00:00:00+00:00, run_after=2026-08-13 00:00:00+00:00
[2026-08-13T12:52:35.538+0000] {logging_mixin.py:188} INFO - [2026-08-13T12:52:35.538+0000] {dag.py:3823} INFO - Setting next_dagrun for example_branch_datetime_operator_2 to 2026-08-12 00:00:00+00:00, run_after=2026-08-13 00:00:00+00:00
[2026-08-13T12:52:35.548+0000] {logging_mixin.py:188} INFO - [2026-08-13T12:52:35.547+0000] {dag.py:3823} INFO - Setting next_dagrun for example_branch_datetime_operator_3 to 2026-08-12 00:00:00+00:00, run_after=2026-08-13 00:00:00+00:00
[2026-08-13T12:52:35.604+0000] {processor.py:183} INFO - Processing /home/airflow/.local/lib/python3.8/site-packages/airflow/example_dags/example_branch_datetime_operator.py took 0.348 seconds
[2026-08-13T12:53:05.753+0000] {processor.py:161} INFO - Started process (PID=884) to work on /home/airflow/.local/lib/python3.8/site-packages/airflow/example_dags/example_branch_datetime_operator.py
[2026-08-13T12:53:05.755+0000] {processor.py:830} INFO - Processing file /home/airflow/.local/lib/python3.8/site-packages/airflow/example_dags/example_branch_datetime_operator.py for tasks to queue
[2026-08-13T12:53:05.759+0000] {logging_mixin.py:188} INFO - [2026-08-13T12:53:05.759+0000] {dagbag.py:538} INFO - Filling up the DagBag from /home/airflow/.local/lib/python3.8/site-packages/airflow/example_dags/example_branch_datetime_operator.py
[2026-08-13T12:53:05.776+0000] {processor.py:840} INFO - DAG(s) 'example_branch_datetime_operator', 'example_branch_datetime_operator_2', 'example_branch_datetime_operator_3' retrieved from /home/airflow/.local/lib/python3.8/site-packages/airflow/example_dags/example_branch_datetime_operator.py
[2026-08-13T12:53:05.812+0000] {logging_mixin.py:188} INFO - [2026-08-13T12:53:05.812+0000] {dag.py:3036} INFO - Sync 3 DAGs
[2026-08-13T12:53:05.848+0000] {logging_mixin.py:188} INFO - [2026-08-13T12:53:05.848+0000] {dag.py:3823} INFO - Setting next_dagrun for example_branch_datetime_operator to 2026-08-12 00:00:00+00:00, run_after=2026-08-13 00:00:00+00:00
[2026-08-13T12:53:05.855+0000] {logging_mixin.py:188} INFO - [2026-08-13T12:53:05.854+0000] {dag.py:3823} INFO - Setting next_dagrun for example_branch_datetime_operator_2 to 2026-08-12 00:00:00+00:00, run_after=2026-08-13 00:00:00+00:00
[2026-08-13T12:53:05.858+0000] {logging_mixin.py:188} INFO - [2026-08-13T12:53:05.858+0000] {dag.py:3823} INFO - Setting next_dagrun for example_branch_datetime_operator_3 to 2026-08-12 00:00:00+00:00, run_after=2026-08-13 00:00:00+00:00
[2026-08-13T12:53:05.884+0000] {processor.py:183} INFO - Processing /home/airflow/.local/lib/python3.8/site-packages/airflow/example_dags/example_branch_datetime_operator.py took 0.139 seconds
[2026-08-13T12:53:36.143+0000] {processor.py:161} INFO - Started process (PID=937) to work on /home/airflow/.local/lib/python3.8/site-packages/airflow/example_dags/example_branch_datetime_operator.py
[2026-08-13T12:53:36.147+0000] {processor.py:830} INFO - Processing file /home/airflow/.local/lib/python3.8/site-packages/airflow/example_dags/example_branch_datetime_operator.py for tasks to queue
[2026-08-13T12:53:36.151+0000] {logging_mixin.py:188} INFO - [2026-08-13T12:53:36.151+0000] {dagbag.py:538} INFO - Filling up the DagBag from /home/airflow/.local/lib/python3.8/site-packages/airflow/example_dags/example_branch_datetime_operator.py
[2026-08-13T12:53:36.189+0000] {processor.py:840} INFO - DAG(s) 'example_branch_datetime_operator', 'example_branch_datetime_operator_3', 'example_branch_datetime_operator_2' retrieved from /home/airflow/.local/lib/python3.8/site-packages/airflow/example_dags/example_branch_datetime_operator.py
[2026-08-13T12:53:36.299+0000] {logging_mixin.py:188} INFO - [2026-08-13T12:53:36.299+0000] {dag.py:3036} INFO - Sync 3 DAGs
[2026-08-13T12:53:36.402+0000] {logging_mixin.py:188} INFO - [2026-08-13T12:53:36.402+0000] {dag.py:3823} INFO - Setting next_dagrun for example_branch_datetime_operator to 2026-08-12 00:00:00+00:00, run_after=2026-08-13 00:00:00+00:00
[2026-08-13T12:53:36.415+0000] {logging_mixin.py:188} INFO - [2026-08-13T12:53:36.414+0000] {dag.py:3823} INFO - Setting next_dagrun for example_branch_datetime_operator_2 to 2026-08-12 00:00:00+00:00, run_after=2026-08-13 00:00:00+00:00
[2026-08-13T12:53:36.423+0000] {logging_mixin.py:188} INFO - [2026-08-13T12:53:36.423+0000] {dag.py:3823} INFO - Setting next_dagrun for example_branch_datetime_operator_3 to 2026-08-12 00:00:00+00:00, run_after=2026-08-13 00:00:00+00:00
[2026-08-13T12:53:36.467+0000] {processor.py:183} INFO - Processing /home/airflow/.local/lib/python3.8/site-packages/airflow/example_dags/example_branch_datetime_operator.py took 0.334 seconds
[2026-08-13T12:54:06.885+0000] {processor.py:161} INFO - Started process (PID=992) to work on /home/airflow/.local/lib/python3.8/site-packages/airflow/example_dags/example_branch_datetime_operator.py
[2026-08-13T12:54:06.887+0000] {processor.py:830} INFO - Processing file /home/airflow/.local/lib/python3.8/site-packages/airflow/example_dags/example_branch_datetime_operator.py for tasks to queue
[2026-08-13T12:54:06.890+0000] {logging_mixin.py:188} INFO - [2026-08-13T12:54:06.889+0000] {dagbag.py:538} INFO - Filling up the DagBag from /home/airflow/.local/lib/python3.8/site-packages/airflow/example_dags/example_branch_datetime_operator.py
[2026-08-13T12:54:06.905+0000] {processor.py:840} INFO - DAG(s) 'example_branch_datetime_operator_2', 'example_branch_datetime_operator_3', 'example_branch_datetime_operator' retrieved from /home/airflow/.local/lib/python3.8/site-packages/airflow/example_dags/example_branch_datetime_operator.py
[2026-08-13T12:54:06.946+0000] {logging_mixin.py:188} INFO - [2026-08-13T12:54:06.946+0000] {dag.py:3036} INFO - Sync 3 DAGs
[2026-08-13T12:54:06.988+0000] {logging_mixin.py:188} INFO - [2026-08-13T12:54:06.988+0000] {dag.py:3823} INFO - Setting next_dagrun for example_branch_datetime_operator to 2026-08-12 00:00:00+00:00, run_after=2026-08-13 00:00:00+00:00
[2026-08-13T12:54:06.995+0000] {logging_mixin.py:188} INFO - [2026-08-13T12:54:06.995+0000] {dag.py:3823} INFO - Setting next_dagrun for example_branch_datetime_operator_2 to 2026-08-12 00:00:00+00:00, run_after=2026-08-13 00:00:00+00:00
[2026-08-13T12:54:07.001+0000] {logging_mixin.py:188} INFO - [2026-08-13T12:54:07.001+0000] {dag.py:3823} INFO - Setting next_dagrun for example_branch_datetime_operator_3 to 2026-08-12 00:00:00+00:00, run_after=2026-08-13 00:00:00+00:00
[2026-08-13T12:54:07.024+0000] {processor.py:183} INFO - Processing /home/airflow/.local/lib/python3.8/site-packages/airflow/example_dags/example_branch_datetime_operator.py took 0.145 seconds
[2026-08-13T12:54:37.466+0000] {processor.py:161} INFO - Started process (PID=1047) to work on /home/airflow/.local/lib/python3.8/site-packages/airflow/example_dags/example_branch_datetime_operator.py
[2026-08-13T12:54:37.471+0000] {processor.py:830} INFO - Processing file /home/airflow/.local/lib/python3.8/site-packages/airflow/example_dags/example_branch_datetime_operator.py for tasks to queue
[2026-08-13T12:54:37.476+0000] {logging_mixin.py:188} INFO - [2026-08-13T12:54:37.475+0000] {dagbag.py:538} INFO - Filling up the DagBag from /home/airflow/.local/lib/python3.8/site-packages/airflow/example_dags/example_branch_datetime_operator.py
[2026-08-13T12:54:37.502+0000] {processor.py:840} INFO - DAG(s) 'example_branch_datetime_operator', 'example_branch_datetime_operator_3', 'example_branch_datetime_operator_2' retrieved from /home/airflow/.local/lib/python3.8/site-packages/airflow/example_dags/example_branch_datetime_operator.py
[2026-08-13T12:54:37.558+0000] {logging_mixin.py:188} INFO - [2026-08-13T12:54:37.558+0000] {dag.py:3036} INFO - Sync 3 DAGs
[2026-08-13T12:54:37.613+0000] {logging_mixin.py:188} INFO - [2026-08-13T12:54:37.612+0000] {dag.py:3823} INFO - Setting next_dagrun for example_branch_datetime_operator to 2026-08-12 00:00:00+00:00, run_after=2026-08-13 00:00:00+00:00
[2026-08-13T12:54:37.623+0000] {logging_mixin.py:188} INFO - [2026-08-13T12:54:37.623+0000] {dag.py:3823} INFO - Setting next_dagrun for example_branch_datetime_operator_2 to 2026-08-12 00:00:00+00:00, run_after=2026-08-13 00:00:00+00:00
[2026-08-13T12:54:37.629+0000] {logging_mixin.py:188} INFO - [2026-08-13T12:54:37.629+0000] {dag.py:3823} INFO - Setting next_dagrun for example_branch_datetime_operator_3 to 2026-08-12 00:00:00+00:00, run_after=2026-08-13 00:00:00+00:00
[2026-08-13T12:54:37.666+0000] {processor.py:183} INFO - Processing /home/airflow/.local/lib/python3.8/site-packages/airflow/example_dags/example_branch_datetime_operator.py took 0.211 seconds
[2026-08-13T12:55:08.262+0000] {processor.py:161} INFO - Started process (PID=1102) to work on /home/airflow/.local/lib/python3.8/site-packages/airflow/example_dags/example_branch_datetime_operator.py
[2026-08-13T12:55:08.264+0000] {processor.py:830} INFO - Processing file /home/airflow/.local/lib/python3.8/site-packages/airflow/example_dags/example_branch_datetime_operator.py for tasks to queue
[2026-08-13T12:55:08.267+0000] {logging_mixin.py:188} INFO - [2026-08-13T12:55:08.266+0000] {dagbag.py:538} INFO - Filling up the DagBag from /home/airflow/.local/lib/python3.8/site-packages/airflow/example_dags/example_branch_datetime_operator.py
[2026-08-13T12:55:08.281+0000] {processor.py:840} INFO - DAG(s) 'example_branch_datetime_operator_3', 'example_branch_datetime_operator', 'example_branch_datetime_operator_2' retrieved from /home/airflow/.local/lib/python3.8/site-packages/airflow/example_dags/example_branch_datetime_operator.py
[2026-08-13T12:55:08.315+0000] {logging_mixin.py:188} INFO - [2026-08-13T12:55:08.315+0000] {dag.py:3036} INFO - Sync 3 DAGs
[2026-08-13T12:55:08.343+0000] {logging_mixin.py:188} INFO - [2026-08-13T12:55:08.343+0000] {dag.py:3823} INFO - Setting next_dagrun for example_branch_datetime_operator to 2026-08-12 00:00:00+00:00, run_after=2026-08-13 00:00:00+00:00
[2026-08-13T12:55:08.350+0000] {logging_mixin.py:188} INFO - [2026-08-13T12:55:08.350+0000] {dag.py:3823} INFO - Setting next_dagrun for example_branch_datetime_operator_2 to 2026-08-12 00:00:00+00:00, run_after=2026-08-13 00:00:00+00:00
[2026-08-13T12:55:08.356+0000] {logging_mixin.py:188} INFO - [2026-08-13T12:55:08.355+0000] {dag.py:3823} INFO - Setting next_dagrun for example_branch_datetime_operator_3 to 2026-08-12 00:00:00+00:00, run_after=2026-08-13 00:00:00+00:00
[2026-08-13T12:55:08.382+0000] {processor.py:183} INFO - Processing /home/airflow/.local/lib/python3.8/site-packages/airflow/example_dags/example_branch_datetime_operator.py took 0.125 seconds
[2026-08-13T12:55:38.526+0000] {processor.py:161} INFO - Started process (PID=1157) to work on /home/airflow/.local/lib/python3.8/site-packages/airflow/example_dags/example_branch_datetime_operator.py
[2026-08-13T12:55:38.529+0000] {processor.py:830} INFO - Processing file /home/airflow/.local/lib/python3.8/site-packages/airflow/example_dags/example_branch_datetime_operator.py for tasks to queue
[2026-08-13T12:55:38.533+0000] {logging_mixin.py:188} INFO - [2026-08-13T12:55:38.532+0000] {dagbag.py:538} INFO - Filling up the DagBag from /home/airflow/.local/lib/python3.8/site-packages/airflow/example_dags/example_branch_datetime_operator.py
[2026-08-13T12:55:38.548+0000] {processor.py:840} INFO - DAG(s) 'example_branch_datetime_operator', 'example_branch_datetime_operator_3', 'example_branch_datetime_operator_2' retrieved from /home/airflow/.local/lib/python3.8/site-packages/airflow/example_dags/example_branch_datetime_operator.py
[2026-08-13T12:55:38.590+0000] {logging_mixin.py:188} INFO - [2026-08-13T12:55:38.590+0000] {dag.py:3036} INFO - Sync 3 DAGs
[2026-08-13T12:55:38.623+0000] {logging_mixin.py:188} INFO - [2026-08-13T12:55:38.623+0000] {dag.py:3823} INFO - Setting next_dagrun for example_branch_datetime_operator to 2026-08-12 00:00:00+00:00, run_after=2026-08-13 00:00:00+00:00
[2026-08-13T12:55:38.630+0000] {logging_mixin.py:188} INFO - [2026-08-13T12:55:38.630+0000] {dag.py:3823} INFO - Setting next_dagrun for example_branch_datetime_operator_2 to 2026-08-12 00:00:00+00:00, run_after=2026-08-13 00:00:00+00:00
[2026-08-13T12:55:38.634+0000] {logging_mixin.py:188} INFO - [2026-08-13T12:55:38.634+0000] {dag.py:3823} INFO - Setting next_dagrun for example_branch_datetime_operator_3 to 2026-08-12 00:00:00+00:00, run_after=2026-08-13 00:00:00+00:00
[2026-08-13T12:55:38.667+0000] {processor.py:183} INFO - Processing /home/airflow/.local/lib/python3.8/site-packages/airflow/example_dags/example_branch_datetime_operator.py took 0.146 seconds
[2026-08-13T12:56:09.299+0000] {processor.py:161} INFO - Started process (PID=1212) to work on /home/airflow/.local/lib/python3.8/site-packages/airflow/example_dags/example_branch_datetime_operator.py
[2026-08-13T12:56:09.301+0000] {processor.py:830} INFO - Processing file /home/airflow/.local/lib/python3.8/site-packages/airflow/example_dags/example_branch_datetime_operator.py for tasks to queue
[2026-08-13T12:56:09.306+0000] {logging_mixin.py:188} INFO - [2026-08-13T12:56:09.305+0000] {dagbag.py:538} INFO - Filling up the DagBag from /home/airflow/.local/lib/python3.8/site-packages/airflow/example_dags/example_branch_datetime_operator.py
[2026-08-13T12:56:09.322+0000] {processor.py:840} INFO - DAG(s) 'example_branch_datetime_operator_3', 'example_branch_datetime_operator_2', 'example_branch_datetime_operator' retrieved from /home/airflow/.local/lib/python3.8/site-packages/airflow/example_dags/example_branch_datetime_operator.py
[2026-08-13T12:56:09.355+0000] {logging_mixin.py:188} INFO - [2026-08-13T12:56:09.355+0000] {dag.py:3036} INFO - Sync 3 DAGs
[2026-08-13T12:56:09.382+0000] {logging_mixin.py:188} INFO - [2026-08-13T12:56:09.381+0000] {dag.py:3823} INFO - Setting next_dagrun for example_branch_datetime_operator to 2026-08-12 00:00:00+00:00, run_after=2026-08-13 00:00:00+00:00
[2026-08-13T12:56:09.387+0000] {logging_mixin.py:188} INFO - [2026-08-13T12:56:09.387+0000] {dag.py:3823} INFO - Setting next_dagrun for example_branch_datetime_operator_2 to 2026-08-12 00:00:00+00:00, run_after=2026-08-13 00:00:00+00:00
[2026-08-13T12:56:09.391+0000] {logging_mixin.py:188} INFO - [2026-08-13T12:56:09.391+0000] {dag.py:3823} INFO - Setting next_dagrun for example_branch_datetime_operator_3 to 2026-08-12 00:00:00+00:00, run_after=2026-08-13 00:00:00+00:00
[2026-08-13T12:56:09.417+0000] {processor.py:183} INFO - Processing /home/airflow/.local/lib/python3.8/site-packages/airflow/example_dags/example_branch_datetime_operator.py took 0.125 seconds
[2026-08-13T12:56:39.705+0000] {processor.py:161} INFO - Started process (PID=1267) to work on /home/airflow/.local/lib/python3.8/site-packages/airflow/example_dags/example_branch_datetime_operator.py
[2026-08-13T12:56:39.717+0000] {processor.py:830} INFO - Processing file /home/airflow/.local/lib/python3.8/site-packages/airflow/example_dags/example_branch_datetime_operator.py for tasks to queue
[2026-08-13T12:56:39.721+0000] {logging_mixin.py:188} INFO - [2026-08-13T12:56:39.720+0000] {dagbag.py:538} INFO - Filling up the DagBag from /home/airflow/.local/lib/python3.8/site-packages/airflow/example_dags/example_branch_datetime_operator.py
[2026-08-13T12:56:39.738+0000] {processor.py:840} INFO - DAG(s) 'example_branch_datetime_operator_2', 'example_branch_datetime_operator_3', 'example_branch_datetime_operator' retrieved from /home/airflow/.local/lib/python3.8/site-packages/airflow/example_dags/example_branch_datetime_operator.py
[2026-08-13T12:56:39.775+0000] {logging_mixin.py:188} INFO - [2026-08-13T12:56:39.775+0000] {dag.py:3036} INFO - Sync 3 DAGs
[2026-08-13T12:56:39.804+0000] {logging_mixin.py:188} INFO - [2026-08-13T12:56:39.804+0000] {dag.py:3823} INFO - Setting next_dagrun for example_branch_datetime_operator to 2026-08-12 00:00:00+00:00, run_after=2026-08-13 00:00:00+00:00
[2026-08-13T12:56:39.812+0000] {logging_mixin.py:188} INFO - [2026-08-13T12:56:39.812+0000] {dag.py:3823} INFO - Setting next_dagrun for example_branch_datetime_operator_2 to 2026-08-12 00:00:00+00:00, run_after=2026-08-13 00:00:00+00:00
[2026-08-13T12:56:39.817+0000] {logging_mixin.py:188} INFO - [2026-08-13T12:56:39.817+0000] {dag.py:3823} INFO - Setting next_dagrun for example_branch_datetime_operator_3 to 2026-08-12 00:00:00+00:00, run_after=2026-08-13 00:00:00+00:00
[2026-08-13T12:56:39.861+0000] {processor.py:183} INFO - Processing /home/airflow/.local/lib/python3.8/site-packages/airflow/example_dags/example_branch_datetime_operator.py took 0.162 seconds
[2026-08-13T12:57:10.656+0000] {processor.py:161} INFO - Started process (PID=1322) to work on /home/airflow/.local/lib/python3.8/site-packages/airflow/example_dags/example_branch_datetime_operator.py
[2026-08-13T12:57:10.658+0000] {processor.py:830} INFO - Processing file /home/airflow/.local/lib/python3.8/site-packages/airflow/example_dags/example_branch_datetime_operator.py for tasks to queue
[2026-08-13T12:57:10.661+0000] {logging_mixin.py:188} INFO - [2026-08-13T12:57:10.661+0000] {dagbag.py:538} INFO - Filling up the DagBag from /home/airflow/.local/lib/python3.8/site-packages/airflow/example_dags/example_branch_datetime_operator.py
[2026-08-13T12:57:10.680+0000] {processor.py:840} INFO - DAG(s) 'example_branch_datetime_operator_3', 'example_branch_datetime_operator_2', 'example_branch_datetime_operator' retrieved from /home/airflow/.local/lib/python3.8/site-packages/airflow/example_dags/example_branch_datetime_operator.py
[2026-08-13T12:57:10.751+0000] {logging_mixin.py:188} INFO - [2026-08-13T12:57:10.751+0000] {dag.py:3036} INFO - Sync 3 DAGs
[2026-08-13T12:57:10.811+0000] {logging_mixin.py:188} INFO - [2026-08-13T12:57:10.810+0000] {dag.py:3823} INFO - Setting next_dagrun for example_branch_datetime_operator to 2026-08-12 00:00:00+00:00, run_after=2026-08-13 00:00:00+00:00
[2026-08-13T12:57:10.819+0000] {logging_mixin.py:188} INFO - [2026-08-13T12:57:10.819+0000] {dag.py:3823} INFO - Setting next_dagrun for example_branch_datetime_operator_2 to 2026-08-12 00:00:00+00:00, run_after=2026-08-13 00:00:00+00:00
[2026-08-13T12:57:10.828+0000] {logging_mixin.py:188} INFO - [2026-08-13T12:57:10.827+0000] {dag.py:3823} INFO - Setting next_dagrun for example_branch_datetime_operator_3 to 2026-08-12 00:00:00+00:00, run_after=2026-08-13 00:00:00+00:00
[2026-08-13T12:57:10.856+0000] {processor.py:183} INFO - Processing /home/airflow/.local/lib/python3.8/site-packages/airflow/example_dags/example_branch_datetime_operator.py took 0.205 seconds
