[2026-08-13T12:33:38.845+0000] {processor.py:161} INFO - Started process (PID=114) to work on /home/airflow/.local/lib/python3.8/site-packages/airflow/example_dags/example_branch_operator.py
[2026-08-13T12:33:38.848+0000] {processor.py:830} INFO - Processing file /home/airflow/.local/lib/python3.8/site-packages/airflow/example_dags/example_branch_operator.py for tasks to queue
[2026-08-13T12:33:38.853+0000] {logging_mixin.py:188} INFO - [2026-08-13T12:33:38.852+0000] {dagbag.py:538} INFO - Filling up the DagBag from /home/airflow/.local/lib/python3.8/site-packages/airflow/example_dags/example_branch_operator.py
[2026-08-13T12:33:38.936+0000] {processor.py:840} INFO - DAG(s) 'example_branch_operator' retrieved from /home/airflow/.local/lib/python3.8/site-packages/airflow/example_dags/example_branch_operator.py
[2026-08-13T12:33:39.439+0000] {logging_mixin.py:188} INFO - [2026-08-13T12:33:39.437+0000] {dag.py:3036} INFO - Sync 1 DAGs
[2026-08-13T12:33:39.589+0000] {logging_mixin.py:188} INFO - [2026-08-13T12:33:39.588+0000] {dag.py:3823} INFO - Setting next_dagrun for example_branch_operator to 2026-08-12 00:00:00+00:00, run_after=2026-08-13 00:00:00+00:00
[2026-08-13T12:33:39.674+0000] {processor.py:183} INFO - Processing /home/airflow/.local/lib/python3.8/site-packages/airflow/example_dags/example_branch_operator.py took 0.840 seconds
[2026-08-13T12:34:09.974+0000] {processor.py:161} INFO - Started process (PID=169) to work on /home/airflow/.local/lib/python3.8/site-packages/airflow/example_dags/example_branch_operator.py
[2026-08-13T12:34:09.976+0000] {processor.py:830} INFO - Processing file /home/airflow/.local/lib/python3.8/site-packages/airflow/example_dags/example_branch_operator.py for tasks to queue
[2026-08-13T12:34:09.981+0000] {logging_mixin.py:188} INFO - [2026-08-13T12:34:09.980+0000] {dagbag.py:538} INFO - Filling up the DagBag from /home/airflow/.local/lib/python3.8/site-packages/airflow/example_dags/example_branch_operator.py
[2026-08-13T12:34:10.009+0000] {processor.py:840} INFO - DAG(s) 'example_branch_operator' retrieved from /home/airflow/.local/lib/python3.8/site-packages/airflow/example_dags/example_branch_operator.py
[2026-08-13T12:34:10.056+0000] {logging_mixin.py:188} INFO - [2026-08-13T12:34:10.056+0000] {dag.py:3036} INFO - Sync 1 DAGs
[2026-08-13T12:34:10.094+0000] {logging_mixin.py:188} INFO - [2026-08-13T12:34:10.094+0000] {dag.py:3823} INFO - Setting next_dagrun for example_branch_operator to 2026-08-12 00:00:00+00:00, run_after=2026-08-13 00:00:00+00:00
[2026-08-13T12:34:10.129+0000] {processor.py:183} INFO - Processing /home/airflow/.local/lib/python3.8/site-packages/airflow/example_dags/example_branch_operator.py took 0.160 seconds
[2026-08-13T12:34:40.232+0000] {processor.py:161} INFO - Started process (PID=224) to work on /home/airflow/.local/lib/python3.8/site-packages/airflow/example_dags/example_branch_operator.py
[2026-08-13T12:34:40.233+0000] {processor.py:830} INFO - Processing file /home/airflow/.local/lib/python3.8/site-packages/airflow/example_dags/example_branch_operator.py for tasks to queue
[2026-08-13T12:34:40.236+0000] {logging_mixin.py:188} INFO - [2026-08-13T12:34:40.236+0000] {dagbag.py:538} INFO - Filling up the DagBag from /home/airflow/.local/lib/python3.8/site-packages/airflow/example_dags/example_branch_operator.py
[2026-08-13T12:34:40.265+0000] {processor.py:840} INFO - DAG(s) 'example_branch_operator' retrieved from /home/airflow/.local/lib/python3.8/site-packages/airflow/example_dags/example_branch_operator.py
[2026-08-13T12:34:40.303+0000] {logging_mixin.py:188} INFO - [2026-08-13T12:34:40.302+0000] {dag.py:3036} INFO - Sync 1 DAGs
[2026-08-13T12:34:40.334+0000] {logging_mixin.py:188} INFO - [2026-08-13T12:34:40.334+0000] {dag.py:3823} INFO - Setting next_dagrun for example_branch_operator to 2026-08-12 00:00:00+00:00, run_after=2026-08-13 00:00:00+00:00
[2026-08-13T12:34:40.359+0000] {processor.py:183} INFO - Processing /home/airflow/.local/lib/python3.8/site-packages/airflow/example_dags/example_branch_operator.py took 0.133 seconds
[2026-08-13T12:35:10.699+0000] {processor.py:161} INFO - Started process (PID=279) to work on /home/airflow/.local/lib/python3.8/site-packages/airflow/example_dags/example_branch_operator.py
[2026-08-13T12:35:10.708+0000] {processor.py:830} INFO - Processing file /home/airflow/.local/lib/python3.8/site-packages/airflow/example_dags/example_branch_operator.py for tasks to queue
[2026-08-13T12:35:10.714+0000] {logging_mixin.py:188} INFO - [2026-08-13T12:35:10.713+0000] {dagbag.py:538} INFO - Filling up the DagBag from /home/airflow/.local/lib/python3.8/site-packages/airflow/example_dags/example_branch_operator.py
[2026-08-13T12:35:10.771+0000] {processor.py:840} INFO - DAG(s) 'example_branch_operator' retrieved from /home/airflow/.local/lib/python3.8/site-packages/airflow/example_dags/example_branch_operator.py
[2026-08-13T12:35:10.850+0000] {logging_mixin.py:188} INFO - [2026-08-13T12:35:10.849+0000] {dag.py:3036} INFO - Sync 1 DAGs
[2026-08-13T12:35:10.914+0000] {logging_mixin.py:188} INFO - [2026-08-13T12:35:10.913+0000] {dag.py:3823} INFO - Setting next_dagrun for example_branch_operator to 2026-08-12 00:00:00+00:00, run_after=2026-08-13 00:00:00+00:00
[2026-08-13T12:35:10.945+0000] {processor.py:183} INFO - Processing /home/airflow/.local/lib/python3.8/site-packages/airflow/example_dags/example_branch_operator.py took 0.255 seconds
[2026-08-13T12:35:41.004+0000] {processor.py:161} INFO - Started process (PID=334) to work on /home/airflow/.local/lib/python3.8/site-packages/airflow/example_dags/example_branch_operator.py
[2026-08-13T12:35:41.007+0000] {processor.py:830} INFO - Processing file /home/airflow/.local/lib/python3.8/site-packages/airflow/example_dags/example_branch_operator.py for tasks to queue
[2026-08-13T12:35:41.011+0000] {logging_mixin.py:188} INFO - [2026-08-13T12:35:41.010+0000] {dagbag.py:538} INFO - Filling up the DagBag from /home/airflow/.local/lib/python3.8/site-packages/airflow/example_dags/example_branch_operator.py
[2026-08-13T12:35:41.039+0000] {processor.py:840} INFO - DAG(s) 'example_branch_operator' retrieved from /home/airflow/.local/lib/python3.8/site-packages/airflow/example_dags/example_branch_operator.py
[2026-08-13T12:35:41.072+0000] {logging_mixin.py:188} INFO - [2026-08-13T12:35:41.072+0000] {dag.py:3036} INFO - Sync 1 DAGs
[2026-08-13T12:35:41.111+0000] {logging_mixin.py:188} INFO - [2026-08-13T12:35:41.110+0000] {dag.py:3823} INFO - Setting next_dagrun for example_branch_operator to 2026-08-12 00:00:00+00:00, run_after=2026-08-13 00:00:00+00:00
[2026-08-13T12:35:41.145+0000] {processor.py:183} INFO - Processing /home/airflow/.local/lib/python3.8/site-packages/airflow/example_dags/example_branch_operator.py took 0.148 seconds
[2026-08-13T12:36:11.378+0000] {processor.py:161} INFO - Started process (PID=389) to work on /home/airflow/.local/lib/python3.8/site-packages/airflow/example_dags/example_branch_operator.py
[2026-08-13T12:36:11.380+0000] {processor.py:830} INFO - Processing file /home/airflow/.local/lib/python3.8/site-packages/airflow/example_dags/example_branch_operator.py for tasks to queue
[2026-08-13T12:36:11.383+0000] {logging_mixin.py:188} INFO - [2026-08-13T12:36:11.383+0000] {dagbag.py:538} INFO - Filling up the DagBag from /home/airflow/.local/lib/python3.8/site-packages/airflow/example_dags/example_branch_operator.py
[2026-08-13T12:36:11.416+0000] {processor.py:840} INFO - DAG(s) 'example_branch_operator' retrieved from /home/airflow/.local/lib/python3.8/site-packages/airflow/example_dags/example_branch_operator.py
[2026-08-13T12:36:11.454+0000] {logging_mixin.py:188} INFO - [2026-08-13T12:36:11.454+0000] {dag.py:3036} INFO - Sync 1 DAGs
[2026-08-13T12:36:11.482+0000] {logging_mixin.py:188} INFO - [2026-08-13T12:36:11.482+0000] {dag.py:3823} INFO - Setting next_dagrun for example_branch_operator to 2026-08-12 00:00:00+00:00, run_after=2026-08-13 00:00:00+00:00
[2026-08-13T12:36:11.509+0000] {processor.py:183} INFO - Processing /home/airflow/.local/lib/python3.8/site-packages/airflow/example_dags/example_branch_operator.py took 0.137 seconds
[2026-08-13T12:41:55.619+0000] {processor.py:161} INFO - Started process (PID=136) to work on /home/airflow/.local/lib/python3.8/site-packages/airflow/example_dags/example_branch_operator.py
[2026-08-13T12:41:55.642+0000] {processor.py:830} INFO - Processing file /home/airflow/.local/lib/python3.8/site-packages/airflow/example_dags/example_branch_operator.py for tasks to queue
[2026-08-13T12:41:55.649+0000] {logging_mixin.py:188} INFO - [2026-08-13T12:41:55.648+0000] {dagbag.py:538} INFO - Filling up the DagBag from /home/airflow/.local/lib/python3.8/site-packages/airflow/example_dags/example_branch_operator.py
[2026-08-13T12:41:55.795+0000] {processor.py:840} INFO - DAG(s) 'example_branch_operator' retrieved from /home/airflow/.local/lib/python3.8/site-packages/airflow/example_dags/example_branch_operator.py
[2026-08-13T12:41:56.337+0000] {logging_mixin.py:188} INFO - [2026-08-13T12:41:56.336+0000] {dag.py:3036} INFO - Sync 1 DAGs
[2026-08-13T12:41:56.424+0000] {logging_mixin.py:188} INFO - [2026-08-13T12:41:56.423+0000] {dag.py:3823} INFO - Setting next_dagrun for example_branch_operator to 2026-08-12 00:00:00+00:00, run_after=2026-08-13 00:00:00+00:00
[2026-08-13T12:41:56.475+0000] {processor.py:183} INFO - Processing /home/airflow/.local/lib/python3.8/site-packages/airflow/example_dags/example_branch_operator.py took 0.877 seconds
[2026-08-13T12:42:28.469+0000] {processor.py:161} INFO - Started process (PID=192) to work on /home/airflow/.local/lib/python3.8/site-packages/airflow/example_dags/example_branch_operator.py
[2026-08-13T12:42:28.478+0000] {processor.py:830} INFO - Processing file /home/airflow/.local/lib/python3.8/site-packages/airflow/example_dags/example_branch_operator.py for tasks to queue
[2026-08-13T12:42:28.491+0000] {logging_mixin.py:188} INFO - [2026-08-13T12:42:28.490+0000] {dagbag.py:538} INFO - Filling up the DagBag from /home/airflow/.local/lib/python3.8/site-packages/airflow/example_dags/example_branch_operator.py
[2026-08-13T12:42:28.731+0000] {processor.py:840} INFO - DAG(s) 'example_branch_operator' retrieved from /home/airflow/.local/lib/python3.8/site-packages/airflow/example_dags/example_branch_operator.py
[2026-08-13T12:42:28.884+0000] {logging_mixin.py:188} INFO - [2026-08-13T12:42:28.883+0000] {dag.py:3036} INFO - Sync 1 DAGs
[2026-08-13T12:42:29.019+0000] {logging_mixin.py:188} INFO - [2026-08-13T12:42:29.018+0000] {dag.py:3823} INFO - Setting next_dagrun for example_branch_operator to 2026-08-12 00:00:00+00:00, run_after=2026-08-13 00:00:00+00:00
[2026-08-13T12:42:29.217+0000] {processor.py:183} INFO - Processing /home/airflow/.local/lib/python3.8/site-packages/airflow/example_dags/example_branch_operator.py took 0.768 seconds
[2026-08-13T12:45:48.609+0000] {processor.py:161} INFO - Started process (PID=118) to work on /home/airflow/.local/lib/python3.8/site-packages/airflow/example_dags/example_branch_operator.py
[2026-08-13T12:45:48.613+0000] {processor.py:830} INFO - Processing file /home/airflow/.local/lib/python3.8/site-packages/airflow/example_dags/example_branch_operator.py for tasks to queue
[2026-08-13T12:45:48.619+0000] {logging_mixin.py:188} INFO - [2026-08-13T12:45:48.618+0000] {dagbag.py:538} INFO - Filling up the DagBag from /home/airflow/.local/lib/python3.8/site-packages/airflow/example_dags/example_branch_operator.py
[2026-08-13T12:45:48.670+0000] {processor.py:840} INFO - DAG(s) 'example_branch_operator' retrieved from /home/airflow/.local/lib/python3.8/site-packages/airflow/example_dags/example_branch_operator.py
[2026-08-13T12:45:48.990+0000] {logging_mixin.py:188} INFO - [2026-08-13T12:45:48.989+0000] {dag.py:3036} INFO - Sync 1 DAGs
[2026-08-13T12:45:49.058+0000] {logging_mixin.py:188} INFO - [2026-08-13T12:45:49.058+0000] {dag.py:3823} INFO - Setting next_dagrun for example_branch_operator to 2026-08-12 00:00:00+00:00, run_after=2026-08-13 00:00:00+00:00
[2026-08-13T12:45:49.114+0000] {processor.py:183} INFO - Processing /home/airflow/.local/lib/python3.8/site-packages/airflow/example_dags/example_branch_operator.py took 0.511 seconds
[2026-08-13T12:46:19.318+0000] {processor.py:161} INFO - Started process (PID=173) to work on /home/airflow/.local/lib/python3.8/site-packages/airflow/example_dags/example_branch_operator.py
[2026-08-13T12:46:19.322+0000] {processor.py:830} INFO - Processing file /home/airflow/.local/lib/python3.8/site-packages/airflow/example_dags/example_branch_operator.py for tasks to queue
[2026-08-13T12:46:19.327+0000] {logging_mixin.py:188} INFO - [2026-08-13T12:46:19.326+0000] {dagbag.py:538} INFO - Filling up the DagBag from /home/airflow/.local/lib/python3.8/site-packages/airflow/example_dags/example_branch_operator.py
[2026-08-13T12:46:19.388+0000] {processor.py:840} INFO - DAG(s) 'example_branch_operator' retrieved from /home/airflow/.local/lib/python3.8/site-packages/airflow/example_dags/example_branch_operator.py
[2026-08-13T12:46:19.464+0000] {logging_mixin.py:188} INFO - [2026-08-13T12:46:19.464+0000] {dag.py:3036} INFO - Sync 1 DAGs
[2026-08-13T12:46:19.520+0000] {logging_mixin.py:188} INFO - [2026-08-13T12:46:19.519+0000] {dag.py:3823} INFO - Setting next_dagrun for example_branch_operator to 2026-08-12 00:00:00+00:00, run_after=2026-08-13 00:00:00+00:00
[2026-08-13T12:46:19.569+0000] {processor.py:183} INFO - Processing /home/airflow/.local/lib/python3.8/site-packages/airflow/example_dags/example_branch_operator.py took 0.261 seconds
[2026-08-13T12:46:50.369+0000] {processor.py:161} INFO - Started process (PID=228) to work on /home/airflow/.local/lib/python3.8/site-packages/airflow/example_dags/example_branch_operator.py
[2026-08-13T12:46:50.372+0000] {processor.py:830} INFO - Processing file /home/airflow/.local/lib/python3.8/site-packages/airflow/example_dags/example_branch_operator.py for tasks to queue
[2026-08-13T12:46:50.378+0000] {logging_mixin.py:188} INFO - [2026-08-13T12:46:50.377+0000] {dagbag.py:538} INFO - Filling up the DagBag from /home/airflow/.local/lib/python3.8/site-packages/airflow/example_dags/example_branch_operator.py
[2026-08-13T12:46:50.436+0000] {processor.py:840} INFO - DAG(s) 'example_branch_operator' retrieved from /home/airflow/.local/lib/python3.8/site-packages/airflow/example_dags/example_branch_operator.py
[2026-08-13T12:46:50.561+0000] {logging_mixin.py:188} INFO - [2026-08-13T12:46:50.559+0000] {dag.py:3036} INFO - Sync 1 DAGs
[2026-08-13T12:46:50.626+0000] {logging_mixin.py:188} INFO - [2026-08-13T12:46:50.625+0000] {dag.py:3823} INFO - Setting next_dagrun for example_branch_operator to 2026-08-12 00:00:00+00:00, run_after=2026-08-13 00:00:00+00:00
[2026-08-13T12:46:50.679+0000] {processor.py:183} INFO - Processing /home/airflow/.local/lib/python3.8/site-packages/airflow/example_dags/example_branch_operator.py took 0.321 seconds
[2026-08-13T12:47:24.287+0000] {processor.py:161} INFO - Started process (PID=283) to work on /home/airflow/.local/lib/python3.8/site-packages/airflow/example_dags/example_branch_operator.py
[2026-08-13T12:47:24.291+0000] {processor.py:830} INFO - Processing file /home/airflow/.local/lib/python3.8/site-packages/airflow/example_dags/example_branch_operator.py for tasks to queue
[2026-08-13T12:47:24.297+0000] {logging_mixin.py:188} INFO - [2026-08-13T12:47:24.296+0000] {dagbag.py:538} INFO - Filling up the DagBag from /home/airflow/.local/lib/python3.8/site-packages/airflow/example_dags/example_branch_operator.py
[2026-08-13T12:47:24.354+0000] {processor.py:840} INFO - DAG(s) 'example_branch_operator' retrieved from /home/airflow/.local/lib/python3.8/site-packages/airflow/example_dags/example_branch_operator.py
[2026-08-13T12:47:24.426+0000] {logging_mixin.py:188} INFO - [2026-08-13T12:47:24.426+0000] {dag.py:3036} INFO - Sync 1 DAGs
[2026-08-13T12:47:24.475+0000] {logging_mixin.py:188} INFO - [2026-08-13T12:47:24.475+0000] {dag.py:3823} INFO - Setting next_dagrun for example_branch_operator to 2026-08-12 00:00:00+00:00, run_after=2026-08-13 00:00:00+00:00
[2026-08-13T12:47:24.521+0000] {processor.py:183} INFO - Processing /home/airflow/.local/lib/python3.8/site-packages/airflow/example_dags/example_branch_operator.py took 0.241 seconds
[2026-08-13T12:47:55.916+0000] {processor.py:161} INFO - Started process (PID=337) to work on /home/airflow/.local/lib/python3.8/site-packages/airflow/example_dags/example_branch_operator.py
[2026-08-13T12:47:55.920+0000] {processor.py:830} INFO - Processing file /home/airflow/.local/lib/python3.8/site-packages/airflow/example_dags/example_branch_operator.py for tasks to queue
[2026-08-13T12:47:55.928+0000] {logging_mixin.py:188} INFO - [2026-08-13T12:47:55.927+0000] {dagbag.py:538} INFO - Filling up the DagBag from /home/airflow/.local/lib/python3.8/site-packages/airflow/example_dags/example_branch_operator.py
[2026-08-13T12:47:55.992+0000] {processor.py:840} INFO - DAG(s) 'example_branch_operator' retrieved from /home/airflow/.local/lib/python3.8/site-packages/airflow/example_dags/example_branch_operator.py
[2026-08-13T12:47:56.075+0000] {logging_mixin.py:188} INFO - [2026-08-13T12:47:56.074+0000] {dag.py:3036} INFO - Sync 1 DAGs
[2026-08-13T12:47:56.179+0000] {logging_mixin.py:188} INFO - [2026-08-13T12:47:56.177+0000] {dag.py:3823} INFO - Setting next_dagrun for example_branch_operator to 2026-08-12 00:00:00+00:00, run_after=2026-08-13 00:00:00+00:00
[2026-08-13T12:47:56.270+0000] {processor.py:183} INFO - Processing /home/airflow/.local/lib/python3.8/site-packages/airflow/example_dags/example_branch_operator.py took 0.367 seconds
[2026-08-13T12:48:26.402+0000] {processor.py:161} INFO - Started process (PID=391) to work on /home/airflow/.local/lib/python3.8/site-packages/airflow/example_dags/example_branch_operator.py
[2026-08-13T12:48:26.410+0000] {processor.py:830} INFO - Processing file /home/airflow/.local/lib/python3.8/site-packages/airflow/example_dags/example_branch_operator.py for tasks to queue
[2026-08-13T12:48:26.414+0000] {logging_mixin.py:188} INFO - [2026-08-13T12:48:26.413+0000] {dagbag.py:538} INFO - Filling up the DagBag from /home/airflow/.local/lib/python3.8/site-packages/airflow/example_dags/example_branch_operator.py
[2026-08-13T12:48:26.445+0000] {processor.py:840} INFO - DAG(s) 'example_branch_operator' retrieved from /home/airflow/.local/lib/python3.8/site-packages/airflow/example_dags/example_branch_operator.py
[2026-08-13T12:48:26.508+0000] {logging_mixin.py:188} INFO - [2026-08-13T12:48:26.507+0000] {dag.py:3036} INFO - Sync 1 DAGs
[2026-08-13T12:48:26.556+0000] {logging_mixin.py:188} INFO - [2026-08-13T12:48:26.555+0000] {dag.py:3823} INFO - Setting next_dagrun for example_branch_operator to 2026-08-12 00:00:00+00:00, run_after=2026-08-13 00:00:00+00:00
[2026-08-13T12:48:26.600+0000] {processor.py:183} INFO - Processing /home/airflow/.local/lib/python3.8/site-packages/airflow/example_dags/example_branch_operator.py took 0.208 seconds
[2026-08-13T12:48:57.079+0000] {processor.py:161} INFO - Started process (PID=447) to work on /home/airflow/.local/lib/python3.8/site-packages/airflow/example_dags/example_branch_operator.py
[2026-08-13T12:48:57.081+0000] {processor.py:830} INFO - Processing file /home/airflow/.local/lib/python3.8/site-packages/airflow/example_dags/example_branch_operator.py for tasks to queue
[2026-08-13T12:48:57.084+0000] {logging_mixin.py:188} INFO - [2026-08-13T12:48:57.083+0000] {dagbag.py:538} INFO - Filling up the DagBag from /home/airflow/.local/lib/python3.8/site-packages/airflow/example_dags/example_branch_operator.py
[2026-08-13T12:48:57.115+0000] {processor.py:840} INFO - DAG(s) 'example_branch_operator' retrieved from /home/airflow/.local/lib/python3.8/site-packages/airflow/example_dags/example_branch_operator.py
[2026-08-13T12:48:57.162+0000] {logging_mixin.py:188} INFO - [2026-08-13T12:48:57.162+0000] {dag.py:3036} INFO - Sync 1 DAGs
[2026-08-13T12:48:57.198+0000] {logging_mixin.py:188} INFO - [2026-08-13T12:48:57.197+0000] {dag.py:3823} INFO - Setting next_dagrun for example_branch_operator to 2026-08-12 00:00:00+00:00, run_after=2026-08-13 00:00:00+00:00
[2026-08-13T12:48:57.227+0000] {processor.py:183} INFO - Processing /home/airflow/.local/lib/python3.8/site-packages/airflow/example_dags/example_branch_operator.py took 0.156 seconds
[2026-08-13T12:49:27.838+0000] {processor.py:161} INFO - Started process (PID=502) to work on /home/airflow/.local/lib/python3.8/site-packages/airflow/example_dags/example_branch_operator.py
[2026-08-13T12:49:27.841+0000] {processor.py:830} INFO - Processing file /home/airflow/.local/lib/python3.8/site-packages/airflow/example_dags/example_branch_operator.py for tasks to queue
[2026-08-13T12:49:27.846+0000] {logging_mixin.py:188} INFO - [2026-08-13T12:49:27.846+0000] {dagbag.py:538} INFO - Filling up the DagBag from /home/airflow/.local/lib/python3.8/site-packages/airflow/example_dags/example_branch_operator.py
[2026-08-13T12:49:27.891+0000] {processor.py:840} INFO - DAG(s) 'example_branch_operator' retrieved from /home/airflow/.local/lib/python3.8/site-packages/airflow/example_dags/example_branch_operator.py
[2026-08-13T12:49:27.967+0000] {logging_mixin.py:188} INFO - [2026-08-13T12:49:27.966+0000] {dag.py:3036} INFO - Sync 1 DAGs
[2026-08-13T12:49:28.018+0000] {logging_mixin.py:188} INFO - [2026-08-13T12:49:28.017+0000] {dag.py:3823} INFO - Setting next_dagrun for example_branch_operator to 2026-08-12 00:00:00+00:00, run_after=2026-08-13 00:00:00+00:00
[2026-08-13T12:49:28.059+0000] {processor.py:183} INFO - Processing /home/airflow/.local/lib/python3.8/site-packages/airflow/example_dags/example_branch_operator.py took 0.231 seconds
[2026-08-13T12:49:59.987+0000] {processor.py:161} INFO - Started process (PID=557) to work on /home/airflow/.local/lib/python3.8/site-packages/airflow/example_dags/example_branch_operator.py
[2026-08-13T12:49:59.990+0000] {processor.py:830} INFO - Processing file /home/airflow/.local/lib/python3.8/site-packages/airflow/example_dags/example_branch_operator.py for tasks to queue
[2026-08-13T12:49:59.996+0000] {logging_mixin.py:188} INFO - [2026-08-13T12:49:59.995+0000] {dagbag.py:538} INFO - Filling up the DagBag from /home/airflow/.local/lib/python3.8/site-packages/airflow/example_dags/example_branch_operator.py
[2026-08-13T12:50:00.082+0000] {processor.py:840} INFO - DAG(s) 'example_branch_operator' retrieved from /home/airflow/.local/lib/python3.8/site-packages/airflow/example_dags/example_branch_operator.py
[2026-08-13T12:50:00.180+0000] {logging_mixin.py:188} INFO - [2026-08-13T12:50:00.179+0000] {dag.py:3036} INFO - Sync 1 DAGs
[2026-08-13T12:50:00.268+0000] {logging_mixin.py:188} INFO - [2026-08-13T12:50:00.267+0000] {dag.py:3823} INFO - Setting next_dagrun for example_branch_operator to 2026-08-12 00:00:00+00:00, run_after=2026-08-13 00:00:00+00:00
[2026-08-13T12:50:00.327+0000] {processor.py:183} INFO - Processing /home/airflow/.local/lib/python3.8/site-packages/airflow/example_dags/example_branch_operator.py took 0.348 seconds
[2026-08-13T12:50:33.678+0000] {processor.py:161} INFO - Started process (PID=612) to work on /home/airflow/.local/lib/python3.8/site-packages/airflow/example_dags/example_branch_operator.py
[2026-08-13T12:50:33.682+0000] {processor.py:830} INFO - Processing file /home/airflow/.local/lib/python3.8/site-packages/airflow/example_dags/example_branch_operator.py for tasks to queue
[2026-08-13T12:50:33.686+0000] {logging_mixin.py:188} INFO - [2026-08-13T12:50:33.685+0000] {dagbag.py:538} INFO - Filling up the DagBag from /home/airflow/.local/lib/python3.8/site-packages/airflow/example_dags/example_branch_operator.py
[2026-08-13T12:50:33.740+0000] {processor.py:840} INFO - DAG(s) 'example_branch_operator' retrieved from /home/airflow/.local/lib/python3.8/site-packages/airflow/example_dags/example_branch_operator.py
[2026-08-13T12:50:33.800+0000] {logging_mixin.py:188} INFO - [2026-08-13T12:50:33.800+0000] {dag.py:3036} INFO - Sync 1 DAGs
[2026-08-13T12:50:33.848+0000] {logging_mixin.py:188} INFO - [2026-08-13T12:50:33.848+0000] {dag.py:3823} INFO - Setting next_dagrun for example_branch_operator to 2026-08-12 00:00:00+00:00, run_after=2026-08-13 00:00:00+00:00
[2026-08-13T12:50:33.907+0000] {processor.py:183} INFO - Processing /home/airflow/.local/lib/python3.8/site-packages/airflow/example_dags/example_branch_operator.py took 0.241 seconds
[2026-08-13T12:51:04.822+0000] {processor.py:161} INFO - Started process (PID=674) to work on /home/airflow/.local/lib/python3.8/site-packages/airflow/example_dags/example_branch_operator.py
[2026-08-13T12:51:04.823+0000] {processor.py:830} INFO - Processing file /home/airflow/.local/lib/python3.8/site-packages/airflow/example_dags/example_branch_operator.py for tasks to queue
[2026-08-13T12:51:04.828+0000] {logging_mixin.py:188} INFO - [2026-08-13T12:51:04.826+0000] {dagbag.py:538} INFO - Filling up the DagBag from /home/airflow/.local/lib/python3.8/site-packages/airflow/example_dags/example_branch_operator.py
[2026-08-13T12:51:04.862+0000] {processor.py:840} INFO - DAG(s) 'example_branch_operator' retrieved from /home/airflow/.local/lib/python3.8/site-packages/airflow/example_dags/example_branch_operator.py
[2026-08-13T12:51:04.918+0000] {logging_mixin.py:188} INFO - [2026-08-13T12:51:04.918+0000] {dag.py:3036} INFO - Sync 1 DAGs
[2026-08-13T12:51:04.955+0000] {logging_mixin.py:188} INFO - [2026-08-13T12:51:04.955+0000] {dag.py:3823} INFO - Setting next_dagrun for example_branch_operator to 2026-08-12 00:00:00+00:00, run_after=2026-08-13 00:00:00+00:00
[2026-08-13T12:51:04.980+0000] {processor.py:183} INFO - Processing /home/airflow/.local/lib/python3.8/site-packages/airflow/example_dags/example_branch_operator.py took 0.164 seconds
[2026-08-13T12:51:35.911+0000] {processor.py:161} INFO - Started process (PID=730) to work on /home/airflow/.local/lib/python3.8/site-packages/airflow/example_dags/example_branch_operator.py
[2026-08-13T12:51:35.914+0000] {processor.py:830} INFO - Processing file /home/airflow/.local/lib/python3.8/site-packages/airflow/example_dags/example_branch_operator.py for tasks to queue
[2026-08-13T12:51:35.919+0000] {logging_mixin.py:188} INFO - [2026-08-13T12:51:35.918+0000] {dagbag.py:538} INFO - Filling up the DagBag from /home/airflow/.local/lib/python3.8/site-packages/airflow/example_dags/example_branch_operator.py
[2026-08-13T12:51:35.971+0000] {processor.py:840} INFO - DAG(s) 'example_branch_operator' retrieved from /home/airflow/.local/lib/python3.8/site-packages/airflow/example_dags/example_branch_operator.py
[2026-08-13T12:51:36.040+0000] {logging_mixin.py:188} INFO - [2026-08-13T12:51:36.040+0000] {dag.py:3036} INFO - Sync 1 DAGs
[2026-08-13T12:51:36.101+0000] {logging_mixin.py:188} INFO - [2026-08-13T12:51:36.101+0000] {dag.py:3823} INFO - Setting next_dagrun for example_branch_operator to 2026-08-12 00:00:00+00:00, run_after=2026-08-13 00:00:00+00:00
[2026-08-13T12:51:36.152+0000] {processor.py:183} INFO - Processing /home/airflow/.local/lib/python3.8/site-packages/airflow/example_dags/example_branch_operator.py took 0.248 seconds
[2026-08-13T12:52:07.822+0000] {processor.py:161} INFO - Started process (PID=789) to work on /home/airflow/.local/lib/python3.8/site-packages/airflow/example_dags/example_branch_operator.py
[2026-08-13T12:52:07.826+0000] {processor.py:830} INFO - Processing file /home/airflow/.local/lib/python3.8/site-packages/airflow/example_dags/example_branch_operator.py for tasks to queue
[2026-08-13T12:52:07.832+0000] {logging_mixin.py:188} INFO - [2026-08-13T12:52:07.831+0000] {dagbag.py:538} INFO - Filling up the DagBag from /home/airflow/.local/lib/python3.8/site-packages/airflow/example_dags/example_branch_operator.py
[2026-08-13T12:52:07.871+0000] {processor.py:840} INFO - DAG(s) 'example_branch_operator' retrieved from /home/airflow/.local/lib/python3.8/site-packages/airflow/example_dags/example_branch_operator.py
[2026-08-13T12:52:07.919+0000] {logging_mixin.py:188} INFO - [2026-08-13T12:52:07.919+0000] {dag.py:3036} INFO - Sync 1 DAGs
[2026-08-13T12:52:07.956+0000] {logging_mixin.py:188} INFO - [2026-08-13T12:52:07.955+0000] {dag.py:3823} INFO - Setting next_dagrun for example_branch_operator to 2026-08-12 00:00:00+00:00, run_after=2026-08-13 00:00:00+00:00
[2026-08-13T12:52:07.986+0000] {processor.py:183} INFO - Processing /home/airflow/.local/lib/python3.8/site-packages/airflow/example_dags/example_branch_operator.py took 0.171 seconds
[2026-08-13T12:52:38.115+0000] {processor.py:161} INFO - Started process (PID=844) to work on /home/airflow/.local/lib/python3.8/site-packages/airflow/example_dags/example_branch_operator.py
[2026-08-13T12:52:38.119+0000] {processor.py:830} INFO - Processing file /home/airflow/.local/lib/python3.8/site-packages/airflow/example_dags/example_branch_operator.py for tasks to queue
[2026-08-13T12:52:38.124+0000] {logging_mixin.py:188} INFO - [2026-08-13T12:52:38.124+0000] {dagbag.py:538} INFO - Filling up the DagBag from /home/airflow/.local/lib/python3.8/site-packages/airflow/example_dags/example_branch_operator.py
[2026-08-13T12:52:38.165+0000] {processor.py:840} INFO - DAG(s) 'example_branch_operator' retrieved from /home/airflow/.local/lib/python3.8/site-packages/airflow/example_dags/example_branch_operator.py
[2026-08-13T12:52:38.254+0000] {logging_mixin.py:188} INFO - [2026-08-13T12:52:38.254+0000] {dag.py:3036} INFO - Sync 1 DAGs
[2026-08-13T12:52:38.307+0000] {logging_mixin.py:188} INFO - [2026-08-13T12:52:38.307+0000] {dag.py:3823} INFO - Setting next_dagrun for example_branch_operator to 2026-08-12 00:00:00+00:00, run_after=2026-08-13 00:00:00+00:00
[2026-08-13T12:52:38.355+0000] {processor.py:183} INFO - Processing /home/airflow/.local/lib/python3.8/site-packages/airflow/example_dags/example_branch_operator.py took 0.248 seconds
[2026-08-13T12:53:08.465+0000] {processor.py:161} INFO - Started process (PID=899) to work on /home/airflow/.local/lib/python3.8/site-packages/airflow/example_dags/example_branch_operator.py
[2026-08-13T12:53:08.467+0000] {processor.py:830} INFO - Processing file /home/airflow/.local/lib/python3.8/site-packages/airflow/example_dags/example_branch_operator.py for tasks to queue
[2026-08-13T12:53:08.470+0000] {logging_mixin.py:188} INFO - [2026-08-13T12:53:08.469+0000] {dagbag.py:538} INFO - Filling up the DagBag from /home/airflow/.local/lib/python3.8/site-packages/airflow/example_dags/example_branch_operator.py
[2026-08-13T12:53:08.506+0000] {processor.py:840} INFO - DAG(s) 'example_branch_operator' retrieved from /home/airflow/.local/lib/python3.8/site-packages/airflow/example_dags/example_branch_operator.py
[2026-08-13T12:53:08.553+0000] {logging_mixin.py:188} INFO - [2026-08-13T12:53:08.552+0000] {dag.py:3036} INFO - Sync 1 DAGs
[2026-08-13T12:53:08.585+0000] {logging_mixin.py:188} INFO - [2026-08-13T12:53:08.585+0000] {dag.py:3823} INFO - Setting next_dagrun for example_branch_operator to 2026-08-12 00:00:00+00:00, run_after=2026-08-13 00:00:00+00:00
[2026-08-13T12:53:08.613+0000] {processor.py:183} INFO - Processing /home/airflow/.local/lib/python3.8/site-packages/airflow/example_dags/example_branch_operator.py took 0.154 seconds
[2026-08-13T12:53:42.969+0000] {processor.py:161} INFO - Started process (PID=954) to work on /home/airflow/.local/lib/python3.8/site-packages/airflow/example_dags/example_branch_operator.py
[2026-08-13T12:53:42.972+0000] {processor.py:830} INFO - Processing file /home/airflow/.local/lib/python3.8/site-packages/airflow/example_dags/example_branch_operator.py for tasks to queue
[2026-08-13T12:53:42.977+0000] {logging_mixin.py:188} INFO - [2026-08-13T12:53:42.976+0000] {dagbag.py:538} INFO - Filling up the DagBag from /home/airflow/.local/lib/python3.8/site-packages/airflow/example_dags/example_branch_operator.py
[2026-08-13T12:53:43.014+0000] {processor.py:840} INFO - DAG(s) 'example_branch_operator' retrieved from /home/airflow/.local/lib/python3.8/site-packages/airflow/example_dags/example_branch_operator.py
[2026-08-13T12:53:43.072+0000] {logging_mixin.py:188} INFO - [2026-08-13T12:53:43.071+0000] {dag.py:3036} INFO - Sync 1 DAGs
[2026-08-13T12:53:43.118+0000] {logging_mixin.py:188} INFO - [2026-08-13T12:53:43.118+0000] {dag.py:3823} INFO - Setting next_dagrun for example_branch_operator to 2026-08-12 00:00:00+00:00, run_after=2026-08-13 00:00:00+00:00
[2026-08-13T12:53:43.161+0000] {processor.py:183} INFO - Processing /home/airflow/.local/lib/python3.8/site-packages/airflow/example_dags/example_branch_operator.py took 0.201 seconds
[2026-08-13T12:54:13.481+0000] {processor.py:161} INFO - Started process (PID=1010) to work on /home/airflow/.local/lib/python3.8/site-packages/airflow/example_dags/example_branch_operator.py
[2026-08-13T12:54:13.483+0000] {processor.py:830} INFO - Processing file /home/airflow/.local/lib/python3.8/site-packages/airflow/example_dags/example_branch_operator.py for tasks to queue
[2026-08-13T12:54:13.488+0000] {logging_mixin.py:188} INFO - [2026-08-13T12:54:13.487+0000] {dagbag.py:538} INFO - Filling up the DagBag from /home/airflow/.local/lib/python3.8/site-packages/airflow/example_dags/example_branch_operator.py
[2026-08-13T12:54:13.522+0000] {processor.py:840} INFO - DAG(s) 'example_branch_operator' retrieved from /home/airflow/.local/lib/python3.8/site-packages/airflow/example_dags/example_branch_operator.py
[2026-08-13T12:54:13.569+0000] {logging_mixin.py:188} INFO - [2026-08-13T12:54:13.568+0000] {dag.py:3036} INFO - Sync 1 DAGs
[2026-08-13T12:54:13.612+0000] {logging_mixin.py:188} INFO - [2026-08-13T12:54:13.611+0000] {dag.py:3823} INFO - Setting next_dagrun for example_branch_operator to 2026-08-12 00:00:00+00:00, run_after=2026-08-13 00:00:00+00:00
[2026-08-13T12:54:13.657+0000] {processor.py:183} INFO - Processing /home/airflow/.local/lib/python3.8/site-packages/airflow/example_dags/example_branch_operator.py took 0.181 seconds
[2026-08-13T12:54:44.430+0000] {processor.py:161} INFO - Started process (PID=1065) to work on /home/airflow/.local/lib/python3.8/site-packages/airflow/example_dags/example_branch_operator.py
[2026-08-13T12:54:44.432+0000] {processor.py:830} INFO - Processing file /home/airflow/.local/lib/python3.8/site-packages/airflow/example_dags/example_branch_operator.py for tasks to queue
[2026-08-13T12:54:44.435+0000] {logging_mixin.py:188} INFO - [2026-08-13T12:54:44.435+0000] {dagbag.py:538} INFO - Filling up the DagBag from /home/airflow/.local/lib/python3.8/site-packages/airflow/example_dags/example_branch_operator.py
[2026-08-13T12:54:44.458+0000] {processor.py:840} INFO - DAG(s) 'example_branch_operator' retrieved from /home/airflow/.local/lib/python3.8/site-packages/airflow/example_dags/example_branch_operator.py
[2026-08-13T12:54:44.508+0000] {logging_mixin.py:188} INFO - [2026-08-13T12:54:44.508+0000] {dag.py:3036} INFO - Sync 1 DAGs
[2026-08-13T12:54:44.556+0000] {logging_mixin.py:188} INFO - [2026-08-13T12:54:44.556+0000] {dag.py:3823} INFO - Setting next_dagrun for example_branch_operator to 2026-08-12 00:00:00+00:00, run_after=2026-08-13 00:00:00+00:00
[2026-08-13T12:54:44.602+0000] {processor.py:183} INFO - Processing /home/airflow/.local/lib/python3.8/site-packages/airflow/example_dags/example_branch_operator.py took 0.178 seconds
[2026-08-13T12:55:14.802+0000] {processor.py:161} INFO - Started process (PID=1118) to work on /home/airflow/.local/lib/python3.8/site-packages/airflow/example_dags/example_branch_operator.py
[2026-08-13T12:55:14.804+0000] {processor.py:830} INFO - Processing file /home/airflow/.local/lib/python3.8/site-packages/airflow/example_dags/example_branch_operator.py for tasks to queue
[2026-08-13T12:55:14.806+0000] {logging_mixin.py:188} INFO - [2026-08-13T12:55:14.806+0000] {dagbag.py:538} INFO - Filling up the DagBag from /home/airflow/.local/lib/python3.8/site-packages/airflow/example_dags/example_branch_operator.py
[2026-08-13T12:55:14.828+0000] {processor.py:840} INFO - DAG(s) 'example_branch_operator' retrieved from /home/airflow/.local/lib/python3.8/site-packages/airflow/example_dags/example_branch_operator.py
[2026-08-13T12:55:14.866+0000] {logging_mixin.py:188} INFO - [2026-08-13T12:55:14.865+0000] {dag.py:3036} INFO - Sync 1 DAGs
[2026-08-13T12:55:14.897+0000] {logging_mixin.py:188} INFO - [2026-08-13T12:55:14.897+0000] {dag.py:3823} INFO - Setting next_dagrun for example_branch_operator to 2026-08-12 00:00:00+00:00, run_after=2026-08-13 00:00:00+00:00
[2026-08-13T12:55:14.934+0000] {processor.py:183} INFO - Processing /home/airflow/.local/lib/python3.8/site-packages/airflow/example_dags/example_branch_operator.py took 0.137 seconds
[2026-08-13T12:55:46.102+0000] {processor.py:161} INFO - Started process (PID=1173) to work on /home/airflow/.local/lib/python3.8/site-packages/airflow/example_dags/example_branch_operator.py
[2026-08-13T12:55:46.104+0000] {processor.py:830} INFO - Processing file /home/airflow/.local/lib/python3.8/site-packages/airflow/example_dags/example_branch_operator.py for tasks to queue
[2026-08-13T12:55:46.108+0000] {logging_mixin.py:188} INFO - [2026-08-13T12:55:46.107+0000] {dagbag.py:538} INFO - Filling up the DagBag from /home/airflow/.local/lib/python3.8/site-packages/airflow/example_dags/example_branch_operator.py
[2026-08-13T12:55:46.140+0000] {processor.py:840} INFO - DAG(s) 'example_branch_operator' retrieved from /home/airflow/.local/lib/python3.8/site-packages/airflow/example_dags/example_branch_operator.py
[2026-08-13T12:55:46.186+0000] {logging_mixin.py:188} INFO - [2026-08-13T12:55:46.186+0000] {dag.py:3036} INFO - Sync 1 DAGs
[2026-08-13T12:55:46.216+0000] {logging_mixin.py:188} INFO - [2026-08-13T12:55:46.216+0000] {dag.py:3823} INFO - Setting next_dagrun for example_branch_operator to 2026-08-12 00:00:00+00:00, run_after=2026-08-13 00:00:00+00:00
[2026-08-13T12:55:46.245+0000] {processor.py:183} INFO - Processing /home/airflow/.local/lib/python3.8/site-packages/airflow/example_dags/example_branch_operator.py took 0.148 seconds
[2026-08-13T12:56:17.129+0000] {processor.py:161} INFO - Started process (PID=1228) to work on /home/airflow/.local/lib/python3.8/site-packages/airflow/example_dags/example_branch_operator.py
[2026-08-13T12:56:17.133+0000] {processor.py:830} INFO - Processing file /home/airflow/.local/lib/python3.8/site-packages/airflow/example_dags/example_branch_operator.py for tasks to queue
[2026-08-13T12:56:17.138+0000] {logging_mixin.py:188} INFO - [2026-08-13T12:56:17.137+0000] {dagbag.py:538} INFO - Filling up the DagBag from /home/airflow/.local/lib/python3.8/site-packages/airflow/example_dags/example_branch_operator.py
[2026-08-13T12:56:17.173+0000] {processor.py:840} INFO - DAG(s) 'example_branch_operator' retrieved from /home/airflow/.local/lib/python3.8/site-packages/airflow/example_dags/example_branch_operator.py
[2026-08-13T12:56:17.239+0000] {logging_mixin.py:188} INFO - [2026-08-13T12:56:17.239+0000] {dag.py:3036} INFO - Sync 1 DAGs
[2026-08-13T12:56:17.285+0000] {logging_mixin.py:188} INFO - [2026-08-13T12:56:17.285+0000] {dag.py:3823} INFO - Setting next_dagrun for example_branch_operator to 2026-08-12 00:00:00+00:00, run_after=2026-08-13 00:00:00+00:00
[2026-08-13T12:56:17.320+0000] {processor.py:183} INFO - Processing /home/airflow/.local/lib/python3.8/site-packages/airflow/example_dags/example_branch_operator.py took 0.201 seconds
[2026-08-13T12:56:47.637+0000] {processor.py:161} INFO - Started process (PID=1283) to work on /home/airflow/.local/lib/python3.8/site-packages/airflow/example_dags/example_branch_operator.py
[2026-08-13T12:56:47.639+0000] {processor.py:830} INFO - Processing file /home/airflow/.local/lib/python3.8/site-packages/airflow/example_dags/example_branch_operator.py for tasks to queue
[2026-08-13T12:56:47.643+0000] {logging_mixin.py:188} INFO - [2026-08-13T12:56:47.642+0000] {dagbag.py:538} INFO - Filling up the DagBag from /home/airflow/.local/lib/python3.8/site-packages/airflow/example_dags/example_branch_operator.py
[2026-08-13T12:56:47.673+0000] {processor.py:840} INFO - DAG(s) 'example_branch_operator' retrieved from /home/airflow/.local/lib/python3.8/site-packages/airflow/example_dags/example_branch_operator.py
[2026-08-13T12:56:47.720+0000] {logging_mixin.py:188} INFO - [2026-08-13T12:56:47.720+0000] {dag.py:3036} INFO - Sync 1 DAGs
[2026-08-13T12:56:47.758+0000] {logging_mixin.py:188} INFO - [2026-08-13T12:56:47.758+0000] {dag.py:3823} INFO - Setting next_dagrun for example_branch_operator to 2026-08-12 00:00:00+00:00, run_after=2026-08-13 00:00:00+00:00
[2026-08-13T12:56:47.783+0000] {processor.py:183} INFO - Processing /home/airflow/.local/lib/python3.8/site-packages/airflow/example_dags/example_branch_operator.py took 0.152 seconds
[2026-08-13T12:57:18.491+0000] {processor.py:161} INFO - Started process (PID=1338) to work on /home/airflow/.local/lib/python3.8/site-packages/airflow/example_dags/example_branch_operator.py
[2026-08-13T12:57:18.493+0000] {processor.py:830} INFO - Processing file /home/airflow/.local/lib/python3.8/site-packages/airflow/example_dags/example_branch_operator.py for tasks to queue
[2026-08-13T12:57:18.499+0000] {logging_mixin.py:188} INFO - [2026-08-13T12:57:18.497+0000] {dagbag.py:538} INFO - Filling up the DagBag from /home/airflow/.local/lib/python3.8/site-packages/airflow/example_dags/example_branch_operator.py
[2026-08-13T12:57:18.532+0000] {processor.py:840} INFO - DAG(s) 'example_branch_operator' retrieved from /home/airflow/.local/lib/python3.8/site-packages/airflow/example_dags/example_branch_operator.py
[2026-08-13T12:57:18.582+0000] {logging_mixin.py:188} INFO - [2026-08-13T12:57:18.581+0000] {dag.py:3036} INFO - Sync 1 DAGs
[2026-08-13T12:57:18.646+0000] {logging_mixin.py:188} INFO - [2026-08-13T12:57:18.645+0000] {dag.py:3823} INFO - Setting next_dagrun for example_branch_operator to 2026-08-12 00:00:00+00:00, run_after=2026-08-13 00:00:00+00:00
[2026-08-13T12:57:18.691+0000] {processor.py:183} INFO - Processing /home/airflow/.local/lib/python3.8/site-packages/airflow/example_dags/example_branch_operator.py took 0.207 seconds
