[2026-08-13T12:33:23.784+0000] {processor.py:161} INFO - Started process (PID=84) to work on /home/airflow/.local/lib/python3.8/site-packages/airflow/example_dags/example_python_decorator.py
[2026-08-13T12:33:23.800+0000] {processor.py:830} INFO - Processing file /home/airflow/.local/lib/python3.8/site-packages/airflow/example_dags/example_python_decorator.py for tasks to queue
[2026-08-13T12:33:23.915+0000] {logging_mixin.py:188} INFO - [2026-08-13T12:33:23.903+0000] {dagbag.py:538} INFO - Filling up the DagBag from /home/airflow/.local/lib/python3.8/site-packages/airflow/example_dags/example_python_decorator.py
[2026-08-13T12:33:24.175+0000] {processor.py:840} INFO - DAG(s) 'example_python_decorator' retrieved from /home/airflow/.local/lib/python3.8/site-packages/airflow/example_dags/example_python_decorator.py
[2026-08-13T12:33:24.650+0000] {logging_mixin.py:188} INFO - [2026-08-13T12:33:24.649+0000] {dag.py:3036} INFO - Sync 1 DAGs
[2026-08-13T12:33:24.721+0000] {logging_mixin.py:188} INFO - [2026-08-13T12:33:24.720+0000] {dag.py:3823} INFO - Setting next_dagrun for example_python_decorator to None, run_after=None
[2026-08-13T12:33:24.802+0000] {processor.py:183} INFO - Processing /home/airflow/.local/lib/python3.8/site-packages/airflow/example_dags/example_python_decorator.py took 1.153 seconds
[2026-08-13T12:33:55.702+0000] {processor.py:161} INFO - Started process (PID=139) to work on /home/airflow/.local/lib/python3.8/site-packages/airflow/example_dags/example_python_decorator.py
[2026-08-13T12:33:55.704+0000] {processor.py:830} INFO - Processing file /home/airflow/.local/lib/python3.8/site-packages/airflow/example_dags/example_python_decorator.py for tasks to queue
[2026-08-13T12:33:55.707+0000] {logging_mixin.py:188} INFO - [2026-08-13T12:33:55.707+0000] {dagbag.py:538} INFO - Filling up the DagBag from /home/airflow/.local/lib/python3.8/site-packages/airflow/example_dags/example_python_decorator.py
[2026-08-13T12:33:55.732+0000] {processor.py:840} INFO - DAG(s) 'example_python_decorator' retrieved from /home/airflow/.local/lib/python3.8/site-packages/airflow/example_dags/example_python_decorator.py
[2026-08-13T12:33:55.773+0000] {logging_mixin.py:188} INFO - [2026-08-13T12:33:55.772+0000] {dag.py:3036} INFO - Sync 1 DAGs
[2026-08-13T12:33:55.795+0000] {logging_mixin.py:188} INFO - [2026-08-13T12:33:55.794+0000] {dag.py:3823} INFO - Setting next_dagrun for example_python_decorator to None, run_after=None
[2026-08-13T12:33:55.830+0000] {processor.py:183} INFO - Processing /home/airflow/.local/lib/python3.8/site-packages/airflow/example_dags/example_python_decorator.py took 0.134 seconds
[2026-08-13T12:34:25.987+0000] {processor.py:161} INFO - Started process (PID=194) to work on /home/airflow/.local/lib/python3.8/site-packages/airflow/example_dags/example_python_decorator.py
[2026-08-13T12:34:25.989+0000] {processor.py:830} INFO - Processing file /home/airflow/.local/lib/python3.8/site-packages/airflow/example_dags/example_python_decorator.py for tasks to queue
[2026-08-13T12:34:25.992+0000] {logging_mixin.py:188} INFO - [2026-08-13T12:34:25.991+0000] {dagbag.py:538} INFO - Filling up the DagBag from /home/airflow/.local/lib/python3.8/site-packages/airflow/example_dags/example_python_decorator.py
[2026-08-13T12:34:26.018+0000] {processor.py:840} INFO - DAG(s) 'example_python_decorator' retrieved from /home/airflow/.local/lib/python3.8/site-packages/airflow/example_dags/example_python_decorator.py
[2026-08-13T12:34:26.066+0000] {logging_mixin.py:188} INFO - [2026-08-13T12:34:26.065+0000] {dag.py:3036} INFO - Sync 1 DAGs
[2026-08-13T12:34:26.096+0000] {logging_mixin.py:188} INFO - [2026-08-13T12:34:26.095+0000] {dag.py:3823} INFO - Setting next_dagrun for example_python_decorator to None, run_after=None
[2026-08-13T12:34:26.135+0000] {processor.py:183} INFO - Processing /home/airflow/.local/lib/python3.8/site-packages/airflow/example_dags/example_python_decorator.py took 0.154 seconds
[2026-08-13T12:34:56.303+0000] {processor.py:161} INFO - Started process (PID=249) to work on /home/airflow/.local/lib/python3.8/site-packages/airflow/example_dags/example_python_decorator.py
[2026-08-13T12:34:56.305+0000] {processor.py:830} INFO - Processing file /home/airflow/.local/lib/python3.8/site-packages/airflow/example_dags/example_python_decorator.py for tasks to queue
[2026-08-13T12:34:56.309+0000] {logging_mixin.py:188} INFO - [2026-08-13T12:34:56.308+0000] {dagbag.py:538} INFO - Filling up the DagBag from /home/airflow/.local/lib/python3.8/site-packages/airflow/example_dags/example_python_decorator.py
[2026-08-13T12:34:56.328+0000] {processor.py:840} INFO - DAG(s) 'example_python_decorator' retrieved from /home/airflow/.local/lib/python3.8/site-packages/airflow/example_dags/example_python_decorator.py
[2026-08-13T12:34:56.360+0000] {logging_mixin.py:188} INFO - [2026-08-13T12:34:56.360+0000] {dag.py:3036} INFO - Sync 1 DAGs
[2026-08-13T12:34:56.374+0000] {logging_mixin.py:188} INFO - [2026-08-13T12:34:56.374+0000] {dag.py:3823} INFO - Setting next_dagrun for example_python_decorator to None, run_after=None
[2026-08-13T12:34:56.400+0000] {processor.py:183} INFO - Processing /home/airflow/.local/lib/python3.8/site-packages/airflow/example_dags/example_python_decorator.py took 0.108 seconds
[2026-08-13T12:35:26.739+0000] {processor.py:161} INFO - Started process (PID=304) to work on /home/airflow/.local/lib/python3.8/site-packages/airflow/example_dags/example_python_decorator.py
[2026-08-13T12:35:26.742+0000] {processor.py:830} INFO - Processing file /home/airflow/.local/lib/python3.8/site-packages/airflow/example_dags/example_python_decorator.py for tasks to queue
[2026-08-13T12:35:26.749+0000] {logging_mixin.py:188} INFO - [2026-08-13T12:35:26.748+0000] {dagbag.py:538} INFO - Filling up the DagBag from /home/airflow/.local/lib/python3.8/site-packages/airflow/example_dags/example_python_decorator.py
[2026-08-13T12:35:26.774+0000] {processor.py:840} INFO - DAG(s) 'example_python_decorator' retrieved from /home/airflow/.local/lib/python3.8/site-packages/airflow/example_dags/example_python_decorator.py
[2026-08-13T12:35:26.814+0000] {logging_mixin.py:188} INFO - [2026-08-13T12:35:26.814+0000] {dag.py:3036} INFO - Sync 1 DAGs
[2026-08-13T12:35:26.838+0000] {logging_mixin.py:188} INFO - [2026-08-13T12:35:26.837+0000] {dag.py:3823} INFO - Setting next_dagrun for example_python_decorator to None, run_after=None
[2026-08-13T12:35:26.871+0000] {processor.py:183} INFO - Processing /home/airflow/.local/lib/python3.8/site-packages/airflow/example_dags/example_python_decorator.py took 0.139 seconds
[2026-08-13T12:35:57.803+0000] {processor.py:161} INFO - Started process (PID=359) to work on /home/airflow/.local/lib/python3.8/site-packages/airflow/example_dags/example_python_decorator.py
[2026-08-13T12:35:57.804+0000] {processor.py:830} INFO - Processing file /home/airflow/.local/lib/python3.8/site-packages/airflow/example_dags/example_python_decorator.py for tasks to queue
[2026-08-13T12:35:57.808+0000] {logging_mixin.py:188} INFO - [2026-08-13T12:35:57.807+0000] {dagbag.py:538} INFO - Filling up the DagBag from /home/airflow/.local/lib/python3.8/site-packages/airflow/example_dags/example_python_decorator.py
[2026-08-13T12:35:57.831+0000] {processor.py:840} INFO - DAG(s) 'example_python_decorator' retrieved from /home/airflow/.local/lib/python3.8/site-packages/airflow/example_dags/example_python_decorator.py
[2026-08-13T12:35:57.863+0000] {logging_mixin.py:188} INFO - [2026-08-13T12:35:57.863+0000] {dag.py:3036} INFO - Sync 1 DAGs
[2026-08-13T12:35:57.885+0000] {logging_mixin.py:188} INFO - [2026-08-13T12:35:57.885+0000] {dag.py:3823} INFO - Setting next_dagrun for example_python_decorator to None, run_after=None
[2026-08-13T12:35:57.922+0000] {processor.py:183} INFO - Processing /home/airflow/.local/lib/python3.8/site-packages/airflow/example_dags/example_python_decorator.py took 0.124 seconds
[2026-08-13T12:36:28.114+0000] {processor.py:161} INFO - Started process (PID=414) to work on /home/airflow/.local/lib/python3.8/site-packages/airflow/example_dags/example_python_decorator.py
[2026-08-13T12:36:28.117+0000] {processor.py:830} INFO - Processing file /home/airflow/.local/lib/python3.8/site-packages/airflow/example_dags/example_python_decorator.py for tasks to queue
[2026-08-13T12:36:28.121+0000] {logging_mixin.py:188} INFO - [2026-08-13T12:36:28.121+0000] {dagbag.py:538} INFO - Filling up the DagBag from /home/airflow/.local/lib/python3.8/site-packages/airflow/example_dags/example_python_decorator.py
[2026-08-13T12:36:28.164+0000] {processor.py:840} INFO - DAG(s) 'example_python_decorator' retrieved from /home/airflow/.local/lib/python3.8/site-packages/airflow/example_dags/example_python_decorator.py
[2026-08-13T12:36:28.222+0000] {logging_mixin.py:188} INFO - [2026-08-13T12:36:28.221+0000] {dag.py:3036} INFO - Sync 1 DAGs
[2026-08-13T12:36:28.243+0000] {logging_mixin.py:188} INFO - [2026-08-13T12:36:28.242+0000] {dag.py:3823} INFO - Setting next_dagrun for example_python_decorator to None, run_after=None
[2026-08-13T12:36:28.293+0000] {processor.py:183} INFO - Processing /home/airflow/.local/lib/python3.8/site-packages/airflow/example_dags/example_python_decorator.py took 0.187 seconds
[2026-08-13T12:41:30.752+0000] {processor.py:161} INFO - Started process (PID=106) to work on /home/airflow/.local/lib/python3.8/site-packages/airflow/example_dags/example_python_decorator.py
[2026-08-13T12:41:30.763+0000] {processor.py:830} INFO - Processing file /home/airflow/.local/lib/python3.8/site-packages/airflow/example_dags/example_python_decorator.py for tasks to queue
[2026-08-13T12:41:30.812+0000] {logging_mixin.py:188} INFO - [2026-08-13T12:41:30.811+0000] {dagbag.py:538} INFO - Filling up the DagBag from /home/airflow/.local/lib/python3.8/site-packages/airflow/example_dags/example_python_decorator.py
[2026-08-13T12:41:32.672+0000] {processor.py:840} INFO - DAG(s) 'example_python_decorator' retrieved from /home/airflow/.local/lib/python3.8/site-packages/airflow/example_dags/example_python_decorator.py
[2026-08-13T12:41:33.974+0000] {logging_mixin.py:188} INFO - [2026-08-13T12:41:33.973+0000] {dag.py:3036} INFO - Sync 1 DAGs
[2026-08-13T12:41:34.248+0000] {logging_mixin.py:188} INFO - [2026-08-13T12:41:34.248+0000] {dag.py:3823} INFO - Setting next_dagrun for example_python_decorator to None, run_after=None
[2026-08-13T12:41:34.585+0000] {processor.py:183} INFO - Processing /home/airflow/.local/lib/python3.8/site-packages/airflow/example_dags/example_python_decorator.py took 3.869 seconds
[2026-08-13T12:42:07.524+0000] {processor.py:161} INFO - Started process (PID=161) to work on /home/airflow/.local/lib/python3.8/site-packages/airflow/example_dags/example_python_decorator.py
[2026-08-13T12:42:07.528+0000] {processor.py:830} INFO - Processing file /home/airflow/.local/lib/python3.8/site-packages/airflow/example_dags/example_python_decorator.py for tasks to queue
[2026-08-13T12:42:07.545+0000] {logging_mixin.py:188} INFO - [2026-08-13T12:42:07.544+0000] {dagbag.py:538} INFO - Filling up the DagBag from /home/airflow/.local/lib/python3.8/site-packages/airflow/example_dags/example_python_decorator.py
[2026-08-13T12:42:07.653+0000] {processor.py:840} INFO - DAG(s) 'example_python_decorator' retrieved from /home/airflow/.local/lib/python3.8/site-packages/airflow/example_dags/example_python_decorator.py
[2026-08-13T12:42:07.765+0000] {logging_mixin.py:188} INFO - [2026-08-13T12:42:07.761+0000] {dag.py:3036} INFO - Sync 1 DAGs
[2026-08-13T12:42:07.842+0000] {logging_mixin.py:188} INFO - [2026-08-13T12:42:07.841+0000] {dag.py:3823} INFO - Setting next_dagrun for example_python_decorator to None, run_after=None
[2026-08-13T12:42:07.918+0000] {processor.py:183} INFO - Processing /home/airflow/.local/lib/python3.8/site-packages/airflow/example_dags/example_python_decorator.py took 0.414 seconds
[2026-08-13T12:42:40.046+0000] {processor.py:161} INFO - Started process (PID=215) to work on /home/airflow/.local/lib/python3.8/site-packages/airflow/example_dags/example_python_decorator.py
[2026-08-13T12:42:40.141+0000] {processor.py:830} INFO - Processing file /home/airflow/.local/lib/python3.8/site-packages/airflow/example_dags/example_python_decorator.py for tasks to queue
[2026-08-13T12:42:40.260+0000] {logging_mixin.py:188} INFO - [2026-08-13T12:42:40.253+0000] {dagbag.py:538} INFO - Filling up the DagBag from /home/airflow/.local/lib/python3.8/site-packages/airflow/example_dags/example_python_decorator.py
[2026-08-13T12:42:40.366+0000] {processor.py:840} INFO - DAG(s) 'example_python_decorator' retrieved from /home/airflow/.local/lib/python3.8/site-packages/airflow/example_dags/example_python_decorator.py
[2026-08-13T12:42:40.666+0000] {logging_mixin.py:188} INFO - [2026-08-13T12:42:40.663+0000] {dag.py:3036} INFO - Sync 1 DAGs
[2026-08-13T12:42:41.060+0000] {logging_mixin.py:188} INFO - [2026-08-13T12:42:41.059+0000] {dag.py:3823} INFO - Setting next_dagrun for example_python_decorator to None, run_after=None
[2026-08-13T12:45:35.018+0000] {processor.py:161} INFO - Started process (PID=94) to work on /home/airflow/.local/lib/python3.8/site-packages/airflow/example_dags/example_python_decorator.py
[2026-08-13T12:45:35.046+0000] {processor.py:830} INFO - Processing file /home/airflow/.local/lib/python3.8/site-packages/airflow/example_dags/example_python_decorator.py for tasks to queue
[2026-08-13T12:45:35.072+0000] {logging_mixin.py:188} INFO - [2026-08-13T12:45:35.070+0000] {dagbag.py:538} INFO - Filling up the DagBag from /home/airflow/.local/lib/python3.8/site-packages/airflow/example_dags/example_python_decorator.py
[2026-08-13T12:45:35.635+0000] {processor.py:840} INFO - DAG(s) 'example_python_decorator' retrieved from /home/airflow/.local/lib/python3.8/site-packages/airflow/example_dags/example_python_decorator.py
[2026-08-13T12:45:37.135+0000] {logging_mixin.py:188} INFO - [2026-08-13T12:45:37.124+0000] {dag.py:3036} INFO - Sync 1 DAGs
[2026-08-13T12:45:37.307+0000] {logging_mixin.py:188} INFO - [2026-08-13T12:45:37.306+0000] {dag.py:3823} INFO - Setting next_dagrun for example_python_decorator to None, run_after=None
[2026-08-13T12:45:37.459+0000] {processor.py:183} INFO - Processing /home/airflow/.local/lib/python3.8/site-packages/airflow/example_dags/example_python_decorator.py took 2.638 seconds
[2026-08-13T12:46:10.572+0000] {processor.py:161} INFO - Started process (PID=149) to work on /home/airflow/.local/lib/python3.8/site-packages/airflow/example_dags/example_python_decorator.py
[2026-08-13T12:46:10.588+0000] {processor.py:830} INFO - Processing file /home/airflow/.local/lib/python3.8/site-packages/airflow/example_dags/example_python_decorator.py for tasks to queue
[2026-08-13T12:46:10.608+0000] {logging_mixin.py:188} INFO - [2026-08-13T12:46:10.606+0000] {dagbag.py:538} INFO - Filling up the DagBag from /home/airflow/.local/lib/python3.8/site-packages/airflow/example_dags/example_python_decorator.py
[2026-08-13T12:46:10.935+0000] {processor.py:840} INFO - DAG(s) 'example_python_decorator' retrieved from /home/airflow/.local/lib/python3.8/site-packages/airflow/example_dags/example_python_decorator.py
[2026-08-13T12:46:11.363+0000] {logging_mixin.py:188} INFO - [2026-08-13T12:46:11.362+0000] {dag.py:3036} INFO - Sync 1 DAGs
[2026-08-13T12:46:11.525+0000] {logging_mixin.py:188} INFO - [2026-08-13T12:46:11.521+0000] {dag.py:3823} INFO - Setting next_dagrun for example_python_decorator to None, run_after=None
[2026-08-13T12:46:11.696+0000] {processor.py:183} INFO - Processing /home/airflow/.local/lib/python3.8/site-packages/airflow/example_dags/example_python_decorator.py took 1.177 seconds
[2026-08-13T12:46:41.831+0000] {processor.py:161} INFO - Started process (PID=202) to work on /home/airflow/.local/lib/python3.8/site-packages/airflow/example_dags/example_python_decorator.py
[2026-08-13T12:46:41.834+0000] {processor.py:830} INFO - Processing file /home/airflow/.local/lib/python3.8/site-packages/airflow/example_dags/example_python_decorator.py for tasks to queue
[2026-08-13T12:46:41.838+0000] {logging_mixin.py:188} INFO - [2026-08-13T12:46:41.837+0000] {dagbag.py:538} INFO - Filling up the DagBag from /home/airflow/.local/lib/python3.8/site-packages/airflow/example_dags/example_python_decorator.py
[2026-08-13T12:46:41.871+0000] {processor.py:840} INFO - DAG(s) 'example_python_decorator' retrieved from /home/airflow/.local/lib/python3.8/site-packages/airflow/example_dags/example_python_decorator.py
[2026-08-13T12:46:41.907+0000] {logging_mixin.py:188} INFO - [2026-08-13T12:46:41.906+0000] {dag.py:3036} INFO - Sync 1 DAGs
[2026-08-13T12:46:41.930+0000] {logging_mixin.py:188} INFO - [2026-08-13T12:46:41.929+0000] {dag.py:3823} INFO - Setting next_dagrun for example_python_decorator to None, run_after=None
[2026-08-13T12:46:41.953+0000] {processor.py:183} INFO - Processing /home/airflow/.local/lib/python3.8/site-packages/airflow/example_dags/example_python_decorator.py took 0.127 seconds
[2026-08-13T12:47:12.165+0000] {processor.py:161} INFO - Started process (PID=257) to work on /home/airflow/.local/lib/python3.8/site-packages/airflow/example_dags/example_python_decorator.py
[2026-08-13T12:47:12.170+0000] {processor.py:830} INFO - Processing file /home/airflow/.local/lib/python3.8/site-packages/airflow/example_dags/example_python_decorator.py for tasks to queue
[2026-08-13T12:47:12.190+0000] {logging_mixin.py:188} INFO - [2026-08-13T12:47:12.189+0000] {dagbag.py:538} INFO - Filling up the DagBag from /home/airflow/.local/lib/python3.8/site-packages/airflow/example_dags/example_python_decorator.py
[2026-08-13T12:47:12.310+0000] {processor.py:840} INFO - DAG(s) 'example_python_decorator' retrieved from /home/airflow/.local/lib/python3.8/site-packages/airflow/example_dags/example_python_decorator.py
[2026-08-13T12:47:12.401+0000] {logging_mixin.py:188} INFO - [2026-08-13T12:47:12.401+0000] {dag.py:3036} INFO - Sync 1 DAGs
[2026-08-13T12:47:12.439+0000] {logging_mixin.py:188} INFO - [2026-08-13T12:47:12.438+0000] {dag.py:3823} INFO - Setting next_dagrun for example_python_decorator to None, run_after=None
[2026-08-13T12:47:12.493+0000] {processor.py:183} INFO - Processing /home/airflow/.local/lib/python3.8/site-packages/airflow/example_dags/example_python_decorator.py took 0.377 seconds
[2026-08-13T12:47:42.965+0000] {processor.py:161} INFO - Started process (PID=312) to work on /home/airflow/.local/lib/python3.8/site-packages/airflow/example_dags/example_python_decorator.py
[2026-08-13T12:47:42.969+0000] {processor.py:830} INFO - Processing file /home/airflow/.local/lib/python3.8/site-packages/airflow/example_dags/example_python_decorator.py for tasks to queue
[2026-08-13T12:47:42.972+0000] {logging_mixin.py:188} INFO - [2026-08-13T12:47:42.971+0000] {dagbag.py:538} INFO - Filling up the DagBag from /home/airflow/.local/lib/python3.8/site-packages/airflow/example_dags/example_python_decorator.py
[2026-08-13T12:47:42.991+0000] {processor.py:840} INFO - DAG(s) 'example_python_decorator' retrieved from /home/airflow/.local/lib/python3.8/site-packages/airflow/example_dags/example_python_decorator.py
[2026-08-13T12:47:43.030+0000] {logging_mixin.py:188} INFO - [2026-08-13T12:47:43.030+0000] {dag.py:3036} INFO - Sync 1 DAGs
[2026-08-13T12:47:43.049+0000] {logging_mixin.py:188} INFO - [2026-08-13T12:47:43.048+0000] {dag.py:3823} INFO - Setting next_dagrun for example_python_decorator to None, run_after=None
[2026-08-13T12:47:43.078+0000] {processor.py:183} INFO - Processing /home/airflow/.local/lib/python3.8/site-packages/airflow/example_dags/example_python_decorator.py took 0.118 seconds
[2026-08-13T12:48:13.487+0000] {processor.py:161} INFO - Started process (PID=367) to work on /home/airflow/.local/lib/python3.8/site-packages/airflow/example_dags/example_python_decorator.py
[2026-08-13T12:48:13.489+0000] {processor.py:830} INFO - Processing file /home/airflow/.local/lib/python3.8/site-packages/airflow/example_dags/example_python_decorator.py for tasks to queue
[2026-08-13T12:48:13.492+0000] {logging_mixin.py:188} INFO - [2026-08-13T12:48:13.492+0000] {dagbag.py:538} INFO - Filling up the DagBag from /home/airflow/.local/lib/python3.8/site-packages/airflow/example_dags/example_python_decorator.py
[2026-08-13T12:48:13.518+0000] {processor.py:840} INFO - DAG(s) 'example_python_decorator' retrieved from /home/airflow/.local/lib/python3.8/site-packages/airflow/example_dags/example_python_decorator.py
[2026-08-13T12:48:13.555+0000] {logging_mixin.py:188} INFO - [2026-08-13T12:48:13.554+0000] {dag.py:3036} INFO - Sync 1 DAGs
[2026-08-13T12:48:13.579+0000] {logging_mixin.py:188} INFO - [2026-08-13T12:48:13.578+0000] {dag.py:3823} INFO - Setting next_dagrun for example_python_decorator to None, run_after=None
[2026-08-13T12:48:13.623+0000] {processor.py:183} INFO - Processing /home/airflow/.local/lib/python3.8/site-packages/airflow/example_dags/example_python_decorator.py took 0.141 seconds
[2026-08-13T12:48:44.582+0000] {processor.py:161} INFO - Started process (PID=423) to work on /home/airflow/.local/lib/python3.8/site-packages/airflow/example_dags/example_python_decorator.py
[2026-08-13T12:48:44.585+0000] {processor.py:830} INFO - Processing file /home/airflow/.local/lib/python3.8/site-packages/airflow/example_dags/example_python_decorator.py for tasks to queue
[2026-08-13T12:48:44.590+0000] {logging_mixin.py:188} INFO - [2026-08-13T12:48:44.589+0000] {dagbag.py:538} INFO - Filling up the DagBag from /home/airflow/.local/lib/python3.8/site-packages/airflow/example_dags/example_python_decorator.py
[2026-08-13T12:48:44.618+0000] {processor.py:840} INFO - DAG(s) 'example_python_decorator' retrieved from /home/airflow/.local/lib/python3.8/site-packages/airflow/example_dags/example_python_decorator.py
[2026-08-13T12:48:44.661+0000] {logging_mixin.py:188} INFO - [2026-08-13T12:48:44.660+0000] {dag.py:3036} INFO - Sync 1 DAGs
[2026-08-13T12:48:44.684+0000] {logging_mixin.py:188} INFO - [2026-08-13T12:48:44.684+0000] {dag.py:3823} INFO - Setting next_dagrun for example_python_decorator to None, run_after=None
[2026-08-13T12:48:44.721+0000] {processor.py:183} INFO - Processing /home/airflow/.local/lib/python3.8/site-packages/airflow/example_dags/example_python_decorator.py took 0.146 seconds
[2026-08-13T12:49:15.035+0000] {processor.py:161} INFO - Started process (PID=478) to work on /home/airflow/.local/lib/python3.8/site-packages/airflow/example_dags/example_python_decorator.py
[2026-08-13T12:49:15.041+0000] {processor.py:830} INFO - Processing file /home/airflow/.local/lib/python3.8/site-packages/airflow/example_dags/example_python_decorator.py for tasks to queue
[2026-08-13T12:49:15.054+0000] {logging_mixin.py:188} INFO - [2026-08-13T12:49:15.053+0000] {dagbag.py:538} INFO - Filling up the DagBag from /home/airflow/.local/lib/python3.8/site-packages/airflow/example_dags/example_python_decorator.py
[2026-08-13T12:49:15.133+0000] {processor.py:840} INFO - DAG(s) 'example_python_decorator' retrieved from /home/airflow/.local/lib/python3.8/site-packages/airflow/example_dags/example_python_decorator.py
[2026-08-13T12:49:15.209+0000] {logging_mixin.py:188} INFO - [2026-08-13T12:49:15.208+0000] {dag.py:3036} INFO - Sync 1 DAGs
[2026-08-13T12:49:15.257+0000] {logging_mixin.py:188} INFO - [2026-08-13T12:49:15.254+0000] {dag.py:3823} INFO - Setting next_dagrun for example_python_decorator to None, run_after=None
[2026-08-13T12:49:15.351+0000] {processor.py:183} INFO - Processing /home/airflow/.local/lib/python3.8/site-packages/airflow/example_dags/example_python_decorator.py took 0.348 seconds
[2026-08-13T12:49:47.402+0000] {processor.py:161} INFO - Started process (PID=533) to work on /home/airflow/.local/lib/python3.8/site-packages/airflow/example_dags/example_python_decorator.py
[2026-08-13T12:49:47.426+0000] {processor.py:830} INFO - Processing file /home/airflow/.local/lib/python3.8/site-packages/airflow/example_dags/example_python_decorator.py for tasks to queue
[2026-08-13T12:49:47.448+0000] {logging_mixin.py:188} INFO - [2026-08-13T12:49:47.447+0000] {dagbag.py:538} INFO - Filling up the DagBag from /home/airflow/.local/lib/python3.8/site-packages/airflow/example_dags/example_python_decorator.py
[2026-08-13T12:49:48.521+0000] {processor.py:840} INFO - DAG(s) 'example_python_decorator' retrieved from /home/airflow/.local/lib/python3.8/site-packages/airflow/example_dags/example_python_decorator.py
[2026-08-13T12:49:48.804+0000] {logging_mixin.py:188} INFO - [2026-08-13T12:49:48.803+0000] {dag.py:3036} INFO - Sync 1 DAGs
[2026-08-13T12:49:48.936+0000] {logging_mixin.py:188} INFO - [2026-08-13T12:49:48.925+0000] {dag.py:3823} INFO - Setting next_dagrun for example_python_decorator to None, run_after=None
[2026-08-13T12:49:49.047+0000] {processor.py:183} INFO - Processing /home/airflow/.local/lib/python3.8/site-packages/airflow/example_dags/example_python_decorator.py took 1.677 seconds
[2026-08-13T12:50:19.156+0000] {processor.py:161} INFO - Started process (PID=588) to work on /home/airflow/.local/lib/python3.8/site-packages/airflow/example_dags/example_python_decorator.py
[2026-08-13T12:50:19.159+0000] {processor.py:830} INFO - Processing file /home/airflow/.local/lib/python3.8/site-packages/airflow/example_dags/example_python_decorator.py for tasks to queue
[2026-08-13T12:50:19.163+0000] {logging_mixin.py:188} INFO - [2026-08-13T12:50:19.162+0000] {dagbag.py:538} INFO - Filling up the DagBag from /home/airflow/.local/lib/python3.8/site-packages/airflow/example_dags/example_python_decorator.py
[2026-08-13T12:50:19.191+0000] {processor.py:840} INFO - DAG(s) 'example_python_decorator' retrieved from /home/airflow/.local/lib/python3.8/site-packages/airflow/example_dags/example_python_decorator.py
[2026-08-13T12:50:19.241+0000] {logging_mixin.py:188} INFO - [2026-08-13T12:50:19.240+0000] {dag.py:3036} INFO - Sync 1 DAGs
[2026-08-13T12:50:19.263+0000] {logging_mixin.py:188} INFO - [2026-08-13T12:50:19.263+0000] {dag.py:3823} INFO - Setting next_dagrun for example_python_decorator to None, run_after=None
[2026-08-13T12:50:19.297+0000] {processor.py:183} INFO - Processing /home/airflow/.local/lib/python3.8/site-packages/airflow/example_dags/example_python_decorator.py took 0.149 seconds
[2026-08-13T12:50:49.623+0000] {processor.py:161} INFO - Started process (PID=641) to work on /home/airflow/.local/lib/python3.8/site-packages/airflow/example_dags/example_python_decorator.py
[2026-08-13T12:50:49.627+0000] {processor.py:830} INFO - Processing file /home/airflow/.local/lib/python3.8/site-packages/airflow/example_dags/example_python_decorator.py for tasks to queue
[2026-08-13T12:50:49.632+0000] {logging_mixin.py:188} INFO - [2026-08-13T12:50:49.631+0000] {dagbag.py:538} INFO - Filling up the DagBag from /home/airflow/.local/lib/python3.8/site-packages/airflow/example_dags/example_python_decorator.py
[2026-08-13T12:50:49.669+0000] {processor.py:840} INFO - DAG(s) 'example_python_decorator' retrieved from /home/airflow/.local/lib/python3.8/site-packages/airflow/example_dags/example_python_decorator.py
[2026-08-13T12:50:49.712+0000] {logging_mixin.py:188} INFO - [2026-08-13T12:50:49.712+0000] {dag.py:3036} INFO - Sync 1 DAGs
[2026-08-13T12:50:49.736+0000] {logging_mixin.py:188} INFO - [2026-08-13T12:50:49.736+0000] {dag.py:3823} INFO - Setting next_dagrun for example_python_decorator to None, run_after=None
[2026-08-13T12:50:49.775+0000] {processor.py:183} INFO - Processing /home/airflow/.local/lib/python3.8/site-packages/airflow/example_dags/example_python_decorator.py took 0.162 seconds
[2026-08-13T12:51:20.048+0000] {processor.py:161} INFO - Started process (PID=696) to work on /home/airflow/.local/lib/python3.8/site-packages/airflow/example_dags/example_python_decorator.py
[2026-08-13T12:51:20.051+0000] {processor.py:830} INFO - Processing file /home/airflow/.local/lib/python3.8/site-packages/airflow/example_dags/example_python_decorator.py for tasks to queue
[2026-08-13T12:51:20.055+0000] {logging_mixin.py:188} INFO - [2026-08-13T12:51:20.054+0000] {dagbag.py:538} INFO - Filling up the DagBag from /home/airflow/.local/lib/python3.8/site-packages/airflow/example_dags/example_python_decorator.py
[2026-08-13T12:51:20.085+0000] {processor.py:840} INFO - DAG(s) 'example_python_decorator' retrieved from /home/airflow/.local/lib/python3.8/site-packages/airflow/example_dags/example_python_decorator.py
[2026-08-13T12:51:20.122+0000] {logging_mixin.py:188} INFO - [2026-08-13T12:51:20.122+0000] {dag.py:3036} INFO - Sync 1 DAGs
[2026-08-13T12:51:20.150+0000] {logging_mixin.py:188} INFO - [2026-08-13T12:51:20.149+0000] {dag.py:3823} INFO - Setting next_dagrun for example_python_decorator to None, run_after=None
[2026-08-13T12:51:20.227+0000] {processor.py:183} INFO - Processing /home/airflow/.local/lib/python3.8/site-packages/airflow/example_dags/example_python_decorator.py took 0.185 seconds
[2026-08-13T12:51:50.543+0000] {processor.py:161} INFO - Started process (PID=751) to work on /home/airflow/.local/lib/python3.8/site-packages/airflow/example_dags/example_python_decorator.py
[2026-08-13T12:51:50.546+0000] {processor.py:830} INFO - Processing file /home/airflow/.local/lib/python3.8/site-packages/airflow/example_dags/example_python_decorator.py for tasks to queue
[2026-08-13T12:51:50.551+0000] {logging_mixin.py:188} INFO - [2026-08-13T12:51:50.550+0000] {dagbag.py:538} INFO - Filling up the DagBag from /home/airflow/.local/lib/python3.8/site-packages/airflow/example_dags/example_python_decorator.py
[2026-08-13T12:51:50.592+0000] {processor.py:840} INFO - DAG(s) 'example_python_decorator' retrieved from /home/airflow/.local/lib/python3.8/site-packages/airflow/example_dags/example_python_decorator.py
[2026-08-13T12:51:50.648+0000] {logging_mixin.py:188} INFO - [2026-08-13T12:51:50.647+0000] {dag.py:3036} INFO - Sync 1 DAGs
[2026-08-13T12:51:50.680+0000] {logging_mixin.py:188} INFO - [2026-08-13T12:51:50.680+0000] {dag.py:3823} INFO - Setting next_dagrun for example_python_decorator to None, run_after=None
[2026-08-13T12:51:50.730+0000] {processor.py:183} INFO - Processing /home/airflow/.local/lib/python3.8/site-packages/airflow/example_dags/example_python_decorator.py took 0.206 seconds
[2026-08-13T12:52:20.973+0000] {processor.py:161} INFO - Started process (PID=806) to work on /home/airflow/.local/lib/python3.8/site-packages/airflow/example_dags/example_python_decorator.py
[2026-08-13T12:52:20.978+0000] {processor.py:830} INFO - Processing file /home/airflow/.local/lib/python3.8/site-packages/airflow/example_dags/example_python_decorator.py for tasks to queue
[2026-08-13T12:52:20.994+0000] {logging_mixin.py:188} INFO - [2026-08-13T12:52:20.984+0000] {dagbag.py:538} INFO - Filling up the DagBag from /home/airflow/.local/lib/python3.8/site-packages/airflow/example_dags/example_python_decorator.py
[2026-08-13T12:52:21.074+0000] {processor.py:840} INFO - DAG(s) 'example_python_decorator' retrieved from /home/airflow/.local/lib/python3.8/site-packages/airflow/example_dags/example_python_decorator.py
[2026-08-13T12:52:21.216+0000] {logging_mixin.py:188} INFO - [2026-08-13T12:52:21.215+0000] {dag.py:3036} INFO - Sync 1 DAGs
[2026-08-13T12:52:21.264+0000] {logging_mixin.py:188} INFO - [2026-08-13T12:52:21.263+0000] {dag.py:3823} INFO - Setting next_dagrun for example_python_decorator to None, run_after=None
[2026-08-13T12:52:21.387+0000] {processor.py:183} INFO - Processing /home/airflow/.local/lib/python3.8/site-packages/airflow/example_dags/example_python_decorator.py took 0.451 seconds
[2026-08-13T12:52:51.553+0000] {processor.py:161} INFO - Started process (PID=861) to work on /home/airflow/.local/lib/python3.8/site-packages/airflow/example_dags/example_python_decorator.py
[2026-08-13T12:52:51.556+0000] {processor.py:830} INFO - Processing file /home/airflow/.local/lib/python3.8/site-packages/airflow/example_dags/example_python_decorator.py for tasks to queue
[2026-08-13T12:52:51.561+0000] {logging_mixin.py:188} INFO - [2026-08-13T12:52:51.560+0000] {dagbag.py:538} INFO - Filling up the DagBag from /home/airflow/.local/lib/python3.8/site-packages/airflow/example_dags/example_python_decorator.py
[2026-08-13T12:52:51.588+0000] {processor.py:840} INFO - DAG(s) 'example_python_decorator' retrieved from /home/airflow/.local/lib/python3.8/site-packages/airflow/example_dags/example_python_decorator.py
[2026-08-13T12:52:51.620+0000] {logging_mixin.py:188} INFO - [2026-08-13T12:52:51.620+0000] {dag.py:3036} INFO - Sync 1 DAGs
[2026-08-13T12:52:51.639+0000] {logging_mixin.py:188} INFO - [2026-08-13T12:52:51.639+0000] {dag.py:3823} INFO - Setting next_dagrun for example_python_decorator to None, run_after=None
[2026-08-13T12:52:51.680+0000] {processor.py:183} INFO - Processing /home/airflow/.local/lib/python3.8/site-packages/airflow/example_dags/example_python_decorator.py took 0.135 seconds
[2026-08-13T12:53:21.813+0000] {processor.py:161} INFO - Started process (PID=916) to work on /home/airflow/.local/lib/python3.8/site-packages/airflow/example_dags/example_python_decorator.py
[2026-08-13T12:53:21.816+0000] {processor.py:830} INFO - Processing file /home/airflow/.local/lib/python3.8/site-packages/airflow/example_dags/example_python_decorator.py for tasks to queue
[2026-08-13T12:53:21.820+0000] {logging_mixin.py:188} INFO - [2026-08-13T12:53:21.820+0000] {dagbag.py:538} INFO - Filling up the DagBag from /home/airflow/.local/lib/python3.8/site-packages/airflow/example_dags/example_python_decorator.py
[2026-08-13T12:53:21.853+0000] {processor.py:840} INFO - DAG(s) 'example_python_decorator' retrieved from /home/airflow/.local/lib/python3.8/site-packages/airflow/example_dags/example_python_decorator.py
[2026-08-13T12:53:21.913+0000] {logging_mixin.py:188} INFO - [2026-08-13T12:53:21.912+0000] {dag.py:3036} INFO - Sync 1 DAGs
[2026-08-13T12:53:21.948+0000] {logging_mixin.py:188} INFO - [2026-08-13T12:53:21.947+0000] {dag.py:3823} INFO - Setting next_dagrun for example_python_decorator to None, run_after=None
[2026-08-13T12:53:21.997+0000] {processor.py:183} INFO - Processing /home/airflow/.local/lib/python3.8/site-packages/airflow/example_dags/example_python_decorator.py took 0.197 seconds
[2026-08-13T12:53:52.699+0000] {processor.py:161} INFO - Started process (PID=971) to work on /home/airflow/.local/lib/python3.8/site-packages/airflow/example_dags/example_python_decorator.py
[2026-08-13T12:53:52.713+0000] {processor.py:830} INFO - Processing file /home/airflow/.local/lib/python3.8/site-packages/airflow/example_dags/example_python_decorator.py for tasks to queue
[2026-08-13T12:53:52.719+0000] {logging_mixin.py:188} INFO - [2026-08-13T12:53:52.718+0000] {dagbag.py:538} INFO - Filling up the DagBag from /home/airflow/.local/lib/python3.8/site-packages/airflow/example_dags/example_python_decorator.py
[2026-08-13T12:53:52.754+0000] {processor.py:840} INFO - DAG(s) 'example_python_decorator' retrieved from /home/airflow/.local/lib/python3.8/site-packages/airflow/example_dags/example_python_decorator.py
[2026-08-13T12:53:52.819+0000] {logging_mixin.py:188} INFO - [2026-08-13T12:53:52.817+0000] {dag.py:3036} INFO - Sync 1 DAGs
[2026-08-13T12:53:52.858+0000] {logging_mixin.py:188} INFO - [2026-08-13T12:53:52.857+0000] {dag.py:3823} INFO - Setting next_dagrun for example_python_decorator to None, run_after=None
[2026-08-13T12:53:52.944+0000] {processor.py:183} INFO - Processing /home/airflow/.local/lib/python3.8/site-packages/airflow/example_dags/example_python_decorator.py took 0.251 seconds
[2026-08-13T12:54:23.072+0000] {processor.py:161} INFO - Started process (PID=1026) to work on /home/airflow/.local/lib/python3.8/site-packages/airflow/example_dags/example_python_decorator.py
[2026-08-13T12:54:23.076+0000] {processor.py:830} INFO - Processing file /home/airflow/.local/lib/python3.8/site-packages/airflow/example_dags/example_python_decorator.py for tasks to queue
[2026-08-13T12:54:23.081+0000] {logging_mixin.py:188} INFO - [2026-08-13T12:54:23.080+0000] {dagbag.py:538} INFO - Filling up the DagBag from /home/airflow/.local/lib/python3.8/site-packages/airflow/example_dags/example_python_decorator.py
[2026-08-13T12:54:23.109+0000] {processor.py:840} INFO - DAG(s) 'example_python_decorator' retrieved from /home/airflow/.local/lib/python3.8/site-packages/airflow/example_dags/example_python_decorator.py
[2026-08-13T12:54:23.146+0000] {logging_mixin.py:188} INFO - [2026-08-13T12:54:23.146+0000] {dag.py:3036} INFO - Sync 1 DAGs
[2026-08-13T12:54:23.165+0000] {logging_mixin.py:188} INFO - [2026-08-13T12:54:23.165+0000] {dag.py:3823} INFO - Setting next_dagrun for example_python_decorator to None, run_after=None
[2026-08-13T12:54:23.201+0000] {processor.py:183} INFO - Processing /home/airflow/.local/lib/python3.8/site-packages/airflow/example_dags/example_python_decorator.py took 0.136 seconds
[2026-08-13T12:54:53.323+0000] {processor.py:161} INFO - Started process (PID=1081) to work on /home/airflow/.local/lib/python3.8/site-packages/airflow/example_dags/example_python_decorator.py
[2026-08-13T12:54:53.326+0000] {processor.py:830} INFO - Processing file /home/airflow/.local/lib/python3.8/site-packages/airflow/example_dags/example_python_decorator.py for tasks to queue
[2026-08-13T12:54:53.329+0000] {logging_mixin.py:188} INFO - [2026-08-13T12:54:53.328+0000] {dagbag.py:538} INFO - Filling up the DagBag from /home/airflow/.local/lib/python3.8/site-packages/airflow/example_dags/example_python_decorator.py
[2026-08-13T12:54:53.349+0000] {processor.py:840} INFO - DAG(s) 'example_python_decorator' retrieved from /home/airflow/.local/lib/python3.8/site-packages/airflow/example_dags/example_python_decorator.py
[2026-08-13T12:54:53.383+0000] {logging_mixin.py:188} INFO - [2026-08-13T12:54:53.383+0000] {dag.py:3036} INFO - Sync 1 DAGs
[2026-08-13T12:54:53.406+0000] {logging_mixin.py:188} INFO - [2026-08-13T12:54:53.406+0000] {dag.py:3823} INFO - Setting next_dagrun for example_python_decorator to None, run_after=None
[2026-08-13T12:54:53.444+0000] {processor.py:183} INFO - Processing /home/airflow/.local/lib/python3.8/site-packages/airflow/example_dags/example_python_decorator.py took 0.127 seconds
[2026-08-13T12:55:23.802+0000] {processor.py:161} INFO - Started process (PID=1136) to work on /home/airflow/.local/lib/python3.8/site-packages/airflow/example_dags/example_python_decorator.py
[2026-08-13T12:55:23.805+0000] {processor.py:830} INFO - Processing file /home/airflow/.local/lib/python3.8/site-packages/airflow/example_dags/example_python_decorator.py for tasks to queue
[2026-08-13T12:55:23.811+0000] {logging_mixin.py:188} INFO - [2026-08-13T12:55:23.811+0000] {dagbag.py:538} INFO - Filling up the DagBag from /home/airflow/.local/lib/python3.8/site-packages/airflow/example_dags/example_python_decorator.py
[2026-08-13T12:55:23.838+0000] {processor.py:840} INFO - DAG(s) 'example_python_decorator' retrieved from /home/airflow/.local/lib/python3.8/site-packages/airflow/example_dags/example_python_decorator.py
[2026-08-13T12:55:23.879+0000] {logging_mixin.py:188} INFO - [2026-08-13T12:55:23.879+0000] {dag.py:3036} INFO - Sync 1 DAGs
[2026-08-13T12:55:23.903+0000] {logging_mixin.py:188} INFO - [2026-08-13T12:55:23.902+0000] {dag.py:3823} INFO - Setting next_dagrun for example_python_decorator to None, run_after=None
[2026-08-13T12:55:23.937+0000] {processor.py:183} INFO - Processing /home/airflow/.local/lib/python3.8/site-packages/airflow/example_dags/example_python_decorator.py took 0.142 seconds
[2026-08-13T12:55:54.651+0000] {processor.py:161} INFO - Started process (PID=1191) to work on /home/airflow/.local/lib/python3.8/site-packages/airflow/example_dags/example_python_decorator.py
[2026-08-13T12:55:54.654+0000] {processor.py:830} INFO - Processing file /home/airflow/.local/lib/python3.8/site-packages/airflow/example_dags/example_python_decorator.py for tasks to queue
[2026-08-13T12:55:54.662+0000] {logging_mixin.py:188} INFO - [2026-08-13T12:55:54.661+0000] {dagbag.py:538} INFO - Filling up the DagBag from /home/airflow/.local/lib/python3.8/site-packages/airflow/example_dags/example_python_decorator.py
[2026-08-13T12:55:54.685+0000] {processor.py:840} INFO - DAG(s) 'example_python_decorator' retrieved from /home/airflow/.local/lib/python3.8/site-packages/airflow/example_dags/example_python_decorator.py
[2026-08-13T12:55:54.731+0000] {logging_mixin.py:188} INFO - [2026-08-13T12:55:54.731+0000] {dag.py:3036} INFO - Sync 1 DAGs
[2026-08-13T12:55:54.760+0000] {logging_mixin.py:188} INFO - [2026-08-13T12:55:54.760+0000] {dag.py:3823} INFO - Setting next_dagrun for example_python_decorator to None, run_after=None
[2026-08-13T12:55:54.795+0000] {processor.py:183} INFO - Processing /home/airflow/.local/lib/python3.8/site-packages/airflow/example_dags/example_python_decorator.py took 0.151 seconds
[2026-08-13T12:56:24.906+0000] {processor.py:161} INFO - Started process (PID=1246) to work on /home/airflow/.local/lib/python3.8/site-packages/airflow/example_dags/example_python_decorator.py
[2026-08-13T12:56:24.908+0000] {processor.py:830} INFO - Processing file /home/airflow/.local/lib/python3.8/site-packages/airflow/example_dags/example_python_decorator.py for tasks to queue
[2026-08-13T12:56:24.911+0000] {logging_mixin.py:188} INFO - [2026-08-13T12:56:24.911+0000] {dagbag.py:538} INFO - Filling up the DagBag from /home/airflow/.local/lib/python3.8/site-packages/airflow/example_dags/example_python_decorator.py
[2026-08-13T12:56:24.933+0000] {processor.py:840} INFO - DAG(s) 'example_python_decorator' retrieved from /home/airflow/.local/lib/python3.8/site-packages/airflow/example_dags/example_python_decorator.py
[2026-08-13T12:56:24.968+0000] {logging_mixin.py:188} INFO - [2026-08-13T12:56:24.968+0000] {dag.py:3036} INFO - Sync 1 DAGs
[2026-08-13T12:56:24.987+0000] {logging_mixin.py:188} INFO - [2026-08-13T12:56:24.986+0000] {dag.py:3823} INFO - Setting next_dagrun for example_python_decorator to None, run_after=None
[2026-08-13T12:56:25.026+0000] {processor.py:183} INFO - Processing /home/airflow/.local/lib/python3.8/site-packages/airflow/example_dags/example_python_decorator.py took 0.126 seconds
[2026-08-13T12:56:55.123+0000] {processor.py:161} INFO - Started process (PID=1301) to work on /home/airflow/.local/lib/python3.8/site-packages/airflow/example_dags/example_python_decorator.py
[2026-08-13T12:56:55.126+0000] {processor.py:830} INFO - Processing file /home/airflow/.local/lib/python3.8/site-packages/airflow/example_dags/example_python_decorator.py for tasks to queue
[2026-08-13T12:56:55.133+0000] {logging_mixin.py:188} INFO - [2026-08-13T12:56:55.132+0000] {dagbag.py:538} INFO - Filling up the DagBag from /home/airflow/.local/lib/python3.8/site-packages/airflow/example_dags/example_python_decorator.py
[2026-08-13T12:56:55.156+0000] {processor.py:840} INFO - DAG(s) 'example_python_decorator' retrieved from /home/airflow/.local/lib/python3.8/site-packages/airflow/example_dags/example_python_decorator.py
[2026-08-13T12:56:55.185+0000] {logging_mixin.py:188} INFO - [2026-08-13T12:56:55.185+0000] {dag.py:3036} INFO - Sync 1 DAGs
[2026-08-13T12:56:55.201+0000] {logging_mixin.py:188} INFO - [2026-08-13T12:56:55.201+0000] {dag.py:3823} INFO - Setting next_dagrun for example_python_decorator to None, run_after=None
[2026-08-13T12:56:55.226+0000] {processor.py:183} INFO - Processing /home/airflow/.local/lib/python3.8/site-packages/airflow/example_dags/example_python_decorator.py took 0.112 seconds
[2026-08-13T12:57:26.014+0000] {processor.py:161} INFO - Started process (PID=1356) to work on /home/airflow/.local/lib/python3.8/site-packages/airflow/example_dags/example_python_decorator.py
[2026-08-13T12:57:26.019+0000] {processor.py:830} INFO - Processing file /home/airflow/.local/lib/python3.8/site-packages/airflow/example_dags/example_python_decorator.py for tasks to queue
[2026-08-13T12:57:26.026+0000] {logging_mixin.py:188} INFO - [2026-08-13T12:57:26.025+0000] {dagbag.py:538} INFO - Filling up the DagBag from /home/airflow/.local/lib/python3.8/site-packages/airflow/example_dags/example_python_decorator.py
[2026-08-13T12:57:26.087+0000] {processor.py:840} INFO - DAG(s) 'example_python_decorator' retrieved from /home/airflow/.local/lib/python3.8/site-packages/airflow/example_dags/example_python_decorator.py
[2026-08-13T12:57:26.164+0000] {logging_mixin.py:188} INFO - [2026-08-13T12:57:26.163+0000] {dag.py:3036} INFO - Sync 1 DAGs
[2026-08-13T12:57:26.205+0000] {logging_mixin.py:188} INFO - [2026-08-13T12:57:26.204+0000] {dag.py:3823} INFO - Setting next_dagrun for example_python_decorator to None, run_after=None
[2026-08-13T12:57:26.257+0000] {processor.py:183} INFO - Processing /home/airflow/.local/lib/python3.8/site-packages/airflow/example_dags/example_python_decorator.py took 0.254 seconds
