[2026-08-13T12:33:26.764+0000] {processor.py:161} INFO - Started process (PID=90) to work on /home/airflow/.local/lib/python3.8/site-packages/airflow/example_dags/example_subdag_operator.py
[2026-08-13T12:33:26.782+0000] {processor.py:830} INFO - Processing file /home/airflow/.local/lib/python3.8/site-packages/airflow/example_dags/example_subdag_operator.py for tasks to queue
[2026-08-13T12:33:26.824+0000] {logging_mixin.py:188} INFO - [2026-08-13T12:33:26.821+0000] {dagbag.py:538} INFO - Filling up the DagBag from /home/airflow/.local/lib/python3.8/site-packages/airflow/example_dags/example_subdag_operator.py
[2026-08-13T12:33:26.889+0000] {processor.py:840} INFO - DAG(s) 'example_subdag_operator.section-1', 'example_subdag_operator.section-2', 'example_subdag_operator' retrieved from /home/airflow/.local/lib/python3.8/site-packages/airflow/example_dags/example_subdag_operator.py
[2026-08-13T12:33:27.411+0000] {logging_mixin.py:188} INFO - [2026-08-13T12:33:27.410+0000] {dag.py:3036} INFO - Sync 3 DAGs
[2026-08-13T12:33:27.542+0000] {logging_mixin.py:188} INFO - [2026-08-13T12:33:27.542+0000] {dag.py:3823} INFO - Setting next_dagrun for example_subdag_operator to 2022-01-01 00:00:00+00:00, run_after=2022-01-01 00:00:00+00:00
[2026-08-13T12:33:27.560+0000] {logging_mixin.py:188} INFO - [2026-08-13T12:33:27.559+0000] {dag.py:3823} INFO - Setting next_dagrun for example_subdag_operator.section-1 to None, run_after=None
[2026-08-13T12:33:27.563+0000] {logging_mixin.py:188} INFO - [2026-08-13T12:33:27.563+0000] {dag.py:3823} INFO - Setting next_dagrun for example_subdag_operator.section-2 to None, run_after=None
[2026-08-13T12:33:27.627+0000] {logging_mixin.py:188} INFO - [2026-08-13T12:33:27.627+0000] {dag.py:3036} INFO - Sync 2 DAGs
[2026-08-13T12:33:27.643+0000] {logging_mixin.py:188} INFO - [2026-08-13T12:33:27.642+0000] {dag.py:3823} INFO - Setting next_dagrun for example_subdag_operator.section-1 to None, run_after=None
[2026-08-13T12:33:27.645+0000] {logging_mixin.py:188} INFO - [2026-08-13T12:33:27.644+0000] {dag.py:3823} INFO - Setting next_dagrun for example_subdag_operator.section-2 to None, run_after=None
[2026-08-13T12:33:27.683+0000] {processor.py:183} INFO - Processing /home/airflow/.local/lib/python3.8/site-packages/airflow/example_dags/example_subdag_operator.py took 0.977 seconds
[2026-08-13T12:33:58.170+0000] {processor.py:161} INFO - Started process (PID=145) to work on /home/airflow/.local/lib/python3.8/site-packages/airflow/example_dags/example_subdag_operator.py
[2026-08-13T12:33:58.172+0000] {processor.py:830} INFO - Processing file /home/airflow/.local/lib/python3.8/site-packages/airflow/example_dags/example_subdag_operator.py for tasks to queue
[2026-08-13T12:33:58.176+0000] {logging_mixin.py:188} INFO - [2026-08-13T12:33:58.175+0000] {dagbag.py:538} INFO - Filling up the DagBag from /home/airflow/.local/lib/python3.8/site-packages/airflow/example_dags/example_subdag_operator.py
[2026-08-13T12:33:58.216+0000] {processor.py:840} INFO - DAG(s) 'example_subdag_operator.section-1', 'example_subdag_operator.section-2', 'example_subdag_operator' retrieved from /home/airflow/.local/lib/python3.8/site-packages/airflow/example_dags/example_subdag_operator.py
[2026-08-13T12:33:58.237+0000] {logging_mixin.py:188} INFO - [2026-08-13T12:33:58.237+0000] {dag.py:3036} INFO - Sync 3 DAGs
[2026-08-13T12:33:58.264+0000] {logging_mixin.py:188} INFO - [2026-08-13T12:33:58.263+0000] {dag.py:3823} INFO - Setting next_dagrun for example_subdag_operator to 2022-01-01 00:00:00+00:00, run_after=2022-01-01 00:00:00+00:00
[2026-08-13T12:33:58.269+0000] {logging_mixin.py:188} INFO - [2026-08-13T12:33:58.269+0000] {dag.py:3823} INFO - Setting next_dagrun for example_subdag_operator.section-1 to None, run_after=None
[2026-08-13T12:33:58.272+0000] {logging_mixin.py:188} INFO - [2026-08-13T12:33:58.271+0000] {dag.py:3823} INFO - Setting next_dagrun for example_subdag_operator.section-2 to None, run_after=None
[2026-08-13T12:33:58.283+0000] {logging_mixin.py:188} INFO - [2026-08-13T12:33:58.283+0000] {dag.py:3036} INFO - Sync 2 DAGs
[2026-08-13T12:33:58.292+0000] {logging_mixin.py:188} INFO - [2026-08-13T12:33:58.291+0000] {dag.py:3823} INFO - Setting next_dagrun for example_subdag_operator.section-1 to None, run_after=None
[2026-08-13T12:33:58.293+0000] {logging_mixin.py:188} INFO - [2026-08-13T12:33:58.292+0000] {dag.py:3823} INFO - Setting next_dagrun for example_subdag_operator.section-2 to None, run_after=None
[2026-08-13T12:33:58.308+0000] {processor.py:183} INFO - Processing /home/airflow/.local/lib/python3.8/site-packages/airflow/example_dags/example_subdag_operator.py took 0.145 seconds
[2026-08-13T12:34:28.439+0000] {processor.py:161} INFO - Started process (PID=200) to work on /home/airflow/.local/lib/python3.8/site-packages/airflow/example_dags/example_subdag_operator.py
[2026-08-13T12:34:28.441+0000] {processor.py:830} INFO - Processing file /home/airflow/.local/lib/python3.8/site-packages/airflow/example_dags/example_subdag_operator.py for tasks to queue
[2026-08-13T12:34:28.444+0000] {logging_mixin.py:188} INFO - [2026-08-13T12:34:28.444+0000] {dagbag.py:538} INFO - Filling up the DagBag from /home/airflow/.local/lib/python3.8/site-packages/airflow/example_dags/example_subdag_operator.py
[2026-08-13T12:34:28.479+0000] {processor.py:840} INFO - DAG(s) 'example_subdag_operator.section-1', 'example_subdag_operator.section-2', 'example_subdag_operator' retrieved from /home/airflow/.local/lib/python3.8/site-packages/airflow/example_dags/example_subdag_operator.py
[2026-08-13T12:34:28.505+0000] {logging_mixin.py:188} INFO - [2026-08-13T12:34:28.505+0000] {dag.py:3036} INFO - Sync 3 DAGs
[2026-08-13T12:34:28.532+0000] {logging_mixin.py:188} INFO - [2026-08-13T12:34:28.531+0000] {dag.py:3823} INFO - Setting next_dagrun for example_subdag_operator to 2022-01-01 00:00:00+00:00, run_after=2022-01-01 00:00:00+00:00
[2026-08-13T12:34:28.536+0000] {logging_mixin.py:188} INFO - [2026-08-13T12:34:28.536+0000] {dag.py:3823} INFO - Setting next_dagrun for example_subdag_operator.section-1 to None, run_after=None
[2026-08-13T12:34:28.539+0000] {logging_mixin.py:188} INFO - [2026-08-13T12:34:28.538+0000] {dag.py:3823} INFO - Setting next_dagrun for example_subdag_operator.section-2 to None, run_after=None
[2026-08-13T12:34:28.552+0000] {logging_mixin.py:188} INFO - [2026-08-13T12:34:28.552+0000] {dag.py:3036} INFO - Sync 2 DAGs
[2026-08-13T12:34:28.566+0000] {logging_mixin.py:188} INFO - [2026-08-13T12:34:28.566+0000] {dag.py:3823} INFO - Setting next_dagrun for example_subdag_operator.section-1 to None, run_after=None
[2026-08-13T12:34:28.568+0000] {logging_mixin.py:188} INFO - [2026-08-13T12:34:28.567+0000] {dag.py:3823} INFO - Setting next_dagrun for example_subdag_operator.section-2 to None, run_after=None
[2026-08-13T12:34:28.585+0000] {processor.py:183} INFO - Processing /home/airflow/.local/lib/python3.8/site-packages/airflow/example_dags/example_subdag_operator.py took 0.151 seconds
[2026-08-13T12:34:58.701+0000] {processor.py:161} INFO - Started process (PID=255) to work on /home/airflow/.local/lib/python3.8/site-packages/airflow/example_dags/example_subdag_operator.py
[2026-08-13T12:34:58.703+0000] {processor.py:830} INFO - Processing file /home/airflow/.local/lib/python3.8/site-packages/airflow/example_dags/example_subdag_operator.py for tasks to queue
[2026-08-13T12:34:58.706+0000] {logging_mixin.py:188} INFO - [2026-08-13T12:34:58.706+0000] {dagbag.py:538} INFO - Filling up the DagBag from /home/airflow/.local/lib/python3.8/site-packages/airflow/example_dags/example_subdag_operator.py
[2026-08-13T12:34:58.739+0000] {processor.py:840} INFO - DAG(s) 'example_subdag_operator.section-1', 'example_subdag_operator.section-2', 'example_subdag_operator' retrieved from /home/airflow/.local/lib/python3.8/site-packages/airflow/example_dags/example_subdag_operator.py
[2026-08-13T12:34:58.762+0000] {logging_mixin.py:188} INFO - [2026-08-13T12:34:58.762+0000] {dag.py:3036} INFO - Sync 3 DAGs
[2026-08-13T12:34:58.794+0000] {logging_mixin.py:188} INFO - [2026-08-13T12:34:58.793+0000] {dag.py:3823} INFO - Setting next_dagrun for example_subdag_operator to 2022-01-01 00:00:00+00:00, run_after=2022-01-01 00:00:00+00:00
[2026-08-13T12:34:58.798+0000] {logging_mixin.py:188} INFO - [2026-08-13T12:34:58.798+0000] {dag.py:3823} INFO - Setting next_dagrun for example_subdag_operator.section-1 to None, run_after=None
[2026-08-13T12:34:58.801+0000] {logging_mixin.py:188} INFO - [2026-08-13T12:34:58.801+0000] {dag.py:3823} INFO - Setting next_dagrun for example_subdag_operator.section-2 to None, run_after=None
[2026-08-13T12:34:58.811+0000] {logging_mixin.py:188} INFO - [2026-08-13T12:34:58.811+0000] {dag.py:3036} INFO - Sync 2 DAGs
[2026-08-13T12:34:58.818+0000] {logging_mixin.py:188} INFO - [2026-08-13T12:34:58.818+0000] {dag.py:3823} INFO - Setting next_dagrun for example_subdag_operator.section-1 to None, run_after=None
[2026-08-13T12:34:58.819+0000] {logging_mixin.py:188} INFO - [2026-08-13T12:34:58.819+0000] {dag.py:3823} INFO - Setting next_dagrun for example_subdag_operator.section-2 to None, run_after=None
[2026-08-13T12:34:58.840+0000] {processor.py:183} INFO - Processing /home/airflow/.local/lib/python3.8/site-packages/airflow/example_dags/example_subdag_operator.py took 0.144 seconds
[2026-08-13T12:35:29.217+0000] {processor.py:161} INFO - Started process (PID=310) to work on /home/airflow/.local/lib/python3.8/site-packages/airflow/example_dags/example_subdag_operator.py
[2026-08-13T12:35:29.219+0000] {processor.py:830} INFO - Processing file /home/airflow/.local/lib/python3.8/site-packages/airflow/example_dags/example_subdag_operator.py for tasks to queue
[2026-08-13T12:35:29.223+0000] {logging_mixin.py:188} INFO - [2026-08-13T12:35:29.223+0000] {dagbag.py:538} INFO - Filling up the DagBag from /home/airflow/.local/lib/python3.8/site-packages/airflow/example_dags/example_subdag_operator.py
[2026-08-13T12:35:29.259+0000] {processor.py:840} INFO - DAG(s) 'example_subdag_operator.section-1', 'example_subdag_operator.section-2', 'example_subdag_operator' retrieved from /home/airflow/.local/lib/python3.8/site-packages/airflow/example_dags/example_subdag_operator.py
[2026-08-13T12:35:29.285+0000] {logging_mixin.py:188} INFO - [2026-08-13T12:35:29.285+0000] {dag.py:3036} INFO - Sync 3 DAGs
[2026-08-13T12:35:29.322+0000] {logging_mixin.py:188} INFO - [2026-08-13T12:35:29.322+0000] {dag.py:3823} INFO - Setting next_dagrun for example_subdag_operator to 2022-01-01 00:00:00+00:00, run_after=2022-01-01 00:00:00+00:00
[2026-08-13T12:35:29.330+0000] {logging_mixin.py:188} INFO - [2026-08-13T12:35:29.330+0000] {dag.py:3823} INFO - Setting next_dagrun for example_subdag_operator.section-1 to None, run_after=None
[2026-08-13T12:35:29.335+0000] {logging_mixin.py:188} INFO - [2026-08-13T12:35:29.334+0000] {dag.py:3823} INFO - Setting next_dagrun for example_subdag_operator.section-2 to None, run_after=None
[2026-08-13T12:35:29.350+0000] {logging_mixin.py:188} INFO - [2026-08-13T12:35:29.349+0000] {dag.py:3036} INFO - Sync 2 DAGs
[2026-08-13T12:35:29.364+0000] {logging_mixin.py:188} INFO - [2026-08-13T12:35:29.364+0000] {dag.py:3823} INFO - Setting next_dagrun for example_subdag_operator.section-1 to None, run_after=None
[2026-08-13T12:35:29.368+0000] {logging_mixin.py:188} INFO - [2026-08-13T12:35:29.366+0000] {dag.py:3823} INFO - Setting next_dagrun for example_subdag_operator.section-2 to None, run_after=None
[2026-08-13T12:35:29.390+0000] {processor.py:183} INFO - Processing /home/airflow/.local/lib/python3.8/site-packages/airflow/example_dags/example_subdag_operator.py took 0.179 seconds
[2026-08-13T12:35:59.488+0000] {processor.py:161} INFO - Started process (PID=365) to work on /home/airflow/.local/lib/python3.8/site-packages/airflow/example_dags/example_subdag_operator.py
[2026-08-13T12:35:59.490+0000] {processor.py:830} INFO - Processing file /home/airflow/.local/lib/python3.8/site-packages/airflow/example_dags/example_subdag_operator.py for tasks to queue
[2026-08-13T12:35:59.493+0000] {logging_mixin.py:188} INFO - [2026-08-13T12:35:59.493+0000] {dagbag.py:538} INFO - Filling up the DagBag from /home/airflow/.local/lib/python3.8/site-packages/airflow/example_dags/example_subdag_operator.py
[2026-08-13T12:35:59.530+0000] {processor.py:840} INFO - DAG(s) 'example_subdag_operator.section-1', 'example_subdag_operator.section-2', 'example_subdag_operator' retrieved from /home/airflow/.local/lib/python3.8/site-packages/airflow/example_dags/example_subdag_operator.py
[2026-08-13T12:35:59.553+0000] {logging_mixin.py:188} INFO - [2026-08-13T12:35:59.553+0000] {dag.py:3036} INFO - Sync 3 DAGs
[2026-08-13T12:35:59.584+0000] {logging_mixin.py:188} INFO - [2026-08-13T12:35:59.584+0000] {dag.py:3823} INFO - Setting next_dagrun for example_subdag_operator to 2022-01-01 00:00:00+00:00, run_after=2022-01-01 00:00:00+00:00
[2026-08-13T12:35:59.589+0000] {logging_mixin.py:188} INFO - [2026-08-13T12:35:59.589+0000] {dag.py:3823} INFO - Setting next_dagrun for example_subdag_operator.section-1 to None, run_after=None
[2026-08-13T12:35:59.591+0000] {logging_mixin.py:188} INFO - [2026-08-13T12:35:59.591+0000] {dag.py:3823} INFO - Setting next_dagrun for example_subdag_operator.section-2 to None, run_after=None
[2026-08-13T12:35:59.602+0000] {logging_mixin.py:188} INFO - [2026-08-13T12:35:59.601+0000] {dag.py:3036} INFO - Sync 2 DAGs
[2026-08-13T12:35:59.611+0000] {logging_mixin.py:188} INFO - [2026-08-13T12:35:59.611+0000] {dag.py:3823} INFO - Setting next_dagrun for example_subdag_operator.section-1 to None, run_after=None
[2026-08-13T12:35:59.612+0000] {logging_mixin.py:188} INFO - [2026-08-13T12:35:59.612+0000] {dag.py:3823} INFO - Setting next_dagrun for example_subdag_operator.section-2 to None, run_after=None
[2026-08-13T12:35:59.630+0000] {processor.py:183} INFO - Processing /home/airflow/.local/lib/python3.8/site-packages/airflow/example_dags/example_subdag_operator.py took 0.147 seconds
[2026-08-13T12:36:29.997+0000] {processor.py:161} INFO - Started process (PID=420) to work on /home/airflow/.local/lib/python3.8/site-packages/airflow/example_dags/example_subdag_operator.py
[2026-08-13T12:36:29.999+0000] {processor.py:830} INFO - Processing file /home/airflow/.local/lib/python3.8/site-packages/airflow/example_dags/example_subdag_operator.py for tasks to queue
[2026-08-13T12:36:30.003+0000] {logging_mixin.py:188} INFO - [2026-08-13T12:36:30.003+0000] {dagbag.py:538} INFO - Filling up the DagBag from /home/airflow/.local/lib/python3.8/site-packages/airflow/example_dags/example_subdag_operator.py
[2026-08-13T12:36:30.051+0000] {processor.py:840} INFO - DAG(s) 'example_subdag_operator.section-1', 'example_subdag_operator.section-2', 'example_subdag_operator' retrieved from /home/airflow/.local/lib/python3.8/site-packages/airflow/example_dags/example_subdag_operator.py
[2026-08-13T12:36:30.073+0000] {logging_mixin.py:188} INFO - [2026-08-13T12:36:30.073+0000] {dag.py:3036} INFO - Sync 3 DAGs
[2026-08-13T12:36:30.104+0000] {logging_mixin.py:188} INFO - [2026-08-13T12:36:30.104+0000] {dag.py:3823} INFO - Setting next_dagrun for example_subdag_operator to 2022-01-01 00:00:00+00:00, run_after=2022-01-01 00:00:00+00:00
[2026-08-13T12:36:30.108+0000] {logging_mixin.py:188} INFO - [2026-08-13T12:36:30.108+0000] {dag.py:3823} INFO - Setting next_dagrun for example_subdag_operator.section-1 to None, run_after=None
[2026-08-13T12:36:30.111+0000] {logging_mixin.py:188} INFO - [2026-08-13T12:36:30.111+0000] {dag.py:3823} INFO - Setting next_dagrun for example_subdag_operator.section-2 to None, run_after=None
[2026-08-13T12:36:30.124+0000] {logging_mixin.py:188} INFO - [2026-08-13T12:36:30.124+0000] {dag.py:3036} INFO - Sync 2 DAGs
[2026-08-13T12:36:30.134+0000] {logging_mixin.py:188} INFO - [2026-08-13T12:36:30.134+0000] {dag.py:3823} INFO - Setting next_dagrun for example_subdag_operator.section-1 to None, run_after=None
[2026-08-13T12:36:30.135+0000] {logging_mixin.py:188} INFO - [2026-08-13T12:36:30.135+0000] {dag.py:3823} INFO - Setting next_dagrun for example_subdag_operator.section-2 to None, run_after=None
[2026-08-13T12:36:30.155+0000] {processor.py:183} INFO - Processing /home/airflow/.local/lib/python3.8/site-packages/airflow/example_dags/example_subdag_operator.py took 0.165 seconds
[2026-08-13T12:41:42.426+0000] {processor.py:161} INFO - Started process (PID=112) to work on /home/airflow/.local/lib/python3.8/site-packages/airflow/example_dags/example_subdag_operator.py
[2026-08-13T12:41:42.441+0000] {processor.py:830} INFO - Processing file /home/airflow/.local/lib/python3.8/site-packages/airflow/example_dags/example_subdag_operator.py for tasks to queue
[2026-08-13T12:41:42.458+0000] {logging_mixin.py:188} INFO - [2026-08-13T12:41:42.457+0000] {dagbag.py:538} INFO - Filling up the DagBag from /home/airflow/.local/lib/python3.8/site-packages/airflow/example_dags/example_subdag_operator.py
[2026-08-13T12:41:42.616+0000] {processor.py:840} INFO - DAG(s) 'example_subdag_operator.section-1', 'example_subdag_operator.section-2', 'example_subdag_operator' retrieved from /home/airflow/.local/lib/python3.8/site-packages/airflow/example_dags/example_subdag_operator.py
[2026-08-13T12:41:43.906+0000] {logging_mixin.py:188} INFO - [2026-08-13T12:41:43.906+0000] {dag.py:3036} INFO - Sync 3 DAGs
[2026-08-13T12:41:44.005+0000] {logging_mixin.py:188} INFO - [2026-08-13T12:41:44.004+0000] {dag.py:3823} INFO - Setting next_dagrun for example_subdag_operator to 2022-01-01 00:00:00+00:00, run_after=2022-01-01 00:00:00+00:00
[2026-08-13T12:41:44.024+0000] {logging_mixin.py:188} INFO - [2026-08-13T12:41:44.024+0000] {dag.py:3823} INFO - Setting next_dagrun for example_subdag_operator.section-1 to None, run_after=None
[2026-08-13T12:41:44.033+0000] {logging_mixin.py:188} INFO - [2026-08-13T12:41:44.032+0000] {dag.py:3823} INFO - Setting next_dagrun for example_subdag_operator.section-2 to None, run_after=None
[2026-08-13T12:41:44.142+0000] {logging_mixin.py:188} INFO - [2026-08-13T12:41:44.141+0000] {dag.py:3036} INFO - Sync 2 DAGs
[2026-08-13T12:41:44.168+0000] {logging_mixin.py:188} INFO - [2026-08-13T12:41:44.168+0000] {dag.py:3823} INFO - Setting next_dagrun for example_subdag_operator.section-1 to None, run_after=None
[2026-08-13T12:41:44.173+0000] {logging_mixin.py:188} INFO - [2026-08-13T12:41:44.172+0000] {dag.py:3823} INFO - Setting next_dagrun for example_subdag_operator.section-2 to None, run_after=None
[2026-08-13T12:41:44.222+0000] {processor.py:183} INFO - Processing /home/airflow/.local/lib/python3.8/site-packages/airflow/example_dags/example_subdag_operator.py took 1.825 seconds
[2026-08-13T12:42:17.952+0000] {processor.py:161} INFO - Started process (PID=174) to work on /home/airflow/.local/lib/python3.8/site-packages/airflow/example_dags/example_subdag_operator.py
[2026-08-13T12:42:17.970+0000] {processor.py:830} INFO - Processing file /home/airflow/.local/lib/python3.8/site-packages/airflow/example_dags/example_subdag_operator.py for tasks to queue
[2026-08-13T12:42:17.989+0000] {logging_mixin.py:188} INFO - [2026-08-13T12:42:17.988+0000] {dagbag.py:538} INFO - Filling up the DagBag from /home/airflow/.local/lib/python3.8/site-packages/airflow/example_dags/example_subdag_operator.py
[2026-08-13T12:42:18.249+0000] {processor.py:840} INFO - DAG(s) 'example_subdag_operator.section-1', 'example_subdag_operator.section-2', 'example_subdag_operator' retrieved from /home/airflow/.local/lib/python3.8/site-packages/airflow/example_dags/example_subdag_operator.py
[2026-08-13T12:42:18.701+0000] {logging_mixin.py:188} INFO - [2026-08-13T12:42:18.700+0000] {dag.py:3036} INFO - Sync 3 DAGs
[2026-08-13T12:42:19.291+0000] {logging_mixin.py:188} INFO - [2026-08-13T12:42:19.290+0000] {dag.py:3823} INFO - Setting next_dagrun for example_subdag_operator to 2022-01-01 00:00:00+00:00, run_after=2022-01-01 00:00:00+00:00
[2026-08-13T12:42:19.378+0000] {logging_mixin.py:188} INFO - [2026-08-13T12:42:19.375+0000] {dag.py:3823} INFO - Setting next_dagrun for example_subdag_operator.section-1 to None, run_after=None
[2026-08-13T12:42:19.395+0000] {logging_mixin.py:188} INFO - [2026-08-13T12:42:19.394+0000] {dag.py:3823} INFO - Setting next_dagrun for example_subdag_operator.section-2 to None, run_after=None
[2026-08-13T12:42:19.467+0000] {logging_mixin.py:188} INFO - [2026-08-13T12:42:19.466+0000] {dag.py:3036} INFO - Sync 2 DAGs
[2026-08-13T12:42:19.507+0000] {logging_mixin.py:188} INFO - [2026-08-13T12:42:19.507+0000] {dag.py:3823} INFO - Setting next_dagrun for example_subdag_operator.section-1 to None, run_after=None
[2026-08-13T12:42:19.510+0000] {logging_mixin.py:188} INFO - [2026-08-13T12:42:19.509+0000] {dag.py:3823} INFO - Setting next_dagrun for example_subdag_operator.section-2 to None, run_after=None
[2026-08-13T12:42:19.586+0000] {processor.py:183} INFO - Processing /home/airflow/.local/lib/python3.8/site-packages/airflow/example_dags/example_subdag_operator.py took 1.668 seconds
[2026-08-13T12:45:41.443+0000] {processor.py:161} INFO - Started process (PID=100) to work on /home/airflow/.local/lib/python3.8/site-packages/airflow/example_dags/example_subdag_operator.py
[2026-08-13T12:45:41.447+0000] {processor.py:830} INFO - Processing file /home/airflow/.local/lib/python3.8/site-packages/airflow/example_dags/example_subdag_operator.py for tasks to queue
[2026-08-13T12:45:41.457+0000] {logging_mixin.py:188} INFO - [2026-08-13T12:45:41.456+0000] {dagbag.py:538} INFO - Filling up the DagBag from /home/airflow/.local/lib/python3.8/site-packages/airflow/example_dags/example_subdag_operator.py
[2026-08-13T12:45:41.590+0000] {processor.py:840} INFO - DAG(s) 'example_subdag_operator.section-1', 'example_subdag_operator.section-2', 'example_subdag_operator' retrieved from /home/airflow/.local/lib/python3.8/site-packages/airflow/example_dags/example_subdag_operator.py
[2026-08-13T12:45:42.191+0000] {logging_mixin.py:188} INFO - [2026-08-13T12:45:42.190+0000] {dag.py:3036} INFO - Sync 3 DAGs
[2026-08-13T12:45:42.318+0000] {logging_mixin.py:188} INFO - [2026-08-13T12:45:42.317+0000] {dag.py:3823} INFO - Setting next_dagrun for example_subdag_operator to 2022-01-01 00:00:00+00:00, run_after=2022-01-01 00:00:00+00:00
[2026-08-13T12:45:42.345+0000] {logging_mixin.py:188} INFO - [2026-08-13T12:45:42.345+0000] {dag.py:3823} INFO - Setting next_dagrun for example_subdag_operator.section-1 to None, run_after=None
[2026-08-13T12:45:42.357+0000] {logging_mixin.py:188} INFO - [2026-08-13T12:45:42.356+0000] {dag.py:3823} INFO - Setting next_dagrun for example_subdag_operator.section-2 to None, run_after=None
[2026-08-13T12:45:42.402+0000] {logging_mixin.py:188} INFO - [2026-08-13T12:45:42.401+0000] {dag.py:3036} INFO - Sync 2 DAGs
[2026-08-13T12:45:42.423+0000] {logging_mixin.py:188} INFO - [2026-08-13T12:45:42.422+0000] {dag.py:3823} INFO - Setting next_dagrun for example_subdag_operator.section-1 to None, run_after=None
[2026-08-13T12:45:42.433+0000] {logging_mixin.py:188} INFO - [2026-08-13T12:45:42.432+0000] {dag.py:3823} INFO - Setting next_dagrun for example_subdag_operator.section-2 to None, run_after=None
[2026-08-13T12:45:42.523+0000] {processor.py:183} INFO - Processing /home/airflow/.local/lib/python3.8/site-packages/airflow/example_dags/example_subdag_operator.py took 1.100 seconds
[2026-08-13T12:46:15.161+0000] {processor.py:161} INFO - Started process (PID=155) to work on /home/airflow/.local/lib/python3.8/site-packages/airflow/example_dags/example_subdag_operator.py
[2026-08-13T12:46:15.165+0000] {processor.py:830} INFO - Processing file /home/airflow/.local/lib/python3.8/site-packages/airflow/example_dags/example_subdag_operator.py for tasks to queue
[2026-08-13T12:46:15.174+0000] {logging_mixin.py:188} INFO - [2026-08-13T12:46:15.173+0000] {dagbag.py:538} INFO - Filling up the DagBag from /home/airflow/.local/lib/python3.8/site-packages/airflow/example_dags/example_subdag_operator.py
[2026-08-13T12:46:15.256+0000] {processor.py:840} INFO - DAG(s) 'example_subdag_operator.section-1', 'example_subdag_operator.section-2', 'example_subdag_operator' retrieved from /home/airflow/.local/lib/python3.8/site-packages/airflow/example_dags/example_subdag_operator.py
[2026-08-13T12:46:15.301+0000] {logging_mixin.py:188} INFO - [2026-08-13T12:46:15.300+0000] {dag.py:3036} INFO - Sync 3 DAGs
[2026-08-13T12:46:15.363+0000] {logging_mixin.py:188} INFO - [2026-08-13T12:46:15.362+0000] {dag.py:3823} INFO - Setting next_dagrun for example_subdag_operator to 2022-01-01 00:00:00+00:00, run_after=2022-01-01 00:00:00+00:00
[2026-08-13T12:46:15.375+0000] {logging_mixin.py:188} INFO - [2026-08-13T12:46:15.375+0000] {dag.py:3823} INFO - Setting next_dagrun for example_subdag_operator.section-1 to None, run_after=None
[2026-08-13T12:46:15.380+0000] {logging_mixin.py:188} INFO - [2026-08-13T12:46:15.380+0000] {dag.py:3823} INFO - Setting next_dagrun for example_subdag_operator.section-2 to None, run_after=None
[2026-08-13T12:46:15.404+0000] {logging_mixin.py:188} INFO - [2026-08-13T12:46:15.404+0000] {dag.py:3036} INFO - Sync 2 DAGs
[2026-08-13T12:46:15.419+0000] {logging_mixin.py:188} INFO - [2026-08-13T12:46:15.419+0000] {dag.py:3823} INFO - Setting next_dagrun for example_subdag_operator.section-1 to None, run_after=None
[2026-08-13T12:46:15.421+0000] {logging_mixin.py:188} INFO - [2026-08-13T12:46:15.421+0000] {dag.py:3823} INFO - Setting next_dagrun for example_subdag_operator.section-2 to None, run_after=None
[2026-08-13T12:46:15.460+0000] {processor.py:183} INFO - Processing /home/airflow/.local/lib/python3.8/site-packages/airflow/example_dags/example_subdag_operator.py took 0.308 seconds
[2026-08-13T12:46:46.370+0000] {processor.py:161} INFO - Started process (PID=208) to work on /home/airflow/.local/lib/python3.8/site-packages/airflow/example_dags/example_subdag_operator.py
[2026-08-13T12:46:46.372+0000] {processor.py:830} INFO - Processing file /home/airflow/.local/lib/python3.8/site-packages/airflow/example_dags/example_subdag_operator.py for tasks to queue
[2026-08-13T12:46:46.376+0000] {logging_mixin.py:188} INFO - [2026-08-13T12:46:46.376+0000] {dagbag.py:538} INFO - Filling up the DagBag from /home/airflow/.local/lib/python3.8/site-packages/airflow/example_dags/example_subdag_operator.py
[2026-08-13T12:46:46.432+0000] {processor.py:840} INFO - DAG(s) 'example_subdag_operator.section-1', 'example_subdag_operator.section-2', 'example_subdag_operator' retrieved from /home/airflow/.local/lib/python3.8/site-packages/airflow/example_dags/example_subdag_operator.py
[2026-08-13T12:46:46.480+0000] {logging_mixin.py:188} INFO - [2026-08-13T12:46:46.479+0000] {dag.py:3036} INFO - Sync 3 DAGs
[2026-08-13T12:46:46.544+0000] {logging_mixin.py:188} INFO - [2026-08-13T12:46:46.543+0000] {dag.py:3823} INFO - Setting next_dagrun for example_subdag_operator to 2022-01-01 00:00:00+00:00, run_after=2022-01-01 00:00:00+00:00
[2026-08-13T12:46:46.551+0000] {logging_mixin.py:188} INFO - [2026-08-13T12:46:46.551+0000] {dag.py:3823} INFO - Setting next_dagrun for example_subdag_operator.section-1 to None, run_after=None
[2026-08-13T12:46:46.554+0000] {logging_mixin.py:188} INFO - [2026-08-13T12:46:46.554+0000] {dag.py:3823} INFO - Setting next_dagrun for example_subdag_operator.section-2 to None, run_after=None
[2026-08-13T12:46:46.571+0000] {logging_mixin.py:188} INFO - [2026-08-13T12:46:46.571+0000] {dag.py:3036} INFO - Sync 2 DAGs
[2026-08-13T12:46:46.582+0000] {logging_mixin.py:188} INFO - [2026-08-13T12:46:46.581+0000] {dag.py:3823} INFO - Setting next_dagrun for example_subdag_operator.section-1 to None, run_after=None
[2026-08-13T12:46:46.583+0000] {logging_mixin.py:188} INFO - [2026-08-13T12:46:46.583+0000] {dag.py:3823} INFO - Setting next_dagrun for example_subdag_operator.section-2 to None, run_after=None
[2026-08-13T12:46:46.607+0000] {processor.py:183} INFO - Processing /home/airflow/.local/lib/python3.8/site-packages/airflow/example_dags/example_subdag_operator.py took 0.246 seconds
[2026-08-13T12:47:16.906+0000] {processor.py:161} INFO - Started process (PID=264) to work on /home/airflow/.local/lib/python3.8/site-packages/airflow/example_dags/example_subdag_operator.py
[2026-08-13T12:47:16.909+0000] {processor.py:830} INFO - Processing file /home/airflow/.local/lib/python3.8/site-packages/airflow/example_dags/example_subdag_operator.py for tasks to queue
[2026-08-13T12:47:16.915+0000] {logging_mixin.py:188} INFO - [2026-08-13T12:47:16.914+0000] {dagbag.py:538} INFO - Filling up the DagBag from /home/airflow/.local/lib/python3.8/site-packages/airflow/example_dags/example_subdag_operator.py
[2026-08-13T12:47:16.976+0000] {processor.py:840} INFO - DAG(s) 'example_subdag_operator.section-1', 'example_subdag_operator.section-2', 'example_subdag_operator' retrieved from /home/airflow/.local/lib/python3.8/site-packages/airflow/example_dags/example_subdag_operator.py
[2026-08-13T12:47:17.009+0000] {logging_mixin.py:188} INFO - [2026-08-13T12:47:17.008+0000] {dag.py:3036} INFO - Sync 3 DAGs
[2026-08-13T12:47:17.056+0000] {logging_mixin.py:188} INFO - [2026-08-13T12:47:17.054+0000] {dag.py:3823} INFO - Setting next_dagrun for example_subdag_operator to 2022-01-01 00:00:00+00:00, run_after=2022-01-01 00:00:00+00:00
[2026-08-13T12:47:17.063+0000] {logging_mixin.py:188} INFO - [2026-08-13T12:47:17.063+0000] {dag.py:3823} INFO - Setting next_dagrun for example_subdag_operator.section-1 to None, run_after=None
[2026-08-13T12:47:17.068+0000] {logging_mixin.py:188} INFO - [2026-08-13T12:47:17.068+0000] {dag.py:3823} INFO - Setting next_dagrun for example_subdag_operator.section-2 to None, run_after=None
[2026-08-13T12:47:17.081+0000] {logging_mixin.py:188} INFO - [2026-08-13T12:47:17.081+0000] {dag.py:3036} INFO - Sync 2 DAGs
[2026-08-13T12:47:17.092+0000] {logging_mixin.py:188} INFO - [2026-08-13T12:47:17.092+0000] {dag.py:3823} INFO - Setting next_dagrun for example_subdag_operator.section-1 to None, run_after=None
[2026-08-13T12:47:17.093+0000] {logging_mixin.py:188} INFO - [2026-08-13T12:47:17.093+0000] {dag.py:3823} INFO - Setting next_dagrun for example_subdag_operator.section-2 to None, run_after=None
[2026-08-13T12:47:17.118+0000] {processor.py:183} INFO - Processing /home/airflow/.local/lib/python3.8/site-packages/airflow/example_dags/example_subdag_operator.py took 0.221 seconds
[2026-08-13T12:47:47.460+0000] {processor.py:161} INFO - Started process (PID=319) to work on /home/airflow/.local/lib/python3.8/site-packages/airflow/example_dags/example_subdag_operator.py
[2026-08-13T12:47:47.463+0000] {processor.py:830} INFO - Processing file /home/airflow/.local/lib/python3.8/site-packages/airflow/example_dags/example_subdag_operator.py for tasks to queue
[2026-08-13T12:47:47.468+0000] {logging_mixin.py:188} INFO - [2026-08-13T12:47:47.467+0000] {dagbag.py:538} INFO - Filling up the DagBag from /home/airflow/.local/lib/python3.8/site-packages/airflow/example_dags/example_subdag_operator.py
[2026-08-13T12:47:47.556+0000] {processor.py:840} INFO - DAG(s) 'example_subdag_operator.section-1', 'example_subdag_operator.section-2', 'example_subdag_operator' retrieved from /home/airflow/.local/lib/python3.8/site-packages/airflow/example_dags/example_subdag_operator.py
[2026-08-13T12:47:47.620+0000] {logging_mixin.py:188} INFO - [2026-08-13T12:47:47.619+0000] {dag.py:3036} INFO - Sync 3 DAGs
[2026-08-13T12:47:47.718+0000] {logging_mixin.py:188} INFO - [2026-08-13T12:47:47.717+0000] {dag.py:3823} INFO - Setting next_dagrun for example_subdag_operator to 2022-01-01 00:00:00+00:00, run_after=2022-01-01 00:00:00+00:00
[2026-08-13T12:47:47.735+0000] {logging_mixin.py:188} INFO - [2026-08-13T12:47:47.735+0000] {dag.py:3823} INFO - Setting next_dagrun for example_subdag_operator.section-1 to None, run_after=None
[2026-08-13T12:47:47.739+0000] {logging_mixin.py:188} INFO - [2026-08-13T12:47:47.738+0000] {dag.py:3823} INFO - Setting next_dagrun for example_subdag_operator.section-2 to None, run_after=None
[2026-08-13T12:47:47.754+0000] {logging_mixin.py:188} INFO - [2026-08-13T12:47:47.754+0000] {dag.py:3036} INFO - Sync 2 DAGs
[2026-08-13T12:47:47.767+0000] {logging_mixin.py:188} INFO - [2026-08-13T12:47:47.767+0000] {dag.py:3823} INFO - Setting next_dagrun for example_subdag_operator.section-1 to None, run_after=None
[2026-08-13T12:47:47.769+0000] {logging_mixin.py:188} INFO - [2026-08-13T12:47:47.768+0000] {dag.py:3823} INFO - Setting next_dagrun for example_subdag_operator.section-2 to None, run_after=None
[2026-08-13T12:47:47.797+0000] {processor.py:183} INFO - Processing /home/airflow/.local/lib/python3.8/site-packages/airflow/example_dags/example_subdag_operator.py took 0.346 seconds
[2026-08-13T12:48:18.177+0000] {processor.py:161} INFO - Started process (PID=373) to work on /home/airflow/.local/lib/python3.8/site-packages/airflow/example_dags/example_subdag_operator.py
[2026-08-13T12:48:18.178+0000] {processor.py:830} INFO - Processing file /home/airflow/.local/lib/python3.8/site-packages/airflow/example_dags/example_subdag_operator.py for tasks to queue
[2026-08-13T12:48:18.185+0000] {logging_mixin.py:188} INFO - [2026-08-13T12:48:18.185+0000] {dagbag.py:538} INFO - Filling up the DagBag from /home/airflow/.local/lib/python3.8/site-packages/airflow/example_dags/example_subdag_operator.py
[2026-08-13T12:48:18.235+0000] {processor.py:840} INFO - DAG(s) 'example_subdag_operator.section-1', 'example_subdag_operator.section-2', 'example_subdag_operator' retrieved from /home/airflow/.local/lib/python3.8/site-packages/airflow/example_dags/example_subdag_operator.py
[2026-08-13T12:48:18.259+0000] {logging_mixin.py:188} INFO - [2026-08-13T12:48:18.258+0000] {dag.py:3036} INFO - Sync 3 DAGs
[2026-08-13T12:48:18.308+0000] {logging_mixin.py:188} INFO - [2026-08-13T12:48:18.308+0000] {dag.py:3823} INFO - Setting next_dagrun for example_subdag_operator to 2022-01-01 00:00:00+00:00, run_after=2022-01-01 00:00:00+00:00
[2026-08-13T12:48:18.317+0000] {logging_mixin.py:188} INFO - [2026-08-13T12:48:18.316+0000] {dag.py:3823} INFO - Setting next_dagrun for example_subdag_operator.section-1 to None, run_after=None
[2026-08-13T12:48:18.320+0000] {logging_mixin.py:188} INFO - [2026-08-13T12:48:18.320+0000] {dag.py:3823} INFO - Setting next_dagrun for example_subdag_operator.section-2 to None, run_after=None
[2026-08-13T12:48:18.337+0000] {logging_mixin.py:188} INFO - [2026-08-13T12:48:18.336+0000] {dag.py:3036} INFO - Sync 2 DAGs
[2026-08-13T12:48:18.350+0000] {logging_mixin.py:188} INFO - [2026-08-13T12:48:18.349+0000] {dag.py:3823} INFO - Setting next_dagrun for example_subdag_operator.section-1 to None, run_after=None
[2026-08-13T12:48:18.351+0000] {logging_mixin.py:188} INFO - [2026-08-13T12:48:18.351+0000] {dag.py:3823} INFO - Setting next_dagrun for example_subdag_operator.section-2 to None, run_after=None
[2026-08-13T12:48:18.379+0000] {processor.py:183} INFO - Processing /home/airflow/.local/lib/python3.8/site-packages/airflow/example_dags/example_subdag_operator.py took 0.208 seconds
[2026-08-13T12:48:49.196+0000] {processor.py:161} INFO - Started process (PID=429) to work on /home/airflow/.local/lib/python3.8/site-packages/airflow/example_dags/example_subdag_operator.py
[2026-08-13T12:48:49.198+0000] {processor.py:830} INFO - Processing file /home/airflow/.local/lib/python3.8/site-packages/airflow/example_dags/example_subdag_operator.py for tasks to queue
[2026-08-13T12:48:49.202+0000] {logging_mixin.py:188} INFO - [2026-08-13T12:48:49.201+0000] {dagbag.py:538} INFO - Filling up the DagBag from /home/airflow/.local/lib/python3.8/site-packages/airflow/example_dags/example_subdag_operator.py
[2026-08-13T12:48:49.232+0000] {processor.py:840} INFO - DAG(s) 'example_subdag_operator.section-1', 'example_subdag_operator.section-2', 'example_subdag_operator' retrieved from /home/airflow/.local/lib/python3.8/site-packages/airflow/example_dags/example_subdag_operator.py
[2026-08-13T12:48:49.253+0000] {logging_mixin.py:188} INFO - [2026-08-13T12:48:49.253+0000] {dag.py:3036} INFO - Sync 3 DAGs
[2026-08-13T12:48:49.283+0000] {logging_mixin.py:188} INFO - [2026-08-13T12:48:49.282+0000] {dag.py:3823} INFO - Setting next_dagrun for example_subdag_operator to 2022-01-01 00:00:00+00:00, run_after=2022-01-01 00:00:00+00:00
[2026-08-13T12:48:49.289+0000] {logging_mixin.py:188} INFO - [2026-08-13T12:48:49.289+0000] {dag.py:3823} INFO - Setting next_dagrun for example_subdag_operator.section-1 to None, run_after=None
[2026-08-13T12:48:49.292+0000] {logging_mixin.py:188} INFO - [2026-08-13T12:48:49.292+0000] {dag.py:3823} INFO - Setting next_dagrun for example_subdag_operator.section-2 to None, run_after=None
[2026-08-13T12:48:49.306+0000] {logging_mixin.py:188} INFO - [2026-08-13T12:48:49.306+0000] {dag.py:3036} INFO - Sync 2 DAGs
[2026-08-13T12:48:49.318+0000] {logging_mixin.py:188} INFO - [2026-08-13T12:48:49.318+0000] {dag.py:3823} INFO - Setting next_dagrun for example_subdag_operator.section-1 to None, run_after=None
[2026-08-13T12:48:49.319+0000] {logging_mixin.py:188} INFO - [2026-08-13T12:48:49.319+0000] {dag.py:3823} INFO - Setting next_dagrun for example_subdag_operator.section-2 to None, run_after=None
[2026-08-13T12:48:49.352+0000] {processor.py:183} INFO - Processing /home/airflow/.local/lib/python3.8/site-packages/airflow/example_dags/example_subdag_operator.py took 0.161 seconds
[2026-08-13T12:49:20.224+0000] {processor.py:161} INFO - Started process (PID=484) to work on /home/airflow/.local/lib/python3.8/site-packages/airflow/example_dags/example_subdag_operator.py
[2026-08-13T12:49:20.227+0000] {processor.py:830} INFO - Processing file /home/airflow/.local/lib/python3.8/site-packages/airflow/example_dags/example_subdag_operator.py for tasks to queue
[2026-08-13T12:49:20.234+0000] {logging_mixin.py:188} INFO - [2026-08-13T12:49:20.233+0000] {dagbag.py:538} INFO - Filling up the DagBag from /home/airflow/.local/lib/python3.8/site-packages/airflow/example_dags/example_subdag_operator.py
[2026-08-13T12:49:20.386+0000] {processor.py:840} INFO - DAG(s) 'example_subdag_operator.section-1', 'example_subdag_operator.section-2', 'example_subdag_operator' retrieved from /home/airflow/.local/lib/python3.8/site-packages/airflow/example_dags/example_subdag_operator.py
[2026-08-13T12:49:20.465+0000] {logging_mixin.py:188} INFO - [2026-08-13T12:49:20.463+0000] {dag.py:3036} INFO - Sync 3 DAGs
[2026-08-13T12:49:20.556+0000] {logging_mixin.py:188} INFO - [2026-08-13T12:49:20.555+0000] {dag.py:3823} INFO - Setting next_dagrun for example_subdag_operator to 2022-01-01 00:00:00+00:00, run_after=2022-01-01 00:00:00+00:00
[2026-08-13T12:49:20.567+0000] {logging_mixin.py:188} INFO - [2026-08-13T12:49:20.566+0000] {dag.py:3823} INFO - Setting next_dagrun for example_subdag_operator.section-1 to None, run_after=None
[2026-08-13T12:49:20.573+0000] {logging_mixin.py:188} INFO - [2026-08-13T12:49:20.572+0000] {dag.py:3823} INFO - Setting next_dagrun for example_subdag_operator.section-2 to None, run_after=None
[2026-08-13T12:49:20.599+0000] {logging_mixin.py:188} INFO - [2026-08-13T12:49:20.598+0000] {dag.py:3036} INFO - Sync 2 DAGs
[2026-08-13T12:49:20.613+0000] {logging_mixin.py:188} INFO - [2026-08-13T12:49:20.613+0000] {dag.py:3823} INFO - Setting next_dagrun for example_subdag_operator.section-1 to None, run_after=None
[2026-08-13T12:49:20.615+0000] {logging_mixin.py:188} INFO - [2026-08-13T12:49:20.615+0000] {dag.py:3823} INFO - Setting next_dagrun for example_subdag_operator.section-2 to None, run_after=None
[2026-08-13T12:49:20.642+0000] {processor.py:183} INFO - Processing /home/airflow/.local/lib/python3.8/site-packages/airflow/example_dags/example_subdag_operator.py took 0.436 seconds
[2026-08-13T12:49:50.983+0000] {processor.py:161} INFO - Started process (PID=539) to work on /home/airflow/.local/lib/python3.8/site-packages/airflow/example_dags/example_subdag_operator.py
[2026-08-13T12:49:50.998+0000] {processor.py:830} INFO - Processing file /home/airflow/.local/lib/python3.8/site-packages/airflow/example_dags/example_subdag_operator.py for tasks to queue
[2026-08-13T12:49:51.013+0000] {logging_mixin.py:188} INFO - [2026-08-13T12:49:51.011+0000] {dagbag.py:538} INFO - Filling up the DagBag from /home/airflow/.local/lib/python3.8/site-packages/airflow/example_dags/example_subdag_operator.py
[2026-08-13T12:49:51.226+0000] {processor.py:840} INFO - DAG(s) 'example_subdag_operator.section-1', 'example_subdag_operator.section-2', 'example_subdag_operator' retrieved from /home/airflow/.local/lib/python3.8/site-packages/airflow/example_dags/example_subdag_operator.py
[2026-08-13T12:49:51.343+0000] {logging_mixin.py:188} INFO - [2026-08-13T12:49:51.341+0000] {dag.py:3036} INFO - Sync 3 DAGs
[2026-08-13T12:49:51.570+0000] {logging_mixin.py:188} INFO - [2026-08-13T12:49:51.569+0000] {dag.py:3823} INFO - Setting next_dagrun for example_subdag_operator to 2022-01-01 00:00:00+00:00, run_after=2022-01-01 00:00:00+00:00
[2026-08-13T12:49:51.625+0000] {logging_mixin.py:188} INFO - [2026-08-13T12:49:51.624+0000] {dag.py:3823} INFO - Setting next_dagrun for example_subdag_operator.section-1 to None, run_after=None
[2026-08-13T12:49:51.631+0000] {logging_mixin.py:188} INFO - [2026-08-13T12:49:51.631+0000] {dag.py:3823} INFO - Setting next_dagrun for example_subdag_operator.section-2 to None, run_after=None
[2026-08-13T12:49:51.690+0000] {logging_mixin.py:188} INFO - [2026-08-13T12:49:51.689+0000] {dag.py:3036} INFO - Sync 2 DAGs
[2026-08-13T12:49:51.726+0000] {logging_mixin.py:188} INFO - [2026-08-13T12:49:51.725+0000] {dag.py:3823} INFO - Setting next_dagrun for example_subdag_operator.section-1 to None, run_after=None
[2026-08-13T12:49:51.737+0000] {logging_mixin.py:188} INFO - [2026-08-13T12:49:51.736+0000] {dag.py:3823} INFO - Setting next_dagrun for example_subdag_operator.section-2 to None, run_after=None
[2026-08-13T12:49:51.810+0000] {processor.py:183} INFO - Processing /home/airflow/.local/lib/python3.8/site-packages/airflow/example_dags/example_subdag_operator.py took 0.848 seconds
[2026-08-13T12:50:22.013+0000] {processor.py:161} INFO - Started process (PID=594) to work on /home/airflow/.local/lib/python3.8/site-packages/airflow/example_dags/example_subdag_operator.py
[2026-08-13T12:50:22.015+0000] {processor.py:830} INFO - Processing file /home/airflow/.local/lib/python3.8/site-packages/airflow/example_dags/example_subdag_operator.py for tasks to queue
[2026-08-13T12:50:22.019+0000] {logging_mixin.py:188} INFO - [2026-08-13T12:50:22.018+0000] {dagbag.py:538} INFO - Filling up the DagBag from /home/airflow/.local/lib/python3.8/site-packages/airflow/example_dags/example_subdag_operator.py
[2026-08-13T12:50:22.058+0000] {processor.py:840} INFO - DAG(s) 'example_subdag_operator.section-1', 'example_subdag_operator.section-2', 'example_subdag_operator' retrieved from /home/airflow/.local/lib/python3.8/site-packages/airflow/example_dags/example_subdag_operator.py
[2026-08-13T12:50:22.081+0000] {logging_mixin.py:188} INFO - [2026-08-13T12:50:22.081+0000] {dag.py:3036} INFO - Sync 3 DAGs
[2026-08-13T12:50:22.113+0000] {logging_mixin.py:188} INFO - [2026-08-13T12:50:22.113+0000] {dag.py:3823} INFO - Setting next_dagrun for example_subdag_operator to 2022-01-01 00:00:00+00:00, run_after=2022-01-01 00:00:00+00:00
[2026-08-13T12:50:22.120+0000] {logging_mixin.py:188} INFO - [2026-08-13T12:50:22.119+0000] {dag.py:3823} INFO - Setting next_dagrun for example_subdag_operator.section-1 to None, run_after=None
[2026-08-13T12:50:22.122+0000] {logging_mixin.py:188} INFO - [2026-08-13T12:50:22.121+0000] {dag.py:3823} INFO - Setting next_dagrun for example_subdag_operator.section-2 to None, run_after=None
[2026-08-13T12:50:22.133+0000] {logging_mixin.py:188} INFO - [2026-08-13T12:50:22.132+0000] {dag.py:3036} INFO - Sync 2 DAGs
[2026-08-13T12:50:22.142+0000] {logging_mixin.py:188} INFO - [2026-08-13T12:50:22.141+0000] {dag.py:3823} INFO - Setting next_dagrun for example_subdag_operator.section-1 to None, run_after=None
[2026-08-13T12:50:22.143+0000] {logging_mixin.py:188} INFO - [2026-08-13T12:50:22.143+0000] {dag.py:3823} INFO - Setting next_dagrun for example_subdag_operator.section-2 to None, run_after=None
[2026-08-13T12:50:22.172+0000] {processor.py:183} INFO - Processing /home/airflow/.local/lib/python3.8/site-packages/airflow/example_dags/example_subdag_operator.py took 0.165 seconds
[2026-08-13T12:50:52.243+0000] {processor.py:161} INFO - Started process (PID=649) to work on /home/airflow/.local/lib/python3.8/site-packages/airflow/example_dags/example_subdag_operator.py
[2026-08-13T12:50:52.245+0000] {processor.py:830} INFO - Processing file /home/airflow/.local/lib/python3.8/site-packages/airflow/example_dags/example_subdag_operator.py for tasks to queue
[2026-08-13T12:50:52.251+0000] {logging_mixin.py:188} INFO - [2026-08-13T12:50:52.249+0000] {dagbag.py:538} INFO - Filling up the DagBag from /home/airflow/.local/lib/python3.8/site-packages/airflow/example_dags/example_subdag_operator.py
[2026-08-13T12:50:52.292+0000] {processor.py:840} INFO - DAG(s) 'example_subdag_operator.section-1', 'example_subdag_operator.section-2', 'example_subdag_operator' retrieved from /home/airflow/.local/lib/python3.8/site-packages/airflow/example_dags/example_subdag_operator.py
[2026-08-13T12:50:52.318+0000] {logging_mixin.py:188} INFO - [2026-08-13T12:50:52.318+0000] {dag.py:3036} INFO - Sync 3 DAGs
[2026-08-13T12:50:52.351+0000] {logging_mixin.py:188} INFO - [2026-08-13T12:50:52.351+0000] {dag.py:3823} INFO - Setting next_dagrun for example_subdag_operator to 2022-01-01 00:00:00+00:00, run_after=2022-01-01 00:00:00+00:00
[2026-08-13T12:50:52.356+0000] {logging_mixin.py:188} INFO - [2026-08-13T12:50:52.356+0000] {dag.py:3823} INFO - Setting next_dagrun for example_subdag_operator.section-1 to None, run_after=None
[2026-08-13T12:50:52.359+0000] {logging_mixin.py:188} INFO - [2026-08-13T12:50:52.358+0000] {dag.py:3823} INFO - Setting next_dagrun for example_subdag_operator.section-2 to None, run_after=None
[2026-08-13T12:50:52.376+0000] {logging_mixin.py:188} INFO - [2026-08-13T12:50:52.376+0000] {dag.py:3036} INFO - Sync 2 DAGs
[2026-08-13T12:50:52.391+0000] {logging_mixin.py:188} INFO - [2026-08-13T12:50:52.391+0000] {dag.py:3823} INFO - Setting next_dagrun for example_subdag_operator.section-1 to None, run_after=None
[2026-08-13T12:50:52.393+0000] {logging_mixin.py:188} INFO - [2026-08-13T12:50:52.393+0000] {dag.py:3823} INFO - Setting next_dagrun for example_subdag_operator.section-2 to None, run_after=None
[2026-08-13T12:50:52.411+0000] {processor.py:183} INFO - Processing /home/airflow/.local/lib/python3.8/site-packages/airflow/example_dags/example_subdag_operator.py took 0.175 seconds
[2026-08-13T12:51:22.785+0000] {processor.py:161} INFO - Started process (PID=704) to work on /home/airflow/.local/lib/python3.8/site-packages/airflow/example_dags/example_subdag_operator.py
[2026-08-13T12:51:22.788+0000] {processor.py:830} INFO - Processing file /home/airflow/.local/lib/python3.8/site-packages/airflow/example_dags/example_subdag_operator.py for tasks to queue
[2026-08-13T12:51:22.792+0000] {logging_mixin.py:188} INFO - [2026-08-13T12:51:22.791+0000] {dagbag.py:538} INFO - Filling up the DagBag from /home/airflow/.local/lib/python3.8/site-packages/airflow/example_dags/example_subdag_operator.py
[2026-08-13T12:51:22.847+0000] {processor.py:840} INFO - DAG(s) 'example_subdag_operator.section-1', 'example_subdag_operator.section-2', 'example_subdag_operator' retrieved from /home/airflow/.local/lib/python3.8/site-packages/airflow/example_dags/example_subdag_operator.py
[2026-08-13T12:51:22.880+0000] {logging_mixin.py:188} INFO - [2026-08-13T12:51:22.879+0000] {dag.py:3036} INFO - Sync 3 DAGs
[2026-08-13T12:51:22.924+0000] {logging_mixin.py:188} INFO - [2026-08-13T12:51:22.924+0000] {dag.py:3823} INFO - Setting next_dagrun for example_subdag_operator to 2022-01-01 00:00:00+00:00, run_after=2022-01-01 00:00:00+00:00
[2026-08-13T12:51:22.931+0000] {logging_mixin.py:188} INFO - [2026-08-13T12:51:22.930+0000] {dag.py:3823} INFO - Setting next_dagrun for example_subdag_operator.section-1 to None, run_after=None
[2026-08-13T12:51:22.933+0000] {logging_mixin.py:188} INFO - [2026-08-13T12:51:22.933+0000] {dag.py:3823} INFO - Setting next_dagrun for example_subdag_operator.section-2 to None, run_after=None
[2026-08-13T12:51:22.947+0000] {logging_mixin.py:188} INFO - [2026-08-13T12:51:22.947+0000] {dag.py:3036} INFO - Sync 2 DAGs
[2026-08-13T12:51:22.957+0000] {logging_mixin.py:188} INFO - [2026-08-13T12:51:22.956+0000] {dag.py:3823} INFO - Setting next_dagrun for example_subdag_operator.section-1 to None, run_after=None
[2026-08-13T12:51:22.958+0000] {logging_mixin.py:188} INFO - [2026-08-13T12:51:22.957+0000] {dag.py:3823} INFO - Setting next_dagrun for example_subdag_operator.section-2 to None, run_after=None
[2026-08-13T12:51:22.979+0000] {processor.py:183} INFO - Processing /home/airflow/.local/lib/python3.8/site-packages/airflow/example_dags/example_subdag_operator.py took 0.201 seconds
[2026-08-13T12:51:53.604+0000] {processor.py:161} INFO - Started process (PID=757) to work on /home/airflow/.local/lib/python3.8/site-packages/airflow/example_dags/example_subdag_operator.py
[2026-08-13T12:51:53.625+0000] {processor.py:830} INFO - Processing file /home/airflow/.local/lib/python3.8/site-packages/airflow/example_dags/example_subdag_operator.py for tasks to queue
[2026-08-13T12:51:53.643+0000] {logging_mixin.py:188} INFO - [2026-08-13T12:51:53.642+0000] {dagbag.py:538} INFO - Filling up the DagBag from /home/airflow/.local/lib/python3.8/site-packages/airflow/example_dags/example_subdag_operator.py
[2026-08-13T12:51:53.803+0000] {processor.py:840} INFO - DAG(s) 'example_subdag_operator.section-1', 'example_subdag_operator.section-2', 'example_subdag_operator' retrieved from /home/airflow/.local/lib/python3.8/site-packages/airflow/example_dags/example_subdag_operator.py
[2026-08-13T12:51:53.923+0000] {logging_mixin.py:188} INFO - [2026-08-13T12:51:53.922+0000] {dag.py:3036} INFO - Sync 3 DAGs
[2026-08-13T12:51:54.060+0000] {logging_mixin.py:188} INFO - [2026-08-13T12:51:54.059+0000] {dag.py:3823} INFO - Setting next_dagrun for example_subdag_operator to 2022-01-01 00:00:00+00:00, run_after=2022-01-01 00:00:00+00:00
[2026-08-13T12:51:54.089+0000] {logging_mixin.py:188} INFO - [2026-08-13T12:51:54.088+0000] {dag.py:3823} INFO - Setting next_dagrun for example_subdag_operator.section-1 to None, run_after=None
[2026-08-13T12:51:54.103+0000] {logging_mixin.py:188} INFO - [2026-08-13T12:51:54.102+0000] {dag.py:3823} INFO - Setting next_dagrun for example_subdag_operator.section-2 to None, run_after=None
[2026-08-13T12:51:54.148+0000] {logging_mixin.py:188} INFO - [2026-08-13T12:51:54.147+0000] {dag.py:3036} INFO - Sync 2 DAGs
[2026-08-13T12:51:54.167+0000] {logging_mixin.py:188} INFO - [2026-08-13T12:51:54.167+0000] {dag.py:3823} INFO - Setting next_dagrun for example_subdag_operator.section-1 to None, run_after=None
[2026-08-13T12:51:54.170+0000] {logging_mixin.py:188} INFO - [2026-08-13T12:51:54.169+0000] {dag.py:3823} INFO - Setting next_dagrun for example_subdag_operator.section-2 to None, run_after=None
[2026-08-13T12:51:54.239+0000] {processor.py:183} INFO - Processing /home/airflow/.local/lib/python3.8/site-packages/airflow/example_dags/example_subdag_operator.py took 0.652 seconds
[2026-08-13T12:52:24.624+0000] {processor.py:161} INFO - Started process (PID=812) to work on /home/airflow/.local/lib/python3.8/site-packages/airflow/example_dags/example_subdag_operator.py
[2026-08-13T12:52:24.627+0000] {processor.py:830} INFO - Processing file /home/airflow/.local/lib/python3.8/site-packages/airflow/example_dags/example_subdag_operator.py for tasks to queue
[2026-08-13T12:52:24.634+0000] {logging_mixin.py:188} INFO - [2026-08-13T12:52:24.632+0000] {dagbag.py:538} INFO - Filling up the DagBag from /home/airflow/.local/lib/python3.8/site-packages/airflow/example_dags/example_subdag_operator.py
[2026-08-13T12:52:24.745+0000] {processor.py:840} INFO - DAG(s) 'example_subdag_operator.section-1', 'example_subdag_operator.section-2', 'example_subdag_operator' retrieved from /home/airflow/.local/lib/python3.8/site-packages/airflow/example_dags/example_subdag_operator.py
[2026-08-13T12:52:24.787+0000] {logging_mixin.py:188} INFO - [2026-08-13T12:52:24.786+0000] {dag.py:3036} INFO - Sync 3 DAGs
[2026-08-13T12:52:24.869+0000] {logging_mixin.py:188} INFO - [2026-08-13T12:52:24.868+0000] {dag.py:3823} INFO - Setting next_dagrun for example_subdag_operator to 2022-01-01 00:00:00+00:00, run_after=2022-01-01 00:00:00+00:00
[2026-08-13T12:52:24.878+0000] {logging_mixin.py:188} INFO - [2026-08-13T12:52:24.877+0000] {dag.py:3823} INFO - Setting next_dagrun for example_subdag_operator.section-1 to None, run_after=None
[2026-08-13T12:52:24.883+0000] {logging_mixin.py:188} INFO - [2026-08-13T12:52:24.882+0000] {dag.py:3823} INFO - Setting next_dagrun for example_subdag_operator.section-2 to None, run_after=None
[2026-08-13T12:52:24.900+0000] {logging_mixin.py:188} INFO - [2026-08-13T12:52:24.899+0000] {dag.py:3036} INFO - Sync 2 DAGs
[2026-08-13T12:52:24.913+0000] {logging_mixin.py:188} INFO - [2026-08-13T12:52:24.912+0000] {dag.py:3823} INFO - Setting next_dagrun for example_subdag_operator.section-1 to None, run_after=None
[2026-08-13T12:52:24.915+0000] {logging_mixin.py:188} INFO - [2026-08-13T12:52:24.915+0000] {dag.py:3823} INFO - Setting next_dagrun for example_subdag_operator.section-2 to None, run_after=None
[2026-08-13T12:52:24.945+0000] {processor.py:183} INFO - Processing /home/airflow/.local/lib/python3.8/site-packages/airflow/example_dags/example_subdag_operator.py took 0.328 seconds
[2026-08-13T12:52:55.213+0000] {processor.py:161} INFO - Started process (PID=867) to work on /home/airflow/.local/lib/python3.8/site-packages/airflow/example_dags/example_subdag_operator.py
[2026-08-13T12:52:55.215+0000] {processor.py:830} INFO - Processing file /home/airflow/.local/lib/python3.8/site-packages/airflow/example_dags/example_subdag_operator.py for tasks to queue
[2026-08-13T12:52:55.219+0000] {logging_mixin.py:188} INFO - [2026-08-13T12:52:55.218+0000] {dagbag.py:538} INFO - Filling up the DagBag from /home/airflow/.local/lib/python3.8/site-packages/airflow/example_dags/example_subdag_operator.py
[2026-08-13T12:52:55.288+0000] {processor.py:840} INFO - DAG(s) 'example_subdag_operator.section-1', 'example_subdag_operator.section-2', 'example_subdag_operator' retrieved from /home/airflow/.local/lib/python3.8/site-packages/airflow/example_dags/example_subdag_operator.py
[2026-08-13T12:52:55.329+0000] {logging_mixin.py:188} INFO - [2026-08-13T12:52:55.328+0000] {dag.py:3036} INFO - Sync 3 DAGs
[2026-08-13T12:52:55.385+0000] {logging_mixin.py:188} INFO - [2026-08-13T12:52:55.384+0000] {dag.py:3823} INFO - Setting next_dagrun for example_subdag_operator to 2022-01-01 00:00:00+00:00, run_after=2022-01-01 00:00:00+00:00
[2026-08-13T12:52:55.397+0000] {logging_mixin.py:188} INFO - [2026-08-13T12:52:55.395+0000] {dag.py:3823} INFO - Setting next_dagrun for example_subdag_operator.section-1 to None, run_after=None
[2026-08-13T12:52:55.401+0000] {logging_mixin.py:188} INFO - [2026-08-13T12:52:55.401+0000] {dag.py:3823} INFO - Setting next_dagrun for example_subdag_operator.section-2 to None, run_after=None
[2026-08-13T12:52:55.423+0000] {logging_mixin.py:188} INFO - [2026-08-13T12:52:55.423+0000] {dag.py:3036} INFO - Sync 2 DAGs
[2026-08-13T12:52:55.444+0000] {logging_mixin.py:188} INFO - [2026-08-13T12:52:55.444+0000] {dag.py:3823} INFO - Setting next_dagrun for example_subdag_operator.section-1 to None, run_after=None
[2026-08-13T12:52:55.446+0000] {logging_mixin.py:188} INFO - [2026-08-13T12:52:55.445+0000] {dag.py:3823} INFO - Setting next_dagrun for example_subdag_operator.section-2 to None, run_after=None
[2026-08-13T12:52:55.479+0000] {processor.py:183} INFO - Processing /home/airflow/.local/lib/python3.8/site-packages/airflow/example_dags/example_subdag_operator.py took 0.273 seconds
[2026-08-13T12:53:25.968+0000] {processor.py:161} INFO - Started process (PID=922) to work on /home/airflow/.local/lib/python3.8/site-packages/airflow/example_dags/example_subdag_operator.py
[2026-08-13T12:53:25.971+0000] {processor.py:830} INFO - Processing file /home/airflow/.local/lib/python3.8/site-packages/airflow/example_dags/example_subdag_operator.py for tasks to queue
[2026-08-13T12:53:25.976+0000] {logging_mixin.py:188} INFO - [2026-08-13T12:53:25.975+0000] {dagbag.py:538} INFO - Filling up the DagBag from /home/airflow/.local/lib/python3.8/site-packages/airflow/example_dags/example_subdag_operator.py
[2026-08-13T12:53:26.034+0000] {processor.py:840} INFO - DAG(s) 'example_subdag_operator.section-1', 'example_subdag_operator.section-2', 'example_subdag_operator' retrieved from /home/airflow/.local/lib/python3.8/site-packages/airflow/example_dags/example_subdag_operator.py
[2026-08-13T12:53:26.088+0000] {logging_mixin.py:188} INFO - [2026-08-13T12:53:26.088+0000] {dag.py:3036} INFO - Sync 3 DAGs
[2026-08-13T12:53:26.153+0000] {logging_mixin.py:188} INFO - [2026-08-13T12:53:26.153+0000] {dag.py:3823} INFO - Setting next_dagrun for example_subdag_operator to 2022-01-01 00:00:00+00:00, run_after=2022-01-01 00:00:00+00:00
[2026-08-13T12:53:26.168+0000] {logging_mixin.py:188} INFO - [2026-08-13T12:53:26.167+0000] {dag.py:3823} INFO - Setting next_dagrun for example_subdag_operator.section-1 to None, run_after=None
[2026-08-13T12:53:26.173+0000] {logging_mixin.py:188} INFO - [2026-08-13T12:53:26.172+0000] {dag.py:3823} INFO - Setting next_dagrun for example_subdag_operator.section-2 to None, run_after=None
[2026-08-13T12:53:26.199+0000] {logging_mixin.py:188} INFO - [2026-08-13T12:53:26.198+0000] {dag.py:3036} INFO - Sync 2 DAGs
[2026-08-13T12:53:26.223+0000] {logging_mixin.py:188} INFO - [2026-08-13T12:53:26.223+0000] {dag.py:3823} INFO - Setting next_dagrun for example_subdag_operator.section-1 to None, run_after=None
[2026-08-13T12:53:26.225+0000] {logging_mixin.py:188} INFO - [2026-08-13T12:53:26.225+0000] {dag.py:3823} INFO - Setting next_dagrun for example_subdag_operator.section-2 to None, run_after=None
[2026-08-13T12:53:26.277+0000] {processor.py:183} INFO - Processing /home/airflow/.local/lib/python3.8/site-packages/airflow/example_dags/example_subdag_operator.py took 0.317 seconds
[2026-08-13T12:53:56.815+0000] {processor.py:161} INFO - Started process (PID=977) to work on /home/airflow/.local/lib/python3.8/site-packages/airflow/example_dags/example_subdag_operator.py
[2026-08-13T12:53:56.819+0000] {processor.py:830} INFO - Processing file /home/airflow/.local/lib/python3.8/site-packages/airflow/example_dags/example_subdag_operator.py for tasks to queue
[2026-08-13T12:53:56.823+0000] {logging_mixin.py:188} INFO - [2026-08-13T12:53:56.822+0000] {dagbag.py:538} INFO - Filling up the DagBag from /home/airflow/.local/lib/python3.8/site-packages/airflow/example_dags/example_subdag_operator.py
[2026-08-13T12:53:56.884+0000] {processor.py:840} INFO - DAG(s) 'example_subdag_operator.section-1', 'example_subdag_operator.section-2', 'example_subdag_operator' retrieved from /home/airflow/.local/lib/python3.8/site-packages/airflow/example_dags/example_subdag_operator.py
[2026-08-13T12:53:56.921+0000] {logging_mixin.py:188} INFO - [2026-08-13T12:53:56.921+0000] {dag.py:3036} INFO - Sync 3 DAGs
[2026-08-13T12:53:56.986+0000] {logging_mixin.py:188} INFO - [2026-08-13T12:53:56.978+0000] {dag.py:3823} INFO - Setting next_dagrun for example_subdag_operator to 2022-01-01 00:00:00+00:00, run_after=2022-01-01 00:00:00+00:00
[2026-08-13T12:53:56.999+0000] {logging_mixin.py:188} INFO - [2026-08-13T12:53:56.998+0000] {dag.py:3823} INFO - Setting next_dagrun for example_subdag_operator.section-1 to None, run_after=None
[2026-08-13T12:53:57.009+0000] {logging_mixin.py:188} INFO - [2026-08-13T12:53:57.008+0000] {dag.py:3823} INFO - Setting next_dagrun for example_subdag_operator.section-2 to None, run_after=None
[2026-08-13T12:53:57.036+0000] {logging_mixin.py:188} INFO - [2026-08-13T12:53:57.035+0000] {dag.py:3036} INFO - Sync 2 DAGs
[2026-08-13T12:53:57.046+0000] {logging_mixin.py:188} INFO - [2026-08-13T12:53:57.046+0000] {dag.py:3823} INFO - Setting next_dagrun for example_subdag_operator.section-1 to None, run_after=None
[2026-08-13T12:53:57.048+0000] {logging_mixin.py:188} INFO - [2026-08-13T12:53:57.048+0000] {dag.py:3823} INFO - Setting next_dagrun for example_subdag_operator.section-2 to None, run_after=None
[2026-08-13T12:53:57.089+0000] {processor.py:183} INFO - Processing /home/airflow/.local/lib/python3.8/site-packages/airflow/example_dags/example_subdag_operator.py took 0.282 seconds
[2026-08-13T12:54:27.600+0000] {processor.py:161} INFO - Started process (PID=1032) to work on /home/airflow/.local/lib/python3.8/site-packages/airflow/example_dags/example_subdag_operator.py
[2026-08-13T12:54:27.604+0000] {processor.py:830} INFO - Processing file /home/airflow/.local/lib/python3.8/site-packages/airflow/example_dags/example_subdag_operator.py for tasks to queue
[2026-08-13T12:54:27.612+0000] {logging_mixin.py:188} INFO - [2026-08-13T12:54:27.611+0000] {dagbag.py:538} INFO - Filling up the DagBag from /home/airflow/.local/lib/python3.8/site-packages/airflow/example_dags/example_subdag_operator.py
[2026-08-13T12:54:27.722+0000] {processor.py:840} INFO - DAG(s) 'example_subdag_operator.section-1', 'example_subdag_operator.section-2', 'example_subdag_operator' retrieved from /home/airflow/.local/lib/python3.8/site-packages/airflow/example_dags/example_subdag_operator.py
[2026-08-13T12:54:27.818+0000] {logging_mixin.py:188} INFO - [2026-08-13T12:54:27.818+0000] {dag.py:3036} INFO - Sync 3 DAGs
[2026-08-13T12:54:27.881+0000] {logging_mixin.py:188} INFO - [2026-08-13T12:54:27.878+0000] {dag.py:3823} INFO - Setting next_dagrun for example_subdag_operator to 2022-01-01 00:00:00+00:00, run_after=2022-01-01 00:00:00+00:00
[2026-08-13T12:54:27.893+0000] {logging_mixin.py:188} INFO - [2026-08-13T12:54:27.892+0000] {dag.py:3823} INFO - Setting next_dagrun for example_subdag_operator.section-1 to None, run_after=None
[2026-08-13T12:54:27.899+0000] {logging_mixin.py:188} INFO - [2026-08-13T12:54:27.899+0000] {dag.py:3823} INFO - Setting next_dagrun for example_subdag_operator.section-2 to None, run_after=None
[2026-08-13T12:54:27.926+0000] {logging_mixin.py:188} INFO - [2026-08-13T12:54:27.924+0000] {dag.py:3036} INFO - Sync 2 DAGs
[2026-08-13T12:54:27.946+0000] {logging_mixin.py:188} INFO - [2026-08-13T12:54:27.945+0000] {dag.py:3823} INFO - Setting next_dagrun for example_subdag_operator.section-1 to None, run_after=None
[2026-08-13T12:54:27.947+0000] {logging_mixin.py:188} INFO - [2026-08-13T12:54:27.947+0000] {dag.py:3823} INFO - Setting next_dagrun for example_subdag_operator.section-2 to None, run_after=None
[2026-08-13T12:54:27.991+0000] {processor.py:183} INFO - Processing /home/airflow/.local/lib/python3.8/site-packages/airflow/example_dags/example_subdag_operator.py took 0.407 seconds
[2026-08-13T12:54:58.080+0000] {processor.py:161} INFO - Started process (PID=1087) to work on /home/airflow/.local/lib/python3.8/site-packages/airflow/example_dags/example_subdag_operator.py
[2026-08-13T12:54:58.083+0000] {processor.py:830} INFO - Processing file /home/airflow/.local/lib/python3.8/site-packages/airflow/example_dags/example_subdag_operator.py for tasks to queue
[2026-08-13T12:54:58.086+0000] {logging_mixin.py:188} INFO - [2026-08-13T12:54:58.086+0000] {dagbag.py:538} INFO - Filling up the DagBag from /home/airflow/.local/lib/python3.8/site-packages/airflow/example_dags/example_subdag_operator.py
[2026-08-13T12:54:58.122+0000] {processor.py:840} INFO - DAG(s) 'example_subdag_operator.section-1', 'example_subdag_operator.section-2', 'example_subdag_operator' retrieved from /home/airflow/.local/lib/python3.8/site-packages/airflow/example_dags/example_subdag_operator.py
[2026-08-13T12:54:58.145+0000] {logging_mixin.py:188} INFO - [2026-08-13T12:54:58.145+0000] {dag.py:3036} INFO - Sync 3 DAGs
[2026-08-13T12:54:58.175+0000] {logging_mixin.py:188} INFO - [2026-08-13T12:54:58.175+0000] {dag.py:3823} INFO - Setting next_dagrun for example_subdag_operator to 2022-01-01 00:00:00+00:00, run_after=2022-01-01 00:00:00+00:00
[2026-08-13T12:54:58.181+0000] {logging_mixin.py:188} INFO - [2026-08-13T12:54:58.181+0000] {dag.py:3823} INFO - Setting next_dagrun for example_subdag_operator.section-1 to None, run_after=None
[2026-08-13T12:54:58.183+0000] {logging_mixin.py:188} INFO - [2026-08-13T12:54:58.183+0000] {dag.py:3823} INFO - Setting next_dagrun for example_subdag_operator.section-2 to None, run_after=None
[2026-08-13T12:54:58.195+0000] {logging_mixin.py:188} INFO - [2026-08-13T12:54:58.194+0000] {dag.py:3036} INFO - Sync 2 DAGs
[2026-08-13T12:54:58.202+0000] {logging_mixin.py:188} INFO - [2026-08-13T12:54:58.202+0000] {dag.py:3823} INFO - Setting next_dagrun for example_subdag_operator.section-1 to None, run_after=None
[2026-08-13T12:54:58.203+0000] {logging_mixin.py:188} INFO - [2026-08-13T12:54:58.203+0000] {dag.py:3823} INFO - Setting next_dagrun for example_subdag_operator.section-2 to None, run_after=None
[2026-08-13T12:54:58.226+0000] {processor.py:183} INFO - Processing /home/airflow/.local/lib/python3.8/site-packages/airflow/example_dags/example_subdag_operator.py took 0.151 seconds
[2026-08-13T12:55:28.597+0000] {processor.py:161} INFO - Started process (PID=1142) to work on /home/airflow/.local/lib/python3.8/site-packages/airflow/example_dags/example_subdag_operator.py
[2026-08-13T12:55:28.599+0000] {processor.py:830} INFO - Processing file /home/airflow/.local/lib/python3.8/site-packages/airflow/example_dags/example_subdag_operator.py for tasks to queue
[2026-08-13T12:55:28.602+0000] {logging_mixin.py:188} INFO - [2026-08-13T12:55:28.602+0000] {dagbag.py:538} INFO - Filling up the DagBag from /home/airflow/.local/lib/python3.8/site-packages/airflow/example_dags/example_subdag_operator.py
[2026-08-13T12:55:28.639+0000] {processor.py:840} INFO - DAG(s) 'example_subdag_operator.section-1', 'example_subdag_operator.section-2', 'example_subdag_operator' retrieved from /home/airflow/.local/lib/python3.8/site-packages/airflow/example_dags/example_subdag_operator.py
[2026-08-13T12:55:28.664+0000] {logging_mixin.py:188} INFO - [2026-08-13T12:55:28.664+0000] {dag.py:3036} INFO - Sync 3 DAGs
[2026-08-13T12:55:28.705+0000] {logging_mixin.py:188} INFO - [2026-08-13T12:55:28.704+0000] {dag.py:3823} INFO - Setting next_dagrun for example_subdag_operator to 2022-01-01 00:00:00+00:00, run_after=2022-01-01 00:00:00+00:00
[2026-08-13T12:55:28.716+0000] {logging_mixin.py:188} INFO - [2026-08-13T12:55:28.716+0000] {dag.py:3823} INFO - Setting next_dagrun for example_subdag_operator.section-1 to None, run_after=None
[2026-08-13T12:55:28.720+0000] {logging_mixin.py:188} INFO - [2026-08-13T12:55:28.719+0000] {dag.py:3823} INFO - Setting next_dagrun for example_subdag_operator.section-2 to None, run_after=None
[2026-08-13T12:55:28.737+0000] {logging_mixin.py:188} INFO - [2026-08-13T12:55:28.737+0000] {dag.py:3036} INFO - Sync 2 DAGs
[2026-08-13T12:55:28.748+0000] {logging_mixin.py:188} INFO - [2026-08-13T12:55:28.748+0000] {dag.py:3823} INFO - Setting next_dagrun for example_subdag_operator.section-1 to None, run_after=None
[2026-08-13T12:55:28.750+0000] {logging_mixin.py:188} INFO - [2026-08-13T12:55:28.750+0000] {dag.py:3823} INFO - Setting next_dagrun for example_subdag_operator.section-2 to None, run_after=None
[2026-08-13T12:55:28.775+0000] {processor.py:183} INFO - Processing /home/airflow/.local/lib/python3.8/site-packages/airflow/example_dags/example_subdag_operator.py took 0.184 seconds
[2026-08-13T12:55:59.371+0000] {processor.py:161} INFO - Started process (PID=1197) to work on /home/airflow/.local/lib/python3.8/site-packages/airflow/example_dags/example_subdag_operator.py
[2026-08-13T12:55:59.372+0000] {processor.py:830} INFO - Processing file /home/airflow/.local/lib/python3.8/site-packages/airflow/example_dags/example_subdag_operator.py for tasks to queue
[2026-08-13T12:55:59.375+0000] {logging_mixin.py:188} INFO - [2026-08-13T12:55:59.375+0000] {dagbag.py:538} INFO - Filling up the DagBag from /home/airflow/.local/lib/python3.8/site-packages/airflow/example_dags/example_subdag_operator.py
[2026-08-13T12:55:59.413+0000] {processor.py:840} INFO - DAG(s) 'example_subdag_operator.section-1', 'example_subdag_operator.section-2', 'example_subdag_operator' retrieved from /home/airflow/.local/lib/python3.8/site-packages/airflow/example_dags/example_subdag_operator.py
[2026-08-13T12:55:59.436+0000] {logging_mixin.py:188} INFO - [2026-08-13T12:55:59.436+0000] {dag.py:3036} INFO - Sync 3 DAGs
[2026-08-13T12:55:59.467+0000] {logging_mixin.py:188} INFO - [2026-08-13T12:55:59.466+0000] {dag.py:3823} INFO - Setting next_dagrun for example_subdag_operator to 2022-01-01 00:00:00+00:00, run_after=2022-01-01 00:00:00+00:00
[2026-08-13T12:55:59.471+0000] {logging_mixin.py:188} INFO - [2026-08-13T12:55:59.471+0000] {dag.py:3823} INFO - Setting next_dagrun for example_subdag_operator.section-1 to None, run_after=None
[2026-08-13T12:55:59.473+0000] {logging_mixin.py:188} INFO - [2026-08-13T12:55:59.473+0000] {dag.py:3823} INFO - Setting next_dagrun for example_subdag_operator.section-2 to None, run_after=None
[2026-08-13T12:55:59.483+0000] {logging_mixin.py:188} INFO - [2026-08-13T12:55:59.483+0000] {dag.py:3036} INFO - Sync 2 DAGs
[2026-08-13T12:55:59.490+0000] {logging_mixin.py:188} INFO - [2026-08-13T12:55:59.490+0000] {dag.py:3823} INFO - Setting next_dagrun for example_subdag_operator.section-1 to None, run_after=None
[2026-08-13T12:55:59.491+0000] {logging_mixin.py:188} INFO - [2026-08-13T12:55:59.491+0000] {dag.py:3823} INFO - Setting next_dagrun for example_subdag_operator.section-2 to None, run_after=None
[2026-08-13T12:55:59.507+0000] {processor.py:183} INFO - Processing /home/airflow/.local/lib/python3.8/site-packages/airflow/example_dags/example_subdag_operator.py took 0.140 seconds
[2026-08-13T12:56:29.705+0000] {processor.py:161} INFO - Started process (PID=1252) to work on /home/airflow/.local/lib/python3.8/site-packages/airflow/example_dags/example_subdag_operator.py
[2026-08-13T12:56:29.706+0000] {processor.py:830} INFO - Processing file /home/airflow/.local/lib/python3.8/site-packages/airflow/example_dags/example_subdag_operator.py for tasks to queue
[2026-08-13T12:56:29.709+0000] {logging_mixin.py:188} INFO - [2026-08-13T12:56:29.709+0000] {dagbag.py:538} INFO - Filling up the DagBag from /home/airflow/.local/lib/python3.8/site-packages/airflow/example_dags/example_subdag_operator.py
[2026-08-13T12:56:29.745+0000] {processor.py:840} INFO - DAG(s) 'example_subdag_operator.section-1', 'example_subdag_operator.section-2', 'example_subdag_operator' retrieved from /home/airflow/.local/lib/python3.8/site-packages/airflow/example_dags/example_subdag_operator.py
[2026-08-13T12:56:29.767+0000] {logging_mixin.py:188} INFO - [2026-08-13T12:56:29.767+0000] {dag.py:3036} INFO - Sync 3 DAGs
[2026-08-13T12:56:29.802+0000] {logging_mixin.py:188} INFO - [2026-08-13T12:56:29.802+0000] {dag.py:3823} INFO - Setting next_dagrun for example_subdag_operator to 2022-01-01 00:00:00+00:00, run_after=2022-01-01 00:00:00+00:00
[2026-08-13T12:56:29.809+0000] {logging_mixin.py:188} INFO - [2026-08-13T12:56:29.809+0000] {dag.py:3823} INFO - Setting next_dagrun for example_subdag_operator.section-1 to None, run_after=None
[2026-08-13T12:56:29.813+0000] {logging_mixin.py:188} INFO - [2026-08-13T12:56:29.813+0000] {dag.py:3823} INFO - Setting next_dagrun for example_subdag_operator.section-2 to None, run_after=None
[2026-08-13T12:56:29.827+0000] {logging_mixin.py:188} INFO - [2026-08-13T12:56:29.827+0000] {dag.py:3036} INFO - Sync 2 DAGs
[2026-08-13T12:56:29.835+0000] {logging_mixin.py:188} INFO - [2026-08-13T12:56:29.835+0000] {dag.py:3823} INFO - Setting next_dagrun for example_subdag_operator.section-1 to None, run_after=None
[2026-08-13T12:56:29.837+0000] {logging_mixin.py:188} INFO - [2026-08-13T12:56:29.837+0000] {dag.py:3823} INFO - Setting next_dagrun for example_subdag_operator.section-2 to None, run_after=None
[2026-08-13T12:56:29.855+0000] {processor.py:183} INFO - Processing /home/airflow/.local/lib/python3.8/site-packages/airflow/example_dags/example_subdag_operator.py took 0.154 seconds
[2026-08-13T12:57:00.828+0000] {processor.py:161} INFO - Started process (PID=1307) to work on /home/airflow/.local/lib/python3.8/site-packages/airflow/example_dags/example_subdag_operator.py
[2026-08-13T12:57:00.830+0000] {processor.py:830} INFO - Processing file /home/airflow/.local/lib/python3.8/site-packages/airflow/example_dags/example_subdag_operator.py for tasks to queue
[2026-08-13T12:57:00.835+0000] {logging_mixin.py:188} INFO - [2026-08-13T12:57:00.834+0000] {dagbag.py:538} INFO - Filling up the DagBag from /home/airflow/.local/lib/python3.8/site-packages/airflow/example_dags/example_subdag_operator.py
[2026-08-13T12:57:00.877+0000] {processor.py:840} INFO - DAG(s) 'example_subdag_operator.section-1', 'example_subdag_operator.section-2', 'example_subdag_operator' retrieved from /home/airflow/.local/lib/python3.8/site-packages/airflow/example_dags/example_subdag_operator.py
[2026-08-13T12:57:00.902+0000] {logging_mixin.py:188} INFO - [2026-08-13T12:57:00.902+0000] {dag.py:3036} INFO - Sync 3 DAGs
[2026-08-13T12:57:00.942+0000] {logging_mixin.py:188} INFO - [2026-08-13T12:57:00.942+0000] {dag.py:3823} INFO - Setting next_dagrun for example_subdag_operator to 2022-01-01 00:00:00+00:00, run_after=2022-01-01 00:00:00+00:00
[2026-08-13T12:57:00.948+0000] {logging_mixin.py:188} INFO - [2026-08-13T12:57:00.948+0000] {dag.py:3823} INFO - Setting next_dagrun for example_subdag_operator.section-1 to None, run_after=None
[2026-08-13T12:57:00.952+0000] {logging_mixin.py:188} INFO - [2026-08-13T12:57:00.952+0000] {dag.py:3823} INFO - Setting next_dagrun for example_subdag_operator.section-2 to None, run_after=None
[2026-08-13T12:57:00.964+0000] {logging_mixin.py:188} INFO - [2026-08-13T12:57:00.964+0000] {dag.py:3036} INFO - Sync 2 DAGs
[2026-08-13T12:57:00.974+0000] {logging_mixin.py:188} INFO - [2026-08-13T12:57:00.973+0000] {dag.py:3823} INFO - Setting next_dagrun for example_subdag_operator.section-1 to None, run_after=None
[2026-08-13T12:57:00.976+0000] {logging_mixin.py:188} INFO - [2026-08-13T12:57:00.975+0000] {dag.py:3823} INFO - Setting next_dagrun for example_subdag_operator.section-2 to None, run_after=None
[2026-08-13T12:57:01.000+0000] {processor.py:183} INFO - Processing /home/airflow/.local/lib/python3.8/site-packages/airflow/example_dags/example_subdag_operator.py took 0.178 seconds
