[2026-08-13T12:33:16.729+0000] {processor.py:161} INFO - Started process (PID=76) to work on /home/airflow/.local/lib/python3.8/site-packages/airflow/example_dags/example_xcom.py
[2026-08-13T12:33:16.816+0000] {processor.py:830} INFO - Processing file /home/airflow/.local/lib/python3.8/site-packages/airflow/example_dags/example_xcom.py for tasks to queue
[2026-08-13T12:33:16.868+0000] {logging_mixin.py:188} INFO - [2026-08-13T12:33:16.864+0000] {dagbag.py:538} INFO - Filling up the DagBag from /home/airflow/.local/lib/python3.8/site-packages/airflow/example_dags/example_xcom.py
[2026-08-13T12:33:17.310+0000] {processor.py:840} INFO - DAG(s) 'example_xcom' retrieved from /home/airflow/.local/lib/python3.8/site-packages/airflow/example_dags/example_xcom.py
[2026-08-13T12:33:18.597+0000] {logging_mixin.py:188} INFO - [2026-08-13T12:33:18.591+0000] {dag.py:3036} INFO - Sync 1 DAGs
[2026-08-13T12:33:18.830+0000] {logging_mixin.py:188} INFO - [2026-08-13T12:33:18.829+0000] {dag.py:3823} INFO - Setting next_dagrun for example_xcom to 2021-01-01 00:00:00+00:00, run_after=2021-01-01 00:00:00+00:00
[2026-08-13T12:33:18.967+0000] {processor.py:183} INFO - Processing /home/airflow/.local/lib/python3.8/site-packages/airflow/example_dags/example_xcom.py took 2.408 seconds
[2026-08-13T12:33:49.790+0000] {processor.py:161} INFO - Started process (PID=131) to work on /home/airflow/.local/lib/python3.8/site-packages/airflow/example_dags/example_xcom.py
[2026-08-13T12:33:49.792+0000] {processor.py:830} INFO - Processing file /home/airflow/.local/lib/python3.8/site-packages/airflow/example_dags/example_xcom.py for tasks to queue
[2026-08-13T12:33:49.797+0000] {logging_mixin.py:188} INFO - [2026-08-13T12:33:49.796+0000] {dagbag.py:538} INFO - Filling up the DagBag from /home/airflow/.local/lib/python3.8/site-packages/airflow/example_dags/example_xcom.py
[2026-08-13T12:33:49.807+0000] {processor.py:840} INFO - DAG(s) 'example_xcom' retrieved from /home/airflow/.local/lib/python3.8/site-packages/airflow/example_dags/example_xcom.py
[2026-08-13T12:33:49.840+0000] {logging_mixin.py:188} INFO - [2026-08-13T12:33:49.839+0000] {dag.py:3036} INFO - Sync 1 DAGs
[2026-08-13T12:33:49.894+0000] {logging_mixin.py:188} INFO - [2026-08-13T12:33:49.894+0000] {dag.py:3823} INFO - Setting next_dagrun for example_xcom to 2021-01-01 00:00:00+00:00, run_after=2021-01-01 00:00:00+00:00
[2026-08-13T12:33:49.938+0000] {processor.py:183} INFO - Processing /home/airflow/.local/lib/python3.8/site-packages/airflow/example_dags/example_xcom.py took 0.153 seconds
[2026-08-13T12:34:20.163+0000] {processor.py:161} INFO - Started process (PID=186) to work on /home/airflow/.local/lib/python3.8/site-packages/airflow/example_dags/example_xcom.py
[2026-08-13T12:34:20.166+0000] {processor.py:830} INFO - Processing file /home/airflow/.local/lib/python3.8/site-packages/airflow/example_dags/example_xcom.py for tasks to queue
[2026-08-13T12:34:20.169+0000] {logging_mixin.py:188} INFO - [2026-08-13T12:34:20.169+0000] {dagbag.py:538} INFO - Filling up the DagBag from /home/airflow/.local/lib/python3.8/site-packages/airflow/example_dags/example_xcom.py
[2026-08-13T12:34:20.179+0000] {processor.py:840} INFO - DAG(s) 'example_xcom' retrieved from /home/airflow/.local/lib/python3.8/site-packages/airflow/example_dags/example_xcom.py
[2026-08-13T12:34:20.207+0000] {logging_mixin.py:188} INFO - [2026-08-13T12:34:20.207+0000] {dag.py:3036} INFO - Sync 1 DAGs
[2026-08-13T12:34:20.235+0000] {logging_mixin.py:188} INFO - [2026-08-13T12:34:20.235+0000] {dag.py:3823} INFO - Setting next_dagrun for example_xcom to 2021-01-01 00:00:00+00:00, run_after=2021-01-01 00:00:00+00:00
[2026-08-13T12:34:20.266+0000] {processor.py:183} INFO - Processing /home/airflow/.local/lib/python3.8/site-packages/airflow/example_dags/example_xcom.py took 0.107 seconds
[2026-08-13T12:34:50.494+0000] {processor.py:161} INFO - Started process (PID=241) to work on /home/airflow/.local/lib/python3.8/site-packages/airflow/example_dags/example_xcom.py
[2026-08-13T12:34:50.497+0000] {processor.py:830} INFO - Processing file /home/airflow/.local/lib/python3.8/site-packages/airflow/example_dags/example_xcom.py for tasks to queue
[2026-08-13T12:34:50.502+0000] {logging_mixin.py:188} INFO - [2026-08-13T12:34:50.501+0000] {dagbag.py:538} INFO - Filling up the DagBag from /home/airflow/.local/lib/python3.8/site-packages/airflow/example_dags/example_xcom.py
[2026-08-13T12:34:50.517+0000] {processor.py:840} INFO - DAG(s) 'example_xcom' retrieved from /home/airflow/.local/lib/python3.8/site-packages/airflow/example_dags/example_xcom.py
[2026-08-13T12:34:50.553+0000] {logging_mixin.py:188} INFO - [2026-08-13T12:34:50.552+0000] {dag.py:3036} INFO - Sync 1 DAGs
[2026-08-13T12:34:50.587+0000] {logging_mixin.py:188} INFO - [2026-08-13T12:34:50.587+0000] {dag.py:3823} INFO - Setting next_dagrun for example_xcom to 2021-01-01 00:00:00+00:00, run_after=2021-01-01 00:00:00+00:00
[2026-08-13T12:34:50.631+0000] {processor.py:183} INFO - Processing /home/airflow/.local/lib/python3.8/site-packages/airflow/example_dags/example_xcom.py took 0.146 seconds
[2026-08-13T12:35:20.869+0000] {processor.py:161} INFO - Started process (PID=296) to work on /home/airflow/.local/lib/python3.8/site-packages/airflow/example_dags/example_xcom.py
[2026-08-13T12:35:20.871+0000] {processor.py:830} INFO - Processing file /home/airflow/.local/lib/python3.8/site-packages/airflow/example_dags/example_xcom.py for tasks to queue
[2026-08-13T12:35:20.874+0000] {logging_mixin.py:188} INFO - [2026-08-13T12:35:20.873+0000] {dagbag.py:538} INFO - Filling up the DagBag from /home/airflow/.local/lib/python3.8/site-packages/airflow/example_dags/example_xcom.py
[2026-08-13T12:35:20.882+0000] {processor.py:840} INFO - DAG(s) 'example_xcom' retrieved from /home/airflow/.local/lib/python3.8/site-packages/airflow/example_dags/example_xcom.py
[2026-08-13T12:35:20.907+0000] {logging_mixin.py:188} INFO - [2026-08-13T12:35:20.907+0000] {dag.py:3036} INFO - Sync 1 DAGs
[2026-08-13T12:35:20.931+0000] {logging_mixin.py:188} INFO - [2026-08-13T12:35:20.931+0000] {dag.py:3823} INFO - Setting next_dagrun for example_xcom to 2021-01-01 00:00:00+00:00, run_after=2021-01-01 00:00:00+00:00
[2026-08-13T12:35:20.961+0000] {processor.py:183} INFO - Processing /home/airflow/.local/lib/python3.8/site-packages/airflow/example_dags/example_xcom.py took 0.095 seconds
[2026-08-13T12:35:51.795+0000] {processor.py:161} INFO - Started process (PID=351) to work on /home/airflow/.local/lib/python3.8/site-packages/airflow/example_dags/example_xcom.py
[2026-08-13T12:35:51.799+0000] {processor.py:830} INFO - Processing file /home/airflow/.local/lib/python3.8/site-packages/airflow/example_dags/example_xcom.py for tasks to queue
[2026-08-13T12:35:51.803+0000] {logging_mixin.py:188} INFO - [2026-08-13T12:35:51.802+0000] {dagbag.py:538} INFO - Filling up the DagBag from /home/airflow/.local/lib/python3.8/site-packages/airflow/example_dags/example_xcom.py
[2026-08-13T12:35:51.819+0000] {processor.py:840} INFO - DAG(s) 'example_xcom' retrieved from /home/airflow/.local/lib/python3.8/site-packages/airflow/example_dags/example_xcom.py
[2026-08-13T12:35:51.855+0000] {logging_mixin.py:188} INFO - [2026-08-13T12:35:51.855+0000] {dag.py:3036} INFO - Sync 1 DAGs
[2026-08-13T12:35:51.891+0000] {logging_mixin.py:188} INFO - [2026-08-13T12:35:51.890+0000] {dag.py:3823} INFO - Setting next_dagrun for example_xcom to 2021-01-01 00:00:00+00:00, run_after=2021-01-01 00:00:00+00:00
[2026-08-13T12:35:51.925+0000] {processor.py:183} INFO - Processing /home/airflow/.local/lib/python3.8/site-packages/airflow/example_dags/example_xcom.py took 0.139 seconds
[2026-08-13T12:36:22.095+0000] {processor.py:161} INFO - Started process (PID=404) to work on /home/airflow/.local/lib/python3.8/site-packages/airflow/example_dags/example_xcom.py
[2026-08-13T12:36:22.098+0000] {processor.py:830} INFO - Processing file /home/airflow/.local/lib/python3.8/site-packages/airflow/example_dags/example_xcom.py for tasks to queue
[2026-08-13T12:36:22.101+0000] {logging_mixin.py:188} INFO - [2026-08-13T12:36:22.100+0000] {dagbag.py:538} INFO - Filling up the DagBag from /home/airflow/.local/lib/python3.8/site-packages/airflow/example_dags/example_xcom.py
[2026-08-13T12:36:22.113+0000] {processor.py:840} INFO - DAG(s) 'example_xcom' retrieved from /home/airflow/.local/lib/python3.8/site-packages/airflow/example_dags/example_xcom.py
[2026-08-13T12:36:22.145+0000] {logging_mixin.py:188} INFO - [2026-08-13T12:36:22.144+0000] {dag.py:3036} INFO - Sync 1 DAGs
[2026-08-13T12:36:22.180+0000] {logging_mixin.py:188} INFO - [2026-08-13T12:36:22.179+0000] {dag.py:3823} INFO - Setting next_dagrun for example_xcom to 2021-01-01 00:00:00+00:00, run_after=2021-01-01 00:00:00+00:00
[2026-08-13T12:36:22.206+0000] {processor.py:183} INFO - Processing /home/airflow/.local/lib/python3.8/site-packages/airflow/example_dags/example_xcom.py took 0.117 seconds
[2026-08-13T12:40:54.024+0000] {processor.py:161} INFO - Started process (PID=93) to work on /home/airflow/.local/lib/python3.8/site-packages/airflow/example_dags/example_xcom.py
[2026-08-13T12:40:54.037+0000] {processor.py:830} INFO - Processing file /home/airflow/.local/lib/python3.8/site-packages/airflow/example_dags/example_xcom.py for tasks to queue
[2026-08-13T12:40:54.047+0000] {logging_mixin.py:188} INFO - [2026-08-13T12:40:54.045+0000] {dagbag.py:538} INFO - Filling up the DagBag from /home/airflow/.local/lib/python3.8/site-packages/airflow/example_dags/example_xcom.py
[2026-08-13T12:40:54.309+0000] {processor.py:840} INFO - DAG(s) 'example_xcom' retrieved from /home/airflow/.local/lib/python3.8/site-packages/airflow/example_dags/example_xcom.py
[2026-08-13T12:41:02.760+0000] {logging_mixin.py:188} INFO - [2026-08-13T12:41:02.682+0000] {dag.py:3036} INFO - Sync 1 DAGs
[2026-08-13T12:41:04.501+0000] {logging_mixin.py:188} INFO - [2026-08-13T12:41:04.493+0000] {dag.py:3823} INFO - Setting next_dagrun for example_xcom to 2021-01-01 00:00:00+00:00, run_after=2021-01-01 00:00:00+00:00
[2026-08-13T12:41:05.230+0000] {processor.py:183} INFO - Processing /home/airflow/.local/lib/python3.8/site-packages/airflow/example_dags/example_xcom.py took 11.384 seconds
[2026-08-13T12:42:02.193+0000] {processor.py:161} INFO - Started process (PID=153) to work on /home/airflow/.local/lib/python3.8/site-packages/airflow/example_dags/example_xcom.py
[2026-08-13T12:42:02.200+0000] {processor.py:830} INFO - Processing file /home/airflow/.local/lib/python3.8/site-packages/airflow/example_dags/example_xcom.py for tasks to queue
[2026-08-13T12:42:02.206+0000] {logging_mixin.py:188} INFO - [2026-08-13T12:42:02.205+0000] {dagbag.py:538} INFO - Filling up the DagBag from /home/airflow/.local/lib/python3.8/site-packages/airflow/example_dags/example_xcom.py
[2026-08-13T12:42:02.243+0000] {processor.py:840} INFO - DAG(s) 'example_xcom' retrieved from /home/airflow/.local/lib/python3.8/site-packages/airflow/example_dags/example_xcom.py
[2026-08-13T12:42:02.316+0000] {logging_mixin.py:188} INFO - [2026-08-13T12:42:02.316+0000] {dag.py:3036} INFO - Sync 1 DAGs
[2026-08-13T12:42:02.373+0000] {logging_mixin.py:188} INFO - [2026-08-13T12:42:02.372+0000] {dag.py:3823} INFO - Setting next_dagrun for example_xcom to 2021-01-01 00:00:00+00:00, run_after=2021-01-01 00:00:00+00:00
[2026-08-13T12:42:02.445+0000] {processor.py:183} INFO - Processing /home/airflow/.local/lib/python3.8/site-packages/airflow/example_dags/example_xcom.py took 0.266 seconds
[2026-08-13T12:42:37.526+0000] {processor.py:161} INFO - Started process (PID=207) to work on /home/airflow/.local/lib/python3.8/site-packages/airflow/example_dags/example_xcom.py
[2026-08-13T12:42:37.530+0000] {processor.py:830} INFO - Processing file /home/airflow/.local/lib/python3.8/site-packages/airflow/example_dags/example_xcom.py for tasks to queue
[2026-08-13T12:42:37.535+0000] {logging_mixin.py:188} INFO - [2026-08-13T12:42:37.534+0000] {dagbag.py:538} INFO - Filling up the DagBag from /home/airflow/.local/lib/python3.8/site-packages/airflow/example_dags/example_xcom.py
[2026-08-13T12:42:37.585+0000] {processor.py:840} INFO - DAG(s) 'example_xcom' retrieved from /home/airflow/.local/lib/python3.8/site-packages/airflow/example_dags/example_xcom.py
[2026-08-13T12:42:37.725+0000] {logging_mixin.py:188} INFO - [2026-08-13T12:42:37.721+0000] {dag.py:3036} INFO - Sync 1 DAGs
[2026-08-13T12:42:37.842+0000] {logging_mixin.py:188} INFO - [2026-08-13T12:42:37.842+0000] {dag.py:3823} INFO - Setting next_dagrun for example_xcom to 2021-01-01 00:00:00+00:00, run_after=2021-01-01 00:00:00+00:00
[2026-08-13T12:42:37.946+0000] {processor.py:183} INFO - Processing /home/airflow/.local/lib/python3.8/site-packages/airflow/example_dags/example_xcom.py took 0.435 seconds
[2026-08-13T12:45:19.655+0000] {processor.py:161} INFO - Started process (PID=79) to work on /home/airflow/.local/lib/python3.8/site-packages/airflow/example_dags/example_xcom.py
[2026-08-13T12:45:19.711+0000] {processor.py:830} INFO - Processing file /home/airflow/.local/lib/python3.8/site-packages/airflow/example_dags/example_xcom.py for tasks to queue
[2026-08-13T12:45:19.818+0000] {logging_mixin.py:188} INFO - [2026-08-13T12:45:19.817+0000] {dagbag.py:538} INFO - Filling up the DagBag from /home/airflow/.local/lib/python3.8/site-packages/airflow/example_dags/example_xcom.py
[2026-08-13T12:45:20.115+0000] {processor.py:840} INFO - DAG(s) 'example_xcom' retrieved from /home/airflow/.local/lib/python3.8/site-packages/airflow/example_dags/example_xcom.py
[2026-08-13T12:45:21.471+0000] {logging_mixin.py:188} INFO - [2026-08-13T12:45:21.470+0000] {dag.py:3036} INFO - Sync 1 DAGs
[2026-08-13T12:45:21.719+0000] {logging_mixin.py:188} INFO - [2026-08-13T12:45:21.718+0000] {dag.py:3823} INFO - Setting next_dagrun for example_xcom to 2021-01-01 00:00:00+00:00, run_after=2021-01-01 00:00:00+00:00
[2026-08-13T12:45:21.927+0000] {processor.py:183} INFO - Processing /home/airflow/.local/lib/python3.8/site-packages/airflow/example_dags/example_xcom.py took 2.308 seconds
[2026-08-13T12:45:57.638+0000] {processor.py:161} INFO - Started process (PID=135) to work on /home/airflow/.local/lib/python3.8/site-packages/airflow/example_dags/example_xcom.py
[2026-08-13T12:45:57.645+0000] {processor.py:830} INFO - Processing file /home/airflow/.local/lib/python3.8/site-packages/airflow/example_dags/example_xcom.py for tasks to queue
[2026-08-13T12:45:57.669+0000] {logging_mixin.py:188} INFO - [2026-08-13T12:45:57.668+0000] {dagbag.py:538} INFO - Filling up the DagBag from /home/airflow/.local/lib/python3.8/site-packages/airflow/example_dags/example_xcom.py
[2026-08-13T12:45:57.728+0000] {processor.py:840} INFO - DAG(s) 'example_xcom' retrieved from /home/airflow/.local/lib/python3.8/site-packages/airflow/example_dags/example_xcom.py
[2026-08-13T12:45:57.880+0000] {logging_mixin.py:188} INFO - [2026-08-13T12:45:57.879+0000] {dag.py:3036} INFO - Sync 1 DAGs
[2026-08-13T12:45:58.375+0000] {logging_mixin.py:188} INFO - [2026-08-13T12:45:58.366+0000] {dag.py:3823} INFO - Setting next_dagrun for example_xcom to 2021-01-01 00:00:00+00:00, run_after=2021-01-01 00:00:00+00:00
[2026-08-13T12:45:58.793+0000] {processor.py:183} INFO - Processing /home/airflow/.local/lib/python3.8/site-packages/airflow/example_dags/example_xcom.py took 1.184 seconds
[2026-08-13T12:46:29.227+0000] {processor.py:161} INFO - Started process (PID=188) to work on /home/airflow/.local/lib/python3.8/site-packages/airflow/example_dags/example_xcom.py
[2026-08-13T12:46:29.229+0000] {processor.py:830} INFO - Processing file /home/airflow/.local/lib/python3.8/site-packages/airflow/example_dags/example_xcom.py for tasks to queue
[2026-08-13T12:46:29.243+0000] {logging_mixin.py:188} INFO - [2026-08-13T12:46:29.241+0000] {dagbag.py:538} INFO - Filling up the DagBag from /home/airflow/.local/lib/python3.8/site-packages/airflow/example_dags/example_xcom.py
[2026-08-13T12:46:29.311+0000] {processor.py:840} INFO - DAG(s) 'example_xcom' retrieved from /home/airflow/.local/lib/python3.8/site-packages/airflow/example_dags/example_xcom.py
[2026-08-13T12:46:29.398+0000] {logging_mixin.py:188} INFO - [2026-08-13T12:46:29.397+0000] {dag.py:3036} INFO - Sync 1 DAGs
[2026-08-13T12:46:29.464+0000] {logging_mixin.py:188} INFO - [2026-08-13T12:46:29.463+0000] {dag.py:3823} INFO - Setting next_dagrun for example_xcom to 2021-01-01 00:00:00+00:00, run_after=2021-01-01 00:00:00+00:00
[2026-08-13T12:46:29.512+0000] {processor.py:183} INFO - Processing /home/airflow/.local/lib/python3.8/site-packages/airflow/example_dags/example_xcom.py took 0.291 seconds
[2026-08-13T12:46:59.597+0000] {processor.py:161} INFO - Started process (PID=243) to work on /home/airflow/.local/lib/python3.8/site-packages/airflow/example_dags/example_xcom.py
[2026-08-13T12:46:59.599+0000] {processor.py:830} INFO - Processing file /home/airflow/.local/lib/python3.8/site-packages/airflow/example_dags/example_xcom.py for tasks to queue
[2026-08-13T12:46:59.601+0000] {logging_mixin.py:188} INFO - [2026-08-13T12:46:59.601+0000] {dagbag.py:538} INFO - Filling up the DagBag from /home/airflow/.local/lib/python3.8/site-packages/airflow/example_dags/example_xcom.py
[2026-08-13T12:46:59.613+0000] {processor.py:840} INFO - DAG(s) 'example_xcom' retrieved from /home/airflow/.local/lib/python3.8/site-packages/airflow/example_dags/example_xcom.py
[2026-08-13T12:46:59.648+0000] {logging_mixin.py:188} INFO - [2026-08-13T12:46:59.648+0000] {dag.py:3036} INFO - Sync 1 DAGs
[2026-08-13T12:46:59.676+0000] {logging_mixin.py:188} INFO - [2026-08-13T12:46:59.676+0000] {dag.py:3823} INFO - Setting next_dagrun for example_xcom to 2021-01-01 00:00:00+00:00, run_after=2021-01-01 00:00:00+00:00
[2026-08-13T12:46:59.701+0000] {processor.py:183} INFO - Processing /home/airflow/.local/lib/python3.8/site-packages/airflow/example_dags/example_xcom.py took 0.109 seconds
[2026-08-13T12:47:30.003+0000] {processor.py:161} INFO - Started process (PID=298) to work on /home/airflow/.local/lib/python3.8/site-packages/airflow/example_dags/example_xcom.py
[2026-08-13T12:47:30.006+0000] {processor.py:830} INFO - Processing file /home/airflow/.local/lib/python3.8/site-packages/airflow/example_dags/example_xcom.py for tasks to queue
[2026-08-13T12:47:30.010+0000] {logging_mixin.py:188} INFO - [2026-08-13T12:47:30.009+0000] {dagbag.py:538} INFO - Filling up the DagBag from /home/airflow/.local/lib/python3.8/site-packages/airflow/example_dags/example_xcom.py
[2026-08-13T12:47:30.031+0000] {processor.py:840} INFO - DAG(s) 'example_xcom' retrieved from /home/airflow/.local/lib/python3.8/site-packages/airflow/example_dags/example_xcom.py
[2026-08-13T12:47:30.078+0000] {logging_mixin.py:188} INFO - [2026-08-13T12:47:30.077+0000] {dag.py:3036} INFO - Sync 1 DAGs
[2026-08-13T12:47:30.118+0000] {logging_mixin.py:188} INFO - [2026-08-13T12:47:30.117+0000] {dag.py:3823} INFO - Setting next_dagrun for example_xcom to 2021-01-01 00:00:00+00:00, run_after=2021-01-01 00:00:00+00:00
[2026-08-13T12:47:30.154+0000] {processor.py:183} INFO - Processing /home/airflow/.local/lib/python3.8/site-packages/airflow/example_dags/example_xcom.py took 0.160 seconds
[2026-08-13T12:48:00.791+0000] {processor.py:161} INFO - Started process (PID=353) to work on /home/airflow/.local/lib/python3.8/site-packages/airflow/example_dags/example_xcom.py
[2026-08-13T12:48:00.794+0000] {processor.py:830} INFO - Processing file /home/airflow/.local/lib/python3.8/site-packages/airflow/example_dags/example_xcom.py for tasks to queue
[2026-08-13T12:48:00.800+0000] {logging_mixin.py:188} INFO - [2026-08-13T12:48:00.799+0000] {dagbag.py:538} INFO - Filling up the DagBag from /home/airflow/.local/lib/python3.8/site-packages/airflow/example_dags/example_xcom.py
[2026-08-13T12:48:00.826+0000] {processor.py:840} INFO - DAG(s) 'example_xcom' retrieved from /home/airflow/.local/lib/python3.8/site-packages/airflow/example_dags/example_xcom.py
[2026-08-13T12:48:00.879+0000] {logging_mixin.py:188} INFO - [2026-08-13T12:48:00.878+0000] {dag.py:3036} INFO - Sync 1 DAGs
[2026-08-13T12:48:00.941+0000] {logging_mixin.py:188} INFO - [2026-08-13T12:48:00.940+0000] {dag.py:3823} INFO - Setting next_dagrun for example_xcom to 2021-01-01 00:00:00+00:00, run_after=2021-01-01 00:00:00+00:00
[2026-08-13T12:48:00.994+0000] {processor.py:183} INFO - Processing /home/airflow/.local/lib/python3.8/site-packages/airflow/example_dags/example_xcom.py took 0.214 seconds
[2026-08-13T12:48:32.295+0000] {processor.py:161} INFO - Started process (PID=407) to work on /home/airflow/.local/lib/python3.8/site-packages/airflow/example_dags/example_xcom.py
[2026-08-13T12:48:32.299+0000] {processor.py:830} INFO - Processing file /home/airflow/.local/lib/python3.8/site-packages/airflow/example_dags/example_xcom.py for tasks to queue
[2026-08-13T12:48:32.305+0000] {logging_mixin.py:188} INFO - [2026-08-13T12:48:32.305+0000] {dagbag.py:538} INFO - Filling up the DagBag from /home/airflow/.local/lib/python3.8/site-packages/airflow/example_dags/example_xcom.py
[2026-08-13T12:48:32.328+0000] {processor.py:840} INFO - DAG(s) 'example_xcom' retrieved from /home/airflow/.local/lib/python3.8/site-packages/airflow/example_dags/example_xcom.py
[2026-08-13T12:48:32.455+0000] {logging_mixin.py:188} INFO - [2026-08-13T12:48:32.452+0000] {dag.py:3036} INFO - Sync 1 DAGs
[2026-08-13T12:48:32.581+0000] {logging_mixin.py:188} INFO - [2026-08-13T12:48:32.580+0000] {dag.py:3823} INFO - Setting next_dagrun for example_xcom to 2021-01-01 00:00:00+00:00, run_after=2021-01-01 00:00:00+00:00
[2026-08-13T12:48:32.659+0000] {processor.py:183} INFO - Processing /home/airflow/.local/lib/python3.8/site-packages/airflow/example_dags/example_xcom.py took 0.373 seconds
[2026-08-13T12:49:03.900+0000] {processor.py:161} INFO - Started process (PID=468) to work on /home/airflow/.local/lib/python3.8/site-packages/airflow/example_dags/example_xcom.py
[2026-08-13T12:49:03.905+0000] {processor.py:830} INFO - Processing file /home/airflow/.local/lib/python3.8/site-packages/airflow/example_dags/example_xcom.py for tasks to queue
[2026-08-13T12:49:03.912+0000] {logging_mixin.py:188} INFO - [2026-08-13T12:49:03.910+0000] {dagbag.py:538} INFO - Filling up the DagBag from /home/airflow/.local/lib/python3.8/site-packages/airflow/example_dags/example_xcom.py
[2026-08-13T12:49:03.942+0000] {processor.py:840} INFO - DAG(s) 'example_xcom' retrieved from /home/airflow/.local/lib/python3.8/site-packages/airflow/example_dags/example_xcom.py
[2026-08-13T12:49:04.043+0000] {logging_mixin.py:188} INFO - [2026-08-13T12:49:04.042+0000] {dag.py:3036} INFO - Sync 1 DAGs
[2026-08-13T12:49:04.153+0000] {logging_mixin.py:188} INFO - [2026-08-13T12:49:04.149+0000] {dag.py:3823} INFO - Setting next_dagrun for example_xcom to 2021-01-01 00:00:00+00:00, run_after=2021-01-01 00:00:00+00:00
[2026-08-13T12:49:04.275+0000] {processor.py:183} INFO - Processing /home/airflow/.local/lib/python3.8/site-packages/airflow/example_dags/example_xcom.py took 0.393 seconds
[2026-08-13T12:49:34.459+0000] {processor.py:161} INFO - Started process (PID=522) to work on /home/airflow/.local/lib/python3.8/site-packages/airflow/example_dags/example_xcom.py
[2026-08-13T12:49:34.462+0000] {processor.py:830} INFO - Processing file /home/airflow/.local/lib/python3.8/site-packages/airflow/example_dags/example_xcom.py for tasks to queue
[2026-08-13T12:49:34.467+0000] {logging_mixin.py:188} INFO - [2026-08-13T12:49:34.466+0000] {dagbag.py:538} INFO - Filling up the DagBag from /home/airflow/.local/lib/python3.8/site-packages/airflow/example_dags/example_xcom.py
[2026-08-13T12:49:34.487+0000] {processor.py:840} INFO - DAG(s) 'example_xcom' retrieved from /home/airflow/.local/lib/python3.8/site-packages/airflow/example_dags/example_xcom.py
[2026-08-13T12:49:34.542+0000] {logging_mixin.py:188} INFO - [2026-08-13T12:49:34.542+0000] {dag.py:3036} INFO - Sync 1 DAGs
[2026-08-13T12:49:34.597+0000] {logging_mixin.py:188} INFO - [2026-08-13T12:49:34.597+0000] {dag.py:3823} INFO - Setting next_dagrun for example_xcom to 2021-01-01 00:00:00+00:00, run_after=2021-01-01 00:00:00+00:00
[2026-08-13T12:49:34.650+0000] {processor.py:183} INFO - Processing /home/airflow/.local/lib/python3.8/site-packages/airflow/example_dags/example_xcom.py took 0.200 seconds
[2026-08-13T12:50:05.044+0000] {processor.py:161} INFO - Started process (PID=577) to work on /home/airflow/.local/lib/python3.8/site-packages/airflow/example_dags/example_xcom.py
[2026-08-13T12:50:05.052+0000] {processor.py:830} INFO - Processing file /home/airflow/.local/lib/python3.8/site-packages/airflow/example_dags/example_xcom.py for tasks to queue
[2026-08-13T12:50:05.059+0000] {logging_mixin.py:188} INFO - [2026-08-13T12:50:05.058+0000] {dagbag.py:538} INFO - Filling up the DagBag from /home/airflow/.local/lib/python3.8/site-packages/airflow/example_dags/example_xcom.py
[2026-08-13T12:50:05.100+0000] {processor.py:840} INFO - DAG(s) 'example_xcom' retrieved from /home/airflow/.local/lib/python3.8/site-packages/airflow/example_dags/example_xcom.py
[2026-08-13T12:50:05.188+0000] {logging_mixin.py:188} INFO - [2026-08-13T12:50:05.187+0000] {dag.py:3036} INFO - Sync 1 DAGs
[2026-08-13T12:50:05.350+0000] {logging_mixin.py:188} INFO - [2026-08-13T12:50:05.339+0000] {dag.py:3823} INFO - Setting next_dagrun for example_xcom to 2021-01-01 00:00:00+00:00, run_after=2021-01-01 00:00:00+00:00
[2026-08-13T12:50:05.533+0000] {processor.py:183} INFO - Processing /home/airflow/.local/lib/python3.8/site-packages/airflow/example_dags/example_xcom.py took 0.500 seconds
[2026-08-13T12:50:35.677+0000] {processor.py:161} INFO - Started process (PID=632) to work on /home/airflow/.local/lib/python3.8/site-packages/airflow/example_dags/example_xcom.py
[2026-08-13T12:50:35.680+0000] {processor.py:830} INFO - Processing file /home/airflow/.local/lib/python3.8/site-packages/airflow/example_dags/example_xcom.py for tasks to queue
[2026-08-13T12:50:35.688+0000] {logging_mixin.py:188} INFO - [2026-08-13T12:50:35.687+0000] {dagbag.py:538} INFO - Filling up the DagBag from /home/airflow/.local/lib/python3.8/site-packages/airflow/example_dags/example_xcom.py
[2026-08-13T12:50:35.705+0000] {processor.py:840} INFO - DAG(s) 'example_xcom' retrieved from /home/airflow/.local/lib/python3.8/site-packages/airflow/example_dags/example_xcom.py
[2026-08-13T12:50:35.754+0000] {logging_mixin.py:188} INFO - [2026-08-13T12:50:35.753+0000] {dag.py:3036} INFO - Sync 1 DAGs
[2026-08-13T12:50:35.791+0000] {logging_mixin.py:188} INFO - [2026-08-13T12:50:35.790+0000] {dag.py:3823} INFO - Setting next_dagrun for example_xcom to 2021-01-01 00:00:00+00:00, run_after=2021-01-01 00:00:00+00:00
[2026-08-13T12:50:35.828+0000] {processor.py:183} INFO - Processing /home/airflow/.local/lib/python3.8/site-packages/airflow/example_dags/example_xcom.py took 0.157 seconds
[2026-08-13T12:51:06.054+0000] {processor.py:161} INFO - Started process (PID=687) to work on /home/airflow/.local/lib/python3.8/site-packages/airflow/example_dags/example_xcom.py
[2026-08-13T12:51:06.056+0000] {processor.py:830} INFO - Processing file /home/airflow/.local/lib/python3.8/site-packages/airflow/example_dags/example_xcom.py for tasks to queue
[2026-08-13T12:51:06.059+0000] {logging_mixin.py:188} INFO - [2026-08-13T12:51:06.058+0000] {dagbag.py:538} INFO - Filling up the DagBag from /home/airflow/.local/lib/python3.8/site-packages/airflow/example_dags/example_xcom.py
[2026-08-13T12:51:06.071+0000] {processor.py:840} INFO - DAG(s) 'example_xcom' retrieved from /home/airflow/.local/lib/python3.8/site-packages/airflow/example_dags/example_xcom.py
[2026-08-13T12:51:06.106+0000] {logging_mixin.py:188} INFO - [2026-08-13T12:51:06.106+0000] {dag.py:3036} INFO - Sync 1 DAGs
[2026-08-13T12:51:06.145+0000] {logging_mixin.py:188} INFO - [2026-08-13T12:51:06.144+0000] {dag.py:3823} INFO - Setting next_dagrun for example_xcom to 2021-01-01 00:00:00+00:00, run_after=2021-01-01 00:00:00+00:00
[2026-08-13T12:51:06.175+0000] {processor.py:183} INFO - Processing /home/airflow/.local/lib/python3.8/site-packages/airflow/example_dags/example_xcom.py took 0.127 seconds
[2026-08-13T12:51:36.874+0000] {processor.py:161} INFO - Started process (PID=736) to work on /home/airflow/.local/lib/python3.8/site-packages/airflow/example_dags/example_xcom.py
[2026-08-13T12:51:36.879+0000] {processor.py:830} INFO - Processing file /home/airflow/.local/lib/python3.8/site-packages/airflow/example_dags/example_xcom.py for tasks to queue
[2026-08-13T12:51:36.885+0000] {logging_mixin.py:188} INFO - [2026-08-13T12:51:36.884+0000] {dagbag.py:538} INFO - Filling up the DagBag from /home/airflow/.local/lib/python3.8/site-packages/airflow/example_dags/example_xcom.py
[2026-08-13T12:51:36.905+0000] {processor.py:840} INFO - DAG(s) 'example_xcom' retrieved from /home/airflow/.local/lib/python3.8/site-packages/airflow/example_dags/example_xcom.py
[2026-08-13T12:51:36.971+0000] {logging_mixin.py:188} INFO - [2026-08-13T12:51:36.971+0000] {dag.py:3036} INFO - Sync 1 DAGs
[2026-08-13T12:51:37.044+0000] {logging_mixin.py:188} INFO - [2026-08-13T12:51:37.044+0000] {dag.py:3823} INFO - Setting next_dagrun for example_xcom to 2021-01-01 00:00:00+00:00, run_after=2021-01-01 00:00:00+00:00
[2026-08-13T12:51:37.100+0000] {processor.py:183} INFO - Processing /home/airflow/.local/lib/python3.8/site-packages/airflow/example_dags/example_xcom.py took 0.234 seconds
[2026-08-13T12:52:07.684+0000] {processor.py:161} INFO - Started process (PID=788) to work on /home/airflow/.local/lib/python3.8/site-packages/airflow/example_dags/example_xcom.py
[2026-08-13T12:52:07.686+0000] {processor.py:830} INFO - Processing file /home/airflow/.local/lib/python3.8/site-packages/airflow/example_dags/example_xcom.py for tasks to queue
[2026-08-13T12:52:07.690+0000] {logging_mixin.py:188} INFO - [2026-08-13T12:52:07.689+0000] {dagbag.py:538} INFO - Filling up the DagBag from /home/airflow/.local/lib/python3.8/site-packages/airflow/example_dags/example_xcom.py
[2026-08-13T12:52:07.708+0000] {processor.py:840} INFO - DAG(s) 'example_xcom' retrieved from /home/airflow/.local/lib/python3.8/site-packages/airflow/example_dags/example_xcom.py
[2026-08-13T12:52:07.763+0000] {logging_mixin.py:188} INFO - [2026-08-13T12:52:07.762+0000] {dag.py:3036} INFO - Sync 1 DAGs
[2026-08-13T12:52:07.810+0000] {logging_mixin.py:188} INFO - [2026-08-13T12:52:07.809+0000] {dag.py:3823} INFO - Setting next_dagrun for example_xcom to 2021-01-01 00:00:00+00:00, run_after=2021-01-01 00:00:00+00:00
[2026-08-13T12:52:07.850+0000] {processor.py:183} INFO - Processing /home/airflow/.local/lib/python3.8/site-packages/airflow/example_dags/example_xcom.py took 0.173 seconds
[2026-08-13T12:52:37.992+0000] {processor.py:161} INFO - Started process (PID=843) to work on /home/airflow/.local/lib/python3.8/site-packages/airflow/example_dags/example_xcom.py
[2026-08-13T12:52:37.995+0000] {processor.py:830} INFO - Processing file /home/airflow/.local/lib/python3.8/site-packages/airflow/example_dags/example_xcom.py for tasks to queue
[2026-08-13T12:52:38.000+0000] {logging_mixin.py:188} INFO - [2026-08-13T12:52:37.999+0000] {dagbag.py:538} INFO - Filling up the DagBag from /home/airflow/.local/lib/python3.8/site-packages/airflow/example_dags/example_xcom.py
[2026-08-13T12:52:38.020+0000] {processor.py:840} INFO - DAG(s) 'example_xcom' retrieved from /home/airflow/.local/lib/python3.8/site-packages/airflow/example_dags/example_xcom.py
[2026-08-13T12:52:38.080+0000] {logging_mixin.py:188} INFO - [2026-08-13T12:52:38.079+0000] {dag.py:3036} INFO - Sync 1 DAGs
[2026-08-13T12:52:38.123+0000] {logging_mixin.py:188} INFO - [2026-08-13T12:52:38.122+0000] {dag.py:3823} INFO - Setting next_dagrun for example_xcom to 2021-01-01 00:00:00+00:00, run_after=2021-01-01 00:00:00+00:00
[2026-08-13T12:52:38.171+0000] {processor.py:183} INFO - Processing /home/airflow/.local/lib/python3.8/site-packages/airflow/example_dags/example_xcom.py took 0.189 seconds
[2026-08-13T12:53:08.390+0000] {processor.py:161} INFO - Started process (PID=898) to work on /home/airflow/.local/lib/python3.8/site-packages/airflow/example_dags/example_xcom.py
[2026-08-13T12:53:08.392+0000] {processor.py:830} INFO - Processing file /home/airflow/.local/lib/python3.8/site-packages/airflow/example_dags/example_xcom.py for tasks to queue
[2026-08-13T12:53:08.394+0000] {logging_mixin.py:188} INFO - [2026-08-13T12:53:08.394+0000] {dagbag.py:538} INFO - Filling up the DagBag from /home/airflow/.local/lib/python3.8/site-packages/airflow/example_dags/example_xcom.py
[2026-08-13T12:53:08.406+0000] {processor.py:840} INFO - DAG(s) 'example_xcom' retrieved from /home/airflow/.local/lib/python3.8/site-packages/airflow/example_dags/example_xcom.py
[2026-08-13T12:53:08.445+0000] {logging_mixin.py:188} INFO - [2026-08-13T12:53:08.445+0000] {dag.py:3036} INFO - Sync 1 DAGs
[2026-08-13T12:53:08.476+0000] {logging_mixin.py:188} INFO - [2026-08-13T12:53:08.476+0000] {dag.py:3823} INFO - Setting next_dagrun for example_xcom to 2021-01-01 00:00:00+00:00, run_after=2021-01-01 00:00:00+00:00
[2026-08-13T12:53:08.512+0000] {processor.py:183} INFO - Processing /home/airflow/.local/lib/python3.8/site-packages/airflow/example_dags/example_xcom.py took 0.127 seconds
[2026-08-13T12:53:41.363+0000] {processor.py:161} INFO - Started process (PID=946) to work on /home/airflow/.local/lib/python3.8/site-packages/airflow/example_dags/example_xcom.py
[2026-08-13T12:53:41.366+0000] {processor.py:830} INFO - Processing file /home/airflow/.local/lib/python3.8/site-packages/airflow/example_dags/example_xcom.py for tasks to queue
[2026-08-13T12:53:41.372+0000] {logging_mixin.py:188} INFO - [2026-08-13T12:53:41.371+0000] {dagbag.py:538} INFO - Filling up the DagBag from /home/airflow/.local/lib/python3.8/site-packages/airflow/example_dags/example_xcom.py
[2026-08-13T12:53:41.412+0000] {processor.py:840} INFO - DAG(s) 'example_xcom' retrieved from /home/airflow/.local/lib/python3.8/site-packages/airflow/example_dags/example_xcom.py
[2026-08-13T12:53:41.525+0000] {logging_mixin.py:188} INFO - [2026-08-13T12:53:41.523+0000] {dag.py:3036} INFO - Sync 1 DAGs
[2026-08-13T12:53:41.628+0000] {logging_mixin.py:188} INFO - [2026-08-13T12:53:41.627+0000] {dag.py:3823} INFO - Setting next_dagrun for example_xcom to 2021-01-01 00:00:00+00:00, run_after=2021-01-01 00:00:00+00:00
[2026-08-13T12:53:41.719+0000] {processor.py:183} INFO - Processing /home/airflow/.local/lib/python3.8/site-packages/airflow/example_dags/example_xcom.py took 0.371 seconds
[2026-08-13T12:54:12.136+0000] {processor.py:161} INFO - Started process (PID=1001) to work on /home/airflow/.local/lib/python3.8/site-packages/airflow/example_dags/example_xcom.py
[2026-08-13T12:54:12.138+0000] {processor.py:830} INFO - Processing file /home/airflow/.local/lib/python3.8/site-packages/airflow/example_dags/example_xcom.py for tasks to queue
[2026-08-13T12:54:12.140+0000] {logging_mixin.py:188} INFO - [2026-08-13T12:54:12.140+0000] {dagbag.py:538} INFO - Filling up the DagBag from /home/airflow/.local/lib/python3.8/site-packages/airflow/example_dags/example_xcom.py
[2026-08-13T12:54:12.154+0000] {processor.py:840} INFO - DAG(s) 'example_xcom' retrieved from /home/airflow/.local/lib/python3.8/site-packages/airflow/example_dags/example_xcom.py
[2026-08-13T12:54:12.198+0000] {logging_mixin.py:188} INFO - [2026-08-13T12:54:12.197+0000] {dag.py:3036} INFO - Sync 1 DAGs
[2026-08-13T12:54:12.233+0000] {logging_mixin.py:188} INFO - [2026-08-13T12:54:12.232+0000] {dag.py:3823} INFO - Setting next_dagrun for example_xcom to 2021-01-01 00:00:00+00:00, run_after=2021-01-01 00:00:00+00:00
[2026-08-13T12:54:12.261+0000] {processor.py:183} INFO - Processing /home/airflow/.local/lib/python3.8/site-packages/airflow/example_dags/example_xcom.py took 0.132 seconds
[2026-08-13T12:54:42.823+0000] {processor.py:161} INFO - Started process (PID=1053) to work on /home/airflow/.local/lib/python3.8/site-packages/airflow/example_dags/example_xcom.py
[2026-08-13T12:54:42.825+0000] {processor.py:830} INFO - Processing file /home/airflow/.local/lib/python3.8/site-packages/airflow/example_dags/example_xcom.py for tasks to queue
[2026-08-13T12:54:42.827+0000] {logging_mixin.py:188} INFO - [2026-08-13T12:54:42.827+0000] {dagbag.py:538} INFO - Filling up the DagBag from /home/airflow/.local/lib/python3.8/site-packages/airflow/example_dags/example_xcom.py
[2026-08-13T12:54:42.839+0000] {processor.py:840} INFO - DAG(s) 'example_xcom' retrieved from /home/airflow/.local/lib/python3.8/site-packages/airflow/example_dags/example_xcom.py
[2026-08-13T12:54:42.868+0000] {logging_mixin.py:188} INFO - [2026-08-13T12:54:42.867+0000] {dag.py:3036} INFO - Sync 1 DAGs
[2026-08-13T12:54:42.899+0000] {logging_mixin.py:188} INFO - [2026-08-13T12:54:42.899+0000] {dag.py:3823} INFO - Setting next_dagrun for example_xcom to 2021-01-01 00:00:00+00:00, run_after=2021-01-01 00:00:00+00:00
[2026-08-13T12:54:42.934+0000] {processor.py:183} INFO - Processing /home/airflow/.local/lib/python3.8/site-packages/airflow/example_dags/example_xcom.py took 0.116 seconds
[2026-08-13T12:55:13.543+0000] {processor.py:161} INFO - Started process (PID=1108) to work on /home/airflow/.local/lib/python3.8/site-packages/airflow/example_dags/example_xcom.py
[2026-08-13T12:55:13.545+0000] {processor.py:830} INFO - Processing file /home/airflow/.local/lib/python3.8/site-packages/airflow/example_dags/example_xcom.py for tasks to queue
[2026-08-13T12:55:13.550+0000] {logging_mixin.py:188} INFO - [2026-08-13T12:55:13.549+0000] {dagbag.py:538} INFO - Filling up the DagBag from /home/airflow/.local/lib/python3.8/site-packages/airflow/example_dags/example_xcom.py
[2026-08-13T12:55:13.569+0000] {processor.py:840} INFO - DAG(s) 'example_xcom' retrieved from /home/airflow/.local/lib/python3.8/site-packages/airflow/example_dags/example_xcom.py
[2026-08-13T12:55:13.611+0000] {logging_mixin.py:188} INFO - [2026-08-13T12:55:13.611+0000] {dag.py:3036} INFO - Sync 1 DAGs
[2026-08-13T12:55:13.648+0000] {logging_mixin.py:188} INFO - [2026-08-13T12:55:13.648+0000] {dag.py:3823} INFO - Setting next_dagrun for example_xcom to 2021-01-01 00:00:00+00:00, run_after=2021-01-01 00:00:00+00:00
[2026-08-13T12:55:13.711+0000] {processor.py:183} INFO - Processing /home/airflow/.local/lib/python3.8/site-packages/airflow/example_dags/example_xcom.py took 0.181 seconds
[2026-08-13T12:55:44.189+0000] {processor.py:161} INFO - Started process (PID=1163) to work on /home/airflow/.local/lib/python3.8/site-packages/airflow/example_dags/example_xcom.py
[2026-08-13T12:55:44.191+0000] {processor.py:830} INFO - Processing file /home/airflow/.local/lib/python3.8/site-packages/airflow/example_dags/example_xcom.py for tasks to queue
[2026-08-13T12:55:44.195+0000] {logging_mixin.py:188} INFO - [2026-08-13T12:55:44.194+0000] {dagbag.py:538} INFO - Filling up the DagBag from /home/airflow/.local/lib/python3.8/site-packages/airflow/example_dags/example_xcom.py
[2026-08-13T12:55:44.210+0000] {processor.py:840} INFO - DAG(s) 'example_xcom' retrieved from /home/airflow/.local/lib/python3.8/site-packages/airflow/example_dags/example_xcom.py
[2026-08-13T12:55:44.255+0000] {logging_mixin.py:188} INFO - [2026-08-13T12:55:44.254+0000] {dag.py:3036} INFO - Sync 1 DAGs
[2026-08-13T12:55:44.300+0000] {logging_mixin.py:188} INFO - [2026-08-13T12:55:44.300+0000] {dag.py:3823} INFO - Setting next_dagrun for example_xcom to 2021-01-01 00:00:00+00:00, run_after=2021-01-01 00:00:00+00:00
[2026-08-13T12:55:44.352+0000] {processor.py:183} INFO - Processing /home/airflow/.local/lib/python3.8/site-packages/airflow/example_dags/example_xcom.py took 0.174 seconds
[2026-08-13T12:56:14.897+0000] {processor.py:161} INFO - Started process (PID=1218) to work on /home/airflow/.local/lib/python3.8/site-packages/airflow/example_dags/example_xcom.py
[2026-08-13T12:56:14.900+0000] {processor.py:830} INFO - Processing file /home/airflow/.local/lib/python3.8/site-packages/airflow/example_dags/example_xcom.py for tasks to queue
[2026-08-13T12:56:14.906+0000] {logging_mixin.py:188} INFO - [2026-08-13T12:56:14.905+0000] {dagbag.py:538} INFO - Filling up the DagBag from /home/airflow/.local/lib/python3.8/site-packages/airflow/example_dags/example_xcom.py
[2026-08-13T12:56:14.923+0000] {processor.py:840} INFO - DAG(s) 'example_xcom' retrieved from /home/airflow/.local/lib/python3.8/site-packages/airflow/example_dags/example_xcom.py
[2026-08-13T12:56:14.966+0000] {logging_mixin.py:188} INFO - [2026-08-13T12:56:14.965+0000] {dag.py:3036} INFO - Sync 1 DAGs
[2026-08-13T12:56:15.011+0000] {logging_mixin.py:188} INFO - [2026-08-13T12:56:15.011+0000] {dag.py:3823} INFO - Setting next_dagrun for example_xcom to 2021-01-01 00:00:00+00:00, run_after=2021-01-01 00:00:00+00:00
[2026-08-13T12:56:15.075+0000] {processor.py:183} INFO - Processing /home/airflow/.local/lib/python3.8/site-packages/airflow/example_dags/example_xcom.py took 0.184 seconds
[2026-08-13T12:56:45.220+0000] {processor.py:161} INFO - Started process (PID=1273) to work on /home/airflow/.local/lib/python3.8/site-packages/airflow/example_dags/example_xcom.py
[2026-08-13T12:56:45.223+0000] {processor.py:830} INFO - Processing file /home/airflow/.local/lib/python3.8/site-packages/airflow/example_dags/example_xcom.py for tasks to queue
[2026-08-13T12:56:45.226+0000] {logging_mixin.py:188} INFO - [2026-08-13T12:56:45.226+0000] {dagbag.py:538} INFO - Filling up the DagBag from /home/airflow/.local/lib/python3.8/site-packages/airflow/example_dags/example_xcom.py
[2026-08-13T12:56:45.239+0000] {processor.py:840} INFO - DAG(s) 'example_xcom' retrieved from /home/airflow/.local/lib/python3.8/site-packages/airflow/example_dags/example_xcom.py
[2026-08-13T12:56:45.277+0000] {logging_mixin.py:188} INFO - [2026-08-13T12:56:45.276+0000] {dag.py:3036} INFO - Sync 1 DAGs
[2026-08-13T12:56:45.303+0000] {logging_mixin.py:188} INFO - [2026-08-13T12:56:45.303+0000] {dag.py:3823} INFO - Setting next_dagrun for example_xcom to 2021-01-01 00:00:00+00:00, run_after=2021-01-01 00:00:00+00:00
[2026-08-13T12:56:45.331+0000] {processor.py:183} INFO - Processing /home/airflow/.local/lib/python3.8/site-packages/airflow/example_dags/example_xcom.py took 0.117 seconds
[2026-08-13T12:57:15.451+0000] {processor.py:161} INFO - Started process (PID=1328) to work on /home/airflow/.local/lib/python3.8/site-packages/airflow/example_dags/example_xcom.py
[2026-08-13T12:57:15.452+0000] {processor.py:830} INFO - Processing file /home/airflow/.local/lib/python3.8/site-packages/airflow/example_dags/example_xcom.py for tasks to queue
[2026-08-13T12:57:15.455+0000] {logging_mixin.py:188} INFO - [2026-08-13T12:57:15.454+0000] {dagbag.py:538} INFO - Filling up the DagBag from /home/airflow/.local/lib/python3.8/site-packages/airflow/example_dags/example_xcom.py
[2026-08-13T12:57:15.464+0000] {processor.py:840} INFO - DAG(s) 'example_xcom' retrieved from /home/airflow/.local/lib/python3.8/site-packages/airflow/example_dags/example_xcom.py
[2026-08-13T12:57:15.489+0000] {logging_mixin.py:188} INFO - [2026-08-13T12:57:15.489+0000] {dag.py:3036} INFO - Sync 1 DAGs
[2026-08-13T12:57:15.515+0000] {logging_mixin.py:188} INFO - [2026-08-13T12:57:15.514+0000] {dag.py:3823} INFO - Setting next_dagrun for example_xcom to 2021-01-01 00:00:00+00:00, run_after=2021-01-01 00:00:00+00:00
[2026-08-13T12:57:15.542+0000] {processor.py:183} INFO - Processing /home/airflow/.local/lib/python3.8/site-packages/airflow/example_dags/example_xcom.py took 0.095 seconds
