[2026-08-13T12:33:14.621+0000] {processor.py:161} INFO - Started process (PID=73) to work on /home/airflow/.local/lib/python3.8/site-packages/airflow/example_dags/example_params_trigger_ui.py
[2026-08-13T12:33:14.624+0000] {processor.py:830} INFO - Processing file /home/airflow/.local/lib/python3.8/site-packages/airflow/example_dags/example_params_trigger_ui.py for tasks to queue
[2026-08-13T12:33:14.629+0000] {logging_mixin.py:188} INFO - [2026-08-13T12:33:14.629+0000] {dagbag.py:538} INFO - Filling up the DagBag from /home/airflow/.local/lib/python3.8/site-packages/airflow/example_dags/example_params_trigger_ui.py
[2026-08-13T12:33:14.690+0000] {processor.py:840} INFO - DAG(s) 'example_params_trigger_ui' retrieved from /home/airflow/.local/lib/python3.8/site-packages/airflow/example_dags/example_params_trigger_ui.py
[2026-08-13T12:33:15.470+0000] {logging_mixin.py:188} INFO - [2026-08-13T12:33:15.469+0000] {dag.py:3036} INFO - Sync 1 DAGs
[2026-08-13T12:33:15.545+0000] {logging_mixin.py:188} INFO - [2026-08-13T12:33:15.545+0000] {dag.py:3823} INFO - Setting next_dagrun for example_params_trigger_ui to None, run_after=None
[2026-08-13T12:33:15.638+0000] {processor.py:183} INFO - Processing /home/airflow/.local/lib/python3.8/site-packages/airflow/example_dags/example_params_trigger_ui.py took 1.035 seconds
[2026-08-13T12:33:46.177+0000] {processor.py:161} INFO - Started process (PID=128) to work on /home/airflow/.local/lib/python3.8/site-packages/airflow/example_dags/example_params_trigger_ui.py
[2026-08-13T12:33:46.180+0000] {processor.py:830} INFO - Processing file /home/airflow/.local/lib/python3.8/site-packages/airflow/example_dags/example_params_trigger_ui.py for tasks to queue
[2026-08-13T12:33:46.185+0000] {logging_mixin.py:188} INFO - [2026-08-13T12:33:46.184+0000] {dagbag.py:538} INFO - Filling up the DagBag from /home/airflow/.local/lib/python3.8/site-packages/airflow/example_dags/example_params_trigger_ui.py
[2026-08-13T12:33:46.218+0000] {processor.py:840} INFO - DAG(s) 'example_params_trigger_ui' retrieved from /home/airflow/.local/lib/python3.8/site-packages/airflow/example_dags/example_params_trigger_ui.py
[2026-08-13T12:33:46.335+0000] {logging_mixin.py:188} INFO - [2026-08-13T12:33:46.334+0000] {dag.py:3036} INFO - Sync 1 DAGs
[2026-08-13T12:33:46.360+0000] {logging_mixin.py:188} INFO - [2026-08-13T12:33:46.360+0000] {dag.py:3823} INFO - Setting next_dagrun for example_params_trigger_ui to None, run_after=None
[2026-08-13T12:33:46.412+0000] {processor.py:183} INFO - Processing /home/airflow/.local/lib/python3.8/site-packages/airflow/example_dags/example_params_trigger_ui.py took 0.242 seconds
[2026-08-13T12:34:17.130+0000] {processor.py:161} INFO - Started process (PID=181) to work on /home/airflow/.local/lib/python3.8/site-packages/airflow/example_dags/example_params_trigger_ui.py
[2026-08-13T12:34:17.133+0000] {processor.py:830} INFO - Processing file /home/airflow/.local/lib/python3.8/site-packages/airflow/example_dags/example_params_trigger_ui.py for tasks to queue
[2026-08-13T12:34:17.137+0000] {logging_mixin.py:188} INFO - [2026-08-13T12:34:17.137+0000] {dagbag.py:538} INFO - Filling up the DagBag from /home/airflow/.local/lib/python3.8/site-packages/airflow/example_dags/example_params_trigger_ui.py
[2026-08-13T12:34:17.160+0000] {processor.py:840} INFO - DAG(s) 'example_params_trigger_ui' retrieved from /home/airflow/.local/lib/python3.8/site-packages/airflow/example_dags/example_params_trigger_ui.py
[2026-08-13T12:34:17.225+0000] {logging_mixin.py:188} INFO - [2026-08-13T12:34:17.224+0000] {dag.py:3036} INFO - Sync 1 DAGs
[2026-08-13T12:34:17.243+0000] {logging_mixin.py:188} INFO - [2026-08-13T12:34:17.243+0000] {dag.py:3823} INFO - Setting next_dagrun for example_params_trigger_ui to None, run_after=None
[2026-08-13T12:34:17.274+0000] {processor.py:183} INFO - Processing /home/airflow/.local/lib/python3.8/site-packages/airflow/example_dags/example_params_trigger_ui.py took 0.148 seconds
[2026-08-13T12:34:47.587+0000] {processor.py:161} INFO - Started process (PID=236) to work on /home/airflow/.local/lib/python3.8/site-packages/airflow/example_dags/example_params_trigger_ui.py
[2026-08-13T12:34:47.589+0000] {processor.py:830} INFO - Processing file /home/airflow/.local/lib/python3.8/site-packages/airflow/example_dags/example_params_trigger_ui.py for tasks to queue
[2026-08-13T12:34:47.593+0000] {logging_mixin.py:188} INFO - [2026-08-13T12:34:47.593+0000] {dagbag.py:538} INFO - Filling up the DagBag from /home/airflow/.local/lib/python3.8/site-packages/airflow/example_dags/example_params_trigger_ui.py
[2026-08-13T12:34:47.614+0000] {processor.py:840} INFO - DAG(s) 'example_params_trigger_ui' retrieved from /home/airflow/.local/lib/python3.8/site-packages/airflow/example_dags/example_params_trigger_ui.py
[2026-08-13T12:34:47.676+0000] {logging_mixin.py:188} INFO - [2026-08-13T12:34:47.676+0000] {dag.py:3036} INFO - Sync 1 DAGs
[2026-08-13T12:34:47.693+0000] {logging_mixin.py:188} INFO - [2026-08-13T12:34:47.693+0000] {dag.py:3823} INFO - Setting next_dagrun for example_params_trigger_ui to None, run_after=None
[2026-08-13T12:34:47.719+0000] {processor.py:183} INFO - Processing /home/airflow/.local/lib/python3.8/site-packages/airflow/example_dags/example_params_trigger_ui.py took 0.137 seconds
[2026-08-13T12:35:17.838+0000] {processor.py:161} INFO - Started process (PID=291) to work on /home/airflow/.local/lib/python3.8/site-packages/airflow/example_dags/example_params_trigger_ui.py
[2026-08-13T12:35:17.841+0000] {processor.py:830} INFO - Processing file /home/airflow/.local/lib/python3.8/site-packages/airflow/example_dags/example_params_trigger_ui.py for tasks to queue
[2026-08-13T12:35:17.845+0000] {logging_mixin.py:188} INFO - [2026-08-13T12:35:17.845+0000] {dagbag.py:538} INFO - Filling up the DagBag from /home/airflow/.local/lib/python3.8/site-packages/airflow/example_dags/example_params_trigger_ui.py
[2026-08-13T12:35:17.875+0000] {processor.py:840} INFO - DAG(s) 'example_params_trigger_ui' retrieved from /home/airflow/.local/lib/python3.8/site-packages/airflow/example_dags/example_params_trigger_ui.py
[2026-08-13T12:35:17.957+0000] {logging_mixin.py:188} INFO - [2026-08-13T12:35:17.957+0000] {dag.py:3036} INFO - Sync 1 DAGs
[2026-08-13T12:35:17.980+0000] {logging_mixin.py:188} INFO - [2026-08-13T12:35:17.979+0000] {dag.py:3823} INFO - Setting next_dagrun for example_params_trigger_ui to None, run_after=None
[2026-08-13T12:35:18.016+0000] {processor.py:183} INFO - Processing /home/airflow/.local/lib/python3.8/site-packages/airflow/example_dags/example_params_trigger_ui.py took 0.184 seconds
[2026-08-13T12:35:48.501+0000] {processor.py:161} INFO - Started process (PID=346) to work on /home/airflow/.local/lib/python3.8/site-packages/airflow/example_dags/example_params_trigger_ui.py
[2026-08-13T12:35:48.504+0000] {processor.py:830} INFO - Processing file /home/airflow/.local/lib/python3.8/site-packages/airflow/example_dags/example_params_trigger_ui.py for tasks to queue
[2026-08-13T12:35:48.509+0000] {logging_mixin.py:188} INFO - [2026-08-13T12:35:48.508+0000] {dagbag.py:538} INFO - Filling up the DagBag from /home/airflow/.local/lib/python3.8/site-packages/airflow/example_dags/example_params_trigger_ui.py
[2026-08-13T12:35:48.533+0000] {processor.py:840} INFO - DAG(s) 'example_params_trigger_ui' retrieved from /home/airflow/.local/lib/python3.8/site-packages/airflow/example_dags/example_params_trigger_ui.py
[2026-08-13T12:35:48.666+0000] {logging_mixin.py:188} INFO - [2026-08-13T12:35:48.666+0000] {dag.py:3036} INFO - Sync 1 DAGs
[2026-08-13T12:35:48.691+0000] {logging_mixin.py:188} INFO - [2026-08-13T12:35:48.690+0000] {dag.py:3823} INFO - Setting next_dagrun for example_params_trigger_ui to None, run_after=None
[2026-08-13T12:35:48.716+0000] {processor.py:183} INFO - Processing /home/airflow/.local/lib/python3.8/site-packages/airflow/example_dags/example_params_trigger_ui.py took 0.223 seconds
[2026-08-13T12:36:18.846+0000] {processor.py:161} INFO - Started process (PID=401) to work on /home/airflow/.local/lib/python3.8/site-packages/airflow/example_dags/example_params_trigger_ui.py
[2026-08-13T12:36:18.848+0000] {processor.py:830} INFO - Processing file /home/airflow/.local/lib/python3.8/site-packages/airflow/example_dags/example_params_trigger_ui.py for tasks to queue
[2026-08-13T12:36:18.852+0000] {logging_mixin.py:188} INFO - [2026-08-13T12:36:18.851+0000] {dagbag.py:538} INFO - Filling up the DagBag from /home/airflow/.local/lib/python3.8/site-packages/airflow/example_dags/example_params_trigger_ui.py
[2026-08-13T12:36:18.870+0000] {processor.py:840} INFO - DAG(s) 'example_params_trigger_ui' retrieved from /home/airflow/.local/lib/python3.8/site-packages/airflow/example_dags/example_params_trigger_ui.py
[2026-08-13T12:36:18.936+0000] {logging_mixin.py:188} INFO - [2026-08-13T12:36:18.936+0000] {dag.py:3036} INFO - Sync 1 DAGs
[2026-08-13T12:36:18.955+0000] {logging_mixin.py:188} INFO - [2026-08-13T12:36:18.955+0000] {dag.py:3823} INFO - Setting next_dagrun for example_params_trigger_ui to None, run_after=None
[2026-08-13T12:36:18.981+0000] {processor.py:183} INFO - Processing /home/airflow/.local/lib/python3.8/site-packages/airflow/example_dags/example_params_trigger_ui.py took 0.141 seconds
[2026-08-13T12:40:39.617+0000] {processor.py:161} INFO - Started process (PID=90) to work on /home/airflow/.local/lib/python3.8/site-packages/airflow/example_dags/example_params_trigger_ui.py
[2026-08-13T12:40:39.653+0000] {processor.py:830} INFO - Processing file /home/airflow/.local/lib/python3.8/site-packages/airflow/example_dags/example_params_trigger_ui.py for tasks to queue
[2026-08-13T12:40:39.718+0000] {logging_mixin.py:188} INFO - [2026-08-13T12:40:39.704+0000] {dagbag.py:538} INFO - Filling up the DagBag from /home/airflow/.local/lib/python3.8/site-packages/airflow/example_dags/example_params_trigger_ui.py
[2026-08-13T12:40:42.919+0000] {processor.py:840} INFO - DAG(s) 'example_params_trigger_ui' retrieved from /home/airflow/.local/lib/python3.8/site-packages/airflow/example_dags/example_params_trigger_ui.py
[2026-08-13T12:40:52.473+0000] {logging_mixin.py:188} INFO - [2026-08-13T12:40:52.455+0000] {dag.py:3036} INFO - Sync 1 DAGs
[2026-08-13T12:40:52.691+0000] {logging_mixin.py:188} INFO - [2026-08-13T12:40:52.690+0000] {dag.py:3823} INFO - Setting next_dagrun for example_params_trigger_ui to None, run_after=None
[2026-08-13T12:40:53.109+0000] {processor.py:183} INFO - Processing /home/airflow/.local/lib/python3.8/site-packages/airflow/example_dags/example_params_trigger_ui.py took 13.573 seconds
[2026-08-13T12:42:00.812+0000] {processor.py:161} INFO - Started process (PID=149) to work on /home/airflow/.local/lib/python3.8/site-packages/airflow/example_dags/example_params_trigger_ui.py
[2026-08-13T12:42:00.815+0000] {processor.py:830} INFO - Processing file /home/airflow/.local/lib/python3.8/site-packages/airflow/example_dags/example_params_trigger_ui.py for tasks to queue
[2026-08-13T12:42:00.823+0000] {logging_mixin.py:188} INFO - [2026-08-13T12:42:00.822+0000] {dagbag.py:538} INFO - Filling up the DagBag from /home/airflow/.local/lib/python3.8/site-packages/airflow/example_dags/example_params_trigger_ui.py
[2026-08-13T12:42:00.875+0000] {processor.py:840} INFO - DAG(s) 'example_params_trigger_ui' retrieved from /home/airflow/.local/lib/python3.8/site-packages/airflow/example_dags/example_params_trigger_ui.py
[2026-08-13T12:42:01.076+0000] {logging_mixin.py:188} INFO - [2026-08-13T12:42:01.076+0000] {dag.py:3036} INFO - Sync 1 DAGs
[2026-08-13T12:42:01.128+0000] {logging_mixin.py:188} INFO - [2026-08-13T12:42:01.127+0000] {dag.py:3823} INFO - Setting next_dagrun for example_params_trigger_ui to None, run_after=None
[2026-08-13T12:42:01.193+0000] {processor.py:183} INFO - Processing /home/airflow/.local/lib/python3.8/site-packages/airflow/example_dags/example_params_trigger_ui.py took 0.395 seconds
[2026-08-13T12:42:35.140+0000] {processor.py:161} INFO - Started process (PID=204) to work on /home/airflow/.local/lib/python3.8/site-packages/airflow/example_dags/example_params_trigger_ui.py
[2026-08-13T12:42:35.144+0000] {processor.py:830} INFO - Processing file /home/airflow/.local/lib/python3.8/site-packages/airflow/example_dags/example_params_trigger_ui.py for tasks to queue
[2026-08-13T12:42:35.194+0000] {logging_mixin.py:188} INFO - [2026-08-13T12:42:35.165+0000] {dagbag.py:538} INFO - Filling up the DagBag from /home/airflow/.local/lib/python3.8/site-packages/airflow/example_dags/example_params_trigger_ui.py
[2026-08-13T12:42:35.926+0000] {processor.py:840} INFO - DAG(s) 'example_params_trigger_ui' retrieved from /home/airflow/.local/lib/python3.8/site-packages/airflow/example_dags/example_params_trigger_ui.py
[2026-08-13T12:42:36.740+0000] {logging_mixin.py:188} INFO - [2026-08-13T12:42:36.739+0000] {dag.py:3036} INFO - Sync 1 DAGs
[2026-08-13T12:42:36.811+0000] {logging_mixin.py:188} INFO - [2026-08-13T12:42:36.810+0000] {dag.py:3823} INFO - Setting next_dagrun for example_params_trigger_ui to None, run_after=None
[2026-08-13T12:42:36.923+0000] {processor.py:183} INFO - Processing /home/airflow/.local/lib/python3.8/site-packages/airflow/example_dags/example_params_trigger_ui.py took 1.803 seconds
[2026-08-13T12:45:15.745+0000] {processor.py:161} INFO - Started process (PID=76) to work on /home/airflow/.local/lib/python3.8/site-packages/airflow/example_dags/example_params_trigger_ui.py
[2026-08-13T12:45:15.769+0000] {processor.py:830} INFO - Processing file /home/airflow/.local/lib/python3.8/site-packages/airflow/example_dags/example_params_trigger_ui.py for tasks to queue
[2026-08-13T12:45:15.845+0000] {logging_mixin.py:188} INFO - [2026-08-13T12:45:15.843+0000] {dagbag.py:538} INFO - Filling up the DagBag from /home/airflow/.local/lib/python3.8/site-packages/airflow/example_dags/example_params_trigger_ui.py
[2026-08-13T12:45:16.236+0000] {processor.py:840} INFO - DAG(s) 'example_params_trigger_ui' retrieved from /home/airflow/.local/lib/python3.8/site-packages/airflow/example_dags/example_params_trigger_ui.py
[2026-08-13T12:45:17.866+0000] {logging_mixin.py:188} INFO - [2026-08-13T12:45:17.865+0000] {dag.py:3036} INFO - Sync 1 DAGs
[2026-08-13T12:45:17.980+0000] {logging_mixin.py:188} INFO - [2026-08-13T12:45:17.977+0000] {dag.py:3823} INFO - Setting next_dagrun for example_params_trigger_ui to None, run_after=None
[2026-08-13T12:45:18.210+0000] {processor.py:183} INFO - Processing /home/airflow/.local/lib/python3.8/site-packages/airflow/example_dags/example_params_trigger_ui.py took 2.517 seconds
[2026-08-13T12:45:55.502+0000] {processor.py:161} INFO - Started process (PID=132) to work on /home/airflow/.local/lib/python3.8/site-packages/airflow/example_dags/example_params_trigger_ui.py
[2026-08-13T12:45:55.506+0000] {processor.py:830} INFO - Processing file /home/airflow/.local/lib/python3.8/site-packages/airflow/example_dags/example_params_trigger_ui.py for tasks to queue
[2026-08-13T12:45:55.512+0000] {logging_mixin.py:188} INFO - [2026-08-13T12:45:55.511+0000] {dagbag.py:538} INFO - Filling up the DagBag from /home/airflow/.local/lib/python3.8/site-packages/airflow/example_dags/example_params_trigger_ui.py
[2026-08-13T12:45:55.559+0000] {processor.py:840} INFO - DAG(s) 'example_params_trigger_ui' retrieved from /home/airflow/.local/lib/python3.8/site-packages/airflow/example_dags/example_params_trigger_ui.py
[2026-08-13T12:45:55.750+0000] {logging_mixin.py:188} INFO - [2026-08-13T12:45:55.749+0000] {dag.py:3036} INFO - Sync 1 DAGs
[2026-08-13T12:45:55.790+0000] {logging_mixin.py:188} INFO - [2026-08-13T12:45:55.790+0000] {dag.py:3823} INFO - Setting next_dagrun for example_params_trigger_ui to None, run_after=None
[2026-08-13T12:45:55.920+0000] {processor.py:183} INFO - Processing /home/airflow/.local/lib/python3.8/site-packages/airflow/example_dags/example_params_trigger_ui.py took 0.430 seconds
[2026-08-13T12:46:26.951+0000] {processor.py:161} INFO - Started process (PID=185) to work on /home/airflow/.local/lib/python3.8/site-packages/airflow/example_dags/example_params_trigger_ui.py
[2026-08-13T12:46:26.954+0000] {processor.py:830} INFO - Processing file /home/airflow/.local/lib/python3.8/site-packages/airflow/example_dags/example_params_trigger_ui.py for tasks to queue
[2026-08-13T12:46:26.957+0000] {logging_mixin.py:188} INFO - [2026-08-13T12:46:26.957+0000] {dagbag.py:538} INFO - Filling up the DagBag from /home/airflow/.local/lib/python3.8/site-packages/airflow/example_dags/example_params_trigger_ui.py
[2026-08-13T12:46:26.990+0000] {processor.py:840} INFO - DAG(s) 'example_params_trigger_ui' retrieved from /home/airflow/.local/lib/python3.8/site-packages/airflow/example_dags/example_params_trigger_ui.py
[2026-08-13T12:46:27.094+0000] {logging_mixin.py:188} INFO - [2026-08-13T12:46:27.092+0000] {dag.py:3036} INFO - Sync 1 DAGs
[2026-08-13T12:46:27.117+0000] {logging_mixin.py:188} INFO - [2026-08-13T12:46:27.116+0000] {dag.py:3823} INFO - Setting next_dagrun for example_params_trigger_ui to None, run_after=None
[2026-08-13T12:46:27.156+0000] {processor.py:183} INFO - Processing /home/airflow/.local/lib/python3.8/site-packages/airflow/example_dags/example_params_trigger_ui.py took 0.210 seconds
[2026-08-13T12:46:57.295+0000] {processor.py:161} INFO - Started process (PID=240) to work on /home/airflow/.local/lib/python3.8/site-packages/airflow/example_dags/example_params_trigger_ui.py
[2026-08-13T12:46:57.299+0000] {processor.py:830} INFO - Processing file /home/airflow/.local/lib/python3.8/site-packages/airflow/example_dags/example_params_trigger_ui.py for tasks to queue
[2026-08-13T12:46:57.304+0000] {logging_mixin.py:188} INFO - [2026-08-13T12:46:57.303+0000] {dagbag.py:538} INFO - Filling up the DagBag from /home/airflow/.local/lib/python3.8/site-packages/airflow/example_dags/example_params_trigger_ui.py
[2026-08-13T12:46:57.339+0000] {processor.py:840} INFO - DAG(s) 'example_params_trigger_ui' retrieved from /home/airflow/.local/lib/python3.8/site-packages/airflow/example_dags/example_params_trigger_ui.py
[2026-08-13T12:46:57.445+0000] {logging_mixin.py:188} INFO - [2026-08-13T12:46:57.444+0000] {dag.py:3036} INFO - Sync 1 DAGs
[2026-08-13T12:46:57.470+0000] {logging_mixin.py:188} INFO - [2026-08-13T12:46:57.470+0000] {dag.py:3823} INFO - Setting next_dagrun for example_params_trigger_ui to None, run_after=None
[2026-08-13T12:46:57.499+0000] {processor.py:183} INFO - Processing /home/airflow/.local/lib/python3.8/site-packages/airflow/example_dags/example_params_trigger_ui.py took 0.213 seconds
[2026-08-13T12:47:28.111+0000] {processor.py:161} INFO - Started process (PID=295) to work on /home/airflow/.local/lib/python3.8/site-packages/airflow/example_dags/example_params_trigger_ui.py
[2026-08-13T12:47:28.114+0000] {processor.py:830} INFO - Processing file /home/airflow/.local/lib/python3.8/site-packages/airflow/example_dags/example_params_trigger_ui.py for tasks to queue
[2026-08-13T12:47:28.124+0000] {logging_mixin.py:188} INFO - [2026-08-13T12:47:28.122+0000] {dagbag.py:538} INFO - Filling up the DagBag from /home/airflow/.local/lib/python3.8/site-packages/airflow/example_dags/example_params_trigger_ui.py
[2026-08-13T12:47:28.195+0000] {processor.py:840} INFO - DAG(s) 'example_params_trigger_ui' retrieved from /home/airflow/.local/lib/python3.8/site-packages/airflow/example_dags/example_params_trigger_ui.py
[2026-08-13T12:47:28.674+0000] {logging_mixin.py:188} INFO - [2026-08-13T12:47:28.673+0000] {dag.py:3036} INFO - Sync 1 DAGs
[2026-08-13T12:47:28.746+0000] {logging_mixin.py:188} INFO - [2026-08-13T12:47:28.745+0000] {dag.py:3823} INFO - Setting next_dagrun for example_params_trigger_ui to None, run_after=None
[2026-08-13T12:47:28.868+0000] {processor.py:183} INFO - Processing /home/airflow/.local/lib/python3.8/site-packages/airflow/example_dags/example_params_trigger_ui.py took 0.772 seconds
[2026-08-13T12:48:00.144+0000] {processor.py:161} INFO - Started process (PID=349) to work on /home/airflow/.local/lib/python3.8/site-packages/airflow/example_dags/example_params_trigger_ui.py
[2026-08-13T12:48:00.147+0000] {processor.py:830} INFO - Processing file /home/airflow/.local/lib/python3.8/site-packages/airflow/example_dags/example_params_trigger_ui.py for tasks to queue
[2026-08-13T12:48:00.153+0000] {logging_mixin.py:188} INFO - [2026-08-13T12:48:00.153+0000] {dagbag.py:538} INFO - Filling up the DagBag from /home/airflow/.local/lib/python3.8/site-packages/airflow/example_dags/example_params_trigger_ui.py
[2026-08-13T12:48:00.192+0000] {processor.py:840} INFO - DAG(s) 'example_params_trigger_ui' retrieved from /home/airflow/.local/lib/python3.8/site-packages/airflow/example_dags/example_params_trigger_ui.py
[2026-08-13T12:48:00.363+0000] {logging_mixin.py:188} INFO - [2026-08-13T12:48:00.362+0000] {dag.py:3036} INFO - Sync 1 DAGs
[2026-08-13T12:48:00.396+0000] {logging_mixin.py:188} INFO - [2026-08-13T12:48:00.395+0000] {dag.py:3823} INFO - Setting next_dagrun for example_params_trigger_ui to None, run_after=None
[2026-08-13T12:48:00.454+0000] {processor.py:183} INFO - Processing /home/airflow/.local/lib/python3.8/site-packages/airflow/example_dags/example_params_trigger_ui.py took 0.320 seconds
[2026-08-13T12:48:31.506+0000] {processor.py:161} INFO - Started process (PID=404) to work on /home/airflow/.local/lib/python3.8/site-packages/airflow/example_dags/example_params_trigger_ui.py
[2026-08-13T12:48:31.509+0000] {processor.py:830} INFO - Processing file /home/airflow/.local/lib/python3.8/site-packages/airflow/example_dags/example_params_trigger_ui.py for tasks to queue
[2026-08-13T12:48:31.518+0000] {logging_mixin.py:188} INFO - [2026-08-13T12:48:31.515+0000] {dagbag.py:538} INFO - Filling up the DagBag from /home/airflow/.local/lib/python3.8/site-packages/airflow/example_dags/example_params_trigger_ui.py
[2026-08-13T12:48:31.569+0000] {processor.py:840} INFO - DAG(s) 'example_params_trigger_ui' retrieved from /home/airflow/.local/lib/python3.8/site-packages/airflow/example_dags/example_params_trigger_ui.py
[2026-08-13T12:48:31.739+0000] {logging_mixin.py:188} INFO - [2026-08-13T12:48:31.738+0000] {dag.py:3036} INFO - Sync 1 DAGs
[2026-08-13T12:48:31.783+0000] {logging_mixin.py:188} INFO - [2026-08-13T12:48:31.783+0000] {dag.py:3823} INFO - Setting next_dagrun for example_params_trigger_ui to None, run_after=None
[2026-08-13T12:48:31.839+0000] {processor.py:183} INFO - Processing /home/airflow/.local/lib/python3.8/site-packages/airflow/example_dags/example_params_trigger_ui.py took 0.342 seconds
[2026-08-13T12:49:02.790+0000] {processor.py:161} INFO - Started process (PID=458) to work on /home/airflow/.local/lib/python3.8/site-packages/airflow/example_dags/example_params_trigger_ui.py
[2026-08-13T12:49:02.794+0000] {processor.py:830} INFO - Processing file /home/airflow/.local/lib/python3.8/site-packages/airflow/example_dags/example_params_trigger_ui.py for tasks to queue
[2026-08-13T12:49:02.808+0000] {logging_mixin.py:188} INFO - [2026-08-13T12:49:02.807+0000] {dagbag.py:538} INFO - Filling up the DagBag from /home/airflow/.local/lib/python3.8/site-packages/airflow/example_dags/example_params_trigger_ui.py
[2026-08-13T12:49:02.935+0000] {processor.py:840} INFO - DAG(s) 'example_params_trigger_ui' retrieved from /home/airflow/.local/lib/python3.8/site-packages/airflow/example_dags/example_params_trigger_ui.py
[2026-08-13T12:49:03.318+0000] {logging_mixin.py:188} INFO - [2026-08-13T12:49:03.317+0000] {dag.py:3036} INFO - Sync 1 DAGs
[2026-08-13T12:49:03.405+0000] {logging_mixin.py:188} INFO - [2026-08-13T12:49:03.404+0000] {dag.py:3823} INFO - Setting next_dagrun for example_params_trigger_ui to None, run_after=None
[2026-08-13T12:49:03.491+0000] {processor.py:183} INFO - Processing /home/airflow/.local/lib/python3.8/site-packages/airflow/example_dags/example_params_trigger_ui.py took 0.717 seconds
[2026-08-13T12:49:33.836+0000] {processor.py:161} INFO - Started process (PID=520) to work on /home/airflow/.local/lib/python3.8/site-packages/airflow/example_dags/example_params_trigger_ui.py
[2026-08-13T12:49:33.842+0000] {processor.py:830} INFO - Processing file /home/airflow/.local/lib/python3.8/site-packages/airflow/example_dags/example_params_trigger_ui.py for tasks to queue
[2026-08-13T12:49:33.852+0000] {logging_mixin.py:188} INFO - [2026-08-13T12:49:33.851+0000] {dagbag.py:538} INFO - Filling up the DagBag from /home/airflow/.local/lib/python3.8/site-packages/airflow/example_dags/example_params_trigger_ui.py
[2026-08-13T12:49:33.923+0000] {processor.py:840} INFO - DAG(s) 'example_params_trigger_ui' retrieved from /home/airflow/.local/lib/python3.8/site-packages/airflow/example_dags/example_params_trigger_ui.py
[2026-08-13T12:49:34.195+0000] {logging_mixin.py:188} INFO - [2026-08-13T12:49:34.194+0000] {dag.py:3036} INFO - Sync 1 DAGs
[2026-08-13T12:49:34.262+0000] {logging_mixin.py:188} INFO - [2026-08-13T12:49:34.261+0000] {dag.py:3823} INFO - Setting next_dagrun for example_params_trigger_ui to None, run_after=None
[2026-08-13T12:49:34.347+0000] {processor.py:183} INFO - Processing /home/airflow/.local/lib/python3.8/site-packages/airflow/example_dags/example_params_trigger_ui.py took 0.529 seconds
[2026-08-13T12:50:04.614+0000] {processor.py:161} INFO - Started process (PID=575) to work on /home/airflow/.local/lib/python3.8/site-packages/airflow/example_dags/example_params_trigger_ui.py
[2026-08-13T12:50:04.619+0000] {processor.py:830} INFO - Processing file /home/airflow/.local/lib/python3.8/site-packages/airflow/example_dags/example_params_trigger_ui.py for tasks to queue
[2026-08-13T12:50:04.625+0000] {logging_mixin.py:188} INFO - [2026-08-13T12:50:04.624+0000] {dagbag.py:538} INFO - Filling up the DagBag from /home/airflow/.local/lib/python3.8/site-packages/airflow/example_dags/example_params_trigger_ui.py
[2026-08-13T12:50:04.670+0000] {processor.py:840} INFO - DAG(s) 'example_params_trigger_ui' retrieved from /home/airflow/.local/lib/python3.8/site-packages/airflow/example_dags/example_params_trigger_ui.py
[2026-08-13T12:50:04.868+0000] {logging_mixin.py:188} INFO - [2026-08-13T12:50:04.867+0000] {dag.py:3036} INFO - Sync 1 DAGs
[2026-08-13T12:50:04.918+0000] {logging_mixin.py:188} INFO - [2026-08-13T12:50:04.917+0000] {dag.py:3823} INFO - Setting next_dagrun for example_params_trigger_ui to None, run_after=None
[2026-08-13T12:50:05.025+0000] {processor.py:183} INFO - Processing /home/airflow/.local/lib/python3.8/site-packages/airflow/example_dags/example_params_trigger_ui.py took 0.422 seconds
[2026-08-13T12:50:35.162+0000] {processor.py:161} INFO - Started process (PID=629) to work on /home/airflow/.local/lib/python3.8/site-packages/airflow/example_dags/example_params_trigger_ui.py
[2026-08-13T12:50:35.165+0000] {processor.py:830} INFO - Processing file /home/airflow/.local/lib/python3.8/site-packages/airflow/example_dags/example_params_trigger_ui.py for tasks to queue
[2026-08-13T12:50:35.168+0000] {logging_mixin.py:188} INFO - [2026-08-13T12:50:35.168+0000] {dagbag.py:538} INFO - Filling up the DagBag from /home/airflow/.local/lib/python3.8/site-packages/airflow/example_dags/example_params_trigger_ui.py
[2026-08-13T12:50:35.200+0000] {processor.py:840} INFO - DAG(s) 'example_params_trigger_ui' retrieved from /home/airflow/.local/lib/python3.8/site-packages/airflow/example_dags/example_params_trigger_ui.py
[2026-08-13T12:50:35.314+0000] {logging_mixin.py:188} INFO - [2026-08-13T12:50:35.313+0000] {dag.py:3036} INFO - Sync 1 DAGs
[2026-08-13T12:50:35.334+0000] {logging_mixin.py:188} INFO - [2026-08-13T12:50:35.334+0000] {dag.py:3823} INFO - Setting next_dagrun for example_params_trigger_ui to None, run_after=None
[2026-08-13T12:50:35.381+0000] {processor.py:183} INFO - Processing /home/airflow/.local/lib/python3.8/site-packages/airflow/example_dags/example_params_trigger_ui.py took 0.226 seconds
[2026-08-13T12:51:05.466+0000] {processor.py:161} INFO - Started process (PID=681) to work on /home/airflow/.local/lib/python3.8/site-packages/airflow/example_dags/example_params_trigger_ui.py
[2026-08-13T12:51:05.468+0000] {processor.py:830} INFO - Processing file /home/airflow/.local/lib/python3.8/site-packages/airflow/example_dags/example_params_trigger_ui.py for tasks to queue
[2026-08-13T12:51:05.472+0000] {logging_mixin.py:188} INFO - [2026-08-13T12:51:05.472+0000] {dagbag.py:538} INFO - Filling up the DagBag from /home/airflow/.local/lib/python3.8/site-packages/airflow/example_dags/example_params_trigger_ui.py
[2026-08-13T12:51:05.502+0000] {processor.py:840} INFO - DAG(s) 'example_params_trigger_ui' retrieved from /home/airflow/.local/lib/python3.8/site-packages/airflow/example_dags/example_params_trigger_ui.py
[2026-08-13T12:51:05.598+0000] {logging_mixin.py:188} INFO - [2026-08-13T12:51:05.597+0000] {dag.py:3036} INFO - Sync 1 DAGs
[2026-08-13T12:51:05.631+0000] {logging_mixin.py:188} INFO - [2026-08-13T12:51:05.630+0000] {dag.py:3823} INFO - Setting next_dagrun for example_params_trigger_ui to None, run_after=None
[2026-08-13T12:51:05.662+0000] {processor.py:183} INFO - Processing /home/airflow/.local/lib/python3.8/site-packages/airflow/example_dags/example_params_trigger_ui.py took 0.203 seconds
[2026-08-13T12:51:36.315+0000] {processor.py:161} INFO - Started process (PID=733) to work on /home/airflow/.local/lib/python3.8/site-packages/airflow/example_dags/example_params_trigger_ui.py
[2026-08-13T12:51:36.319+0000] {processor.py:830} INFO - Processing file /home/airflow/.local/lib/python3.8/site-packages/airflow/example_dags/example_params_trigger_ui.py for tasks to queue
[2026-08-13T12:51:36.324+0000] {logging_mixin.py:188} INFO - [2026-08-13T12:51:36.323+0000] {dagbag.py:538} INFO - Filling up the DagBag from /home/airflow/.local/lib/python3.8/site-packages/airflow/example_dags/example_params_trigger_ui.py
[2026-08-13T12:51:36.367+0000] {processor.py:840} INFO - DAG(s) 'example_params_trigger_ui' retrieved from /home/airflow/.local/lib/python3.8/site-packages/airflow/example_dags/example_params_trigger_ui.py
[2026-08-13T12:51:36.535+0000] {logging_mixin.py:188} INFO - [2026-08-13T12:51:36.534+0000] {dag.py:3036} INFO - Sync 1 DAGs
[2026-08-13T12:51:36.568+0000] {logging_mixin.py:188} INFO - [2026-08-13T12:51:36.566+0000] {dag.py:3823} INFO - Setting next_dagrun for example_params_trigger_ui to None, run_after=None
[2026-08-13T12:51:36.631+0000] {processor.py:183} INFO - Processing /home/airflow/.local/lib/python3.8/site-packages/airflow/example_dags/example_params_trigger_ui.py took 0.326 seconds
[2026-08-13T12:52:07.328+0000] {processor.py:161} INFO - Started process (PID=785) to work on /home/airflow/.local/lib/python3.8/site-packages/airflow/example_dags/example_params_trigger_ui.py
[2026-08-13T12:52:07.334+0000] {processor.py:830} INFO - Processing file /home/airflow/.local/lib/python3.8/site-packages/airflow/example_dags/example_params_trigger_ui.py for tasks to queue
[2026-08-13T12:52:07.347+0000] {logging_mixin.py:188} INFO - [2026-08-13T12:52:07.347+0000] {dagbag.py:538} INFO - Filling up the DagBag from /home/airflow/.local/lib/python3.8/site-packages/airflow/example_dags/example_params_trigger_ui.py
[2026-08-13T12:52:07.391+0000] {processor.py:840} INFO - DAG(s) 'example_params_trigger_ui' retrieved from /home/airflow/.local/lib/python3.8/site-packages/airflow/example_dags/example_params_trigger_ui.py
[2026-08-13T12:52:07.516+0000] {logging_mixin.py:188} INFO - [2026-08-13T12:52:07.515+0000] {dag.py:3036} INFO - Sync 1 DAGs
[2026-08-13T12:52:07.555+0000] {logging_mixin.py:188} INFO - [2026-08-13T12:52:07.554+0000] {dag.py:3823} INFO - Setting next_dagrun for example_params_trigger_ui to None, run_after=None
[2026-08-13T12:52:07.627+0000] {processor.py:183} INFO - Processing /home/airflow/.local/lib/python3.8/site-packages/airflow/example_dags/example_params_trigger_ui.py took 0.315 seconds
[2026-08-13T12:52:37.724+0000] {processor.py:161} INFO - Started process (PID=841) to work on /home/airflow/.local/lib/python3.8/site-packages/airflow/example_dags/example_params_trigger_ui.py
[2026-08-13T12:52:37.727+0000] {processor.py:830} INFO - Processing file /home/airflow/.local/lib/python3.8/site-packages/airflow/example_dags/example_params_trigger_ui.py for tasks to queue
[2026-08-13T12:52:37.732+0000] {logging_mixin.py:188} INFO - [2026-08-13T12:52:37.731+0000] {dagbag.py:538} INFO - Filling up the DagBag from /home/airflow/.local/lib/python3.8/site-packages/airflow/example_dags/example_params_trigger_ui.py
[2026-08-13T12:52:37.763+0000] {processor.py:840} INFO - DAG(s) 'example_params_trigger_ui' retrieved from /home/airflow/.local/lib/python3.8/site-packages/airflow/example_dags/example_params_trigger_ui.py
[2026-08-13T12:52:37.866+0000] {logging_mixin.py:188} INFO - [2026-08-13T12:52:37.865+0000] {dag.py:3036} INFO - Sync 1 DAGs
[2026-08-13T12:52:37.889+0000] {logging_mixin.py:188} INFO - [2026-08-13T12:52:37.889+0000] {dag.py:3823} INFO - Setting next_dagrun for example_params_trigger_ui to None, run_after=None
[2026-08-13T12:52:37.925+0000] {processor.py:183} INFO - Processing /home/airflow/.local/lib/python3.8/site-packages/airflow/example_dags/example_params_trigger_ui.py took 0.208 seconds
[2026-08-13T12:53:08.159+0000] {processor.py:161} INFO - Started process (PID=896) to work on /home/airflow/.local/lib/python3.8/site-packages/airflow/example_dags/example_params_trigger_ui.py
[2026-08-13T12:53:08.161+0000] {processor.py:830} INFO - Processing file /home/airflow/.local/lib/python3.8/site-packages/airflow/example_dags/example_params_trigger_ui.py for tasks to queue
[2026-08-13T12:53:08.164+0000] {logging_mixin.py:188} INFO - [2026-08-13T12:53:08.164+0000] {dagbag.py:538} INFO - Filling up the DagBag from /home/airflow/.local/lib/python3.8/site-packages/airflow/example_dags/example_params_trigger_ui.py
[2026-08-13T12:53:08.185+0000] {processor.py:840} INFO - DAG(s) 'example_params_trigger_ui' retrieved from /home/airflow/.local/lib/python3.8/site-packages/airflow/example_dags/example_params_trigger_ui.py
[2026-08-13T12:53:08.278+0000] {logging_mixin.py:188} INFO - [2026-08-13T12:53:08.278+0000] {dag.py:3036} INFO - Sync 1 DAGs
[2026-08-13T12:53:08.294+0000] {logging_mixin.py:188} INFO - [2026-08-13T12:53:08.294+0000] {dag.py:3823} INFO - Setting next_dagrun for example_params_trigger_ui to None, run_after=None
[2026-08-13T12:53:08.340+0000] {processor.py:183} INFO - Processing /home/airflow/.local/lib/python3.8/site-packages/airflow/example_dags/example_params_trigger_ui.py took 0.186 seconds
[2026-08-13T12:53:40.601+0000] {processor.py:161} INFO - Started process (PID=943) to work on /home/airflow/.local/lib/python3.8/site-packages/airflow/example_dags/example_params_trigger_ui.py
[2026-08-13T12:53:40.603+0000] {processor.py:830} INFO - Processing file /home/airflow/.local/lib/python3.8/site-packages/airflow/example_dags/example_params_trigger_ui.py for tasks to queue
[2026-08-13T12:53:40.608+0000] {logging_mixin.py:188} INFO - [2026-08-13T12:53:40.607+0000] {dagbag.py:538} INFO - Filling up the DagBag from /home/airflow/.local/lib/python3.8/site-packages/airflow/example_dags/example_params_trigger_ui.py
[2026-08-13T12:53:40.650+0000] {processor.py:840} INFO - DAG(s) 'example_params_trigger_ui' retrieved from /home/airflow/.local/lib/python3.8/site-packages/airflow/example_dags/example_params_trigger_ui.py
[2026-08-13T12:53:40.795+0000] {logging_mixin.py:188} INFO - [2026-08-13T12:53:40.794+0000] {dag.py:3036} INFO - Sync 1 DAGs
[2026-08-13T12:53:40.821+0000] {logging_mixin.py:188} INFO - [2026-08-13T12:53:40.820+0000] {dag.py:3823} INFO - Setting next_dagrun for example_params_trigger_ui to None, run_after=None
[2026-08-13T12:53:40.873+0000] {processor.py:183} INFO - Processing /home/airflow/.local/lib/python3.8/site-packages/airflow/example_dags/example_params_trigger_ui.py took 0.284 seconds
[2026-08-13T12:54:11.235+0000] {processor.py:161} INFO - Started process (PID=995) to work on /home/airflow/.local/lib/python3.8/site-packages/airflow/example_dags/example_params_trigger_ui.py
[2026-08-13T12:54:11.240+0000] {processor.py:830} INFO - Processing file /home/airflow/.local/lib/python3.8/site-packages/airflow/example_dags/example_params_trigger_ui.py for tasks to queue
[2026-08-13T12:54:11.244+0000] {logging_mixin.py:188} INFO - [2026-08-13T12:54:11.243+0000] {dagbag.py:538} INFO - Filling up the DagBag from /home/airflow/.local/lib/python3.8/site-packages/airflow/example_dags/example_params_trigger_ui.py
[2026-08-13T12:54:11.269+0000] {processor.py:840} INFO - DAG(s) 'example_params_trigger_ui' retrieved from /home/airflow/.local/lib/python3.8/site-packages/airflow/example_dags/example_params_trigger_ui.py
[2026-08-13T12:54:11.340+0000] {logging_mixin.py:188} INFO - [2026-08-13T12:54:11.339+0000] {dag.py:3036} INFO - Sync 1 DAGs
[2026-08-13T12:54:11.361+0000] {logging_mixin.py:188} INFO - [2026-08-13T12:54:11.360+0000] {dag.py:3823} INFO - Setting next_dagrun for example_params_trigger_ui to None, run_after=None
[2026-08-13T12:54:11.401+0000] {processor.py:183} INFO - Processing /home/airflow/.local/lib/python3.8/site-packages/airflow/example_dags/example_params_trigger_ui.py took 0.174 seconds
[2026-08-13T12:54:41.502+0000] {processor.py:161} INFO - Started process (PID=1050) to work on /home/airflow/.local/lib/python3.8/site-packages/airflow/example_dags/example_params_trigger_ui.py
[2026-08-13T12:54:41.508+0000] {processor.py:830} INFO - Processing file /home/airflow/.local/lib/python3.8/site-packages/airflow/example_dags/example_params_trigger_ui.py for tasks to queue
[2026-08-13T12:54:41.511+0000] {logging_mixin.py:188} INFO - [2026-08-13T12:54:41.511+0000] {dagbag.py:538} INFO - Filling up the DagBag from /home/airflow/.local/lib/python3.8/site-packages/airflow/example_dags/example_params_trigger_ui.py
[2026-08-13T12:54:41.529+0000] {processor.py:840} INFO - DAG(s) 'example_params_trigger_ui' retrieved from /home/airflow/.local/lib/python3.8/site-packages/airflow/example_dags/example_params_trigger_ui.py
[2026-08-13T12:54:41.597+0000] {logging_mixin.py:188} INFO - [2026-08-13T12:54:41.597+0000] {dag.py:3036} INFO - Sync 1 DAGs
[2026-08-13T12:54:41.616+0000] {logging_mixin.py:188} INFO - [2026-08-13T12:54:41.616+0000] {dag.py:3823} INFO - Setting next_dagrun for example_params_trigger_ui to None, run_after=None
[2026-08-13T12:54:41.645+0000] {processor.py:183} INFO - Processing /home/airflow/.local/lib/python3.8/site-packages/airflow/example_dags/example_params_trigger_ui.py took 0.148 seconds
[2026-08-13T12:55:11.757+0000] {processor.py:161} INFO - Started process (PID=1105) to work on /home/airflow/.local/lib/python3.8/site-packages/airflow/example_dags/example_params_trigger_ui.py
[2026-08-13T12:55:11.759+0000] {processor.py:830} INFO - Processing file /home/airflow/.local/lib/python3.8/site-packages/airflow/example_dags/example_params_trigger_ui.py for tasks to queue
[2026-08-13T12:55:11.763+0000] {logging_mixin.py:188} INFO - [2026-08-13T12:55:11.762+0000] {dagbag.py:538} INFO - Filling up the DagBag from /home/airflow/.local/lib/python3.8/site-packages/airflow/example_dags/example_params_trigger_ui.py
[2026-08-13T12:55:11.790+0000] {processor.py:840} INFO - DAG(s) 'example_params_trigger_ui' retrieved from /home/airflow/.local/lib/python3.8/site-packages/airflow/example_dags/example_params_trigger_ui.py
[2026-08-13T12:55:11.895+0000] {logging_mixin.py:188} INFO - [2026-08-13T12:55:11.895+0000] {dag.py:3036} INFO - Sync 1 DAGs
[2026-08-13T12:55:11.919+0000] {logging_mixin.py:188} INFO - [2026-08-13T12:55:11.919+0000] {dag.py:3823} INFO - Setting next_dagrun for example_params_trigger_ui to None, run_after=None
[2026-08-13T12:55:11.953+0000] {processor.py:183} INFO - Processing /home/airflow/.local/lib/python3.8/site-packages/airflow/example_dags/example_params_trigger_ui.py took 0.202 seconds
[2026-08-13T12:55:42.842+0000] {processor.py:161} INFO - Started process (PID=1160) to work on /home/airflow/.local/lib/python3.8/site-packages/airflow/example_dags/example_params_trigger_ui.py
[2026-08-13T12:55:42.844+0000] {processor.py:830} INFO - Processing file /home/airflow/.local/lib/python3.8/site-packages/airflow/example_dags/example_params_trigger_ui.py for tasks to queue
[2026-08-13T12:55:42.848+0000] {logging_mixin.py:188} INFO - [2026-08-13T12:55:42.847+0000] {dagbag.py:538} INFO - Filling up the DagBag from /home/airflow/.local/lib/python3.8/site-packages/airflow/example_dags/example_params_trigger_ui.py
[2026-08-13T12:55:42.870+0000] {processor.py:840} INFO - DAG(s) 'example_params_trigger_ui' retrieved from /home/airflow/.local/lib/python3.8/site-packages/airflow/example_dags/example_params_trigger_ui.py
[2026-08-13T12:55:42.932+0000] {logging_mixin.py:188} INFO - [2026-08-13T12:55:42.931+0000] {dag.py:3036} INFO - Sync 1 DAGs
[2026-08-13T12:55:42.955+0000] {logging_mixin.py:188} INFO - [2026-08-13T12:55:42.954+0000] {dag.py:3823} INFO - Setting next_dagrun for example_params_trigger_ui to None, run_after=None
[2026-08-13T12:55:42.982+0000] {processor.py:183} INFO - Processing /home/airflow/.local/lib/python3.8/site-packages/airflow/example_dags/example_params_trigger_ui.py took 0.147 seconds
[2026-08-13T12:56:13.547+0000] {processor.py:161} INFO - Started process (PID=1215) to work on /home/airflow/.local/lib/python3.8/site-packages/airflow/example_dags/example_params_trigger_ui.py
[2026-08-13T12:56:13.552+0000] {processor.py:830} INFO - Processing file /home/airflow/.local/lib/python3.8/site-packages/airflow/example_dags/example_params_trigger_ui.py for tasks to queue
[2026-08-13T12:56:13.558+0000] {logging_mixin.py:188} INFO - [2026-08-13T12:56:13.556+0000] {dagbag.py:538} INFO - Filling up the DagBag from /home/airflow/.local/lib/python3.8/site-packages/airflow/example_dags/example_params_trigger_ui.py
[2026-08-13T12:56:13.585+0000] {processor.py:840} INFO - DAG(s) 'example_params_trigger_ui' retrieved from /home/airflow/.local/lib/python3.8/site-packages/airflow/example_dags/example_params_trigger_ui.py
[2026-08-13T12:56:13.688+0000] {logging_mixin.py:188} INFO - [2026-08-13T12:56:13.688+0000] {dag.py:3036} INFO - Sync 1 DAGs
[2026-08-13T12:56:13.714+0000] {logging_mixin.py:188} INFO - [2026-08-13T12:56:13.714+0000] {dag.py:3823} INFO - Setting next_dagrun for example_params_trigger_ui to None, run_after=None
[2026-08-13T12:56:13.757+0000] {processor.py:183} INFO - Processing /home/airflow/.local/lib/python3.8/site-packages/airflow/example_dags/example_params_trigger_ui.py took 0.215 seconds
[2026-08-13T12:56:44.040+0000] {processor.py:161} INFO - Started process (PID=1270) to work on /home/airflow/.local/lib/python3.8/site-packages/airflow/example_dags/example_params_trigger_ui.py
[2026-08-13T12:56:44.042+0000] {processor.py:830} INFO - Processing file /home/airflow/.local/lib/python3.8/site-packages/airflow/example_dags/example_params_trigger_ui.py for tasks to queue
[2026-08-13T12:56:44.046+0000] {logging_mixin.py:188} INFO - [2026-08-13T12:56:44.045+0000] {dagbag.py:538} INFO - Filling up the DagBag from /home/airflow/.local/lib/python3.8/site-packages/airflow/example_dags/example_params_trigger_ui.py
[2026-08-13T12:56:44.063+0000] {processor.py:840} INFO - DAG(s) 'example_params_trigger_ui' retrieved from /home/airflow/.local/lib/python3.8/site-packages/airflow/example_dags/example_params_trigger_ui.py
[2026-08-13T12:56:44.121+0000] {logging_mixin.py:188} INFO - [2026-08-13T12:56:44.120+0000] {dag.py:3036} INFO - Sync 1 DAGs
[2026-08-13T12:56:44.134+0000] {logging_mixin.py:188} INFO - [2026-08-13T12:56:44.134+0000] {dag.py:3823} INFO - Setting next_dagrun for example_params_trigger_ui to None, run_after=None
[2026-08-13T12:56:44.177+0000] {processor.py:183} INFO - Processing /home/airflow/.local/lib/python3.8/site-packages/airflow/example_dags/example_params_trigger_ui.py took 0.142 seconds
[2026-08-13T12:57:15.079+0000] {processor.py:161} INFO - Started process (PID=1325) to work on /home/airflow/.local/lib/python3.8/site-packages/airflow/example_dags/example_params_trigger_ui.py
[2026-08-13T12:57:15.080+0000] {processor.py:830} INFO - Processing file /home/airflow/.local/lib/python3.8/site-packages/airflow/example_dags/example_params_trigger_ui.py for tasks to queue
[2026-08-13T12:57:15.084+0000] {logging_mixin.py:188} INFO - [2026-08-13T12:57:15.084+0000] {dagbag.py:538} INFO - Filling up the DagBag from /home/airflow/.local/lib/python3.8/site-packages/airflow/example_dags/example_params_trigger_ui.py
[2026-08-13T12:57:15.104+0000] {processor.py:840} INFO - DAG(s) 'example_params_trigger_ui' retrieved from /home/airflow/.local/lib/python3.8/site-packages/airflow/example_dags/example_params_trigger_ui.py
[2026-08-13T12:57:15.170+0000] {logging_mixin.py:188} INFO - [2026-08-13T12:57:15.170+0000] {dag.py:3036} INFO - Sync 1 DAGs
[2026-08-13T12:57:15.185+0000] {logging_mixin.py:188} INFO - [2026-08-13T12:57:15.185+0000] {dag.py:3823} INFO - Setting next_dagrun for example_params_trigger_ui to None, run_after=None
[2026-08-13T12:57:15.212+0000] {processor.py:183} INFO - Processing /home/airflow/.local/lib/python3.8/site-packages/airflow/example_dags/example_params_trigger_ui.py took 0.137 seconds
