[2026-08-13T12:33:17.657+0000] {processor.py:161} INFO - Started process (PID=77) to work on /home/airflow/.local/lib/python3.8/site-packages/airflow/example_dags/example_external_task_marker_dag.py
[2026-08-13T12:33:17.676+0000] {processor.py:830} INFO - Processing file /home/airflow/.local/lib/python3.8/site-packages/airflow/example_dags/example_external_task_marker_dag.py for tasks to queue
[2026-08-13T12:33:17.837+0000] {logging_mixin.py:188} INFO - [2026-08-13T12:33:17.818+0000] {dagbag.py:538} INFO - Filling up the DagBag from /home/airflow/.local/lib/python3.8/site-packages/airflow/example_dags/example_external_task_marker_dag.py
[2026-08-13T12:33:18.408+0000] {processor.py:840} INFO - DAG(s) 'example_external_task_marker_parent', 'example_external_task_marker_child' retrieved from /home/airflow/.local/lib/python3.8/site-packages/airflow/example_dags/example_external_task_marker_dag.py
[2026-08-13T12:33:19.708+0000] {logging_mixin.py:188} INFO - [2026-08-13T12:33:19.707+0000] {dag.py:3036} INFO - Sync 2 DAGs
[2026-08-13T12:33:19.822+0000] {logging_mixin.py:188} INFO - [2026-08-13T12:33:19.821+0000] {dag.py:3823} INFO - Setting next_dagrun for example_external_task_marker_child to None, run_after=None
[2026-08-13T12:33:19.865+0000] {logging_mixin.py:188} INFO - [2026-08-13T12:33:19.864+0000] {dag.py:3823} INFO - Setting next_dagrun for example_external_task_marker_parent to None, run_after=None
[2026-08-13T12:33:20.055+0000] {processor.py:183} INFO - Processing /home/airflow/.local/lib/python3.8/site-packages/airflow/example_dags/example_external_task_marker_dag.py took 2.463 seconds
[2026-08-13T12:33:50.938+0000] {processor.py:161} INFO - Started process (PID=132) to work on /home/airflow/.local/lib/python3.8/site-packages/airflow/example_dags/example_external_task_marker_dag.py
[2026-08-13T12:33:50.942+0000] {processor.py:830} INFO - Processing file /home/airflow/.local/lib/python3.8/site-packages/airflow/example_dags/example_external_task_marker_dag.py for tasks to queue
[2026-08-13T12:33:50.946+0000] {logging_mixin.py:188} INFO - [2026-08-13T12:33:50.945+0000] {dagbag.py:538} INFO - Filling up the DagBag from /home/airflow/.local/lib/python3.8/site-packages/airflow/example_dags/example_external_task_marker_dag.py
[2026-08-13T12:33:50.956+0000] {processor.py:840} INFO - DAG(s) 'example_external_task_marker_child', 'example_external_task_marker_parent' retrieved from /home/airflow/.local/lib/python3.8/site-packages/airflow/example_dags/example_external_task_marker_dag.py
[2026-08-13T12:33:50.998+0000] {logging_mixin.py:188} INFO - [2026-08-13T12:33:50.998+0000] {dag.py:3036} INFO - Sync 2 DAGs
[2026-08-13T12:33:51.029+0000] {logging_mixin.py:188} INFO - [2026-08-13T12:33:51.028+0000] {dag.py:3823} INFO - Setting next_dagrun for example_external_task_marker_child to None, run_after=None
[2026-08-13T12:33:51.044+0000] {logging_mixin.py:188} INFO - [2026-08-13T12:33:51.043+0000] {dag.py:3823} INFO - Setting next_dagrun for example_external_task_marker_parent to None, run_after=None
[2026-08-13T12:33:51.082+0000] {processor.py:183} INFO - Processing /home/airflow/.local/lib/python3.8/site-packages/airflow/example_dags/example_external_task_marker_dag.py took 0.149 seconds
[2026-08-13T12:34:21.204+0000] {processor.py:161} INFO - Started process (PID=187) to work on /home/airflow/.local/lib/python3.8/site-packages/airflow/example_dags/example_external_task_marker_dag.py
[2026-08-13T12:34:21.206+0000] {processor.py:830} INFO - Processing file /home/airflow/.local/lib/python3.8/site-packages/airflow/example_dags/example_external_task_marker_dag.py for tasks to queue
[2026-08-13T12:34:21.211+0000] {logging_mixin.py:188} INFO - [2026-08-13T12:34:21.209+0000] {dagbag.py:538} INFO - Filling up the DagBag from /home/airflow/.local/lib/python3.8/site-packages/airflow/example_dags/example_external_task_marker_dag.py
[2026-08-13T12:34:21.222+0000] {processor.py:840} INFO - DAG(s) 'example_external_task_marker_child', 'example_external_task_marker_parent' retrieved from /home/airflow/.local/lib/python3.8/site-packages/airflow/example_dags/example_external_task_marker_dag.py
[2026-08-13T12:34:21.260+0000] {logging_mixin.py:188} INFO - [2026-08-13T12:34:21.260+0000] {dag.py:3036} INFO - Sync 2 DAGs
[2026-08-13T12:34:21.285+0000] {logging_mixin.py:188} INFO - [2026-08-13T12:34:21.285+0000] {dag.py:3823} INFO - Setting next_dagrun for example_external_task_marker_child to None, run_after=None
[2026-08-13T12:34:21.291+0000] {logging_mixin.py:188} INFO - [2026-08-13T12:34:21.291+0000] {dag.py:3823} INFO - Setting next_dagrun for example_external_task_marker_parent to None, run_after=None
[2026-08-13T12:34:21.315+0000] {processor.py:183} INFO - Processing /home/airflow/.local/lib/python3.8/site-packages/airflow/example_dags/example_external_task_marker_dag.py took 0.120 seconds
[2026-08-13T12:34:51.522+0000] {processor.py:161} INFO - Started process (PID=242) to work on /home/airflow/.local/lib/python3.8/site-packages/airflow/example_dags/example_external_task_marker_dag.py
[2026-08-13T12:34:51.525+0000] {processor.py:830} INFO - Processing file /home/airflow/.local/lib/python3.8/site-packages/airflow/example_dags/example_external_task_marker_dag.py for tasks to queue
[2026-08-13T12:34:51.532+0000] {logging_mixin.py:188} INFO - [2026-08-13T12:34:51.530+0000] {dagbag.py:538} INFO - Filling up the DagBag from /home/airflow/.local/lib/python3.8/site-packages/airflow/example_dags/example_external_task_marker_dag.py
[2026-08-13T12:34:51.546+0000] {processor.py:840} INFO - DAG(s) 'example_external_task_marker_parent', 'example_external_task_marker_child' retrieved from /home/airflow/.local/lib/python3.8/site-packages/airflow/example_dags/example_external_task_marker_dag.py
[2026-08-13T12:34:51.584+0000] {logging_mixin.py:188} INFO - [2026-08-13T12:34:51.583+0000] {dag.py:3036} INFO - Sync 2 DAGs
[2026-08-13T12:34:51.606+0000] {logging_mixin.py:188} INFO - [2026-08-13T12:34:51.605+0000] {dag.py:3823} INFO - Setting next_dagrun for example_external_task_marker_child to None, run_after=None
[2026-08-13T12:34:51.611+0000] {logging_mixin.py:188} INFO - [2026-08-13T12:34:51.611+0000] {dag.py:3823} INFO - Setting next_dagrun for example_external_task_marker_parent to None, run_after=None
[2026-08-13T12:34:51.655+0000] {processor.py:183} INFO - Processing /home/airflow/.local/lib/python3.8/site-packages/airflow/example_dags/example_external_task_marker_dag.py took 0.140 seconds
[2026-08-13T12:35:21.903+0000] {processor.py:161} INFO - Started process (PID=297) to work on /home/airflow/.local/lib/python3.8/site-packages/airflow/example_dags/example_external_task_marker_dag.py
[2026-08-13T12:35:21.906+0000] {processor.py:830} INFO - Processing file /home/airflow/.local/lib/python3.8/site-packages/airflow/example_dags/example_external_task_marker_dag.py for tasks to queue
[2026-08-13T12:35:21.909+0000] {logging_mixin.py:188} INFO - [2026-08-13T12:35:21.909+0000] {dagbag.py:538} INFO - Filling up the DagBag from /home/airflow/.local/lib/python3.8/site-packages/airflow/example_dags/example_external_task_marker_dag.py
[2026-08-13T12:35:21.919+0000] {processor.py:840} INFO - DAG(s) 'example_external_task_marker_child', 'example_external_task_marker_parent' retrieved from /home/airflow/.local/lib/python3.8/site-packages/airflow/example_dags/example_external_task_marker_dag.py
[2026-08-13T12:35:21.957+0000] {logging_mixin.py:188} INFO - [2026-08-13T12:35:21.957+0000] {dag.py:3036} INFO - Sync 2 DAGs
[2026-08-13T12:35:21.975+0000] {logging_mixin.py:188} INFO - [2026-08-13T12:35:21.975+0000] {dag.py:3823} INFO - Setting next_dagrun for example_external_task_marker_child to None, run_after=None
[2026-08-13T12:35:21.981+0000] {logging_mixin.py:188} INFO - [2026-08-13T12:35:21.980+0000] {dag.py:3823} INFO - Setting next_dagrun for example_external_task_marker_parent to None, run_after=None
[2026-08-13T12:35:22.004+0000] {processor.py:183} INFO - Processing /home/airflow/.local/lib/python3.8/site-packages/airflow/example_dags/example_external_task_marker_dag.py took 0.106 seconds
[2026-08-13T12:35:52.966+0000] {processor.py:161} INFO - Started process (PID=352) to work on /home/airflow/.local/lib/python3.8/site-packages/airflow/example_dags/example_external_task_marker_dag.py
[2026-08-13T12:35:52.969+0000] {processor.py:830} INFO - Processing file /home/airflow/.local/lib/python3.8/site-packages/airflow/example_dags/example_external_task_marker_dag.py for tasks to queue
[2026-08-13T12:35:52.972+0000] {logging_mixin.py:188} INFO - [2026-08-13T12:35:52.972+0000] {dagbag.py:538} INFO - Filling up the DagBag from /home/airflow/.local/lib/python3.8/site-packages/airflow/example_dags/example_external_task_marker_dag.py
[2026-08-13T12:35:52.983+0000] {processor.py:840} INFO - DAG(s) 'example_external_task_marker_parent', 'example_external_task_marker_child' retrieved from /home/airflow/.local/lib/python3.8/site-packages/airflow/example_dags/example_external_task_marker_dag.py
[2026-08-13T12:35:53.031+0000] {logging_mixin.py:188} INFO - [2026-08-13T12:35:53.031+0000] {dag.py:3036} INFO - Sync 2 DAGs
[2026-08-13T12:35:53.056+0000] {logging_mixin.py:188} INFO - [2026-08-13T12:35:53.056+0000] {dag.py:3823} INFO - Setting next_dagrun for example_external_task_marker_child to None, run_after=None
[2026-08-13T12:35:53.069+0000] {logging_mixin.py:188} INFO - [2026-08-13T12:35:53.068+0000] {dag.py:3823} INFO - Setting next_dagrun for example_external_task_marker_parent to None, run_after=None
[2026-08-13T12:35:53.134+0000] {processor.py:183} INFO - Processing /home/airflow/.local/lib/python3.8/site-packages/airflow/example_dags/example_external_task_marker_dag.py took 0.173 seconds
[2026-08-13T12:36:23.283+0000] {processor.py:161} INFO - Started process (PID=407) to work on /home/airflow/.local/lib/python3.8/site-packages/airflow/example_dags/example_external_task_marker_dag.py
[2026-08-13T12:36:23.285+0000] {processor.py:830} INFO - Processing file /home/airflow/.local/lib/python3.8/site-packages/airflow/example_dags/example_external_task_marker_dag.py for tasks to queue
[2026-08-13T12:36:23.289+0000] {logging_mixin.py:188} INFO - [2026-08-13T12:36:23.288+0000] {dagbag.py:538} INFO - Filling up the DagBag from /home/airflow/.local/lib/python3.8/site-packages/airflow/example_dags/example_external_task_marker_dag.py
[2026-08-13T12:36:23.298+0000] {processor.py:840} INFO - DAG(s) 'example_external_task_marker_parent', 'example_external_task_marker_child' retrieved from /home/airflow/.local/lib/python3.8/site-packages/airflow/example_dags/example_external_task_marker_dag.py
[2026-08-13T12:36:23.334+0000] {logging_mixin.py:188} INFO - [2026-08-13T12:36:23.334+0000] {dag.py:3036} INFO - Sync 2 DAGs
[2026-08-13T12:36:23.349+0000] {logging_mixin.py:188} INFO - [2026-08-13T12:36:23.349+0000] {dag.py:3823} INFO - Setting next_dagrun for example_external_task_marker_child to None, run_after=None
[2026-08-13T12:36:23.354+0000] {logging_mixin.py:188} INFO - [2026-08-13T12:36:23.354+0000] {dag.py:3823} INFO - Setting next_dagrun for example_external_task_marker_parent to None, run_after=None
[2026-08-13T12:36:23.395+0000] {processor.py:183} INFO - Processing /home/airflow/.local/lib/python3.8/site-packages/airflow/example_dags/example_external_task_marker_dag.py took 0.116 seconds
[2026-08-13T12:41:06.966+0000] {processor.py:161} INFO - Started process (PID=94) to work on /home/airflow/.local/lib/python3.8/site-packages/airflow/example_dags/example_external_task_marker_dag.py
[2026-08-13T12:41:06.999+0000] {processor.py:830} INFO - Processing file /home/airflow/.local/lib/python3.8/site-packages/airflow/example_dags/example_external_task_marker_dag.py for tasks to queue
[2026-08-13T12:41:07.424+0000] {logging_mixin.py:188} INFO - [2026-08-13T12:41:07.391+0000] {dagbag.py:538} INFO - Filling up the DagBag from /home/airflow/.local/lib/python3.8/site-packages/airflow/example_dags/example_external_task_marker_dag.py
[2026-08-13T12:41:09.410+0000] {processor.py:840} INFO - DAG(s) 'example_external_task_marker_parent', 'example_external_task_marker_child' retrieved from /home/airflow/.local/lib/python3.8/site-packages/airflow/example_dags/example_external_task_marker_dag.py
[2026-08-13T12:41:16.293+0000] {logging_mixin.py:188} INFO - [2026-08-13T12:41:16.271+0000] {dag.py:3036} INFO - Sync 2 DAGs
[2026-08-13T12:41:16.638+0000] {logging_mixin.py:188} INFO - [2026-08-13T12:41:16.635+0000] {dag.py:3823} INFO - Setting next_dagrun for example_external_task_marker_child to None, run_after=None
[2026-08-13T12:41:16.714+0000] {logging_mixin.py:188} INFO - [2026-08-13T12:41:16.713+0000] {dag.py:3823} INFO - Setting next_dagrun for example_external_task_marker_parent to None, run_after=None
[2026-08-13T12:41:17.127+0000] {processor.py:183} INFO - Processing /home/airflow/.local/lib/python3.8/site-packages/airflow/example_dags/example_external_task_marker_dag.py took 10.256 seconds
[2026-08-13T12:42:02.522+0000] {processor.py:161} INFO - Started process (PID=154) to work on /home/airflow/.local/lib/python3.8/site-packages/airflow/example_dags/example_external_task_marker_dag.py
[2026-08-13T12:42:02.527+0000] {processor.py:830} INFO - Processing file /home/airflow/.local/lib/python3.8/site-packages/airflow/example_dags/example_external_task_marker_dag.py for tasks to queue
[2026-08-13T12:42:02.533+0000] {logging_mixin.py:188} INFO - [2026-08-13T12:42:02.532+0000] {dagbag.py:538} INFO - Filling up the DagBag from /home/airflow/.local/lib/python3.8/site-packages/airflow/example_dags/example_external_task_marker_dag.py
[2026-08-13T12:42:02.553+0000] {processor.py:840} INFO - DAG(s) 'example_external_task_marker_child', 'example_external_task_marker_parent' retrieved from /home/airflow/.local/lib/python3.8/site-packages/airflow/example_dags/example_external_task_marker_dag.py
[2026-08-13T12:42:02.624+0000] {logging_mixin.py:188} INFO - [2026-08-13T12:42:02.623+0000] {dag.py:3036} INFO - Sync 2 DAGs
[2026-08-13T12:42:02.687+0000] {logging_mixin.py:188} INFO - [2026-08-13T12:42:02.686+0000] {dag.py:3823} INFO - Setting next_dagrun for example_external_task_marker_child to None, run_after=None
[2026-08-13T12:42:02.702+0000] {logging_mixin.py:188} INFO - [2026-08-13T12:42:02.702+0000] {dag.py:3823} INFO - Setting next_dagrun for example_external_task_marker_parent to None, run_after=None
[2026-08-13T12:42:02.764+0000] {processor.py:183} INFO - Processing /home/airflow/.local/lib/python3.8/site-packages/airflow/example_dags/example_external_task_marker_dag.py took 0.251 seconds
[2026-08-13T12:42:37.674+0000] {processor.py:161} INFO - Started process (PID=208) to work on /home/airflow/.local/lib/python3.8/site-packages/airflow/example_dags/example_external_task_marker_dag.py
[2026-08-13T12:42:37.680+0000] {processor.py:830} INFO - Processing file /home/airflow/.local/lib/python3.8/site-packages/airflow/example_dags/example_external_task_marker_dag.py for tasks to queue
[2026-08-13T12:42:37.691+0000] {logging_mixin.py:188} INFO - [2026-08-13T12:42:37.689+0000] {dagbag.py:538} INFO - Filling up the DagBag from /home/airflow/.local/lib/python3.8/site-packages/airflow/example_dags/example_external_task_marker_dag.py
[2026-08-13T12:42:37.728+0000] {processor.py:840} INFO - DAG(s) 'example_external_task_marker_child', 'example_external_task_marker_parent' retrieved from /home/airflow/.local/lib/python3.8/site-packages/airflow/example_dags/example_external_task_marker_dag.py
[2026-08-13T12:42:37.940+0000] {logging_mixin.py:188} INFO - [2026-08-13T12:42:37.939+0000] {dag.py:3036} INFO - Sync 2 DAGs
[2026-08-13T12:42:38.064+0000] {logging_mixin.py:188} INFO - [2026-08-13T12:42:38.063+0000] {dag.py:3823} INFO - Setting next_dagrun for example_external_task_marker_child to None, run_after=None
[2026-08-13T12:42:38.096+0000] {logging_mixin.py:188} INFO - [2026-08-13T12:42:38.096+0000] {dag.py:3823} INFO - Setting next_dagrun for example_external_task_marker_parent to None, run_after=None
[2026-08-13T12:42:38.178+0000] {processor.py:183} INFO - Processing /home/airflow/.local/lib/python3.8/site-packages/airflow/example_dags/example_external_task_marker_dag.py took 0.522 seconds
[2026-08-13T12:45:23.455+0000] {processor.py:161} INFO - Started process (PID=80) to work on /home/airflow/.local/lib/python3.8/site-packages/airflow/example_dags/example_external_task_marker_dag.py
[2026-08-13T12:45:23.514+0000] {processor.py:830} INFO - Processing file /home/airflow/.local/lib/python3.8/site-packages/airflow/example_dags/example_external_task_marker_dag.py for tasks to queue
[2026-08-13T12:45:23.692+0000] {logging_mixin.py:188} INFO - [2026-08-13T12:45:23.691+0000] {dagbag.py:538} INFO - Filling up the DagBag from /home/airflow/.local/lib/python3.8/site-packages/airflow/example_dags/example_external_task_marker_dag.py
[2026-08-13T12:45:24.014+0000] {processor.py:840} INFO - DAG(s) 'example_external_task_marker_child', 'example_external_task_marker_parent' retrieved from /home/airflow/.local/lib/python3.8/site-packages/airflow/example_dags/example_external_task_marker_dag.py
[2026-08-13T12:45:25.276+0000] {logging_mixin.py:188} INFO - [2026-08-13T12:45:25.275+0000] {dag.py:3036} INFO - Sync 2 DAGs
[2026-08-13T12:45:25.360+0000] {logging_mixin.py:188} INFO - [2026-08-13T12:45:25.360+0000] {dag.py:3823} INFO - Setting next_dagrun for example_external_task_marker_child to None, run_after=None
[2026-08-13T12:45:25.404+0000] {logging_mixin.py:188} INFO - [2026-08-13T12:45:25.396+0000] {dag.py:3823} INFO - Setting next_dagrun for example_external_task_marker_parent to None, run_after=None
[2026-08-13T12:45:25.545+0000] {processor.py:183} INFO - Processing /home/airflow/.local/lib/python3.8/site-packages/airflow/example_dags/example_external_task_marker_dag.py took 2.409 seconds
[2026-08-13T12:45:59.675+0000] {processor.py:161} INFO - Started process (PID=136) to work on /home/airflow/.local/lib/python3.8/site-packages/airflow/example_dags/example_external_task_marker_dag.py
[2026-08-13T12:45:59.724+0000] {processor.py:830} INFO - Processing file /home/airflow/.local/lib/python3.8/site-packages/airflow/example_dags/example_external_task_marker_dag.py for tasks to queue
[2026-08-13T12:45:59.865+0000] {logging_mixin.py:188} INFO - [2026-08-13T12:45:59.850+0000] {dagbag.py:538} INFO - Filling up the DagBag from /home/airflow/.local/lib/python3.8/site-packages/airflow/example_dags/example_external_task_marker_dag.py
[2026-08-13T12:46:00.017+0000] {processor.py:840} INFO - DAG(s) 'example_external_task_marker_parent', 'example_external_task_marker_child' retrieved from /home/airflow/.local/lib/python3.8/site-packages/airflow/example_dags/example_external_task_marker_dag.py
[2026-08-13T12:46:00.706+0000] {logging_mixin.py:188} INFO - [2026-08-13T12:46:00.705+0000] {dag.py:3036} INFO - Sync 2 DAGs
[2026-08-13T12:46:01.074+0000] {logging_mixin.py:188} INFO - [2026-08-13T12:46:01.073+0000] {dag.py:3823} INFO - Setting next_dagrun for example_external_task_marker_child to None, run_after=None
[2026-08-13T12:46:01.117+0000] {logging_mixin.py:188} INFO - [2026-08-13T12:46:01.116+0000] {dag.py:3823} INFO - Setting next_dagrun for example_external_task_marker_parent to None, run_after=None
[2026-08-13T12:46:01.340+0000] {processor.py:183} INFO - Processing /home/airflow/.local/lib/python3.8/site-packages/airflow/example_dags/example_external_task_marker_dag.py took 2.247 seconds
[2026-08-13T12:46:32.012+0000] {processor.py:161} INFO - Started process (PID=195) to work on /home/airflow/.local/lib/python3.8/site-packages/airflow/example_dags/example_external_task_marker_dag.py
[2026-08-13T12:46:32.098+0000] {processor.py:830} INFO - Processing file /home/airflow/.local/lib/python3.8/site-packages/airflow/example_dags/example_external_task_marker_dag.py for tasks to queue
[2026-08-13T12:46:32.169+0000] {logging_mixin.py:188} INFO - [2026-08-13T12:46:32.164+0000] {dagbag.py:538} INFO - Filling up the DagBag from /home/airflow/.local/lib/python3.8/site-packages/airflow/example_dags/example_external_task_marker_dag.py
[2026-08-13T12:46:32.280+0000] {processor.py:840} INFO - DAG(s) 'example_external_task_marker_child', 'example_external_task_marker_parent' retrieved from /home/airflow/.local/lib/python3.8/site-packages/airflow/example_dags/example_external_task_marker_dag.py
[2026-08-13T12:46:32.532+0000] {logging_mixin.py:188} INFO - [2026-08-13T12:46:32.531+0000] {dag.py:3036} INFO - Sync 2 DAGs
[2026-08-13T12:46:32.659+0000] {logging_mixin.py:188} INFO - [2026-08-13T12:46:32.658+0000] {dag.py:3823} INFO - Setting next_dagrun for example_external_task_marker_child to None, run_after=None
[2026-08-13T12:46:32.673+0000] {logging_mixin.py:188} INFO - [2026-08-13T12:46:32.672+0000] {dag.py:3823} INFO - Setting next_dagrun for example_external_task_marker_parent to None, run_after=None
[2026-08-13T12:46:32.796+0000] {processor.py:183} INFO - Processing /home/airflow/.local/lib/python3.8/site-packages/airflow/example_dags/example_external_task_marker_dag.py took 0.872 seconds
[2026-08-13T12:47:03.723+0000] {processor.py:161} INFO - Started process (PID=250) to work on /home/airflow/.local/lib/python3.8/site-packages/airflow/example_dags/example_external_task_marker_dag.py
[2026-08-13T12:47:03.725+0000] {processor.py:830} INFO - Processing file /home/airflow/.local/lib/python3.8/site-packages/airflow/example_dags/example_external_task_marker_dag.py for tasks to queue
[2026-08-13T12:47:03.728+0000] {logging_mixin.py:188} INFO - [2026-08-13T12:47:03.728+0000] {dagbag.py:538} INFO - Filling up the DagBag from /home/airflow/.local/lib/python3.8/site-packages/airflow/example_dags/example_external_task_marker_dag.py
[2026-08-13T12:47:03.738+0000] {processor.py:840} INFO - DAG(s) 'example_external_task_marker_parent', 'example_external_task_marker_child' retrieved from /home/airflow/.local/lib/python3.8/site-packages/airflow/example_dags/example_external_task_marker_dag.py
[2026-08-13T12:47:03.772+0000] {logging_mixin.py:188} INFO - [2026-08-13T12:47:03.771+0000] {dag.py:3036} INFO - Sync 2 DAGs
[2026-08-13T12:47:03.797+0000] {logging_mixin.py:188} INFO - [2026-08-13T12:47:03.797+0000] {dag.py:3823} INFO - Setting next_dagrun for example_external_task_marker_child to None, run_after=None
[2026-08-13T12:47:03.805+0000] {logging_mixin.py:188} INFO - [2026-08-13T12:47:03.805+0000] {dag.py:3823} INFO - Setting next_dagrun for example_external_task_marker_parent to None, run_after=None
[2026-08-13T12:47:03.834+0000] {processor.py:183} INFO - Processing /home/airflow/.local/lib/python3.8/site-packages/airflow/example_dags/example_external_task_marker_dag.py took 0.116 seconds
[2026-08-13T12:47:34.057+0000] {processor.py:161} INFO - Started process (PID=305) to work on /home/airflow/.local/lib/python3.8/site-packages/airflow/example_dags/example_external_task_marker_dag.py
[2026-08-13T12:47:34.063+0000] {processor.py:830} INFO - Processing file /home/airflow/.local/lib/python3.8/site-packages/airflow/example_dags/example_external_task_marker_dag.py for tasks to queue
[2026-08-13T12:47:34.068+0000] {logging_mixin.py:188} INFO - [2026-08-13T12:47:34.067+0000] {dagbag.py:538} INFO - Filling up the DagBag from /home/airflow/.local/lib/python3.8/site-packages/airflow/example_dags/example_external_task_marker_dag.py
[2026-08-13T12:47:34.086+0000] {processor.py:840} INFO - DAG(s) 'example_external_task_marker_parent', 'example_external_task_marker_child' retrieved from /home/airflow/.local/lib/python3.8/site-packages/airflow/example_dags/example_external_task_marker_dag.py
[2026-08-13T12:47:34.148+0000] {logging_mixin.py:188} INFO - [2026-08-13T12:47:34.148+0000] {dag.py:3036} INFO - Sync 2 DAGs
[2026-08-13T12:47:34.165+0000] {logging_mixin.py:188} INFO - [2026-08-13T12:47:34.165+0000] {dag.py:3823} INFO - Setting next_dagrun for example_external_task_marker_child to None, run_after=None
[2026-08-13T12:47:34.172+0000] {logging_mixin.py:188} INFO - [2026-08-13T12:47:34.172+0000] {dag.py:3823} INFO - Setting next_dagrun for example_external_task_marker_parent to None, run_after=None
[2026-08-13T12:47:34.206+0000] {processor.py:183} INFO - Processing /home/airflow/.local/lib/python3.8/site-packages/airflow/example_dags/example_external_task_marker_dag.py took 0.159 seconds
[2026-08-13T12:48:04.895+0000] {processor.py:161} INFO - Started process (PID=360) to work on /home/airflow/.local/lib/python3.8/site-packages/airflow/example_dags/example_external_task_marker_dag.py
[2026-08-13T12:48:04.897+0000] {processor.py:830} INFO - Processing file /home/airflow/.local/lib/python3.8/site-packages/airflow/example_dags/example_external_task_marker_dag.py for tasks to queue
[2026-08-13T12:48:04.899+0000] {logging_mixin.py:188} INFO - [2026-08-13T12:48:04.899+0000] {dagbag.py:538} INFO - Filling up the DagBag from /home/airflow/.local/lib/python3.8/site-packages/airflow/example_dags/example_external_task_marker_dag.py
[2026-08-13T12:48:04.911+0000] {processor.py:840} INFO - DAG(s) 'example_external_task_marker_child', 'example_external_task_marker_parent' retrieved from /home/airflow/.local/lib/python3.8/site-packages/airflow/example_dags/example_external_task_marker_dag.py
[2026-08-13T12:48:04.955+0000] {logging_mixin.py:188} INFO - [2026-08-13T12:48:04.953+0000] {dag.py:3036} INFO - Sync 2 DAGs
[2026-08-13T12:48:04.976+0000] {logging_mixin.py:188} INFO - [2026-08-13T12:48:04.976+0000] {dag.py:3823} INFO - Setting next_dagrun for example_external_task_marker_child to None, run_after=None
[2026-08-13T12:48:04.981+0000] {logging_mixin.py:188} INFO - [2026-08-13T12:48:04.981+0000] {dag.py:3823} INFO - Setting next_dagrun for example_external_task_marker_parent to None, run_after=None
[2026-08-13T12:48:05.028+0000] {processor.py:183} INFO - Processing /home/airflow/.local/lib/python3.8/site-packages/airflow/example_dags/example_external_task_marker_dag.py took 0.138 seconds
[2026-08-13T12:48:35.802+0000] {processor.py:161} INFO - Started process (PID=416) to work on /home/airflow/.local/lib/python3.8/site-packages/airflow/example_dags/example_external_task_marker_dag.py
[2026-08-13T12:48:35.804+0000] {processor.py:830} INFO - Processing file /home/airflow/.local/lib/python3.8/site-packages/airflow/example_dags/example_external_task_marker_dag.py for tasks to queue
[2026-08-13T12:48:35.809+0000] {logging_mixin.py:188} INFO - [2026-08-13T12:48:35.808+0000] {dagbag.py:538} INFO - Filling up the DagBag from /home/airflow/.local/lib/python3.8/site-packages/airflow/example_dags/example_external_task_marker_dag.py
[2026-08-13T12:48:35.821+0000] {processor.py:840} INFO - DAG(s) 'example_external_task_marker_parent', 'example_external_task_marker_child' retrieved from /home/airflow/.local/lib/python3.8/site-packages/airflow/example_dags/example_external_task_marker_dag.py
[2026-08-13T12:48:35.860+0000] {logging_mixin.py:188} INFO - [2026-08-13T12:48:35.860+0000] {dag.py:3036} INFO - Sync 2 DAGs
[2026-08-13T12:48:35.882+0000] {logging_mixin.py:188} INFO - [2026-08-13T12:48:35.881+0000] {dag.py:3823} INFO - Setting next_dagrun for example_external_task_marker_child to None, run_after=None
[2026-08-13T12:48:35.889+0000] {logging_mixin.py:188} INFO - [2026-08-13T12:48:35.889+0000] {dag.py:3823} INFO - Setting next_dagrun for example_external_task_marker_parent to None, run_after=None
[2026-08-13T12:48:35.922+0000] {processor.py:183} INFO - Processing /home/airflow/.local/lib/python3.8/site-packages/airflow/example_dags/example_external_task_marker_dag.py took 0.126 seconds
[2026-08-13T12:49:06.565+0000] {processor.py:161} INFO - Started process (PID=471) to work on /home/airflow/.local/lib/python3.8/site-packages/airflow/example_dags/example_external_task_marker_dag.py
[2026-08-13T12:49:06.582+0000] {processor.py:830} INFO - Processing file /home/airflow/.local/lib/python3.8/site-packages/airflow/example_dags/example_external_task_marker_dag.py for tasks to queue
[2026-08-13T12:49:06.615+0000] {logging_mixin.py:188} INFO - [2026-08-13T12:49:06.610+0000] {dagbag.py:538} INFO - Filling up the DagBag from /home/airflow/.local/lib/python3.8/site-packages/airflow/example_dags/example_external_task_marker_dag.py
[2026-08-13T12:49:06.697+0000] {processor.py:840} INFO - DAG(s) 'example_external_task_marker_parent', 'example_external_task_marker_child' retrieved from /home/airflow/.local/lib/python3.8/site-packages/airflow/example_dags/example_external_task_marker_dag.py
[2026-08-13T12:49:07.044+0000] {logging_mixin.py:188} INFO - [2026-08-13T12:49:07.043+0000] {dag.py:3036} INFO - Sync 2 DAGs
[2026-08-13T12:49:07.213+0000] {logging_mixin.py:188} INFO - [2026-08-13T12:49:07.212+0000] {dag.py:3823} INFO - Setting next_dagrun for example_external_task_marker_child to None, run_after=None
[2026-08-13T12:49:07.250+0000] {logging_mixin.py:188} INFO - [2026-08-13T12:49:07.249+0000] {dag.py:3823} INFO - Setting next_dagrun for example_external_task_marker_parent to None, run_after=None
[2026-08-13T12:49:07.568+0000] {processor.py:183} INFO - Processing /home/airflow/.local/lib/python3.8/site-packages/airflow/example_dags/example_external_task_marker_dag.py took 1.068 seconds
[2026-08-13T12:49:37.823+0000] {processor.py:161} INFO - Started process (PID=524) to work on /home/airflow/.local/lib/python3.8/site-packages/airflow/example_dags/example_external_task_marker_dag.py
[2026-08-13T12:49:37.829+0000] {processor.py:830} INFO - Processing file /home/airflow/.local/lib/python3.8/site-packages/airflow/example_dags/example_external_task_marker_dag.py for tasks to queue
[2026-08-13T12:49:37.837+0000] {logging_mixin.py:188} INFO - [2026-08-13T12:49:37.837+0000] {dagbag.py:538} INFO - Filling up the DagBag from /home/airflow/.local/lib/python3.8/site-packages/airflow/example_dags/example_external_task_marker_dag.py
[2026-08-13T12:49:37.871+0000] {processor.py:840} INFO - DAG(s) 'example_external_task_marker_child', 'example_external_task_marker_parent' retrieved from /home/airflow/.local/lib/python3.8/site-packages/airflow/example_dags/example_external_task_marker_dag.py
[2026-08-13T12:49:37.947+0000] {logging_mixin.py:188} INFO - [2026-08-13T12:49:37.947+0000] {dag.py:3036} INFO - Sync 2 DAGs
[2026-08-13T12:49:37.988+0000] {logging_mixin.py:188} INFO - [2026-08-13T12:49:37.988+0000] {dag.py:3823} INFO - Setting next_dagrun for example_external_task_marker_child to None, run_after=None
[2026-08-13T12:49:37.998+0000] {logging_mixin.py:188} INFO - [2026-08-13T12:49:37.997+0000] {dag.py:3823} INFO - Setting next_dagrun for example_external_task_marker_parent to None, run_after=None
[2026-08-13T12:49:38.037+0000] {processor.py:183} INFO - Processing /home/airflow/.local/lib/python3.8/site-packages/airflow/example_dags/example_external_task_marker_dag.py took 0.235 seconds
[2026-08-13T12:50:08.535+0000] {processor.py:161} INFO - Started process (PID=579) to work on /home/airflow/.local/lib/python3.8/site-packages/airflow/example_dags/example_external_task_marker_dag.py
[2026-08-13T12:50:08.538+0000] {processor.py:830} INFO - Processing file /home/airflow/.local/lib/python3.8/site-packages/airflow/example_dags/example_external_task_marker_dag.py for tasks to queue
[2026-08-13T12:50:08.543+0000] {logging_mixin.py:188} INFO - [2026-08-13T12:50:08.542+0000] {dagbag.py:538} INFO - Filling up the DagBag from /home/airflow/.local/lib/python3.8/site-packages/airflow/example_dags/example_external_task_marker_dag.py
[2026-08-13T12:50:08.559+0000] {processor.py:840} INFO - DAG(s) 'example_external_task_marker_child', 'example_external_task_marker_parent' retrieved from /home/airflow/.local/lib/python3.8/site-packages/airflow/example_dags/example_external_task_marker_dag.py
[2026-08-13T12:50:08.614+0000] {logging_mixin.py:188} INFO - [2026-08-13T12:50:08.613+0000] {dag.py:3036} INFO - Sync 2 DAGs
[2026-08-13T12:50:08.640+0000] {logging_mixin.py:188} INFO - [2026-08-13T12:50:08.640+0000] {dag.py:3823} INFO - Setting next_dagrun for example_external_task_marker_child to None, run_after=None
[2026-08-13T12:50:08.649+0000] {logging_mixin.py:188} INFO - [2026-08-13T12:50:08.649+0000] {dag.py:3823} INFO - Setting next_dagrun for example_external_task_marker_parent to None, run_after=None
[2026-08-13T12:50:08.681+0000] {processor.py:183} INFO - Processing /home/airflow/.local/lib/python3.8/site-packages/airflow/example_dags/example_external_task_marker_dag.py took 0.154 seconds
[2026-08-13T12:50:38.847+0000] {processor.py:161} INFO - Started process (PID=634) to work on /home/airflow/.local/lib/python3.8/site-packages/airflow/example_dags/example_external_task_marker_dag.py
[2026-08-13T12:50:38.851+0000] {processor.py:830} INFO - Processing file /home/airflow/.local/lib/python3.8/site-packages/airflow/example_dags/example_external_task_marker_dag.py for tasks to queue
[2026-08-13T12:50:38.859+0000] {logging_mixin.py:188} INFO - [2026-08-13T12:50:38.858+0000] {dagbag.py:538} INFO - Filling up the DagBag from /home/airflow/.local/lib/python3.8/site-packages/airflow/example_dags/example_external_task_marker_dag.py
[2026-08-13T12:50:38.877+0000] {processor.py:840} INFO - DAG(s) 'example_external_task_marker_child', 'example_external_task_marker_parent' retrieved from /home/airflow/.local/lib/python3.8/site-packages/airflow/example_dags/example_external_task_marker_dag.py
[2026-08-13T12:50:38.935+0000] {logging_mixin.py:188} INFO - [2026-08-13T12:50:38.934+0000] {dag.py:3036} INFO - Sync 2 DAGs
[2026-08-13T12:50:38.959+0000] {logging_mixin.py:188} INFO - [2026-08-13T12:50:38.958+0000] {dag.py:3823} INFO - Setting next_dagrun for example_external_task_marker_child to None, run_after=None
[2026-08-13T12:50:38.967+0000] {logging_mixin.py:188} INFO - [2026-08-13T12:50:38.967+0000] {dag.py:3823} INFO - Setting next_dagrun for example_external_task_marker_parent to None, run_after=None
[2026-08-13T12:50:39.007+0000] {processor.py:183} INFO - Processing /home/airflow/.local/lib/python3.8/site-packages/airflow/example_dags/example_external_task_marker_dag.py took 0.166 seconds
[2026-08-13T12:51:09.218+0000] {processor.py:161} INFO - Started process (PID=689) to work on /home/airflow/.local/lib/python3.8/site-packages/airflow/example_dags/example_external_task_marker_dag.py
[2026-08-13T12:51:09.221+0000] {processor.py:830} INFO - Processing file /home/airflow/.local/lib/python3.8/site-packages/airflow/example_dags/example_external_task_marker_dag.py for tasks to queue
[2026-08-13T12:51:09.226+0000] {logging_mixin.py:188} INFO - [2026-08-13T12:51:09.225+0000] {dagbag.py:538} INFO - Filling up the DagBag from /home/airflow/.local/lib/python3.8/site-packages/airflow/example_dags/example_external_task_marker_dag.py
[2026-08-13T12:51:09.243+0000] {processor.py:840} INFO - DAG(s) 'example_external_task_marker_parent', 'example_external_task_marker_child' retrieved from /home/airflow/.local/lib/python3.8/site-packages/airflow/example_dags/example_external_task_marker_dag.py
[2026-08-13T12:51:09.295+0000] {logging_mixin.py:188} INFO - [2026-08-13T12:51:09.294+0000] {dag.py:3036} INFO - Sync 2 DAGs
[2026-08-13T12:51:09.328+0000] {logging_mixin.py:188} INFO - [2026-08-13T12:51:09.327+0000] {dag.py:3823} INFO - Setting next_dagrun for example_external_task_marker_child to None, run_after=None
[2026-08-13T12:51:09.340+0000] {logging_mixin.py:188} INFO - [2026-08-13T12:51:09.339+0000] {dag.py:3823} INFO - Setting next_dagrun for example_external_task_marker_parent to None, run_after=None
[2026-08-13T12:51:09.387+0000] {processor.py:183} INFO - Processing /home/airflow/.local/lib/python3.8/site-packages/airflow/example_dags/example_external_task_marker_dag.py took 0.179 seconds
[2026-08-13T12:51:39.565+0000] {processor.py:161} INFO - Started process (PID=744) to work on /home/airflow/.local/lib/python3.8/site-packages/airflow/example_dags/example_external_task_marker_dag.py
[2026-08-13T12:51:39.567+0000] {processor.py:830} INFO - Processing file /home/airflow/.local/lib/python3.8/site-packages/airflow/example_dags/example_external_task_marker_dag.py for tasks to queue
[2026-08-13T12:51:39.570+0000] {logging_mixin.py:188} INFO - [2026-08-13T12:51:39.570+0000] {dagbag.py:538} INFO - Filling up the DagBag from /home/airflow/.local/lib/python3.8/site-packages/airflow/example_dags/example_external_task_marker_dag.py
[2026-08-13T12:51:39.582+0000] {processor.py:840} INFO - DAG(s) 'example_external_task_marker_parent', 'example_external_task_marker_child' retrieved from /home/airflow/.local/lib/python3.8/site-packages/airflow/example_dags/example_external_task_marker_dag.py
[2026-08-13T12:51:39.626+0000] {logging_mixin.py:188} INFO - [2026-08-13T12:51:39.626+0000] {dag.py:3036} INFO - Sync 2 DAGs
[2026-08-13T12:51:39.660+0000] {logging_mixin.py:188} INFO - [2026-08-13T12:51:39.659+0000] {dag.py:3823} INFO - Setting next_dagrun for example_external_task_marker_child to None, run_after=None
[2026-08-13T12:51:39.667+0000] {logging_mixin.py:188} INFO - [2026-08-13T12:51:39.666+0000] {dag.py:3823} INFO - Setting next_dagrun for example_external_task_marker_parent to None, run_after=None
[2026-08-13T12:51:39.694+0000] {processor.py:183} INFO - Processing /home/airflow/.local/lib/python3.8/site-packages/airflow/example_dags/example_external_task_marker_dag.py took 0.136 seconds
[2026-08-13T12:52:09.903+0000] {processor.py:161} INFO - Started process (PID=799) to work on /home/airflow/.local/lib/python3.8/site-packages/airflow/example_dags/example_external_task_marker_dag.py
[2026-08-13T12:52:09.907+0000] {processor.py:830} INFO - Processing file /home/airflow/.local/lib/python3.8/site-packages/airflow/example_dags/example_external_task_marker_dag.py for tasks to queue
[2026-08-13T12:52:09.913+0000] {logging_mixin.py:188} INFO - [2026-08-13T12:52:09.912+0000] {dagbag.py:538} INFO - Filling up the DagBag from /home/airflow/.local/lib/python3.8/site-packages/airflow/example_dags/example_external_task_marker_dag.py
[2026-08-13T12:52:09.948+0000] {processor.py:840} INFO - DAG(s) 'example_external_task_marker_parent', 'example_external_task_marker_child' retrieved from /home/airflow/.local/lib/python3.8/site-packages/airflow/example_dags/example_external_task_marker_dag.py
[2026-08-13T12:52:10.051+0000] {logging_mixin.py:188} INFO - [2026-08-13T12:52:10.050+0000] {dag.py:3036} INFO - Sync 2 DAGs
[2026-08-13T12:52:10.091+0000] {logging_mixin.py:188} INFO - [2026-08-13T12:52:10.091+0000] {dag.py:3823} INFO - Setting next_dagrun for example_external_task_marker_child to None, run_after=None
[2026-08-13T12:52:10.103+0000] {logging_mixin.py:188} INFO - [2026-08-13T12:52:10.102+0000] {dag.py:3823} INFO - Setting next_dagrun for example_external_task_marker_parent to None, run_after=None
[2026-08-13T12:52:10.144+0000] {processor.py:183} INFO - Processing /home/airflow/.local/lib/python3.8/site-packages/airflow/example_dags/example_external_task_marker_dag.py took 0.251 seconds
[2026-08-13T12:52:40.407+0000] {processor.py:161} INFO - Started process (PID=853) to work on /home/airflow/.local/lib/python3.8/site-packages/airflow/example_dags/example_external_task_marker_dag.py
[2026-08-13T12:52:40.409+0000] {processor.py:830} INFO - Processing file /home/airflow/.local/lib/python3.8/site-packages/airflow/example_dags/example_external_task_marker_dag.py for tasks to queue
[2026-08-13T12:52:40.413+0000] {logging_mixin.py:188} INFO - [2026-08-13T12:52:40.412+0000] {dagbag.py:538} INFO - Filling up the DagBag from /home/airflow/.local/lib/python3.8/site-packages/airflow/example_dags/example_external_task_marker_dag.py
[2026-08-13T12:52:40.425+0000] {processor.py:840} INFO - DAG(s) 'example_external_task_marker_child', 'example_external_task_marker_parent' retrieved from /home/airflow/.local/lib/python3.8/site-packages/airflow/example_dags/example_external_task_marker_dag.py
[2026-08-13T12:52:40.466+0000] {logging_mixin.py:188} INFO - [2026-08-13T12:52:40.466+0000] {dag.py:3036} INFO - Sync 2 DAGs
[2026-08-13T12:52:40.484+0000] {logging_mixin.py:188} INFO - [2026-08-13T12:52:40.483+0000] {dag.py:3823} INFO - Setting next_dagrun for example_external_task_marker_child to None, run_after=None
[2026-08-13T12:52:40.489+0000] {logging_mixin.py:188} INFO - [2026-08-13T12:52:40.488+0000] {dag.py:3823} INFO - Setting next_dagrun for example_external_task_marker_parent to None, run_after=None
[2026-08-13T12:52:40.509+0000] {processor.py:183} INFO - Processing /home/airflow/.local/lib/python3.8/site-packages/airflow/example_dags/example_external_task_marker_dag.py took 0.107 seconds
[2026-08-13T12:53:10.766+0000] {processor.py:161} INFO - Started process (PID=908) to work on /home/airflow/.local/lib/python3.8/site-packages/airflow/example_dags/example_external_task_marker_dag.py
[2026-08-13T12:53:10.768+0000] {processor.py:830} INFO - Processing file /home/airflow/.local/lib/python3.8/site-packages/airflow/example_dags/example_external_task_marker_dag.py for tasks to queue
[2026-08-13T12:53:10.772+0000] {logging_mixin.py:188} INFO - [2026-08-13T12:53:10.771+0000] {dagbag.py:538} INFO - Filling up the DagBag from /home/airflow/.local/lib/python3.8/site-packages/airflow/example_dags/example_external_task_marker_dag.py
[2026-08-13T12:53:10.780+0000] {processor.py:840} INFO - DAG(s) 'example_external_task_marker_parent', 'example_external_task_marker_child' retrieved from /home/airflow/.local/lib/python3.8/site-packages/airflow/example_dags/example_external_task_marker_dag.py
[2026-08-13T12:53:10.817+0000] {logging_mixin.py:188} INFO - [2026-08-13T12:53:10.817+0000] {dag.py:3036} INFO - Sync 2 DAGs
[2026-08-13T12:53:10.833+0000] {logging_mixin.py:188} INFO - [2026-08-13T12:53:10.832+0000] {dag.py:3823} INFO - Setting next_dagrun for example_external_task_marker_child to None, run_after=None
[2026-08-13T12:53:10.837+0000] {logging_mixin.py:188} INFO - [2026-08-13T12:53:10.837+0000] {dag.py:3823} INFO - Setting next_dagrun for example_external_task_marker_parent to None, run_after=None
[2026-08-13T12:53:10.858+0000] {processor.py:183} INFO - Processing /home/airflow/.local/lib/python3.8/site-packages/airflow/example_dags/example_external_task_marker_dag.py took 0.097 seconds
[2026-08-13T12:53:43.280+0000] {processor.py:161} INFO - Started process (PID=957) to work on /home/airflow/.local/lib/python3.8/site-packages/airflow/example_dags/example_external_task_marker_dag.py
[2026-08-13T12:53:43.283+0000] {processor.py:830} INFO - Processing file /home/airflow/.local/lib/python3.8/site-packages/airflow/example_dags/example_external_task_marker_dag.py for tasks to queue
[2026-08-13T12:53:43.288+0000] {logging_mixin.py:188} INFO - [2026-08-13T12:53:43.287+0000] {dagbag.py:538} INFO - Filling up the DagBag from /home/airflow/.local/lib/python3.8/site-packages/airflow/example_dags/example_external_task_marker_dag.py
[2026-08-13T12:53:43.302+0000] {processor.py:840} INFO - DAG(s) 'example_external_task_marker_child', 'example_external_task_marker_parent' retrieved from /home/airflow/.local/lib/python3.8/site-packages/airflow/example_dags/example_external_task_marker_dag.py
[2026-08-13T12:53:43.345+0000] {logging_mixin.py:188} INFO - [2026-08-13T12:53:43.345+0000] {dag.py:3036} INFO - Sync 2 DAGs
[2026-08-13T12:53:43.366+0000] {logging_mixin.py:188} INFO - [2026-08-13T12:53:43.365+0000] {dag.py:3823} INFO - Setting next_dagrun for example_external_task_marker_child to None, run_after=None
[2026-08-13T12:53:43.372+0000] {logging_mixin.py:188} INFO - [2026-08-13T12:53:43.371+0000] {dag.py:3823} INFO - Setting next_dagrun for example_external_task_marker_parent to None, run_after=None
[2026-08-13T12:53:43.401+0000] {processor.py:183} INFO - Processing /home/airflow/.local/lib/python3.8/site-packages/airflow/example_dags/example_external_task_marker_dag.py took 0.128 seconds
[2026-08-13T12:54:13.470+0000] {processor.py:161} INFO - Started process (PID=1009) to work on /home/airflow/.local/lib/python3.8/site-packages/airflow/example_dags/example_external_task_marker_dag.py
[2026-08-13T12:54:13.473+0000] {processor.py:830} INFO - Processing file /home/airflow/.local/lib/python3.8/site-packages/airflow/example_dags/example_external_task_marker_dag.py for tasks to queue
[2026-08-13T12:54:13.476+0000] {logging_mixin.py:188} INFO - [2026-08-13T12:54:13.475+0000] {dagbag.py:538} INFO - Filling up the DagBag from /home/airflow/.local/lib/python3.8/site-packages/airflow/example_dags/example_external_task_marker_dag.py
[2026-08-13T12:54:13.486+0000] {processor.py:840} INFO - DAG(s) 'example_external_task_marker_parent', 'example_external_task_marker_child' retrieved from /home/airflow/.local/lib/python3.8/site-packages/airflow/example_dags/example_external_task_marker_dag.py
[2026-08-13T12:54:13.532+0000] {logging_mixin.py:188} INFO - [2026-08-13T12:54:13.531+0000] {dag.py:3036} INFO - Sync 2 DAGs
[2026-08-13T12:54:13.558+0000] {logging_mixin.py:188} INFO - [2026-08-13T12:54:13.558+0000] {dag.py:3823} INFO - Setting next_dagrun for example_external_task_marker_child to None, run_after=None
[2026-08-13T12:54:13.565+0000] {logging_mixin.py:188} INFO - [2026-08-13T12:54:13.565+0000] {dag.py:3823} INFO - Setting next_dagrun for example_external_task_marker_parent to None, run_after=None
[2026-08-13T12:54:13.599+0000] {processor.py:183} INFO - Processing /home/airflow/.local/lib/python3.8/site-packages/airflow/example_dags/example_external_task_marker_dag.py took 0.135 seconds
[2026-08-13T12:54:43.799+0000] {processor.py:161} INFO - Started process (PID=1061) to work on /home/airflow/.local/lib/python3.8/site-packages/airflow/example_dags/example_external_task_marker_dag.py
[2026-08-13T12:54:43.802+0000] {processor.py:830} INFO - Processing file /home/airflow/.local/lib/python3.8/site-packages/airflow/example_dags/example_external_task_marker_dag.py for tasks to queue
[2026-08-13T12:54:43.807+0000] {logging_mixin.py:188} INFO - [2026-08-13T12:54:43.806+0000] {dagbag.py:538} INFO - Filling up the DagBag from /home/airflow/.local/lib/python3.8/site-packages/airflow/example_dags/example_external_task_marker_dag.py
[2026-08-13T12:54:43.816+0000] {processor.py:840} INFO - DAG(s) 'example_external_task_marker_child', 'example_external_task_marker_parent' retrieved from /home/airflow/.local/lib/python3.8/site-packages/airflow/example_dags/example_external_task_marker_dag.py
[2026-08-13T12:54:43.863+0000] {logging_mixin.py:188} INFO - [2026-08-13T12:54:43.863+0000] {dag.py:3036} INFO - Sync 2 DAGs
[2026-08-13T12:54:43.894+0000] {logging_mixin.py:188} INFO - [2026-08-13T12:54:43.893+0000] {dag.py:3823} INFO - Setting next_dagrun for example_external_task_marker_child to None, run_after=None
[2026-08-13T12:54:43.902+0000] {logging_mixin.py:188} INFO - [2026-08-13T12:54:43.902+0000] {dag.py:3823} INFO - Setting next_dagrun for example_external_task_marker_parent to None, run_after=None
[2026-08-13T12:54:43.938+0000] {processor.py:183} INFO - Processing /home/airflow/.local/lib/python3.8/site-packages/airflow/example_dags/example_external_task_marker_dag.py took 0.146 seconds
[2026-08-13T12:55:14.446+0000] {processor.py:161} INFO - Started process (PID=1114) to work on /home/airflow/.local/lib/python3.8/site-packages/airflow/example_dags/example_external_task_marker_dag.py
[2026-08-13T12:55:14.448+0000] {processor.py:830} INFO - Processing file /home/airflow/.local/lib/python3.8/site-packages/airflow/example_dags/example_external_task_marker_dag.py for tasks to queue
[2026-08-13T12:55:14.452+0000] {logging_mixin.py:188} INFO - [2026-08-13T12:55:14.452+0000] {dagbag.py:538} INFO - Filling up the DagBag from /home/airflow/.local/lib/python3.8/site-packages/airflow/example_dags/example_external_task_marker_dag.py
[2026-08-13T12:55:14.464+0000] {processor.py:840} INFO - DAG(s) 'example_external_task_marker_child', 'example_external_task_marker_parent' retrieved from /home/airflow/.local/lib/python3.8/site-packages/airflow/example_dags/example_external_task_marker_dag.py
[2026-08-13T12:55:14.502+0000] {logging_mixin.py:188} INFO - [2026-08-13T12:55:14.502+0000] {dag.py:3036} INFO - Sync 2 DAGs
[2026-08-13T12:55:14.518+0000] {logging_mixin.py:188} INFO - [2026-08-13T12:55:14.518+0000] {dag.py:3823} INFO - Setting next_dagrun for example_external_task_marker_child to None, run_after=None
[2026-08-13T12:55:14.523+0000] {logging_mixin.py:188} INFO - [2026-08-13T12:55:14.523+0000] {dag.py:3823} INFO - Setting next_dagrun for example_external_task_marker_parent to None, run_after=None
[2026-08-13T12:55:14.546+0000] {processor.py:183} INFO - Processing /home/airflow/.local/lib/python3.8/site-packages/airflow/example_dags/example_external_task_marker_dag.py took 0.105 seconds
[2026-08-13T12:55:45.435+0000] {processor.py:161} INFO - Started process (PID=1167) to work on /home/airflow/.local/lib/python3.8/site-packages/airflow/example_dags/example_external_task_marker_dag.py
[2026-08-13T12:55:45.440+0000] {processor.py:830} INFO - Processing file /home/airflow/.local/lib/python3.8/site-packages/airflow/example_dags/example_external_task_marker_dag.py for tasks to queue
[2026-08-13T12:55:45.444+0000] {logging_mixin.py:188} INFO - [2026-08-13T12:55:45.443+0000] {dagbag.py:538} INFO - Filling up the DagBag from /home/airflow/.local/lib/python3.8/site-packages/airflow/example_dags/example_external_task_marker_dag.py
[2026-08-13T12:55:45.456+0000] {processor.py:840} INFO - DAG(s) 'example_external_task_marker_parent', 'example_external_task_marker_child' retrieved from /home/airflow/.local/lib/python3.8/site-packages/airflow/example_dags/example_external_task_marker_dag.py
[2026-08-13T12:55:45.504+0000] {logging_mixin.py:188} INFO - [2026-08-13T12:55:45.504+0000] {dag.py:3036} INFO - Sync 2 DAGs
[2026-08-13T12:55:45.530+0000] {logging_mixin.py:188} INFO - [2026-08-13T12:55:45.530+0000] {dag.py:3823} INFO - Setting next_dagrun for example_external_task_marker_child to None, run_after=None
[2026-08-13T12:55:45.536+0000] {logging_mixin.py:188} INFO - [2026-08-13T12:55:45.536+0000] {dag.py:3823} INFO - Setting next_dagrun for example_external_task_marker_parent to None, run_after=None
[2026-08-13T12:55:45.569+0000] {processor.py:183} INFO - Processing /home/airflow/.local/lib/python3.8/site-packages/airflow/example_dags/example_external_task_marker_dag.py took 0.140 seconds
[2026-08-13T12:56:16.159+0000] {processor.py:161} INFO - Started process (PID=1220) to work on /home/airflow/.local/lib/python3.8/site-packages/airflow/example_dags/example_external_task_marker_dag.py
[2026-08-13T12:56:16.162+0000] {processor.py:830} INFO - Processing file /home/airflow/.local/lib/python3.8/site-packages/airflow/example_dags/example_external_task_marker_dag.py for tasks to queue
[2026-08-13T12:56:16.165+0000] {logging_mixin.py:188} INFO - [2026-08-13T12:56:16.164+0000] {dagbag.py:538} INFO - Filling up the DagBag from /home/airflow/.local/lib/python3.8/site-packages/airflow/example_dags/example_external_task_marker_dag.py
[2026-08-13T12:56:16.175+0000] {processor.py:840} INFO - DAG(s) 'example_external_task_marker_child', 'example_external_task_marker_parent' retrieved from /home/airflow/.local/lib/python3.8/site-packages/airflow/example_dags/example_external_task_marker_dag.py
[2026-08-13T12:56:16.225+0000] {logging_mixin.py:188} INFO - [2026-08-13T12:56:16.224+0000] {dag.py:3036} INFO - Sync 2 DAGs
[2026-08-13T12:56:16.253+0000] {logging_mixin.py:188} INFO - [2026-08-13T12:56:16.252+0000] {dag.py:3823} INFO - Setting next_dagrun for example_external_task_marker_child to None, run_after=None
[2026-08-13T12:56:16.261+0000] {logging_mixin.py:188} INFO - [2026-08-13T12:56:16.261+0000] {dag.py:3823} INFO - Setting next_dagrun for example_external_task_marker_parent to None, run_after=None
[2026-08-13T12:56:16.296+0000] {processor.py:183} INFO - Processing /home/airflow/.local/lib/python3.8/site-packages/airflow/example_dags/example_external_task_marker_dag.py took 0.145 seconds
[2026-08-13T12:56:46.448+0000] {processor.py:161} INFO - Started process (PID=1275) to work on /home/airflow/.local/lib/python3.8/site-packages/airflow/example_dags/example_external_task_marker_dag.py
[2026-08-13T12:56:46.451+0000] {processor.py:830} INFO - Processing file /home/airflow/.local/lib/python3.8/site-packages/airflow/example_dags/example_external_task_marker_dag.py for tasks to queue
[2026-08-13T12:56:46.455+0000] {logging_mixin.py:188} INFO - [2026-08-13T12:56:46.455+0000] {dagbag.py:538} INFO - Filling up the DagBag from /home/airflow/.local/lib/python3.8/site-packages/airflow/example_dags/example_external_task_marker_dag.py
[2026-08-13T12:56:46.465+0000] {processor.py:840} INFO - DAG(s) 'example_external_task_marker_child', 'example_external_task_marker_parent' retrieved from /home/airflow/.local/lib/python3.8/site-packages/airflow/example_dags/example_external_task_marker_dag.py
[2026-08-13T12:56:46.512+0000] {logging_mixin.py:188} INFO - [2026-08-13T12:56:46.512+0000] {dag.py:3036} INFO - Sync 2 DAGs
[2026-08-13T12:56:46.526+0000] {logging_mixin.py:188} INFO - [2026-08-13T12:56:46.526+0000] {dag.py:3823} INFO - Setting next_dagrun for example_external_task_marker_child to None, run_after=None
[2026-08-13T12:56:46.531+0000] {logging_mixin.py:188} INFO - [2026-08-13T12:56:46.531+0000] {dag.py:3823} INFO - Setting next_dagrun for example_external_task_marker_parent to None, run_after=None
[2026-08-13T12:56:46.550+0000] {processor.py:183} INFO - Processing /home/airflow/.local/lib/python3.8/site-packages/airflow/example_dags/example_external_task_marker_dag.py took 0.110 seconds
[2026-08-13T12:57:16.658+0000] {processor.py:161} INFO - Started process (PID=1330) to work on /home/airflow/.local/lib/python3.8/site-packages/airflow/example_dags/example_external_task_marker_dag.py
[2026-08-13T12:57:16.668+0000] {processor.py:830} INFO - Processing file /home/airflow/.local/lib/python3.8/site-packages/airflow/example_dags/example_external_task_marker_dag.py for tasks to queue
[2026-08-13T12:57:16.674+0000] {logging_mixin.py:188} INFO - [2026-08-13T12:57:16.673+0000] {dagbag.py:538} INFO - Filling up the DagBag from /home/airflow/.local/lib/python3.8/site-packages/airflow/example_dags/example_external_task_marker_dag.py
[2026-08-13T12:57:16.707+0000] {processor.py:840} INFO - DAG(s) 'example_external_task_marker_parent', 'example_external_task_marker_child' retrieved from /home/airflow/.local/lib/python3.8/site-packages/airflow/example_dags/example_external_task_marker_dag.py
[2026-08-13T12:57:16.793+0000] {logging_mixin.py:188} INFO - [2026-08-13T12:57:16.793+0000] {dag.py:3036} INFO - Sync 2 DAGs
[2026-08-13T12:57:16.849+0000] {logging_mixin.py:188} INFO - [2026-08-13T12:57:16.848+0000] {dag.py:3823} INFO - Setting next_dagrun for example_external_task_marker_child to None, run_after=None
[2026-08-13T12:57:16.871+0000] {logging_mixin.py:188} INFO - [2026-08-13T12:57:16.869+0000] {dag.py:3823} INFO - Setting next_dagrun for example_external_task_marker_parent to None, run_after=None
[2026-08-13T12:57:16.940+0000] {processor.py:183} INFO - Processing /home/airflow/.local/lib/python3.8/site-packages/airflow/example_dags/example_external_task_marker_dag.py took 0.292 seconds
