[2026-08-13T12:33:40.780+0000] {processor.py:161} INFO - Started process (PID=119) to work on /home/airflow/.local/lib/python3.8/site-packages/airflow/example_dags/example_short_circuit_operator.py
[2026-08-13T12:33:40.783+0000] {processor.py:830} INFO - Processing file /home/airflow/.local/lib/python3.8/site-packages/airflow/example_dags/example_short_circuit_operator.py for tasks to queue
[2026-08-13T12:33:40.789+0000] {logging_mixin.py:188} INFO - [2026-08-13T12:33:40.787+0000] {dagbag.py:538} INFO - Filling up the DagBag from /home/airflow/.local/lib/python3.8/site-packages/airflow/example_dags/example_short_circuit_operator.py
[2026-08-13T12:33:40.815+0000] {processor.py:840} INFO - DAG(s) 'example_short_circuit_operator' retrieved from /home/airflow/.local/lib/python3.8/site-packages/airflow/example_dags/example_short_circuit_operator.py
[2026-08-13T12:33:41.057+0000] {logging_mixin.py:188} INFO - [2026-08-13T12:33:41.057+0000] {dag.py:3036} INFO - Sync 1 DAGs
[2026-08-13T12:33:41.101+0000] {logging_mixin.py:188} INFO - [2026-08-13T12:33:41.101+0000] {dag.py:3823} INFO - Setting next_dagrun for example_short_circuit_operator to 2026-08-12 00:00:00+00:00, run_after=2026-08-13 00:00:00+00:00
[2026-08-13T12:33:41.153+0000] {processor.py:183} INFO - Processing /home/airflow/.local/lib/python3.8/site-packages/airflow/example_dags/example_short_circuit_operator.py took 0.382 seconds
[2026-08-13T12:34:11.552+0000] {processor.py:161} INFO - Started process (PID=174) to work on /home/airflow/.local/lib/python3.8/site-packages/airflow/example_dags/example_short_circuit_operator.py
[2026-08-13T12:34:11.555+0000] {processor.py:830} INFO - Processing file /home/airflow/.local/lib/python3.8/site-packages/airflow/example_dags/example_short_circuit_operator.py for tasks to queue
[2026-08-13T12:34:11.564+0000] {logging_mixin.py:188} INFO - [2026-08-13T12:34:11.563+0000] {dagbag.py:538} INFO - Filling up the DagBag from /home/airflow/.local/lib/python3.8/site-packages/airflow/example_dags/example_short_circuit_operator.py
[2026-08-13T12:34:11.580+0000] {processor.py:840} INFO - DAG(s) 'example_short_circuit_operator' retrieved from /home/airflow/.local/lib/python3.8/site-packages/airflow/example_dags/example_short_circuit_operator.py
[2026-08-13T12:34:11.672+0000] {logging_mixin.py:188} INFO - [2026-08-13T12:34:11.671+0000] {dag.py:3036} INFO - Sync 1 DAGs
[2026-08-13T12:34:11.720+0000] {logging_mixin.py:188} INFO - [2026-08-13T12:34:11.719+0000] {dag.py:3823} INFO - Setting next_dagrun for example_short_circuit_operator to 2026-08-12 00:00:00+00:00, run_after=2026-08-13 00:00:00+00:00
[2026-08-13T12:34:11.764+0000] {processor.py:183} INFO - Processing /home/airflow/.local/lib/python3.8/site-packages/airflow/example_dags/example_short_circuit_operator.py took 0.218 seconds
[2026-08-13T12:34:41.989+0000] {processor.py:161} INFO - Started process (PID=229) to work on /home/airflow/.local/lib/python3.8/site-packages/airflow/example_dags/example_short_circuit_operator.py
[2026-08-13T12:34:41.991+0000] {processor.py:830} INFO - Processing file /home/airflow/.local/lib/python3.8/site-packages/airflow/example_dags/example_short_circuit_operator.py for tasks to queue
[2026-08-13T12:34:41.994+0000] {logging_mixin.py:188} INFO - [2026-08-13T12:34:41.994+0000] {dagbag.py:538} INFO - Filling up the DagBag from /home/airflow/.local/lib/python3.8/site-packages/airflow/example_dags/example_short_circuit_operator.py
[2026-08-13T12:34:42.006+0000] {processor.py:840} INFO - DAG(s) 'example_short_circuit_operator' retrieved from /home/airflow/.local/lib/python3.8/site-packages/airflow/example_dags/example_short_circuit_operator.py
[2026-08-13T12:34:42.039+0000] {logging_mixin.py:188} INFO - [2026-08-13T12:34:42.039+0000] {dag.py:3036} INFO - Sync 1 DAGs
[2026-08-13T12:34:42.069+0000] {logging_mixin.py:188} INFO - [2026-08-13T12:34:42.068+0000] {dag.py:3823} INFO - Setting next_dagrun for example_short_circuit_operator to 2026-08-12 00:00:00+00:00, run_after=2026-08-13 00:00:00+00:00
[2026-08-13T12:34:42.101+0000] {processor.py:183} INFO - Processing /home/airflow/.local/lib/python3.8/site-packages/airflow/example_dags/example_short_circuit_operator.py took 0.120 seconds
[2026-08-13T12:35:12.313+0000] {processor.py:161} INFO - Started process (PID=284) to work on /home/airflow/.local/lib/python3.8/site-packages/airflow/example_dags/example_short_circuit_operator.py
[2026-08-13T12:35:12.316+0000] {processor.py:830} INFO - Processing file /home/airflow/.local/lib/python3.8/site-packages/airflow/example_dags/example_short_circuit_operator.py for tasks to queue
[2026-08-13T12:35:12.321+0000] {logging_mixin.py:188} INFO - [2026-08-13T12:35:12.320+0000] {dagbag.py:538} INFO - Filling up the DagBag from /home/airflow/.local/lib/python3.8/site-packages/airflow/example_dags/example_short_circuit_operator.py
[2026-08-13T12:35:12.344+0000] {processor.py:840} INFO - DAG(s) 'example_short_circuit_operator' retrieved from /home/airflow/.local/lib/python3.8/site-packages/airflow/example_dags/example_short_circuit_operator.py
[2026-08-13T12:35:12.404+0000] {logging_mixin.py:188} INFO - [2026-08-13T12:35:12.403+0000] {dag.py:3036} INFO - Sync 1 DAGs
[2026-08-13T12:35:12.447+0000] {logging_mixin.py:188} INFO - [2026-08-13T12:35:12.446+0000] {dag.py:3823} INFO - Setting next_dagrun for example_short_circuit_operator to 2026-08-12 00:00:00+00:00, run_after=2026-08-13 00:00:00+00:00
[2026-08-13T12:35:12.485+0000] {processor.py:183} INFO - Processing /home/airflow/.local/lib/python3.8/site-packages/airflow/example_dags/example_short_circuit_operator.py took 0.177 seconds
[2026-08-13T12:35:42.735+0000] {processor.py:161} INFO - Started process (PID=339) to work on /home/airflow/.local/lib/python3.8/site-packages/airflow/example_dags/example_short_circuit_operator.py
[2026-08-13T12:35:42.739+0000] {processor.py:830} INFO - Processing file /home/airflow/.local/lib/python3.8/site-packages/airflow/example_dags/example_short_circuit_operator.py for tasks to queue
[2026-08-13T12:35:42.744+0000] {logging_mixin.py:188} INFO - [2026-08-13T12:35:42.743+0000] {dagbag.py:538} INFO - Filling up the DagBag from /home/airflow/.local/lib/python3.8/site-packages/airflow/example_dags/example_short_circuit_operator.py
[2026-08-13T12:35:42.762+0000] {processor.py:840} INFO - DAG(s) 'example_short_circuit_operator' retrieved from /home/airflow/.local/lib/python3.8/site-packages/airflow/example_dags/example_short_circuit_operator.py
[2026-08-13T12:35:42.807+0000] {logging_mixin.py:188} INFO - [2026-08-13T12:35:42.807+0000] {dag.py:3036} INFO - Sync 1 DAGs
[2026-08-13T12:35:42.855+0000] {logging_mixin.py:188} INFO - [2026-08-13T12:35:42.854+0000] {dag.py:3823} INFO - Setting next_dagrun for example_short_circuit_operator to 2026-08-12 00:00:00+00:00, run_after=2026-08-13 00:00:00+00:00
[2026-08-13T12:35:42.894+0000] {processor.py:183} INFO - Processing /home/airflow/.local/lib/python3.8/site-packages/airflow/example_dags/example_short_circuit_operator.py took 0.165 seconds
[2026-08-13T12:36:13.043+0000] {processor.py:161} INFO - Started process (PID=394) to work on /home/airflow/.local/lib/python3.8/site-packages/airflow/example_dags/example_short_circuit_operator.py
[2026-08-13T12:36:13.045+0000] {processor.py:830} INFO - Processing file /home/airflow/.local/lib/python3.8/site-packages/airflow/example_dags/example_short_circuit_operator.py for tasks to queue
[2026-08-13T12:36:13.047+0000] {logging_mixin.py:188} INFO - [2026-08-13T12:36:13.047+0000] {dagbag.py:538} INFO - Filling up the DagBag from /home/airflow/.local/lib/python3.8/site-packages/airflow/example_dags/example_short_circuit_operator.py
[2026-08-13T12:36:13.057+0000] {processor.py:840} INFO - DAG(s) 'example_short_circuit_operator' retrieved from /home/airflow/.local/lib/python3.8/site-packages/airflow/example_dags/example_short_circuit_operator.py
[2026-08-13T12:36:13.090+0000] {logging_mixin.py:188} INFO - [2026-08-13T12:36:13.090+0000] {dag.py:3036} INFO - Sync 1 DAGs
[2026-08-13T12:36:13.117+0000] {logging_mixin.py:188} INFO - [2026-08-13T12:36:13.117+0000] {dag.py:3823} INFO - Setting next_dagrun for example_short_circuit_operator to 2026-08-12 00:00:00+00:00, run_after=2026-08-13 00:00:00+00:00
[2026-08-13T12:36:13.158+0000] {processor.py:183} INFO - Processing /home/airflow/.local/lib/python3.8/site-packages/airflow/example_dags/example_short_circuit_operator.py took 0.121 seconds
[2026-08-13T12:41:57.910+0000] {processor.py:161} INFO - Started process (PID=141) to work on /home/airflow/.local/lib/python3.8/site-packages/airflow/example_dags/example_short_circuit_operator.py
[2026-08-13T12:41:57.917+0000] {processor.py:830} INFO - Processing file /home/airflow/.local/lib/python3.8/site-packages/airflow/example_dags/example_short_circuit_operator.py for tasks to queue
[2026-08-13T12:41:57.923+0000] {logging_mixin.py:188} INFO - [2026-08-13T12:41:57.922+0000] {dagbag.py:538} INFO - Filling up the DagBag from /home/airflow/.local/lib/python3.8/site-packages/airflow/example_dags/example_short_circuit_operator.py
[2026-08-13T12:41:57.969+0000] {processor.py:840} INFO - DAG(s) 'example_short_circuit_operator' retrieved from /home/airflow/.local/lib/python3.8/site-packages/airflow/example_dags/example_short_circuit_operator.py
[2026-08-13T12:41:58.599+0000] {logging_mixin.py:188} INFO - [2026-08-13T12:41:58.597+0000] {dag.py:3036} INFO - Sync 1 DAGs
[2026-08-13T12:41:58.705+0000] {logging_mixin.py:188} INFO - [2026-08-13T12:41:58.704+0000] {dag.py:3823} INFO - Setting next_dagrun for example_short_circuit_operator to 2026-08-12 00:00:00+00:00, run_after=2026-08-13 00:00:00+00:00
[2026-08-13T12:41:58.776+0000] {processor.py:183} INFO - Processing /home/airflow/.local/lib/python3.8/site-packages/airflow/example_dags/example_short_circuit_operator.py took 0.874 seconds
[2026-08-13T12:42:33.309+0000] {processor.py:161} INFO - Started process (PID=198) to work on /home/airflow/.local/lib/python3.8/site-packages/airflow/example_dags/example_short_circuit_operator.py
[2026-08-13T12:42:33.315+0000] {processor.py:830} INFO - Processing file /home/airflow/.local/lib/python3.8/site-packages/airflow/example_dags/example_short_circuit_operator.py for tasks to queue
[2026-08-13T12:42:33.338+0000] {logging_mixin.py:188} INFO - [2026-08-13T12:42:33.333+0000] {dagbag.py:538} INFO - Filling up the DagBag from /home/airflow/.local/lib/python3.8/site-packages/airflow/example_dags/example_short_circuit_operator.py
[2026-08-13T12:42:33.380+0000] {processor.py:840} INFO - DAG(s) 'example_short_circuit_operator' retrieved from /home/airflow/.local/lib/python3.8/site-packages/airflow/example_dags/example_short_circuit_operator.py
[2026-08-13T12:42:33.543+0000] {logging_mixin.py:188} INFO - [2026-08-13T12:42:33.542+0000] {dag.py:3036} INFO - Sync 1 DAGs
[2026-08-13T12:42:33.717+0000] {logging_mixin.py:188} INFO - [2026-08-13T12:42:33.716+0000] {dag.py:3823} INFO - Setting next_dagrun for example_short_circuit_operator to 2026-08-12 00:00:00+00:00, run_after=2026-08-13 00:00:00+00:00
[2026-08-13T12:42:33.835+0000] {processor.py:183} INFO - Processing /home/airflow/.local/lib/python3.8/site-packages/airflow/example_dags/example_short_circuit_operator.py took 0.542 seconds
[2026-08-13T12:45:50.560+0000] {processor.py:161} INFO - Started process (PID=123) to work on /home/airflow/.local/lib/python3.8/site-packages/airflow/example_dags/example_short_circuit_operator.py
[2026-08-13T12:45:50.564+0000] {processor.py:830} INFO - Processing file /home/airflow/.local/lib/python3.8/site-packages/airflow/example_dags/example_short_circuit_operator.py for tasks to queue
[2026-08-13T12:45:50.573+0000] {logging_mixin.py:188} INFO - [2026-08-13T12:45:50.572+0000] {dagbag.py:538} INFO - Filling up the DagBag from /home/airflow/.local/lib/python3.8/site-packages/airflow/example_dags/example_short_circuit_operator.py
[2026-08-13T12:45:50.613+0000] {processor.py:840} INFO - DAG(s) 'example_short_circuit_operator' retrieved from /home/airflow/.local/lib/python3.8/site-packages/airflow/example_dags/example_short_circuit_operator.py
[2026-08-13T12:45:51.382+0000] {logging_mixin.py:188} INFO - [2026-08-13T12:45:51.374+0000] {dag.py:3036} INFO - Sync 1 DAGs
[2026-08-13T12:45:51.767+0000] {logging_mixin.py:188} INFO - [2026-08-13T12:45:51.767+0000] {dag.py:3823} INFO - Setting next_dagrun for example_short_circuit_operator to 2026-08-12 00:00:00+00:00, run_after=2026-08-13 00:00:00+00:00
[2026-08-13T12:45:52.218+0000] {processor.py:183} INFO - Processing /home/airflow/.local/lib/python3.8/site-packages/airflow/example_dags/example_short_circuit_operator.py took 1.670 seconds
[2026-08-13T12:46:23.142+0000] {processor.py:161} INFO - Started process (PID=178) to work on /home/airflow/.local/lib/python3.8/site-packages/airflow/example_dags/example_short_circuit_operator.py
[2026-08-13T12:46:23.144+0000] {processor.py:830} INFO - Processing file /home/airflow/.local/lib/python3.8/site-packages/airflow/example_dags/example_short_circuit_operator.py for tasks to queue
[2026-08-13T12:46:23.147+0000] {logging_mixin.py:188} INFO - [2026-08-13T12:46:23.146+0000] {dagbag.py:538} INFO - Filling up the DagBag from /home/airflow/.local/lib/python3.8/site-packages/airflow/example_dags/example_short_circuit_operator.py
[2026-08-13T12:46:23.159+0000] {processor.py:840} INFO - DAG(s) 'example_short_circuit_operator' retrieved from /home/airflow/.local/lib/python3.8/site-packages/airflow/example_dags/example_short_circuit_operator.py
[2026-08-13T12:46:23.196+0000] {logging_mixin.py:188} INFO - [2026-08-13T12:46:23.196+0000] {dag.py:3036} INFO - Sync 1 DAGs
[2026-08-13T12:46:23.229+0000] {logging_mixin.py:188} INFO - [2026-08-13T12:46:23.229+0000] {dag.py:3823} INFO - Setting next_dagrun for example_short_circuit_operator to 2026-08-12 00:00:00+00:00, run_after=2026-08-13 00:00:00+00:00
[2026-08-13T12:46:23.261+0000] {processor.py:183} INFO - Processing /home/airflow/.local/lib/python3.8/site-packages/airflow/example_dags/example_short_circuit_operator.py took 0.124 seconds
[2026-08-13T12:46:53.488+0000] {processor.py:161} INFO - Started process (PID=233) to work on /home/airflow/.local/lib/python3.8/site-packages/airflow/example_dags/example_short_circuit_operator.py
[2026-08-13T12:46:53.501+0000] {processor.py:830} INFO - Processing file /home/airflow/.local/lib/python3.8/site-packages/airflow/example_dags/example_short_circuit_operator.py for tasks to queue
[2026-08-13T12:46:53.506+0000] {logging_mixin.py:188} INFO - [2026-08-13T12:46:53.506+0000] {dagbag.py:538} INFO - Filling up the DagBag from /home/airflow/.local/lib/python3.8/site-packages/airflow/example_dags/example_short_circuit_operator.py
[2026-08-13T12:46:53.527+0000] {processor.py:840} INFO - DAG(s) 'example_short_circuit_operator' retrieved from /home/airflow/.local/lib/python3.8/site-packages/airflow/example_dags/example_short_circuit_operator.py
[2026-08-13T12:46:53.624+0000] {logging_mixin.py:188} INFO - [2026-08-13T12:46:53.623+0000] {dag.py:3036} INFO - Sync 1 DAGs
[2026-08-13T12:46:53.683+0000] {logging_mixin.py:188} INFO - [2026-08-13T12:46:53.683+0000] {dag.py:3823} INFO - Setting next_dagrun for example_short_circuit_operator to 2026-08-12 00:00:00+00:00, run_after=2026-08-13 00:00:00+00:00
[2026-08-13T12:46:53.724+0000] {processor.py:183} INFO - Processing /home/airflow/.local/lib/python3.8/site-packages/airflow/example_dags/example_short_circuit_operator.py took 0.241 seconds
[2026-08-13T12:47:25.235+0000] {processor.py:161} INFO - Started process (PID=289) to work on /home/airflow/.local/lib/python3.8/site-packages/airflow/example_dags/example_short_circuit_operator.py
[2026-08-13T12:47:25.237+0000] {processor.py:830} INFO - Processing file /home/airflow/.local/lib/python3.8/site-packages/airflow/example_dags/example_short_circuit_operator.py for tasks to queue
[2026-08-13T12:47:25.241+0000] {logging_mixin.py:188} INFO - [2026-08-13T12:47:25.241+0000] {dagbag.py:538} INFO - Filling up the DagBag from /home/airflow/.local/lib/python3.8/site-packages/airflow/example_dags/example_short_circuit_operator.py
[2026-08-13T12:47:25.256+0000] {processor.py:840} INFO - DAG(s) 'example_short_circuit_operator' retrieved from /home/airflow/.local/lib/python3.8/site-packages/airflow/example_dags/example_short_circuit_operator.py
[2026-08-13T12:47:25.314+0000] {logging_mixin.py:188} INFO - [2026-08-13T12:47:25.313+0000] {dag.py:3036} INFO - Sync 1 DAGs
[2026-08-13T12:47:25.358+0000] {logging_mixin.py:188} INFO - [2026-08-13T12:47:25.357+0000] {dag.py:3823} INFO - Setting next_dagrun for example_short_circuit_operator to 2026-08-12 00:00:00+00:00, run_after=2026-08-13 00:00:00+00:00
[2026-08-13T12:47:25.408+0000] {processor.py:183} INFO - Processing /home/airflow/.local/lib/python3.8/site-packages/airflow/example_dags/example_short_circuit_operator.py took 0.180 seconds
[2026-08-13T12:47:59.154+0000] {processor.py:161} INFO - Started process (PID=343) to work on /home/airflow/.local/lib/python3.8/site-packages/airflow/example_dags/example_short_circuit_operator.py
[2026-08-13T12:47:59.156+0000] {processor.py:830} INFO - Processing file /home/airflow/.local/lib/python3.8/site-packages/airflow/example_dags/example_short_circuit_operator.py for tasks to queue
[2026-08-13T12:47:59.160+0000] {logging_mixin.py:188} INFO - [2026-08-13T12:47:59.159+0000] {dagbag.py:538} INFO - Filling up the DagBag from /home/airflow/.local/lib/python3.8/site-packages/airflow/example_dags/example_short_circuit_operator.py
[2026-08-13T12:47:59.177+0000] {processor.py:840} INFO - DAG(s) 'example_short_circuit_operator' retrieved from /home/airflow/.local/lib/python3.8/site-packages/airflow/example_dags/example_short_circuit_operator.py
[2026-08-13T12:47:59.230+0000] {logging_mixin.py:188} INFO - [2026-08-13T12:47:59.230+0000] {dag.py:3036} INFO - Sync 1 DAGs
[2026-08-13T12:47:59.286+0000] {logging_mixin.py:188} INFO - [2026-08-13T12:47:59.286+0000] {dag.py:3823} INFO - Setting next_dagrun for example_short_circuit_operator to 2026-08-12 00:00:00+00:00, run_after=2026-08-13 00:00:00+00:00
[2026-08-13T12:47:59.328+0000] {processor.py:183} INFO - Processing /home/airflow/.local/lib/python3.8/site-packages/airflow/example_dags/example_short_circuit_operator.py took 0.183 seconds
[2026-08-13T12:48:29.459+0000] {processor.py:161} INFO - Started process (PID=396) to work on /home/airflow/.local/lib/python3.8/site-packages/airflow/example_dags/example_short_circuit_operator.py
[2026-08-13T12:48:29.462+0000] {processor.py:830} INFO - Processing file /home/airflow/.local/lib/python3.8/site-packages/airflow/example_dags/example_short_circuit_operator.py for tasks to queue
[2026-08-13T12:48:29.469+0000] {logging_mixin.py:188} INFO - [2026-08-13T12:48:29.468+0000] {dagbag.py:538} INFO - Filling up the DagBag from /home/airflow/.local/lib/python3.8/site-packages/airflow/example_dags/example_short_circuit_operator.py
[2026-08-13T12:48:29.491+0000] {processor.py:840} INFO - DAG(s) 'example_short_circuit_operator' retrieved from /home/airflow/.local/lib/python3.8/site-packages/airflow/example_dags/example_short_circuit_operator.py
[2026-08-13T12:48:29.550+0000] {logging_mixin.py:188} INFO - [2026-08-13T12:48:29.549+0000] {dag.py:3036} INFO - Sync 1 DAGs
[2026-08-13T12:48:29.600+0000] {logging_mixin.py:188} INFO - [2026-08-13T12:48:29.599+0000] {dag.py:3823} INFO - Setting next_dagrun for example_short_circuit_operator to 2026-08-12 00:00:00+00:00, run_after=2026-08-13 00:00:00+00:00
[2026-08-13T12:48:29.656+0000] {processor.py:183} INFO - Processing /home/airflow/.local/lib/python3.8/site-packages/airflow/example_dags/example_short_circuit_operator.py took 0.205 seconds
[2026-08-13T12:48:59.934+0000] {processor.py:161} INFO - Started process (PID=452) to work on /home/airflow/.local/lib/python3.8/site-packages/airflow/example_dags/example_short_circuit_operator.py
[2026-08-13T12:48:59.936+0000] {processor.py:830} INFO - Processing file /home/airflow/.local/lib/python3.8/site-packages/airflow/example_dags/example_short_circuit_operator.py for tasks to queue
[2026-08-13T12:48:59.941+0000] {logging_mixin.py:188} INFO - [2026-08-13T12:48:59.940+0000] {dagbag.py:538} INFO - Filling up the DagBag from /home/airflow/.local/lib/python3.8/site-packages/airflow/example_dags/example_short_circuit_operator.py
[2026-08-13T12:48:59.958+0000] {processor.py:840} INFO - DAG(s) 'example_short_circuit_operator' retrieved from /home/airflow/.local/lib/python3.8/site-packages/airflow/example_dags/example_short_circuit_operator.py
[2026-08-13T12:49:00.004+0000] {logging_mixin.py:188} INFO - [2026-08-13T12:49:00.003+0000] {dag.py:3036} INFO - Sync 1 DAGs
[2026-08-13T12:49:00.098+0000] {logging_mixin.py:188} INFO - [2026-08-13T12:49:00.097+0000] {dag.py:3823} INFO - Setting next_dagrun for example_short_circuit_operator to 2026-08-12 00:00:00+00:00, run_after=2026-08-13 00:00:00+00:00
[2026-08-13T12:49:00.207+0000] {processor.py:183} INFO - Processing /home/airflow/.local/lib/python3.8/site-packages/airflow/example_dags/example_short_circuit_operator.py took 0.281 seconds
[2026-08-13T12:49:30.710+0000] {processor.py:161} INFO - Started process (PID=507) to work on /home/airflow/.local/lib/python3.8/site-packages/airflow/example_dags/example_short_circuit_operator.py
[2026-08-13T12:49:30.713+0000] {processor.py:830} INFO - Processing file /home/airflow/.local/lib/python3.8/site-packages/airflow/example_dags/example_short_circuit_operator.py for tasks to queue
[2026-08-13T12:49:30.728+0000] {logging_mixin.py:188} INFO - [2026-08-13T12:49:30.721+0000] {dagbag.py:538} INFO - Filling up the DagBag from /home/airflow/.local/lib/python3.8/site-packages/airflow/example_dags/example_short_circuit_operator.py
[2026-08-13T12:49:30.762+0000] {processor.py:840} INFO - DAG(s) 'example_short_circuit_operator' retrieved from /home/airflow/.local/lib/python3.8/site-packages/airflow/example_dags/example_short_circuit_operator.py
[2026-08-13T12:49:30.849+0000] {logging_mixin.py:188} INFO - [2026-08-13T12:49:30.849+0000] {dag.py:3036} INFO - Sync 1 DAGs
[2026-08-13T12:49:30.936+0000] {logging_mixin.py:188} INFO - [2026-08-13T12:49:30.935+0000] {dag.py:3823} INFO - Setting next_dagrun for example_short_circuit_operator to 2026-08-12 00:00:00+00:00, run_after=2026-08-13 00:00:00+00:00
[2026-08-13T12:49:31.001+0000] {processor.py:183} INFO - Processing /home/airflow/.local/lib/python3.8/site-packages/airflow/example_dags/example_short_circuit_operator.py took 0.304 seconds
[2026-08-13T12:50:01.947+0000] {processor.py:161} INFO - Started process (PID=562) to work on /home/airflow/.local/lib/python3.8/site-packages/airflow/example_dags/example_short_circuit_operator.py
[2026-08-13T12:50:01.950+0000] {processor.py:830} INFO - Processing file /home/airflow/.local/lib/python3.8/site-packages/airflow/example_dags/example_short_circuit_operator.py for tasks to queue
[2026-08-13T12:50:01.956+0000] {logging_mixin.py:188} INFO - [2026-08-13T12:50:01.955+0000] {dagbag.py:538} INFO - Filling up the DagBag from /home/airflow/.local/lib/python3.8/site-packages/airflow/example_dags/example_short_circuit_operator.py
[2026-08-13T12:50:01.990+0000] {processor.py:840} INFO - DAG(s) 'example_short_circuit_operator' retrieved from /home/airflow/.local/lib/python3.8/site-packages/airflow/example_dags/example_short_circuit_operator.py
[2026-08-13T12:50:02.071+0000] {logging_mixin.py:188} INFO - [2026-08-13T12:50:02.070+0000] {dag.py:3036} INFO - Sync 1 DAGs
[2026-08-13T12:50:02.144+0000] {logging_mixin.py:188} INFO - [2026-08-13T12:50:02.143+0000] {dag.py:3823} INFO - Setting next_dagrun for example_short_circuit_operator to 2026-08-12 00:00:00+00:00, run_after=2026-08-13 00:00:00+00:00
[2026-08-13T12:50:02.210+0000] {processor.py:183} INFO - Processing /home/airflow/.local/lib/python3.8/site-packages/airflow/example_dags/example_short_circuit_operator.py took 0.277 seconds
[2026-08-13T12:50:34.735+0000] {processor.py:161} INFO - Started process (PID=625) to work on /home/airflow/.local/lib/python3.8/site-packages/airflow/example_dags/example_short_circuit_operator.py
[2026-08-13T12:50:34.740+0000] {processor.py:830} INFO - Processing file /home/airflow/.local/lib/python3.8/site-packages/airflow/example_dags/example_short_circuit_operator.py for tasks to queue
[2026-08-13T12:50:34.748+0000] {logging_mixin.py:188} INFO - [2026-08-13T12:50:34.747+0000] {dagbag.py:538} INFO - Filling up the DagBag from /home/airflow/.local/lib/python3.8/site-packages/airflow/example_dags/example_short_circuit_operator.py
[2026-08-13T12:50:34.773+0000] {processor.py:840} INFO - DAG(s) 'example_short_circuit_operator' retrieved from /home/airflow/.local/lib/python3.8/site-packages/airflow/example_dags/example_short_circuit_operator.py
[2026-08-13T12:50:34.844+0000] {logging_mixin.py:188} INFO - [2026-08-13T12:50:34.844+0000] {dag.py:3036} INFO - Sync 1 DAGs
[2026-08-13T12:50:34.903+0000] {logging_mixin.py:188} INFO - [2026-08-13T12:50:34.903+0000] {dag.py:3823} INFO - Setting next_dagrun for example_short_circuit_operator to 2026-08-12 00:00:00+00:00, run_after=2026-08-13 00:00:00+00:00
[2026-08-13T12:50:34.959+0000] {processor.py:183} INFO - Processing /home/airflow/.local/lib/python3.8/site-packages/airflow/example_dags/example_short_circuit_operator.py took 0.233 seconds
[2026-08-13T12:51:05.431+0000] {processor.py:161} INFO - Started process (PID=680) to work on /home/airflow/.local/lib/python3.8/site-packages/airflow/example_dags/example_short_circuit_operator.py
[2026-08-13T12:51:05.433+0000] {processor.py:830} INFO - Processing file /home/airflow/.local/lib/python3.8/site-packages/airflow/example_dags/example_short_circuit_operator.py for tasks to queue
[2026-08-13T12:51:05.437+0000] {logging_mixin.py:188} INFO - [2026-08-13T12:51:05.437+0000] {dagbag.py:538} INFO - Filling up the DagBag from /home/airflow/.local/lib/python3.8/site-packages/airflow/example_dags/example_short_circuit_operator.py
[2026-08-13T12:51:05.452+0000] {processor.py:840} INFO - DAG(s) 'example_short_circuit_operator' retrieved from /home/airflow/.local/lib/python3.8/site-packages/airflow/example_dags/example_short_circuit_operator.py
[2026-08-13T12:51:05.494+0000] {logging_mixin.py:188} INFO - [2026-08-13T12:51:05.493+0000] {dag.py:3036} INFO - Sync 1 DAGs
[2026-08-13T12:51:05.538+0000] {logging_mixin.py:188} INFO - [2026-08-13T12:51:05.538+0000] {dag.py:3823} INFO - Setting next_dagrun for example_short_circuit_operator to 2026-08-12 00:00:00+00:00, run_after=2026-08-13 00:00:00+00:00
[2026-08-13T12:51:05.580+0000] {processor.py:183} INFO - Processing /home/airflow/.local/lib/python3.8/site-packages/airflow/example_dags/example_short_circuit_operator.py took 0.154 seconds
[2026-08-13T12:51:37.704+0000] {processor.py:161} INFO - Started process (PID=739) to work on /home/airflow/.local/lib/python3.8/site-packages/airflow/example_dags/example_short_circuit_operator.py
[2026-08-13T12:51:37.709+0000] {processor.py:830} INFO - Processing file /home/airflow/.local/lib/python3.8/site-packages/airflow/example_dags/example_short_circuit_operator.py for tasks to queue
[2026-08-13T12:51:37.716+0000] {logging_mixin.py:188} INFO - [2026-08-13T12:51:37.715+0000] {dagbag.py:538} INFO - Filling up the DagBag from /home/airflow/.local/lib/python3.8/site-packages/airflow/example_dags/example_short_circuit_operator.py
[2026-08-13T12:51:37.751+0000] {processor.py:840} INFO - DAG(s) 'example_short_circuit_operator' retrieved from /home/airflow/.local/lib/python3.8/site-packages/airflow/example_dags/example_short_circuit_operator.py
[2026-08-13T12:51:37.824+0000] {logging_mixin.py:188} INFO - [2026-08-13T12:51:37.824+0000] {dag.py:3036} INFO - Sync 1 DAGs
[2026-08-13T12:51:37.914+0000] {logging_mixin.py:188} INFO - [2026-08-13T12:51:37.913+0000] {dag.py:3823} INFO - Setting next_dagrun for example_short_circuit_operator to 2026-08-12 00:00:00+00:00, run_after=2026-08-13 00:00:00+00:00
[2026-08-13T12:51:38.005+0000] {processor.py:183} INFO - Processing /home/airflow/.local/lib/python3.8/site-packages/airflow/example_dags/example_short_circuit_operator.py took 0.317 seconds
[2026-08-13T12:52:08.378+0000] {processor.py:161} INFO - Started process (PID=794) to work on /home/airflow/.local/lib/python3.8/site-packages/airflow/example_dags/example_short_circuit_operator.py
[2026-08-13T12:52:08.382+0000] {processor.py:830} INFO - Processing file /home/airflow/.local/lib/python3.8/site-packages/airflow/example_dags/example_short_circuit_operator.py for tasks to queue
[2026-08-13T12:52:08.388+0000] {logging_mixin.py:188} INFO - [2026-08-13T12:52:08.387+0000] {dagbag.py:538} INFO - Filling up the DagBag from /home/airflow/.local/lib/python3.8/site-packages/airflow/example_dags/example_short_circuit_operator.py
[2026-08-13T12:52:08.404+0000] {processor.py:840} INFO - DAG(s) 'example_short_circuit_operator' retrieved from /home/airflow/.local/lib/python3.8/site-packages/airflow/example_dags/example_short_circuit_operator.py
[2026-08-13T12:52:08.444+0000] {logging_mixin.py:188} INFO - [2026-08-13T12:52:08.443+0000] {dag.py:3036} INFO - Sync 1 DAGs
[2026-08-13T12:52:08.484+0000] {logging_mixin.py:188} INFO - [2026-08-13T12:52:08.483+0000] {dag.py:3823} INFO - Setting next_dagrun for example_short_circuit_operator to 2026-08-12 00:00:00+00:00, run_after=2026-08-13 00:00:00+00:00
[2026-08-13T12:52:08.527+0000] {processor.py:183} INFO - Processing /home/airflow/.local/lib/python3.8/site-packages/airflow/example_dags/example_short_circuit_operator.py took 0.156 seconds
[2026-08-13T12:52:38.919+0000] {processor.py:161} INFO - Started process (PID=849) to work on /home/airflow/.local/lib/python3.8/site-packages/airflow/example_dags/example_short_circuit_operator.py
[2026-08-13T12:52:38.922+0000] {processor.py:830} INFO - Processing file /home/airflow/.local/lib/python3.8/site-packages/airflow/example_dags/example_short_circuit_operator.py for tasks to queue
[2026-08-13T12:52:38.928+0000] {logging_mixin.py:188} INFO - [2026-08-13T12:52:38.927+0000] {dagbag.py:538} INFO - Filling up the DagBag from /home/airflow/.local/lib/python3.8/site-packages/airflow/example_dags/example_short_circuit_operator.py
[2026-08-13T12:52:38.949+0000] {processor.py:840} INFO - DAG(s) 'example_short_circuit_operator' retrieved from /home/airflow/.local/lib/python3.8/site-packages/airflow/example_dags/example_short_circuit_operator.py
[2026-08-13T12:52:39.062+0000] {logging_mixin.py:188} INFO - [2026-08-13T12:52:39.062+0000] {dag.py:3036} INFO - Sync 1 DAGs
[2026-08-13T12:52:39.132+0000] {logging_mixin.py:188} INFO - [2026-08-13T12:52:39.131+0000] {dag.py:3823} INFO - Setting next_dagrun for example_short_circuit_operator to 2026-08-12 00:00:00+00:00, run_after=2026-08-13 00:00:00+00:00
[2026-08-13T12:52:39.173+0000] {processor.py:183} INFO - Processing /home/airflow/.local/lib/python3.8/site-packages/airflow/example_dags/example_short_circuit_operator.py took 0.260 seconds
[2026-08-13T12:53:09.267+0000] {processor.py:161} INFO - Started process (PID=904) to work on /home/airflow/.local/lib/python3.8/site-packages/airflow/example_dags/example_short_circuit_operator.py
[2026-08-13T12:53:09.270+0000] {processor.py:830} INFO - Processing file /home/airflow/.local/lib/python3.8/site-packages/airflow/example_dags/example_short_circuit_operator.py for tasks to queue
[2026-08-13T12:53:09.274+0000] {logging_mixin.py:188} INFO - [2026-08-13T12:53:09.274+0000] {dagbag.py:538} INFO - Filling up the DagBag from /home/airflow/.local/lib/python3.8/site-packages/airflow/example_dags/example_short_circuit_operator.py
[2026-08-13T12:53:09.290+0000] {processor.py:840} INFO - DAG(s) 'example_short_circuit_operator' retrieved from /home/airflow/.local/lib/python3.8/site-packages/airflow/example_dags/example_short_circuit_operator.py
[2026-08-13T12:53:09.334+0000] {logging_mixin.py:188} INFO - [2026-08-13T12:53:09.334+0000] {dag.py:3036} INFO - Sync 1 DAGs
[2026-08-13T12:53:09.369+0000] {logging_mixin.py:188} INFO - [2026-08-13T12:53:09.369+0000] {dag.py:3823} INFO - Setting next_dagrun for example_short_circuit_operator to 2026-08-12 00:00:00+00:00, run_after=2026-08-13 00:00:00+00:00
[2026-08-13T12:53:09.405+0000] {processor.py:183} INFO - Processing /home/airflow/.local/lib/python3.8/site-packages/airflow/example_dags/example_short_circuit_operator.py took 0.143 seconds
[2026-08-13T12:53:43.648+0000] {processor.py:161} INFO - Started process (PID=960) to work on /home/airflow/.local/lib/python3.8/site-packages/airflow/example_dags/example_short_circuit_operator.py
[2026-08-13T12:53:43.650+0000] {processor.py:830} INFO - Processing file /home/airflow/.local/lib/python3.8/site-packages/airflow/example_dags/example_short_circuit_operator.py for tasks to queue
[2026-08-13T12:53:43.653+0000] {logging_mixin.py:188} INFO - [2026-08-13T12:53:43.653+0000] {dagbag.py:538} INFO - Filling up the DagBag from /home/airflow/.local/lib/python3.8/site-packages/airflow/example_dags/example_short_circuit_operator.py
[2026-08-13T12:53:43.664+0000] {processor.py:840} INFO - DAG(s) 'example_short_circuit_operator' retrieved from /home/airflow/.local/lib/python3.8/site-packages/airflow/example_dags/example_short_circuit_operator.py
[2026-08-13T12:53:43.698+0000] {logging_mixin.py:188} INFO - [2026-08-13T12:53:43.698+0000] {dag.py:3036} INFO - Sync 1 DAGs
[2026-08-13T12:53:43.729+0000] {logging_mixin.py:188} INFO - [2026-08-13T12:53:43.728+0000] {dag.py:3823} INFO - Setting next_dagrun for example_short_circuit_operator to 2026-08-12 00:00:00+00:00, run_after=2026-08-13 00:00:00+00:00
[2026-08-13T12:53:43.757+0000] {processor.py:183} INFO - Processing /home/airflow/.local/lib/python3.8/site-packages/airflow/example_dags/example_short_circuit_operator.py took 0.115 seconds
[2026-08-13T12:54:14.188+0000] {processor.py:161} INFO - Started process (PID=1015) to work on /home/airflow/.local/lib/python3.8/site-packages/airflow/example_dags/example_short_circuit_operator.py
[2026-08-13T12:54:14.196+0000] {processor.py:830} INFO - Processing file /home/airflow/.local/lib/python3.8/site-packages/airflow/example_dags/example_short_circuit_operator.py for tasks to queue
[2026-08-13T12:54:14.200+0000] {logging_mixin.py:188} INFO - [2026-08-13T12:54:14.199+0000] {dagbag.py:538} INFO - Filling up the DagBag from /home/airflow/.local/lib/python3.8/site-packages/airflow/example_dags/example_short_circuit_operator.py
[2026-08-13T12:54:14.217+0000] {processor.py:840} INFO - DAG(s) 'example_short_circuit_operator' retrieved from /home/airflow/.local/lib/python3.8/site-packages/airflow/example_dags/example_short_circuit_operator.py
[2026-08-13T12:54:14.263+0000] {logging_mixin.py:188} INFO - [2026-08-13T12:54:14.262+0000] {dag.py:3036} INFO - Sync 1 DAGs
[2026-08-13T12:54:14.326+0000] {logging_mixin.py:188} INFO - [2026-08-13T12:54:14.325+0000] {dag.py:3823} INFO - Setting next_dagrun for example_short_circuit_operator to 2026-08-12 00:00:00+00:00, run_after=2026-08-13 00:00:00+00:00
[2026-08-13T12:54:14.365+0000] {processor.py:183} INFO - Processing /home/airflow/.local/lib/python3.8/site-packages/airflow/example_dags/example_short_circuit_operator.py took 0.186 seconds
[2026-08-13T12:54:45.484+0000] {processor.py:161} INFO - Started process (PID=1070) to work on /home/airflow/.local/lib/python3.8/site-packages/airflow/example_dags/example_short_circuit_operator.py
[2026-08-13T12:54:45.487+0000] {processor.py:830} INFO - Processing file /home/airflow/.local/lib/python3.8/site-packages/airflow/example_dags/example_short_circuit_operator.py for tasks to queue
[2026-08-13T12:54:45.490+0000] {logging_mixin.py:188} INFO - [2026-08-13T12:54:45.490+0000] {dagbag.py:538} INFO - Filling up the DagBag from /home/airflow/.local/lib/python3.8/site-packages/airflow/example_dags/example_short_circuit_operator.py
[2026-08-13T12:54:45.507+0000] {processor.py:840} INFO - DAG(s) 'example_short_circuit_operator' retrieved from /home/airflow/.local/lib/python3.8/site-packages/airflow/example_dags/example_short_circuit_operator.py
[2026-08-13T12:54:45.545+0000] {logging_mixin.py:188} INFO - [2026-08-13T12:54:45.544+0000] {dag.py:3036} INFO - Sync 1 DAGs
[2026-08-13T12:54:45.578+0000] {logging_mixin.py:188} INFO - [2026-08-13T12:54:45.578+0000] {dag.py:3823} INFO - Setting next_dagrun for example_short_circuit_operator to 2026-08-12 00:00:00+00:00, run_after=2026-08-13 00:00:00+00:00
[2026-08-13T12:54:45.609+0000] {processor.py:183} INFO - Processing /home/airflow/.local/lib/python3.8/site-packages/airflow/example_dags/example_short_circuit_operator.py took 0.131 seconds
[2026-08-13T12:55:15.750+0000] {processor.py:161} INFO - Started process (PID=1125) to work on /home/airflow/.local/lib/python3.8/site-packages/airflow/example_dags/example_short_circuit_operator.py
[2026-08-13T12:55:15.752+0000] {processor.py:830} INFO - Processing file /home/airflow/.local/lib/python3.8/site-packages/airflow/example_dags/example_short_circuit_operator.py for tasks to queue
[2026-08-13T12:55:15.756+0000] {logging_mixin.py:188} INFO - [2026-08-13T12:55:15.755+0000] {dagbag.py:538} INFO - Filling up the DagBag from /home/airflow/.local/lib/python3.8/site-packages/airflow/example_dags/example_short_circuit_operator.py
[2026-08-13T12:55:15.768+0000] {processor.py:840} INFO - DAG(s) 'example_short_circuit_operator' retrieved from /home/airflow/.local/lib/python3.8/site-packages/airflow/example_dags/example_short_circuit_operator.py
[2026-08-13T12:55:15.803+0000] {logging_mixin.py:188} INFO - [2026-08-13T12:55:15.802+0000] {dag.py:3036} INFO - Sync 1 DAGs
[2026-08-13T12:55:15.830+0000] {logging_mixin.py:188} INFO - [2026-08-13T12:55:15.830+0000] {dag.py:3823} INFO - Setting next_dagrun for example_short_circuit_operator to 2026-08-12 00:00:00+00:00, run_after=2026-08-13 00:00:00+00:00
[2026-08-13T12:55:15.867+0000] {processor.py:183} INFO - Processing /home/airflow/.local/lib/python3.8/site-packages/airflow/example_dags/example_short_circuit_operator.py took 0.122 seconds
[2026-08-13T12:55:46.757+0000] {processor.py:161} INFO - Started process (PID=1178) to work on /home/airflow/.local/lib/python3.8/site-packages/airflow/example_dags/example_short_circuit_operator.py
[2026-08-13T12:55:46.759+0000] {processor.py:830} INFO - Processing file /home/airflow/.local/lib/python3.8/site-packages/airflow/example_dags/example_short_circuit_operator.py for tasks to queue
[2026-08-13T12:55:46.762+0000] {logging_mixin.py:188} INFO - [2026-08-13T12:55:46.762+0000] {dagbag.py:538} INFO - Filling up the DagBag from /home/airflow/.local/lib/python3.8/site-packages/airflow/example_dags/example_short_circuit_operator.py
[2026-08-13T12:55:46.774+0000] {processor.py:840} INFO - DAG(s) 'example_short_circuit_operator' retrieved from /home/airflow/.local/lib/python3.8/site-packages/airflow/example_dags/example_short_circuit_operator.py
[2026-08-13T12:55:46.814+0000] {logging_mixin.py:188} INFO - [2026-08-13T12:55:46.813+0000] {dag.py:3036} INFO - Sync 1 DAGs
[2026-08-13T12:55:46.868+0000] {logging_mixin.py:188} INFO - [2026-08-13T12:55:46.868+0000] {dag.py:3823} INFO - Setting next_dagrun for example_short_circuit_operator to 2026-08-12 00:00:00+00:00, run_after=2026-08-13 00:00:00+00:00
[2026-08-13T12:55:46.912+0000] {processor.py:183} INFO - Processing /home/airflow/.local/lib/python3.8/site-packages/airflow/example_dags/example_short_circuit_operator.py took 0.160 seconds
[2026-08-13T12:56:17.777+0000] {processor.py:161} INFO - Started process (PID=1233) to work on /home/airflow/.local/lib/python3.8/site-packages/airflow/example_dags/example_short_circuit_operator.py
[2026-08-13T12:56:17.780+0000] {processor.py:830} INFO - Processing file /home/airflow/.local/lib/python3.8/site-packages/airflow/example_dags/example_short_circuit_operator.py for tasks to queue
[2026-08-13T12:56:17.784+0000] {logging_mixin.py:188} INFO - [2026-08-13T12:56:17.783+0000] {dagbag.py:538} INFO - Filling up the DagBag from /home/airflow/.local/lib/python3.8/site-packages/airflow/example_dags/example_short_circuit_operator.py
[2026-08-13T12:56:17.798+0000] {processor.py:840} INFO - DAG(s) 'example_short_circuit_operator' retrieved from /home/airflow/.local/lib/python3.8/site-packages/airflow/example_dags/example_short_circuit_operator.py
[2026-08-13T12:56:17.838+0000] {logging_mixin.py:188} INFO - [2026-08-13T12:56:17.838+0000] {dag.py:3036} INFO - Sync 1 DAGs
[2026-08-13T12:56:17.874+0000] {logging_mixin.py:188} INFO - [2026-08-13T12:56:17.873+0000] {dag.py:3823} INFO - Setting next_dagrun for example_short_circuit_operator to 2026-08-12 00:00:00+00:00, run_after=2026-08-13 00:00:00+00:00
[2026-08-13T12:56:17.910+0000] {processor.py:183} INFO - Processing /home/airflow/.local/lib/python3.8/site-packages/airflow/example_dags/example_short_circuit_operator.py took 0.139 seconds
[2026-08-13T12:56:48.111+0000] {processor.py:161} INFO - Started process (PID=1288) to work on /home/airflow/.local/lib/python3.8/site-packages/airflow/example_dags/example_short_circuit_operator.py
[2026-08-13T12:56:48.113+0000] {processor.py:830} INFO - Processing file /home/airflow/.local/lib/python3.8/site-packages/airflow/example_dags/example_short_circuit_operator.py for tasks to queue
[2026-08-13T12:56:48.116+0000] {logging_mixin.py:188} INFO - [2026-08-13T12:56:48.115+0000] {dagbag.py:538} INFO - Filling up the DagBag from /home/airflow/.local/lib/python3.8/site-packages/airflow/example_dags/example_short_circuit_operator.py
[2026-08-13T12:56:48.127+0000] {processor.py:840} INFO - DAG(s) 'example_short_circuit_operator' retrieved from /home/airflow/.local/lib/python3.8/site-packages/airflow/example_dags/example_short_circuit_operator.py
[2026-08-13T12:56:48.173+0000] {logging_mixin.py:188} INFO - [2026-08-13T12:56:48.172+0000] {dag.py:3036} INFO - Sync 1 DAGs
[2026-08-13T12:56:48.206+0000] {logging_mixin.py:188} INFO - [2026-08-13T12:56:48.206+0000] {dag.py:3823} INFO - Setting next_dagrun for example_short_circuit_operator to 2026-08-12 00:00:00+00:00, run_after=2026-08-13 00:00:00+00:00
[2026-08-13T12:56:48.236+0000] {processor.py:183} INFO - Processing /home/airflow/.local/lib/python3.8/site-packages/airflow/example_dags/example_short_circuit_operator.py took 0.133 seconds
[2026-08-13T12:57:19.146+0000] {processor.py:161} INFO - Started process (PID=1343) to work on /home/airflow/.local/lib/python3.8/site-packages/airflow/example_dags/example_short_circuit_operator.py
[2026-08-13T12:57:19.148+0000] {processor.py:830} INFO - Processing file /home/airflow/.local/lib/python3.8/site-packages/airflow/example_dags/example_short_circuit_operator.py for tasks to queue
[2026-08-13T12:57:19.157+0000] {logging_mixin.py:188} INFO - [2026-08-13T12:57:19.157+0000] {dagbag.py:538} INFO - Filling up the DagBag from /home/airflow/.local/lib/python3.8/site-packages/airflow/example_dags/example_short_circuit_operator.py
[2026-08-13T12:57:19.173+0000] {processor.py:840} INFO - DAG(s) 'example_short_circuit_operator' retrieved from /home/airflow/.local/lib/python3.8/site-packages/airflow/example_dags/example_short_circuit_operator.py
[2026-08-13T12:57:19.225+0000] {logging_mixin.py:188} INFO - [2026-08-13T12:57:19.224+0000] {dag.py:3036} INFO - Sync 1 DAGs
[2026-08-13T12:57:19.265+0000] {logging_mixin.py:188} INFO - [2026-08-13T12:57:19.264+0000] {dag.py:3823} INFO - Setting next_dagrun for example_short_circuit_operator to 2026-08-12 00:00:00+00:00, run_after=2026-08-13 00:00:00+00:00
[2026-08-13T12:57:19.312+0000] {processor.py:183} INFO - Processing /home/airflow/.local/lib/python3.8/site-packages/airflow/example_dags/example_short_circuit_operator.py took 0.172 seconds
