[2026-08-13T12:33:39.780+0000] {processor.py:161} INFO - Started process (PID=116) to work on /home/airflow/.local/lib/python3.8/site-packages/airflow/example_dags/example_xcomargs.py
[2026-08-13T12:33:39.782+0000] {processor.py:830} INFO - Processing file /home/airflow/.local/lib/python3.8/site-packages/airflow/example_dags/example_xcomargs.py for tasks to queue
[2026-08-13T12:33:39.787+0000] {logging_mixin.py:188} INFO - [2026-08-13T12:33:39.787+0000] {dagbag.py:538} INFO - Filling up the DagBag from /home/airflow/.local/lib/python3.8/site-packages/airflow/example_dags/example_xcomargs.py
[2026-08-13T12:33:39.810+0000] {processor.py:840} INFO - DAG(s) 'example_xcom_args', 'example_xcom_args_with_operators' retrieved from /home/airflow/.local/lib/python3.8/site-packages/airflow/example_dags/example_xcomargs.py
[2026-08-13T12:33:40.119+0000] {logging_mixin.py:188} INFO - [2026-08-13T12:33:40.118+0000] {dag.py:3036} INFO - Sync 2 DAGs
[2026-08-13T12:33:40.187+0000] {logging_mixin.py:188} INFO - [2026-08-13T12:33:40.186+0000] {dag.py:3823} INFO - Setting next_dagrun for example_xcom_args to None, run_after=None
[2026-08-13T12:33:40.200+0000] {logging_mixin.py:188} INFO - [2026-08-13T12:33:40.200+0000] {dag.py:3823} INFO - Setting next_dagrun for example_xcom_args_with_operators to None, run_after=None
[2026-08-13T12:33:40.290+0000] {processor.py:183} INFO - Processing /home/airflow/.local/lib/python3.8/site-packages/airflow/example_dags/example_xcomargs.py took 0.529 seconds
[2026-08-13T12:34:11.205+0000] {processor.py:161} INFO - Started process (PID=171) to work on /home/airflow/.local/lib/python3.8/site-packages/airflow/example_dags/example_xcomargs.py
[2026-08-13T12:34:11.207+0000] {processor.py:830} INFO - Processing file /home/airflow/.local/lib/python3.8/site-packages/airflow/example_dags/example_xcomargs.py for tasks to queue
[2026-08-13T12:34:11.210+0000] {logging_mixin.py:188} INFO - [2026-08-13T12:34:11.209+0000] {dagbag.py:538} INFO - Filling up the DagBag from /home/airflow/.local/lib/python3.8/site-packages/airflow/example_dags/example_xcomargs.py
[2026-08-13T12:34:11.226+0000] {processor.py:840} INFO - DAG(s) 'example_xcom_args', 'example_xcom_args_with_operators' retrieved from /home/airflow/.local/lib/python3.8/site-packages/airflow/example_dags/example_xcomargs.py
[2026-08-13T12:34:11.285+0000] {logging_mixin.py:188} INFO - [2026-08-13T12:34:11.284+0000] {dag.py:3036} INFO - Sync 2 DAGs
[2026-08-13T12:34:11.315+0000] {logging_mixin.py:188} INFO - [2026-08-13T12:34:11.314+0000] {dag.py:3823} INFO - Setting next_dagrun for example_xcom_args to None, run_after=None
[2026-08-13T12:34:11.323+0000] {logging_mixin.py:188} INFO - [2026-08-13T12:34:11.323+0000] {dag.py:3823} INFO - Setting next_dagrun for example_xcom_args_with_operators to None, run_after=None
[2026-08-13T12:34:11.368+0000] {processor.py:183} INFO - Processing /home/airflow/.local/lib/python3.8/site-packages/airflow/example_dags/example_xcomargs.py took 0.168 seconds
[2026-08-13T12:34:41.478+0000] {processor.py:161} INFO - Started process (PID=226) to work on /home/airflow/.local/lib/python3.8/site-packages/airflow/example_dags/example_xcomargs.py
[2026-08-13T12:34:41.480+0000] {processor.py:830} INFO - Processing file /home/airflow/.local/lib/python3.8/site-packages/airflow/example_dags/example_xcomargs.py for tasks to queue
[2026-08-13T12:34:41.484+0000] {logging_mixin.py:188} INFO - [2026-08-13T12:34:41.484+0000] {dagbag.py:538} INFO - Filling up the DagBag from /home/airflow/.local/lib/python3.8/site-packages/airflow/example_dags/example_xcomargs.py
[2026-08-13T12:34:41.498+0000] {processor.py:840} INFO - DAG(s) 'example_xcom_args_with_operators', 'example_xcom_args' retrieved from /home/airflow/.local/lib/python3.8/site-packages/airflow/example_dags/example_xcomargs.py
[2026-08-13T12:34:41.536+0000] {logging_mixin.py:188} INFO - [2026-08-13T12:34:41.536+0000] {dag.py:3036} INFO - Sync 2 DAGs
[2026-08-13T12:34:41.555+0000] {logging_mixin.py:188} INFO - [2026-08-13T12:34:41.555+0000] {dag.py:3823} INFO - Setting next_dagrun for example_xcom_args to None, run_after=None
[2026-08-13T12:34:41.561+0000] {logging_mixin.py:188} INFO - [2026-08-13T12:34:41.561+0000] {dag.py:3823} INFO - Setting next_dagrun for example_xcom_args_with_operators to None, run_after=None
[2026-08-13T12:34:41.610+0000] {processor.py:183} INFO - Processing /home/airflow/.local/lib/python3.8/site-packages/airflow/example_dags/example_xcomargs.py took 0.139 seconds
[2026-08-13T12:35:12.033+0000] {processor.py:161} INFO - Started process (PID=281) to work on /home/airflow/.local/lib/python3.8/site-packages/airflow/example_dags/example_xcomargs.py
[2026-08-13T12:35:12.036+0000] {processor.py:830} INFO - Processing file /home/airflow/.local/lib/python3.8/site-packages/airflow/example_dags/example_xcomargs.py for tasks to queue
[2026-08-13T12:35:12.040+0000] {logging_mixin.py:188} INFO - [2026-08-13T12:35:12.039+0000] {dagbag.py:538} INFO - Filling up the DagBag from /home/airflow/.local/lib/python3.8/site-packages/airflow/example_dags/example_xcomargs.py
[2026-08-13T12:35:12.053+0000] {processor.py:840} INFO - DAG(s) 'example_xcom_args_with_operators', 'example_xcom_args' retrieved from /home/airflow/.local/lib/python3.8/site-packages/airflow/example_dags/example_xcomargs.py
[2026-08-13T12:35:12.091+0000] {logging_mixin.py:188} INFO - [2026-08-13T12:35:12.091+0000] {dag.py:3036} INFO - Sync 2 DAGs
[2026-08-13T12:35:12.109+0000] {logging_mixin.py:188} INFO - [2026-08-13T12:35:12.109+0000] {dag.py:3823} INFO - Setting next_dagrun for example_xcom_args to None, run_after=None
[2026-08-13T12:35:12.115+0000] {logging_mixin.py:188} INFO - [2026-08-13T12:35:12.114+0000] {dag.py:3823} INFO - Setting next_dagrun for example_xcom_args_with_operators to None, run_after=None
[2026-08-13T12:35:12.143+0000] {processor.py:183} INFO - Processing /home/airflow/.local/lib/python3.8/site-packages/airflow/example_dags/example_xcomargs.py took 0.119 seconds
[2026-08-13T12:35:42.231+0000] {processor.py:161} INFO - Started process (PID=336) to work on /home/airflow/.local/lib/python3.8/site-packages/airflow/example_dags/example_xcomargs.py
[2026-08-13T12:35:42.233+0000] {processor.py:830} INFO - Processing file /home/airflow/.local/lib/python3.8/site-packages/airflow/example_dags/example_xcomargs.py for tasks to queue
[2026-08-13T12:35:42.236+0000] {logging_mixin.py:188} INFO - [2026-08-13T12:35:42.235+0000] {dagbag.py:538} INFO - Filling up the DagBag from /home/airflow/.local/lib/python3.8/site-packages/airflow/example_dags/example_xcomargs.py
[2026-08-13T12:35:42.249+0000] {processor.py:840} INFO - DAG(s) 'example_xcom_args_with_operators', 'example_xcom_args' retrieved from /home/airflow/.local/lib/python3.8/site-packages/airflow/example_dags/example_xcomargs.py
[2026-08-13T12:35:42.295+0000] {logging_mixin.py:188} INFO - [2026-08-13T12:35:42.295+0000] {dag.py:3036} INFO - Sync 2 DAGs
[2026-08-13T12:35:42.331+0000] {logging_mixin.py:188} INFO - [2026-08-13T12:35:42.330+0000] {dag.py:3823} INFO - Setting next_dagrun for example_xcom_args to None, run_after=None
[2026-08-13T12:35:42.341+0000] {logging_mixin.py:188} INFO - [2026-08-13T12:35:42.340+0000] {dag.py:3823} INFO - Setting next_dagrun for example_xcom_args_with_operators to None, run_after=None
[2026-08-13T12:35:42.379+0000] {processor.py:183} INFO - Processing /home/airflow/.local/lib/python3.8/site-packages/airflow/example_dags/example_xcomargs.py took 0.152 seconds
[2026-08-13T12:36:12.649+0000] {processor.py:161} INFO - Started process (PID=391) to work on /home/airflow/.local/lib/python3.8/site-packages/airflow/example_dags/example_xcomargs.py
[2026-08-13T12:36:12.651+0000] {processor.py:830} INFO - Processing file /home/airflow/.local/lib/python3.8/site-packages/airflow/example_dags/example_xcomargs.py for tasks to queue
[2026-08-13T12:36:12.656+0000] {logging_mixin.py:188} INFO - [2026-08-13T12:36:12.655+0000] {dagbag.py:538} INFO - Filling up the DagBag from /home/airflow/.local/lib/python3.8/site-packages/airflow/example_dags/example_xcomargs.py
[2026-08-13T12:36:12.673+0000] {processor.py:840} INFO - DAG(s) 'example_xcom_args_with_operators', 'example_xcom_args' retrieved from /home/airflow/.local/lib/python3.8/site-packages/airflow/example_dags/example_xcomargs.py
[2026-08-13T12:36:12.705+0000] {logging_mixin.py:188} INFO - [2026-08-13T12:36:12.705+0000] {dag.py:3036} INFO - Sync 2 DAGs
[2026-08-13T12:36:12.721+0000] {logging_mixin.py:188} INFO - [2026-08-13T12:36:12.721+0000] {dag.py:3823} INFO - Setting next_dagrun for example_xcom_args to None, run_after=None
[2026-08-13T12:36:12.727+0000] {logging_mixin.py:188} INFO - [2026-08-13T12:36:12.726+0000] {dag.py:3823} INFO - Setting next_dagrun for example_xcom_args_with_operators to None, run_after=None
[2026-08-13T12:36:12.746+0000] {processor.py:183} INFO - Processing /home/airflow/.local/lib/python3.8/site-packages/airflow/example_dags/example_xcomargs.py took 0.102 seconds
[2026-08-13T12:41:56.563+0000] {processor.py:161} INFO - Started process (PID=138) to work on /home/airflow/.local/lib/python3.8/site-packages/airflow/example_dags/example_xcomargs.py
[2026-08-13T12:41:56.568+0000] {processor.py:830} INFO - Processing file /home/airflow/.local/lib/python3.8/site-packages/airflow/example_dags/example_xcomargs.py for tasks to queue
[2026-08-13T12:41:56.573+0000] {logging_mixin.py:188} INFO - [2026-08-13T12:41:56.572+0000] {dagbag.py:538} INFO - Filling up the DagBag from /home/airflow/.local/lib/python3.8/site-packages/airflow/example_dags/example_xcomargs.py
[2026-08-13T12:41:56.604+0000] {processor.py:840} INFO - DAG(s) 'example_xcom_args_with_operators', 'example_xcom_args' retrieved from /home/airflow/.local/lib/python3.8/site-packages/airflow/example_dags/example_xcomargs.py
[2026-08-13T12:41:56.967+0000] {logging_mixin.py:188} INFO - [2026-08-13T12:41:56.966+0000] {dag.py:3036} INFO - Sync 2 DAGs
[2026-08-13T12:41:56.991+0000] {logging_mixin.py:188} INFO - [2026-08-13T12:41:56.991+0000] {dag.py:3823} INFO - Setting next_dagrun for example_xcom_args to None, run_after=None
[2026-08-13T12:41:57.000+0000] {logging_mixin.py:188} INFO - [2026-08-13T12:41:57.000+0000] {dag.py:3823} INFO - Setting next_dagrun for example_xcom_args_with_operators to None, run_after=None
[2026-08-13T12:41:57.055+0000] {processor.py:183} INFO - Processing /home/airflow/.local/lib/python3.8/site-packages/airflow/example_dags/example_xcomargs.py took 0.502 seconds
[2026-08-13T12:42:29.808+0000] {processor.py:161} INFO - Started process (PID=194) to work on /home/airflow/.local/lib/python3.8/site-packages/airflow/example_dags/example_xcomargs.py
[2026-08-13T12:42:29.820+0000] {processor.py:830} INFO - Processing file /home/airflow/.local/lib/python3.8/site-packages/airflow/example_dags/example_xcomargs.py for tasks to queue
[2026-08-13T12:42:29.829+0000] {logging_mixin.py:188} INFO - [2026-08-13T12:42:29.828+0000] {dagbag.py:538} INFO - Filling up the DagBag from /home/airflow/.local/lib/python3.8/site-packages/airflow/example_dags/example_xcomargs.py
[2026-08-13T12:42:29.912+0000] {processor.py:840} INFO - DAG(s) 'example_xcom_args_with_operators', 'example_xcom_args' retrieved from /home/airflow/.local/lib/python3.8/site-packages/airflow/example_dags/example_xcomargs.py
[2026-08-13T12:42:30.073+0000] {logging_mixin.py:188} INFO - [2026-08-13T12:42:30.073+0000] {dag.py:3036} INFO - Sync 2 DAGs
[2026-08-13T12:42:30.143+0000] {logging_mixin.py:188} INFO - [2026-08-13T12:42:30.139+0000] {dag.py:3823} INFO - Setting next_dagrun for example_xcom_args to None, run_after=None
[2026-08-13T12:42:30.172+0000] {logging_mixin.py:188} INFO - [2026-08-13T12:42:30.172+0000] {dag.py:3823} INFO - Setting next_dagrun for example_xcom_args_with_operators to None, run_after=None
[2026-08-13T12:42:30.260+0000] {processor.py:183} INFO - Processing /home/airflow/.local/lib/python3.8/site-packages/airflow/example_dags/example_xcomargs.py took 0.472 seconds
[2026-08-13T12:45:49.195+0000] {processor.py:161} INFO - Started process (PID=120) to work on /home/airflow/.local/lib/python3.8/site-packages/airflow/example_dags/example_xcomargs.py
[2026-08-13T12:45:49.200+0000] {processor.py:830} INFO - Processing file /home/airflow/.local/lib/python3.8/site-packages/airflow/example_dags/example_xcomargs.py for tasks to queue
[2026-08-13T12:45:49.207+0000] {logging_mixin.py:188} INFO - [2026-08-13T12:45:49.206+0000] {dagbag.py:538} INFO - Filling up the DagBag from /home/airflow/.local/lib/python3.8/site-packages/airflow/example_dags/example_xcomargs.py
[2026-08-13T12:45:49.237+0000] {processor.py:840} INFO - DAG(s) 'example_xcom_args', 'example_xcom_args_with_operators' retrieved from /home/airflow/.local/lib/python3.8/site-packages/airflow/example_dags/example_xcomargs.py
[2026-08-13T12:45:49.618+0000] {logging_mixin.py:188} INFO - [2026-08-13T12:45:49.617+0000] {dag.py:3036} INFO - Sync 2 DAGs
[2026-08-13T12:45:49.651+0000] {logging_mixin.py:188} INFO - [2026-08-13T12:45:49.650+0000] {dag.py:3823} INFO - Setting next_dagrun for example_xcom_args to None, run_after=None
[2026-08-13T12:45:49.660+0000] {logging_mixin.py:188} INFO - [2026-08-13T12:45:49.659+0000] {dag.py:3823} INFO - Setting next_dagrun for example_xcom_args_with_operators to None, run_after=None
[2026-08-13T12:45:49.739+0000] {processor.py:183} INFO - Processing /home/airflow/.local/lib/python3.8/site-packages/airflow/example_dags/example_xcomargs.py took 0.552 seconds
[2026-08-13T12:46:20.660+0000] {processor.py:161} INFO - Started process (PID=175) to work on /home/airflow/.local/lib/python3.8/site-packages/airflow/example_dags/example_xcomargs.py
[2026-08-13T12:46:20.663+0000] {processor.py:830} INFO - Processing file /home/airflow/.local/lib/python3.8/site-packages/airflow/example_dags/example_xcomargs.py for tasks to queue
[2026-08-13T12:46:20.667+0000] {logging_mixin.py:188} INFO - [2026-08-13T12:46:20.666+0000] {dagbag.py:538} INFO - Filling up the DagBag from /home/airflow/.local/lib/python3.8/site-packages/airflow/example_dags/example_xcomargs.py
[2026-08-13T12:46:20.688+0000] {processor.py:840} INFO - DAG(s) 'example_xcom_args_with_operators', 'example_xcom_args' retrieved from /home/airflow/.local/lib/python3.8/site-packages/airflow/example_dags/example_xcomargs.py
[2026-08-13T12:46:20.739+0000] {logging_mixin.py:188} INFO - [2026-08-13T12:46:20.739+0000] {dag.py:3036} INFO - Sync 2 DAGs
[2026-08-13T12:46:20.778+0000] {logging_mixin.py:188} INFO - [2026-08-13T12:46:20.777+0000] {dag.py:3823} INFO - Setting next_dagrun for example_xcom_args to None, run_after=None
[2026-08-13T12:46:20.796+0000] {logging_mixin.py:188} INFO - [2026-08-13T12:46:20.796+0000] {dag.py:3823} INFO - Setting next_dagrun for example_xcom_args_with_operators to None, run_after=None
[2026-08-13T12:46:20.857+0000] {processor.py:183} INFO - Processing /home/airflow/.local/lib/python3.8/site-packages/airflow/example_dags/example_xcomargs.py took 0.205 seconds
[2026-08-13T12:46:51.844+0000] {processor.py:161} INFO - Started process (PID=230) to work on /home/airflow/.local/lib/python3.8/site-packages/airflow/example_dags/example_xcomargs.py
[2026-08-13T12:46:51.850+0000] {processor.py:830} INFO - Processing file /home/airflow/.local/lib/python3.8/site-packages/airflow/example_dags/example_xcomargs.py for tasks to queue
[2026-08-13T12:46:51.857+0000] {logging_mixin.py:188} INFO - [2026-08-13T12:46:51.856+0000] {dagbag.py:538} INFO - Filling up the DagBag from /home/airflow/.local/lib/python3.8/site-packages/airflow/example_dags/example_xcomargs.py
[2026-08-13T12:46:51.885+0000] {processor.py:840} INFO - DAG(s) 'example_xcom_args', 'example_xcom_args_with_operators' retrieved from /home/airflow/.local/lib/python3.8/site-packages/airflow/example_dags/example_xcomargs.py
[2026-08-13T12:46:51.963+0000] {logging_mixin.py:188} INFO - [2026-08-13T12:46:51.960+0000] {dag.py:3036} INFO - Sync 2 DAGs
[2026-08-13T12:46:52.006+0000] {logging_mixin.py:188} INFO - [2026-08-13T12:46:52.005+0000] {dag.py:3823} INFO - Setting next_dagrun for example_xcom_args to None, run_after=None
[2026-08-13T12:46:52.028+0000] {logging_mixin.py:188} INFO - [2026-08-13T12:46:52.027+0000] {dag.py:3823} INFO - Setting next_dagrun for example_xcom_args_with_operators to None, run_after=None
[2026-08-13T12:46:52.095+0000] {processor.py:183} INFO - Processing /home/airflow/.local/lib/python3.8/site-packages/airflow/example_dags/example_xcomargs.py took 0.263 seconds
[2026-08-13T12:47:24.595+0000] {processor.py:161} INFO - Started process (PID=285) to work on /home/airflow/.local/lib/python3.8/site-packages/airflow/example_dags/example_xcomargs.py
[2026-08-13T12:47:24.599+0000] {processor.py:830} INFO - Processing file /home/airflow/.local/lib/python3.8/site-packages/airflow/example_dags/example_xcomargs.py for tasks to queue
[2026-08-13T12:47:24.608+0000] {logging_mixin.py:188} INFO - [2026-08-13T12:47:24.607+0000] {dagbag.py:538} INFO - Filling up the DagBag from /home/airflow/.local/lib/python3.8/site-packages/airflow/example_dags/example_xcomargs.py
[2026-08-13T12:47:24.628+0000] {processor.py:840} INFO - DAG(s) 'example_xcom_args', 'example_xcom_args_with_operators' retrieved from /home/airflow/.local/lib/python3.8/site-packages/airflow/example_dags/example_xcomargs.py
[2026-08-13T12:47:24.691+0000] {logging_mixin.py:188} INFO - [2026-08-13T12:47:24.690+0000] {dag.py:3036} INFO - Sync 2 DAGs
[2026-08-13T12:47:24.721+0000] {logging_mixin.py:188} INFO - [2026-08-13T12:47:24.721+0000] {dag.py:3823} INFO - Setting next_dagrun for example_xcom_args to None, run_after=None
[2026-08-13T12:47:24.730+0000] {logging_mixin.py:188} INFO - [2026-08-13T12:47:24.729+0000] {dag.py:3823} INFO - Setting next_dagrun for example_xcom_args_with_operators to None, run_after=None
[2026-08-13T12:47:24.775+0000] {processor.py:183} INFO - Processing /home/airflow/.local/lib/python3.8/site-packages/airflow/example_dags/example_xcomargs.py took 0.187 seconds
[2026-08-13T12:47:56.828+0000] {processor.py:161} INFO - Started process (PID=340) to work on /home/airflow/.local/lib/python3.8/site-packages/airflow/example_dags/example_xcomargs.py
[2026-08-13T12:47:56.833+0000] {processor.py:830} INFO - Processing file /home/airflow/.local/lib/python3.8/site-packages/airflow/example_dags/example_xcomargs.py for tasks to queue
[2026-08-13T12:47:56.840+0000] {logging_mixin.py:188} INFO - [2026-08-13T12:47:56.839+0000] {dagbag.py:538} INFO - Filling up the DagBag from /home/airflow/.local/lib/python3.8/site-packages/airflow/example_dags/example_xcomargs.py
[2026-08-13T12:47:56.923+0000] {processor.py:840} INFO - DAG(s) 'example_xcom_args_with_operators', 'example_xcom_args' retrieved from /home/airflow/.local/lib/python3.8/site-packages/airflow/example_dags/example_xcomargs.py
[2026-08-13T12:47:57.080+0000] {logging_mixin.py:188} INFO - [2026-08-13T12:47:57.070+0000] {dag.py:3036} INFO - Sync 2 DAGs
[2026-08-13T12:47:57.146+0000] {logging_mixin.py:188} INFO - [2026-08-13T12:47:57.145+0000] {dag.py:3823} INFO - Setting next_dagrun for example_xcom_args to None, run_after=None
[2026-08-13T12:47:57.164+0000] {logging_mixin.py:188} INFO - [2026-08-13T12:47:57.163+0000] {dag.py:3823} INFO - Setting next_dagrun for example_xcom_args_with_operators to None, run_after=None
[2026-08-13T12:47:57.257+0000] {processor.py:183} INFO - Processing /home/airflow/.local/lib/python3.8/site-packages/airflow/example_dags/example_xcomargs.py took 0.442 seconds
[2026-08-13T12:48:27.426+0000] {processor.py:161} INFO - Started process (PID=393) to work on /home/airflow/.local/lib/python3.8/site-packages/airflow/example_dags/example_xcomargs.py
[2026-08-13T12:48:27.429+0000] {processor.py:830} INFO - Processing file /home/airflow/.local/lib/python3.8/site-packages/airflow/example_dags/example_xcomargs.py for tasks to queue
[2026-08-13T12:48:27.438+0000] {logging_mixin.py:188} INFO - [2026-08-13T12:48:27.437+0000] {dagbag.py:538} INFO - Filling up the DagBag from /home/airflow/.local/lib/python3.8/site-packages/airflow/example_dags/example_xcomargs.py
[2026-08-13T12:48:27.470+0000] {processor.py:840} INFO - DAG(s) 'example_xcom_args_with_operators', 'example_xcom_args' retrieved from /home/airflow/.local/lib/python3.8/site-packages/airflow/example_dags/example_xcomargs.py
[2026-08-13T12:48:27.607+0000] {logging_mixin.py:188} INFO - [2026-08-13T12:48:27.606+0000] {dag.py:3036} INFO - Sync 2 DAGs
[2026-08-13T12:48:27.778+0000] {logging_mixin.py:188} INFO - [2026-08-13T12:48:27.777+0000] {dag.py:3823} INFO - Setting next_dagrun for example_xcom_args to None, run_after=None
[2026-08-13T12:48:27.805+0000] {logging_mixin.py:188} INFO - [2026-08-13T12:48:27.804+0000] {dag.py:3823} INFO - Setting next_dagrun for example_xcom_args_with_operators to None, run_after=None
[2026-08-13T12:48:27.956+0000] {processor.py:183} INFO - Processing /home/airflow/.local/lib/python3.8/site-packages/airflow/example_dags/example_xcomargs.py took 0.542 seconds
[2026-08-13T12:48:58.104+0000] {processor.py:161} INFO - Started process (PID=448) to work on /home/airflow/.local/lib/python3.8/site-packages/airflow/example_dags/example_xcomargs.py
[2026-08-13T12:48:58.108+0000] {processor.py:830} INFO - Processing file /home/airflow/.local/lib/python3.8/site-packages/airflow/example_dags/example_xcomargs.py for tasks to queue
[2026-08-13T12:48:58.112+0000] {logging_mixin.py:188} INFO - [2026-08-13T12:48:58.111+0000] {dagbag.py:538} INFO - Filling up the DagBag from /home/airflow/.local/lib/python3.8/site-packages/airflow/example_dags/example_xcomargs.py
[2026-08-13T12:48:58.131+0000] {processor.py:840} INFO - DAG(s) 'example_xcom_args', 'example_xcom_args_with_operators' retrieved from /home/airflow/.local/lib/python3.8/site-packages/airflow/example_dags/example_xcomargs.py
[2026-08-13T12:48:58.180+0000] {logging_mixin.py:188} INFO - [2026-08-13T12:48:58.179+0000] {dag.py:3036} INFO - Sync 2 DAGs
[2026-08-13T12:48:58.208+0000] {logging_mixin.py:188} INFO - [2026-08-13T12:48:58.207+0000] {dag.py:3823} INFO - Setting next_dagrun for example_xcom_args to None, run_after=None
[2026-08-13T12:48:58.216+0000] {logging_mixin.py:188} INFO - [2026-08-13T12:48:58.216+0000] {dag.py:3823} INFO - Setting next_dagrun for example_xcom_args_with_operators to None, run_after=None
[2026-08-13T12:48:58.254+0000] {processor.py:183} INFO - Processing /home/airflow/.local/lib/python3.8/site-packages/airflow/example_dags/example_xcomargs.py took 0.158 seconds
[2026-08-13T12:49:29.022+0000] {processor.py:161} INFO - Started process (PID=504) to work on /home/airflow/.local/lib/python3.8/site-packages/airflow/example_dags/example_xcomargs.py
[2026-08-13T12:49:29.026+0000] {processor.py:830} INFO - Processing file /home/airflow/.local/lib/python3.8/site-packages/airflow/example_dags/example_xcomargs.py for tasks to queue
[2026-08-13T12:49:29.031+0000] {logging_mixin.py:188} INFO - [2026-08-13T12:49:29.031+0000] {dagbag.py:538} INFO - Filling up the DagBag from /home/airflow/.local/lib/python3.8/site-packages/airflow/example_dags/example_xcomargs.py
[2026-08-13T12:49:29.060+0000] {processor.py:840} INFO - DAG(s) 'example_xcom_args', 'example_xcom_args_with_operators' retrieved from /home/airflow/.local/lib/python3.8/site-packages/airflow/example_dags/example_xcomargs.py
[2026-08-13T12:49:29.147+0000] {logging_mixin.py:188} INFO - [2026-08-13T12:49:29.146+0000] {dag.py:3036} INFO - Sync 2 DAGs
[2026-08-13T12:49:29.176+0000] {logging_mixin.py:188} INFO - [2026-08-13T12:49:29.175+0000] {dag.py:3823} INFO - Setting next_dagrun for example_xcom_args to None, run_after=None
[2026-08-13T12:49:29.185+0000] {logging_mixin.py:188} INFO - [2026-08-13T12:49:29.184+0000] {dag.py:3823} INFO - Setting next_dagrun for example_xcom_args_with_operators to None, run_after=None
[2026-08-13T12:49:29.242+0000] {processor.py:183} INFO - Processing /home/airflow/.local/lib/python3.8/site-packages/airflow/example_dags/example_xcomargs.py took 0.245 seconds
[2026-08-13T12:50:00.413+0000] {processor.py:161} INFO - Started process (PID=559) to work on /home/airflow/.local/lib/python3.8/site-packages/airflow/example_dags/example_xcomargs.py
[2026-08-13T12:50:00.416+0000] {processor.py:830} INFO - Processing file /home/airflow/.local/lib/python3.8/site-packages/airflow/example_dags/example_xcomargs.py for tasks to queue
[2026-08-13T12:50:00.423+0000] {logging_mixin.py:188} INFO - [2026-08-13T12:50:00.422+0000] {dagbag.py:538} INFO - Filling up the DagBag from /home/airflow/.local/lib/python3.8/site-packages/airflow/example_dags/example_xcomargs.py
[2026-08-13T12:50:00.449+0000] {processor.py:840} INFO - DAG(s) 'example_xcom_args', 'example_xcom_args_with_operators' retrieved from /home/airflow/.local/lib/python3.8/site-packages/airflow/example_dags/example_xcomargs.py
[2026-08-13T12:50:00.510+0000] {logging_mixin.py:188} INFO - [2026-08-13T12:50:00.510+0000] {dag.py:3036} INFO - Sync 2 DAGs
[2026-08-13T12:50:00.539+0000] {logging_mixin.py:188} INFO - [2026-08-13T12:50:00.538+0000] {dag.py:3823} INFO - Setting next_dagrun for example_xcom_args to None, run_after=None
[2026-08-13T12:50:00.549+0000] {logging_mixin.py:188} INFO - [2026-08-13T12:50:00.548+0000] {dag.py:3823} INFO - Setting next_dagrun for example_xcom_args_with_operators to None, run_after=None
[2026-08-13T12:50:00.603+0000] {processor.py:183} INFO - Processing /home/airflow/.local/lib/python3.8/site-packages/airflow/example_dags/example_xcomargs.py took 0.199 seconds
[2026-08-13T12:50:33.984+0000] {processor.py:161} INFO - Started process (PID=620) to work on /home/airflow/.local/lib/python3.8/site-packages/airflow/example_dags/example_xcomargs.py
[2026-08-13T12:50:33.987+0000] {processor.py:830} INFO - Processing file /home/airflow/.local/lib/python3.8/site-packages/airflow/example_dags/example_xcomargs.py for tasks to queue
[2026-08-13T12:50:33.992+0000] {logging_mixin.py:188} INFO - [2026-08-13T12:50:33.991+0000] {dagbag.py:538} INFO - Filling up the DagBag from /home/airflow/.local/lib/python3.8/site-packages/airflow/example_dags/example_xcomargs.py
[2026-08-13T12:50:34.012+0000] {processor.py:840} INFO - DAG(s) 'example_xcom_args_with_operators', 'example_xcom_args' retrieved from /home/airflow/.local/lib/python3.8/site-packages/airflow/example_dags/example_xcomargs.py
[2026-08-13T12:50:34.090+0000] {logging_mixin.py:188} INFO - [2026-08-13T12:50:34.089+0000] {dag.py:3036} INFO - Sync 2 DAGs
[2026-08-13T12:50:34.137+0000] {logging_mixin.py:188} INFO - [2026-08-13T12:50:34.135+0000] {dag.py:3823} INFO - Setting next_dagrun for example_xcom_args to None, run_after=None
[2026-08-13T12:50:34.149+0000] {logging_mixin.py:188} INFO - [2026-08-13T12:50:34.148+0000] {dag.py:3823} INFO - Setting next_dagrun for example_xcom_args_with_operators to None, run_after=None
[2026-08-13T12:50:34.190+0000] {processor.py:183} INFO - Processing /home/airflow/.local/lib/python3.8/site-packages/airflow/example_dags/example_xcomargs.py took 0.214 seconds
[2026-08-13T12:51:05.036+0000] {processor.py:161} INFO - Started process (PID=676) to work on /home/airflow/.local/lib/python3.8/site-packages/airflow/example_dags/example_xcomargs.py
[2026-08-13T12:51:05.038+0000] {processor.py:830} INFO - Processing file /home/airflow/.local/lib/python3.8/site-packages/airflow/example_dags/example_xcomargs.py for tasks to queue
[2026-08-13T12:51:05.042+0000] {logging_mixin.py:188} INFO - [2026-08-13T12:51:05.041+0000] {dagbag.py:538} INFO - Filling up the DagBag from /home/airflow/.local/lib/python3.8/site-packages/airflow/example_dags/example_xcomargs.py
[2026-08-13T12:51:05.058+0000] {processor.py:840} INFO - DAG(s) 'example_xcom_args', 'example_xcom_args_with_operators' retrieved from /home/airflow/.local/lib/python3.8/site-packages/airflow/example_dags/example_xcomargs.py
[2026-08-13T12:51:05.094+0000] {logging_mixin.py:188} INFO - [2026-08-13T12:51:05.093+0000] {dag.py:3036} INFO - Sync 2 DAGs
[2026-08-13T12:51:05.117+0000] {logging_mixin.py:188} INFO - [2026-08-13T12:51:05.116+0000] {dag.py:3823} INFO - Setting next_dagrun for example_xcom_args to None, run_after=None
[2026-08-13T12:51:05.124+0000] {logging_mixin.py:188} INFO - [2026-08-13T12:51:05.124+0000] {dag.py:3823} INFO - Setting next_dagrun for example_xcom_args_with_operators to None, run_after=None
[2026-08-13T12:51:05.153+0000] {processor.py:183} INFO - Processing /home/airflow/.local/lib/python3.8/site-packages/airflow/example_dags/example_xcomargs.py took 0.122 seconds
[2026-08-13T12:51:36.249+0000] {processor.py:161} INFO - Started process (PID=732) to work on /home/airflow/.local/lib/python3.8/site-packages/airflow/example_dags/example_xcomargs.py
[2026-08-13T12:51:36.252+0000] {processor.py:830} INFO - Processing file /home/airflow/.local/lib/python3.8/site-packages/airflow/example_dags/example_xcomargs.py for tasks to queue
[2026-08-13T12:51:36.257+0000] {logging_mixin.py:188} INFO - [2026-08-13T12:51:36.256+0000] {dagbag.py:538} INFO - Filling up the DagBag from /home/airflow/.local/lib/python3.8/site-packages/airflow/example_dags/example_xcomargs.py
[2026-08-13T12:51:36.299+0000] {processor.py:840} INFO - DAG(s) 'example_xcom_args_with_operators', 'example_xcom_args' retrieved from /home/airflow/.local/lib/python3.8/site-packages/airflow/example_dags/example_xcomargs.py
[2026-08-13T12:51:36.359+0000] {logging_mixin.py:188} INFO - [2026-08-13T12:51:36.358+0000] {dag.py:3036} INFO - Sync 2 DAGs
[2026-08-13T12:51:36.395+0000] {logging_mixin.py:188} INFO - [2026-08-13T12:51:36.394+0000] {dag.py:3823} INFO - Setting next_dagrun for example_xcom_args to None, run_after=None
[2026-08-13T12:51:36.403+0000] {logging_mixin.py:188} INFO - [2026-08-13T12:51:36.402+0000] {dag.py:3823} INFO - Setting next_dagrun for example_xcom_args_with_operators to None, run_after=None
[2026-08-13T12:51:36.455+0000] {processor.py:183} INFO - Processing /home/airflow/.local/lib/python3.8/site-packages/airflow/example_dags/example_xcomargs.py took 0.215 seconds
[2026-08-13T12:52:08.054+0000] {processor.py:161} INFO - Started process (PID=791) to work on /home/airflow/.local/lib/python3.8/site-packages/airflow/example_dags/example_xcomargs.py
[2026-08-13T12:52:08.057+0000] {processor.py:830} INFO - Processing file /home/airflow/.local/lib/python3.8/site-packages/airflow/example_dags/example_xcomargs.py for tasks to queue
[2026-08-13T12:52:08.063+0000] {logging_mixin.py:188} INFO - [2026-08-13T12:52:08.062+0000] {dagbag.py:538} INFO - Filling up the DagBag from /home/airflow/.local/lib/python3.8/site-packages/airflow/example_dags/example_xcomargs.py
[2026-08-13T12:52:08.082+0000] {processor.py:840} INFO - DAG(s) 'example_xcom_args', 'example_xcom_args_with_operators' retrieved from /home/airflow/.local/lib/python3.8/site-packages/airflow/example_dags/example_xcomargs.py
[2026-08-13T12:52:08.119+0000] {logging_mixin.py:188} INFO - [2026-08-13T12:52:08.119+0000] {dag.py:3036} INFO - Sync 2 DAGs
[2026-08-13T12:52:08.136+0000] {logging_mixin.py:188} INFO - [2026-08-13T12:52:08.135+0000] {dag.py:3823} INFO - Setting next_dagrun for example_xcom_args to None, run_after=None
[2026-08-13T12:52:08.143+0000] {logging_mixin.py:188} INFO - [2026-08-13T12:52:08.143+0000] {dag.py:3823} INFO - Setting next_dagrun for example_xcom_args_with_operators to None, run_after=None
[2026-08-13T12:52:08.169+0000] {processor.py:183} INFO - Processing /home/airflow/.local/lib/python3.8/site-packages/airflow/example_dags/example_xcomargs.py took 0.120 seconds
[2026-08-13T12:52:38.427+0000] {processor.py:161} INFO - Started process (PID=846) to work on /home/airflow/.local/lib/python3.8/site-packages/airflow/example_dags/example_xcomargs.py
[2026-08-13T12:52:38.430+0000] {processor.py:830} INFO - Processing file /home/airflow/.local/lib/python3.8/site-packages/airflow/example_dags/example_xcomargs.py for tasks to queue
[2026-08-13T12:52:38.434+0000] {logging_mixin.py:188} INFO - [2026-08-13T12:52:38.434+0000] {dagbag.py:538} INFO - Filling up the DagBag from /home/airflow/.local/lib/python3.8/site-packages/airflow/example_dags/example_xcomargs.py
[2026-08-13T12:52:38.461+0000] {processor.py:840} INFO - DAG(s) 'example_xcom_args', 'example_xcom_args_with_operators' retrieved from /home/airflow/.local/lib/python3.8/site-packages/airflow/example_dags/example_xcomargs.py
[2026-08-13T12:52:38.518+0000] {logging_mixin.py:188} INFO - [2026-08-13T12:52:38.518+0000] {dag.py:3036} INFO - Sync 2 DAGs
[2026-08-13T12:52:38.547+0000] {logging_mixin.py:188} INFO - [2026-08-13T12:52:38.547+0000] {dag.py:3823} INFO - Setting next_dagrun for example_xcom_args to None, run_after=None
[2026-08-13T12:52:38.557+0000] {logging_mixin.py:188} INFO - [2026-08-13T12:52:38.556+0000] {dag.py:3823} INFO - Setting next_dagrun for example_xcom_args_with_operators to None, run_after=None
[2026-08-13T12:52:38.609+0000] {processor.py:183} INFO - Processing /home/airflow/.local/lib/python3.8/site-packages/airflow/example_dags/example_xcomargs.py took 0.190 seconds
[2026-08-13T12:53:08.750+0000] {processor.py:161} INFO - Started process (PID=901) to work on /home/airflow/.local/lib/python3.8/site-packages/airflow/example_dags/example_xcomargs.py
[2026-08-13T12:53:08.752+0000] {processor.py:830} INFO - Processing file /home/airflow/.local/lib/python3.8/site-packages/airflow/example_dags/example_xcomargs.py for tasks to queue
[2026-08-13T12:53:08.756+0000] {logging_mixin.py:188} INFO - [2026-08-13T12:53:08.755+0000] {dagbag.py:538} INFO - Filling up the DagBag from /home/airflow/.local/lib/python3.8/site-packages/airflow/example_dags/example_xcomargs.py
[2026-08-13T12:53:08.768+0000] {processor.py:840} INFO - DAG(s) 'example_xcom_args_with_operators', 'example_xcom_args' retrieved from /home/airflow/.local/lib/python3.8/site-packages/airflow/example_dags/example_xcomargs.py
[2026-08-13T12:53:08.800+0000] {logging_mixin.py:188} INFO - [2026-08-13T12:53:08.799+0000] {dag.py:3036} INFO - Sync 2 DAGs
[2026-08-13T12:53:08.818+0000] {logging_mixin.py:188} INFO - [2026-08-13T12:53:08.818+0000] {dag.py:3823} INFO - Setting next_dagrun for example_xcom_args to None, run_after=None
[2026-08-13T12:53:08.823+0000] {logging_mixin.py:188} INFO - [2026-08-13T12:53:08.823+0000] {dag.py:3823} INFO - Setting next_dagrun for example_xcom_args_with_operators to None, run_after=None
[2026-08-13T12:53:08.855+0000] {processor.py:183} INFO - Processing /home/airflow/.local/lib/python3.8/site-packages/airflow/example_dags/example_xcomargs.py took 0.110 seconds
[2026-08-13T12:53:43.225+0000] {processor.py:161} INFO - Started process (PID=956) to work on /home/airflow/.local/lib/python3.8/site-packages/airflow/example_dags/example_xcomargs.py
[2026-08-13T12:53:43.228+0000] {processor.py:830} INFO - Processing file /home/airflow/.local/lib/python3.8/site-packages/airflow/example_dags/example_xcomargs.py for tasks to queue
[2026-08-13T12:53:43.233+0000] {logging_mixin.py:188} INFO - [2026-08-13T12:53:43.232+0000] {dagbag.py:538} INFO - Filling up the DagBag from /home/airflow/.local/lib/python3.8/site-packages/airflow/example_dags/example_xcomargs.py
[2026-08-13T12:53:43.249+0000] {processor.py:840} INFO - DAG(s) 'example_xcom_args_with_operators', 'example_xcom_args' retrieved from /home/airflow/.local/lib/python3.8/site-packages/airflow/example_dags/example_xcomargs.py
[2026-08-13T12:53:43.297+0000] {logging_mixin.py:188} INFO - [2026-08-13T12:53:43.296+0000] {dag.py:3036} INFO - Sync 2 DAGs
[2026-08-13T12:53:43.319+0000] {logging_mixin.py:188} INFO - [2026-08-13T12:53:43.319+0000] {dag.py:3823} INFO - Setting next_dagrun for example_xcom_args to None, run_after=None
[2026-08-13T12:53:43.325+0000] {logging_mixin.py:188} INFO - [2026-08-13T12:53:43.325+0000] {dag.py:3823} INFO - Setting next_dagrun for example_xcom_args_with_operators to None, run_after=None
[2026-08-13T12:53:43.351+0000] {processor.py:183} INFO - Processing /home/airflow/.local/lib/python3.8/site-packages/airflow/example_dags/example_xcomargs.py took 0.135 seconds
[2026-08-13T12:54:13.719+0000] {processor.py:161} INFO - Started process (PID=1012) to work on /home/airflow/.local/lib/python3.8/site-packages/airflow/example_dags/example_xcomargs.py
[2026-08-13T12:54:13.723+0000] {processor.py:830} INFO - Processing file /home/airflow/.local/lib/python3.8/site-packages/airflow/example_dags/example_xcomargs.py for tasks to queue
[2026-08-13T12:54:13.728+0000] {logging_mixin.py:188} INFO - [2026-08-13T12:54:13.727+0000] {dagbag.py:538} INFO - Filling up the DagBag from /home/airflow/.local/lib/python3.8/site-packages/airflow/example_dags/example_xcomargs.py
[2026-08-13T12:54:13.748+0000] {processor.py:840} INFO - DAG(s) 'example_xcom_args_with_operators', 'example_xcom_args' retrieved from /home/airflow/.local/lib/python3.8/site-packages/airflow/example_dags/example_xcomargs.py
[2026-08-13T12:54:13.790+0000] {logging_mixin.py:188} INFO - [2026-08-13T12:54:13.790+0000] {dag.py:3036} INFO - Sync 2 DAGs
[2026-08-13T12:54:13.815+0000] {logging_mixin.py:188} INFO - [2026-08-13T12:54:13.815+0000] {dag.py:3823} INFO - Setting next_dagrun for example_xcom_args to None, run_after=None
[2026-08-13T12:54:13.824+0000] {logging_mixin.py:188} INFO - [2026-08-13T12:54:13.824+0000] {dag.py:3823} INFO - Setting next_dagrun for example_xcom_args_with_operators to None, run_after=None
[2026-08-13T12:54:13.876+0000] {processor.py:183} INFO - Processing /home/airflow/.local/lib/python3.8/site-packages/airflow/example_dags/example_xcomargs.py took 0.164 seconds
[2026-08-13T12:54:44.821+0000] {processor.py:161} INFO - Started process (PID=1067) to work on /home/airflow/.local/lib/python3.8/site-packages/airflow/example_dags/example_xcomargs.py
[2026-08-13T12:54:44.824+0000] {processor.py:830} INFO - Processing file /home/airflow/.local/lib/python3.8/site-packages/airflow/example_dags/example_xcomargs.py for tasks to queue
[2026-08-13T12:54:44.828+0000] {logging_mixin.py:188} INFO - [2026-08-13T12:54:44.827+0000] {dagbag.py:538} INFO - Filling up the DagBag from /home/airflow/.local/lib/python3.8/site-packages/airflow/example_dags/example_xcomargs.py
[2026-08-13T12:54:44.843+0000] {processor.py:840} INFO - DAG(s) 'example_xcom_args_with_operators', 'example_xcom_args' retrieved from /home/airflow/.local/lib/python3.8/site-packages/airflow/example_dags/example_xcomargs.py
[2026-08-13T12:54:44.884+0000] {logging_mixin.py:188} INFO - [2026-08-13T12:54:44.883+0000] {dag.py:3036} INFO - Sync 2 DAGs
[2026-08-13T12:54:44.906+0000] {logging_mixin.py:188} INFO - [2026-08-13T12:54:44.905+0000] {dag.py:3823} INFO - Setting next_dagrun for example_xcom_args to None, run_after=None
[2026-08-13T12:54:44.912+0000] {logging_mixin.py:188} INFO - [2026-08-13T12:54:44.912+0000] {dag.py:3823} INFO - Setting next_dagrun for example_xcom_args_with_operators to None, run_after=None
[2026-08-13T12:54:44.947+0000] {processor.py:183} INFO - Processing /home/airflow/.local/lib/python3.8/site-packages/airflow/example_dags/example_xcomargs.py took 0.131 seconds
[2026-08-13T12:55:15.187+0000] {processor.py:161} INFO - Started process (PID=1120) to work on /home/airflow/.local/lib/python3.8/site-packages/airflow/example_dags/example_xcomargs.py
[2026-08-13T12:55:15.188+0000] {processor.py:830} INFO - Processing file /home/airflow/.local/lib/python3.8/site-packages/airflow/example_dags/example_xcomargs.py for tasks to queue
[2026-08-13T12:55:15.192+0000] {logging_mixin.py:188} INFO - [2026-08-13T12:55:15.191+0000] {dagbag.py:538} INFO - Filling up the DagBag from /home/airflow/.local/lib/python3.8/site-packages/airflow/example_dags/example_xcomargs.py
[2026-08-13T12:55:15.202+0000] {processor.py:840} INFO - DAG(s) 'example_xcom_args_with_operators', 'example_xcom_args' retrieved from /home/airflow/.local/lib/python3.8/site-packages/airflow/example_dags/example_xcomargs.py
[2026-08-13T12:55:15.233+0000] {logging_mixin.py:188} INFO - [2026-08-13T12:55:15.233+0000] {dag.py:3036} INFO - Sync 2 DAGs
[2026-08-13T12:55:15.250+0000] {logging_mixin.py:188} INFO - [2026-08-13T12:55:15.250+0000] {dag.py:3823} INFO - Setting next_dagrun for example_xcom_args to None, run_after=None
[2026-08-13T12:55:15.257+0000] {logging_mixin.py:188} INFO - [2026-08-13T12:55:15.257+0000] {dag.py:3823} INFO - Setting next_dagrun for example_xcom_args_with_operators to None, run_after=None
[2026-08-13T12:55:15.288+0000] {processor.py:183} INFO - Processing /home/airflow/.local/lib/python3.8/site-packages/airflow/example_dags/example_xcomargs.py took 0.106 seconds
[2026-08-13T12:55:46.311+0000] {processor.py:161} INFO - Started process (PID=1175) to work on /home/airflow/.local/lib/python3.8/site-packages/airflow/example_dags/example_xcomargs.py
[2026-08-13T12:55:46.314+0000] {processor.py:830} INFO - Processing file /home/airflow/.local/lib/python3.8/site-packages/airflow/example_dags/example_xcomargs.py for tasks to queue
[2026-08-13T12:55:46.317+0000] {logging_mixin.py:188} INFO - [2026-08-13T12:55:46.316+0000] {dagbag.py:538} INFO - Filling up the DagBag from /home/airflow/.local/lib/python3.8/site-packages/airflow/example_dags/example_xcomargs.py
[2026-08-13T12:55:46.331+0000] {processor.py:840} INFO - DAG(s) 'example_xcom_args_with_operators', 'example_xcom_args' retrieved from /home/airflow/.local/lib/python3.8/site-packages/airflow/example_dags/example_xcomargs.py
[2026-08-13T12:55:46.375+0000] {logging_mixin.py:188} INFO - [2026-08-13T12:55:46.374+0000] {dag.py:3036} INFO - Sync 2 DAGs
[2026-08-13T12:55:46.392+0000] {logging_mixin.py:188} INFO - [2026-08-13T12:55:46.392+0000] {dag.py:3823} INFO - Setting next_dagrun for example_xcom_args to None, run_after=None
[2026-08-13T12:55:46.399+0000] {logging_mixin.py:188} INFO - [2026-08-13T12:55:46.398+0000] {dag.py:3823} INFO - Setting next_dagrun for example_xcom_args_with_operators to None, run_after=None
[2026-08-13T12:55:46.446+0000] {processor.py:183} INFO - Processing /home/airflow/.local/lib/python3.8/site-packages/airflow/example_dags/example_xcomargs.py took 0.139 seconds
[2026-08-13T12:56:17.389+0000] {processor.py:161} INFO - Started process (PID=1230) to work on /home/airflow/.local/lib/python3.8/site-packages/airflow/example_dags/example_xcomargs.py
[2026-08-13T12:56:17.392+0000] {processor.py:830} INFO - Processing file /home/airflow/.local/lib/python3.8/site-packages/airflow/example_dags/example_xcomargs.py for tasks to queue
[2026-08-13T12:56:17.395+0000] {logging_mixin.py:188} INFO - [2026-08-13T12:56:17.395+0000] {dagbag.py:538} INFO - Filling up the DagBag from /home/airflow/.local/lib/python3.8/site-packages/airflow/example_dags/example_xcomargs.py
[2026-08-13T12:56:17.413+0000] {processor.py:840} INFO - DAG(s) 'example_xcom_args_with_operators', 'example_xcom_args' retrieved from /home/airflow/.local/lib/python3.8/site-packages/airflow/example_dags/example_xcomargs.py
[2026-08-13T12:56:17.474+0000] {logging_mixin.py:188} INFO - [2026-08-13T12:56:17.474+0000] {dag.py:3036} INFO - Sync 2 DAGs
[2026-08-13T12:56:17.499+0000] {logging_mixin.py:188} INFO - [2026-08-13T12:56:17.499+0000] {dag.py:3823} INFO - Setting next_dagrun for example_xcom_args to None, run_after=None
[2026-08-13T12:56:17.508+0000] {logging_mixin.py:188} INFO - [2026-08-13T12:56:17.507+0000] {dag.py:3823} INFO - Setting next_dagrun for example_xcom_args_with_operators to None, run_after=None
[2026-08-13T12:56:17.547+0000] {processor.py:183} INFO - Processing /home/airflow/.local/lib/python3.8/site-packages/airflow/example_dags/example_xcomargs.py took 0.167 seconds
[2026-08-13T12:56:47.831+0000] {processor.py:161} INFO - Started process (PID=1285) to work on /home/airflow/.local/lib/python3.8/site-packages/airflow/example_dags/example_xcomargs.py
[2026-08-13T12:56:47.833+0000] {processor.py:830} INFO - Processing file /home/airflow/.local/lib/python3.8/site-packages/airflow/example_dags/example_xcomargs.py for tasks to queue
[2026-08-13T12:56:47.838+0000] {logging_mixin.py:188} INFO - [2026-08-13T12:56:47.837+0000] {dagbag.py:538} INFO - Filling up the DagBag from /home/airflow/.local/lib/python3.8/site-packages/airflow/example_dags/example_xcomargs.py
[2026-08-13T12:56:47.851+0000] {processor.py:840} INFO - DAG(s) 'example_xcom_args_with_operators', 'example_xcom_args' retrieved from /home/airflow/.local/lib/python3.8/site-packages/airflow/example_dags/example_xcomargs.py
[2026-08-13T12:56:47.889+0000] {logging_mixin.py:188} INFO - [2026-08-13T12:56:47.889+0000] {dag.py:3036} INFO - Sync 2 DAGs
[2026-08-13T12:56:47.906+0000] {logging_mixin.py:188} INFO - [2026-08-13T12:56:47.906+0000] {dag.py:3823} INFO - Setting next_dagrun for example_xcom_args to None, run_after=None
[2026-08-13T12:56:47.912+0000] {logging_mixin.py:188} INFO - [2026-08-13T12:56:47.912+0000] {dag.py:3823} INFO - Setting next_dagrun for example_xcom_args_with_operators to None, run_after=None
[2026-08-13T12:56:47.940+0000] {processor.py:183} INFO - Processing /home/airflow/.local/lib/python3.8/site-packages/airflow/example_dags/example_xcomargs.py took 0.114 seconds
[2026-08-13T12:57:18.761+0000] {processor.py:161} INFO - Started process (PID=1340) to work on /home/airflow/.local/lib/python3.8/site-packages/airflow/example_dags/example_xcomargs.py
[2026-08-13T12:57:18.763+0000] {processor.py:830} INFO - Processing file /home/airflow/.local/lib/python3.8/site-packages/airflow/example_dags/example_xcomargs.py for tasks to queue
[2026-08-13T12:57:18.770+0000] {logging_mixin.py:188} INFO - [2026-08-13T12:57:18.768+0000] {dagbag.py:538} INFO - Filling up the DagBag from /home/airflow/.local/lib/python3.8/site-packages/airflow/example_dags/example_xcomargs.py
[2026-08-13T12:57:18.793+0000] {processor.py:840} INFO - DAG(s) 'example_xcom_args', 'example_xcom_args_with_operators' retrieved from /home/airflow/.local/lib/python3.8/site-packages/airflow/example_dags/example_xcomargs.py
[2026-08-13T12:57:18.843+0000] {logging_mixin.py:188} INFO - [2026-08-13T12:57:18.843+0000] {dag.py:3036} INFO - Sync 2 DAGs
[2026-08-13T12:57:18.864+0000] {logging_mixin.py:188} INFO - [2026-08-13T12:57:18.863+0000] {dag.py:3823} INFO - Setting next_dagrun for example_xcom_args to None, run_after=None
[2026-08-13T12:57:18.874+0000] {logging_mixin.py:188} INFO - [2026-08-13T12:57:18.874+0000] {dag.py:3823} INFO - Setting next_dagrun for example_xcom_args_with_operators to None, run_after=None
[2026-08-13T12:57:18.909+0000] {processor.py:183} INFO - Processing /home/airflow/.local/lib/python3.8/site-packages/airflow/example_dags/example_xcomargs.py took 0.156 seconds
