[2026-08-13T12:33:21.266+0000] {processor.py:161} INFO - Started process (PID=80) to work on /home/airflow/.local/lib/python3.8/site-packages/airflow/example_dags/example_nested_branch_dag.py
[2026-08-13T12:33:21.293+0000] {processor.py:830} INFO - Processing file /home/airflow/.local/lib/python3.8/site-packages/airflow/example_dags/example_nested_branch_dag.py for tasks to queue
[2026-08-13T12:33:21.353+0000] {logging_mixin.py:188} INFO - [2026-08-13T12:33:21.351+0000] {dagbag.py:538} INFO - Filling up the DagBag from /home/airflow/.local/lib/python3.8/site-packages/airflow/example_dags/example_nested_branch_dag.py
[2026-08-13T12:33:21.459+0000] {processor.py:840} INFO - DAG(s) 'example_nested_branch_dag' retrieved from /home/airflow/.local/lib/python3.8/site-packages/airflow/example_dags/example_nested_branch_dag.py
[2026-08-13T12:33:21.840+0000] {logging_mixin.py:188} INFO - [2026-08-13T12:33:21.839+0000] {dag.py:3036} INFO - Sync 1 DAGs
[2026-08-13T12:33:21.956+0000] {logging_mixin.py:188} INFO - [2026-08-13T12:33:21.955+0000] {dag.py:3823} INFO - Setting next_dagrun for example_nested_branch_dag to 2026-08-12 00:00:00+00:00, run_after=2026-08-13 00:00:00+00:00
[2026-08-13T12:33:22.039+0000] {processor.py:183} INFO - Processing /home/airflow/.local/lib/python3.8/site-packages/airflow/example_dags/example_nested_branch_dag.py took 0.859 seconds
[2026-08-13T12:33:52.165+0000] {processor.py:161} INFO - Started process (PID=135) to work on /home/airflow/.local/lib/python3.8/site-packages/airflow/example_dags/example_nested_branch_dag.py
[2026-08-13T12:33:52.168+0000] {processor.py:830} INFO - Processing file /home/airflow/.local/lib/python3.8/site-packages/airflow/example_dags/example_nested_branch_dag.py for tasks to queue
[2026-08-13T12:33:52.174+0000] {logging_mixin.py:188} INFO - [2026-08-13T12:33:52.174+0000] {dagbag.py:538} INFO - Filling up the DagBag from /home/airflow/.local/lib/python3.8/site-packages/airflow/example_dags/example_nested_branch_dag.py
[2026-08-13T12:33:52.200+0000] {processor.py:840} INFO - DAG(s) 'example_nested_branch_dag' retrieved from /home/airflow/.local/lib/python3.8/site-packages/airflow/example_dags/example_nested_branch_dag.py
[2026-08-13T12:33:52.267+0000] {logging_mixin.py:188} INFO - [2026-08-13T12:33:52.266+0000] {dag.py:3036} INFO - Sync 1 DAGs
[2026-08-13T12:33:52.351+0000] {logging_mixin.py:188} INFO - [2026-08-13T12:33:52.346+0000] {dag.py:3823} INFO - Setting next_dagrun for example_nested_branch_dag to 2026-08-12 00:00:00+00:00, run_after=2026-08-13 00:00:00+00:00
[2026-08-13T12:33:52.398+0000] {processor.py:183} INFO - Processing /home/airflow/.local/lib/python3.8/site-packages/airflow/example_dags/example_nested_branch_dag.py took 0.238 seconds
[2026-08-13T12:34:22.572+0000] {processor.py:161} INFO - Started process (PID=190) to work on /home/airflow/.local/lib/python3.8/site-packages/airflow/example_dags/example_nested_branch_dag.py
[2026-08-13T12:34:22.574+0000] {processor.py:830} INFO - Processing file /home/airflow/.local/lib/python3.8/site-packages/airflow/example_dags/example_nested_branch_dag.py for tasks to queue
[2026-08-13T12:34:22.580+0000] {logging_mixin.py:188} INFO - [2026-08-13T12:34:22.579+0000] {dagbag.py:538} INFO - Filling up the DagBag from /home/airflow/.local/lib/python3.8/site-packages/airflow/example_dags/example_nested_branch_dag.py
[2026-08-13T12:34:22.595+0000] {processor.py:840} INFO - DAG(s) 'example_nested_branch_dag' retrieved from /home/airflow/.local/lib/python3.8/site-packages/airflow/example_dags/example_nested_branch_dag.py
[2026-08-13T12:34:22.627+0000] {logging_mixin.py:188} INFO - [2026-08-13T12:34:22.626+0000] {dag.py:3036} INFO - Sync 1 DAGs
[2026-08-13T12:34:22.660+0000] {logging_mixin.py:188} INFO - [2026-08-13T12:34:22.660+0000] {dag.py:3823} INFO - Setting next_dagrun for example_nested_branch_dag to 2026-08-12 00:00:00+00:00, run_after=2026-08-13 00:00:00+00:00
[2026-08-13T12:34:22.685+0000] {processor.py:183} INFO - Processing /home/airflow/.local/lib/python3.8/site-packages/airflow/example_dags/example_nested_branch_dag.py took 0.118 seconds
[2026-08-13T12:34:52.887+0000] {processor.py:161} INFO - Started process (PID=245) to work on /home/airflow/.local/lib/python3.8/site-packages/airflow/example_dags/example_nested_branch_dag.py
[2026-08-13T12:34:52.890+0000] {processor.py:830} INFO - Processing file /home/airflow/.local/lib/python3.8/site-packages/airflow/example_dags/example_nested_branch_dag.py for tasks to queue
[2026-08-13T12:34:52.896+0000] {logging_mixin.py:188} INFO - [2026-08-13T12:34:52.895+0000] {dagbag.py:538} INFO - Filling up the DagBag from /home/airflow/.local/lib/python3.8/site-packages/airflow/example_dags/example_nested_branch_dag.py
[2026-08-13T12:34:52.913+0000] {processor.py:840} INFO - DAG(s) 'example_nested_branch_dag' retrieved from /home/airflow/.local/lib/python3.8/site-packages/airflow/example_dags/example_nested_branch_dag.py
[2026-08-13T12:34:52.965+0000] {logging_mixin.py:188} INFO - [2026-08-13T12:34:52.964+0000] {dag.py:3036} INFO - Sync 1 DAGs
[2026-08-13T12:34:53.004+0000] {logging_mixin.py:188} INFO - [2026-08-13T12:34:53.003+0000] {dag.py:3823} INFO - Setting next_dagrun for example_nested_branch_dag to 2026-08-12 00:00:00+00:00, run_after=2026-08-13 00:00:00+00:00
[2026-08-13T12:34:53.029+0000] {processor.py:183} INFO - Processing /home/airflow/.local/lib/python3.8/site-packages/airflow/example_dags/example_nested_branch_dag.py took 0.148 seconds
[2026-08-13T12:35:24.091+0000] {processor.py:161} INFO - Started process (PID=300) to work on /home/airflow/.local/lib/python3.8/site-packages/airflow/example_dags/example_nested_branch_dag.py
[2026-08-13T12:35:24.094+0000] {processor.py:830} INFO - Processing file /home/airflow/.local/lib/python3.8/site-packages/airflow/example_dags/example_nested_branch_dag.py for tasks to queue
[2026-08-13T12:35:24.098+0000] {logging_mixin.py:188} INFO - [2026-08-13T12:35:24.097+0000] {dagbag.py:538} INFO - Filling up the DagBag from /home/airflow/.local/lib/python3.8/site-packages/airflow/example_dags/example_nested_branch_dag.py
[2026-08-13T12:35:24.121+0000] {processor.py:840} INFO - DAG(s) 'example_nested_branch_dag' retrieved from /home/airflow/.local/lib/python3.8/site-packages/airflow/example_dags/example_nested_branch_dag.py
[2026-08-13T12:35:24.158+0000] {logging_mixin.py:188} INFO - [2026-08-13T12:35:24.158+0000] {dag.py:3036} INFO - Sync 1 DAGs
[2026-08-13T12:35:24.198+0000] {logging_mixin.py:188} INFO - [2026-08-13T12:35:24.198+0000] {dag.py:3823} INFO - Setting next_dagrun for example_nested_branch_dag to 2026-08-12 00:00:00+00:00, run_after=2026-08-13 00:00:00+00:00
[2026-08-13T12:35:24.244+0000] {processor.py:183} INFO - Processing /home/airflow/.local/lib/python3.8/site-packages/airflow/example_dags/example_nested_branch_dag.py took 0.162 seconds
[2026-08-13T12:35:55.249+0000] {processor.py:161} INFO - Started process (PID=355) to work on /home/airflow/.local/lib/python3.8/site-packages/airflow/example_dags/example_nested_branch_dag.py
[2026-08-13T12:35:55.251+0000] {processor.py:830} INFO - Processing file /home/airflow/.local/lib/python3.8/site-packages/airflow/example_dags/example_nested_branch_dag.py for tasks to queue
[2026-08-13T12:35:55.254+0000] {logging_mixin.py:188} INFO - [2026-08-13T12:35:55.253+0000] {dagbag.py:538} INFO - Filling up the DagBag from /home/airflow/.local/lib/python3.8/site-packages/airflow/example_dags/example_nested_branch_dag.py
[2026-08-13T12:35:55.266+0000] {processor.py:840} INFO - DAG(s) 'example_nested_branch_dag' retrieved from /home/airflow/.local/lib/python3.8/site-packages/airflow/example_dags/example_nested_branch_dag.py
[2026-08-13T12:35:55.295+0000] {logging_mixin.py:188} INFO - [2026-08-13T12:35:55.294+0000] {dag.py:3036} INFO - Sync 1 DAGs
[2026-08-13T12:35:55.323+0000] {logging_mixin.py:188} INFO - [2026-08-13T12:35:55.323+0000] {dag.py:3823} INFO - Setting next_dagrun for example_nested_branch_dag to 2026-08-12 00:00:00+00:00, run_after=2026-08-13 00:00:00+00:00
[2026-08-13T12:35:55.348+0000] {processor.py:183} INFO - Processing /home/airflow/.local/lib/python3.8/site-packages/airflow/example_dags/example_nested_branch_dag.py took 0.104 seconds
[2026-08-13T12:36:25.479+0000] {processor.py:161} INFO - Started process (PID=410) to work on /home/airflow/.local/lib/python3.8/site-packages/airflow/example_dags/example_nested_branch_dag.py
[2026-08-13T12:36:25.481+0000] {processor.py:830} INFO - Processing file /home/airflow/.local/lib/python3.8/site-packages/airflow/example_dags/example_nested_branch_dag.py for tasks to queue
[2026-08-13T12:36:25.485+0000] {logging_mixin.py:188} INFO - [2026-08-13T12:36:25.485+0000] {dagbag.py:538} INFO - Filling up the DagBag from /home/airflow/.local/lib/python3.8/site-packages/airflow/example_dags/example_nested_branch_dag.py
[2026-08-13T12:36:25.500+0000] {processor.py:840} INFO - DAG(s) 'example_nested_branch_dag' retrieved from /home/airflow/.local/lib/python3.8/site-packages/airflow/example_dags/example_nested_branch_dag.py
[2026-08-13T12:36:25.533+0000] {logging_mixin.py:188} INFO - [2026-08-13T12:36:25.533+0000] {dag.py:3036} INFO - Sync 1 DAGs
[2026-08-13T12:36:25.570+0000] {logging_mixin.py:188} INFO - [2026-08-13T12:36:25.570+0000] {dag.py:3823} INFO - Setting next_dagrun for example_nested_branch_dag to 2026-08-12 00:00:00+00:00, run_after=2026-08-13 00:00:00+00:00
[2026-08-13T12:36:25.614+0000] {processor.py:183} INFO - Processing /home/airflow/.local/lib/python3.8/site-packages/airflow/example_dags/example_nested_branch_dag.py took 0.142 seconds
[2026-08-13T12:41:20.077+0000] {processor.py:161} INFO - Started process (PID=102) to work on /home/airflow/.local/lib/python3.8/site-packages/airflow/example_dags/example_nested_branch_dag.py
[2026-08-13T12:41:20.175+0000] {processor.py:830} INFO - Processing file /home/airflow/.local/lib/python3.8/site-packages/airflow/example_dags/example_nested_branch_dag.py for tasks to queue
[2026-08-13T12:41:20.371+0000] {logging_mixin.py:188} INFO - [2026-08-13T12:41:20.346+0000] {dagbag.py:538} INFO - Filling up the DagBag from /home/airflow/.local/lib/python3.8/site-packages/airflow/example_dags/example_nested_branch_dag.py
[2026-08-13T12:41:21.474+0000] {processor.py:840} INFO - DAG(s) 'example_nested_branch_dag' retrieved from /home/airflow/.local/lib/python3.8/site-packages/airflow/example_dags/example_nested_branch_dag.py
[2026-08-13T12:41:23.452+0000] {logging_mixin.py:188} INFO - [2026-08-13T12:41:23.449+0000] {dag.py:3036} INFO - Sync 1 DAGs
[2026-08-13T12:41:23.592+0000] {logging_mixin.py:188} INFO - [2026-08-13T12:41:23.591+0000] {dag.py:3823} INFO - Setting next_dagrun for example_nested_branch_dag to 2026-08-12 00:00:00+00:00, run_after=2026-08-13 00:00:00+00:00
[2026-08-13T12:41:23.827+0000] {processor.py:183} INFO - Processing /home/airflow/.local/lib/python3.8/site-packages/airflow/example_dags/example_nested_branch_dag.py took 4.175 seconds
[2026-08-13T12:42:04.160+0000] {processor.py:161} INFO - Started process (PID=157) to work on /home/airflow/.local/lib/python3.8/site-packages/airflow/example_dags/example_nested_branch_dag.py
[2026-08-13T12:42:04.165+0000] {processor.py:830} INFO - Processing file /home/airflow/.local/lib/python3.8/site-packages/airflow/example_dags/example_nested_branch_dag.py for tasks to queue
[2026-08-13T12:42:04.172+0000] {logging_mixin.py:188} INFO - [2026-08-13T12:42:04.171+0000] {dagbag.py:538} INFO - Filling up the DagBag from /home/airflow/.local/lib/python3.8/site-packages/airflow/example_dags/example_nested_branch_dag.py
[2026-08-13T12:42:04.237+0000] {processor.py:840} INFO - DAG(s) 'example_nested_branch_dag' retrieved from /home/airflow/.local/lib/python3.8/site-packages/airflow/example_dags/example_nested_branch_dag.py
[2026-08-13T12:42:04.706+0000] {logging_mixin.py:188} INFO - [2026-08-13T12:42:04.706+0000] {dag.py:3036} INFO - Sync 1 DAGs
[2026-08-13T12:42:04.808+0000] {logging_mixin.py:188} INFO - [2026-08-13T12:42:04.808+0000] {dag.py:3823} INFO - Setting next_dagrun for example_nested_branch_dag to 2026-08-12 00:00:00+00:00, run_after=2026-08-13 00:00:00+00:00
[2026-08-13T12:42:04.893+0000] {processor.py:183} INFO - Processing /home/airflow/.local/lib/python3.8/site-packages/airflow/example_dags/example_nested_branch_dag.py took 0.751 seconds
[2026-08-13T12:42:38.600+0000] {processor.py:161} INFO - Started process (PID=211) to work on /home/airflow/.local/lib/python3.8/site-packages/airflow/example_dags/example_nested_branch_dag.py
[2026-08-13T12:42:38.603+0000] {processor.py:830} INFO - Processing file /home/airflow/.local/lib/python3.8/site-packages/airflow/example_dags/example_nested_branch_dag.py for tasks to queue
[2026-08-13T12:42:38.618+0000] {logging_mixin.py:188} INFO - [2026-08-13T12:42:38.617+0000] {dagbag.py:538} INFO - Filling up the DagBag from /home/airflow/.local/lib/python3.8/site-packages/airflow/example_dags/example_nested_branch_dag.py
[2026-08-13T12:42:38.694+0000] {processor.py:840} INFO - DAG(s) 'example_nested_branch_dag' retrieved from /home/airflow/.local/lib/python3.8/site-packages/airflow/example_dags/example_nested_branch_dag.py
[2026-08-13T12:42:38.933+0000] {logging_mixin.py:188} INFO - [2026-08-13T12:42:38.932+0000] {dag.py:3036} INFO - Sync 1 DAGs
[2026-08-13T12:42:39.086+0000] {logging_mixin.py:188} INFO - [2026-08-13T12:42:39.086+0000] {dag.py:3823} INFO - Setting next_dagrun for example_nested_branch_dag to 2026-08-12 00:00:00+00:00, run_after=2026-08-13 00:00:00+00:00
[2026-08-13T12:42:39.164+0000] {processor.py:183} INFO - Processing /home/airflow/.local/lib/python3.8/site-packages/airflow/example_dags/example_nested_branch_dag.py took 0.579 seconds
[2026-08-13T12:45:26.158+0000] {processor.py:161} INFO - Started process (PID=83) to work on /home/airflow/.local/lib/python3.8/site-packages/airflow/example_dags/example_nested_branch_dag.py
[2026-08-13T12:45:26.175+0000] {processor.py:830} INFO - Processing file /home/airflow/.local/lib/python3.8/site-packages/airflow/example_dags/example_nested_branch_dag.py for tasks to queue
[2026-08-13T12:45:26.210+0000] {logging_mixin.py:188} INFO - [2026-08-13T12:45:26.202+0000] {dagbag.py:538} INFO - Filling up the DagBag from /home/airflow/.local/lib/python3.8/site-packages/airflow/example_dags/example_nested_branch_dag.py
[2026-08-13T12:45:26.398+0000] {processor.py:840} INFO - DAG(s) 'example_nested_branch_dag' retrieved from /home/airflow/.local/lib/python3.8/site-packages/airflow/example_dags/example_nested_branch_dag.py
[2026-08-13T12:45:30.014+0000] {logging_mixin.py:188} INFO - [2026-08-13T12:45:30.011+0000] {dag.py:3036} INFO - Sync 1 DAGs
[2026-08-13T12:45:30.342+0000] {logging_mixin.py:188} INFO - [2026-08-13T12:45:30.341+0000] {dag.py:3823} INFO - Setting next_dagrun for example_nested_branch_dag to 2026-08-12 00:00:00+00:00, run_after=2026-08-13 00:00:00+00:00
[2026-08-13T12:45:30.500+0000] {processor.py:183} INFO - Processing /home/airflow/.local/lib/python3.8/site-packages/airflow/example_dags/example_nested_branch_dag.py took 4.503 seconds
[2026-08-13T12:46:05.051+0000] {processor.py:161} INFO - Started process (PID=145) to work on /home/airflow/.local/lib/python3.8/site-packages/airflow/example_dags/example_nested_branch_dag.py
[2026-08-13T12:46:05.063+0000] {processor.py:830} INFO - Processing file /home/airflow/.local/lib/python3.8/site-packages/airflow/example_dags/example_nested_branch_dag.py for tasks to queue
[2026-08-13T12:46:05.081+0000] {logging_mixin.py:188} INFO - [2026-08-13T12:46:05.077+0000] {dagbag.py:538} INFO - Filling up the DagBag from /home/airflow/.local/lib/python3.8/site-packages/airflow/example_dags/example_nested_branch_dag.py
[2026-08-13T12:46:05.151+0000] {processor.py:840} INFO - DAG(s) 'example_nested_branch_dag' retrieved from /home/airflow/.local/lib/python3.8/site-packages/airflow/example_dags/example_nested_branch_dag.py
[2026-08-13T12:46:05.330+0000] {logging_mixin.py:188} INFO - [2026-08-13T12:46:05.327+0000] {dag.py:3036} INFO - Sync 1 DAGs
[2026-08-13T12:46:05.735+0000] {logging_mixin.py:188} INFO - [2026-08-13T12:46:05.722+0000] {dag.py:3823} INFO - Setting next_dagrun for example_nested_branch_dag to 2026-08-12 00:00:00+00:00, run_after=2026-08-13 00:00:00+00:00
[2026-08-13T12:46:06.270+0000] {processor.py:183} INFO - Processing /home/airflow/.local/lib/python3.8/site-packages/airflow/example_dags/example_nested_branch_dag.py took 1.240 seconds
[2026-08-13T12:46:37.274+0000] {processor.py:161} INFO - Started process (PID=198) to work on /home/airflow/.local/lib/python3.8/site-packages/airflow/example_dags/example_nested_branch_dag.py
[2026-08-13T12:46:37.277+0000] {processor.py:830} INFO - Processing file /home/airflow/.local/lib/python3.8/site-packages/airflow/example_dags/example_nested_branch_dag.py for tasks to queue
[2026-08-13T12:46:37.284+0000] {logging_mixin.py:188} INFO - [2026-08-13T12:46:37.283+0000] {dagbag.py:538} INFO - Filling up the DagBag from /home/airflow/.local/lib/python3.8/site-packages/airflow/example_dags/example_nested_branch_dag.py
[2026-08-13T12:46:37.325+0000] {processor.py:840} INFO - DAG(s) 'example_nested_branch_dag' retrieved from /home/airflow/.local/lib/python3.8/site-packages/airflow/example_dags/example_nested_branch_dag.py
[2026-08-13T12:46:37.402+0000] {logging_mixin.py:188} INFO - [2026-08-13T12:46:37.401+0000] {dag.py:3036} INFO - Sync 1 DAGs
[2026-08-13T12:46:37.488+0000] {logging_mixin.py:188} INFO - [2026-08-13T12:46:37.487+0000] {dag.py:3823} INFO - Setting next_dagrun for example_nested_branch_dag to 2026-08-12 00:00:00+00:00, run_after=2026-08-13 00:00:00+00:00
[2026-08-13T12:46:37.542+0000] {processor.py:183} INFO - Processing /home/airflow/.local/lib/python3.8/site-packages/airflow/example_dags/example_nested_branch_dag.py took 0.287 seconds
[2026-08-13T12:47:08.079+0000] {processor.py:161} INFO - Started process (PID=253) to work on /home/airflow/.local/lib/python3.8/site-packages/airflow/example_dags/example_nested_branch_dag.py
[2026-08-13T12:47:08.081+0000] {processor.py:830} INFO - Processing file /home/airflow/.local/lib/python3.8/site-packages/airflow/example_dags/example_nested_branch_dag.py for tasks to queue
[2026-08-13T12:47:08.085+0000] {logging_mixin.py:188} INFO - [2026-08-13T12:47:08.085+0000] {dagbag.py:538} INFO - Filling up the DagBag from /home/airflow/.local/lib/python3.8/site-packages/airflow/example_dags/example_nested_branch_dag.py
[2026-08-13T12:47:08.105+0000] {processor.py:840} INFO - DAG(s) 'example_nested_branch_dag' retrieved from /home/airflow/.local/lib/python3.8/site-packages/airflow/example_dags/example_nested_branch_dag.py
[2026-08-13T12:47:08.149+0000] {logging_mixin.py:188} INFO - [2026-08-13T12:47:08.148+0000] {dag.py:3036} INFO - Sync 1 DAGs
[2026-08-13T12:47:08.188+0000] {logging_mixin.py:188} INFO - [2026-08-13T12:47:08.188+0000] {dag.py:3823} INFO - Setting next_dagrun for example_nested_branch_dag to 2026-08-12 00:00:00+00:00, run_after=2026-08-13 00:00:00+00:00
[2026-08-13T12:47:08.229+0000] {processor.py:183} INFO - Processing /home/airflow/.local/lib/python3.8/site-packages/airflow/example_dags/example_nested_branch_dag.py took 0.156 seconds
[2026-08-13T12:47:38.479+0000] {processor.py:161} INFO - Started process (PID=308) to work on /home/airflow/.local/lib/python3.8/site-packages/airflow/example_dags/example_nested_branch_dag.py
[2026-08-13T12:47:38.484+0000] {processor.py:830} INFO - Processing file /home/airflow/.local/lib/python3.8/site-packages/airflow/example_dags/example_nested_branch_dag.py for tasks to queue
[2026-08-13T12:47:38.488+0000] {logging_mixin.py:188} INFO - [2026-08-13T12:47:38.487+0000] {dagbag.py:538} INFO - Filling up the DagBag from /home/airflow/.local/lib/python3.8/site-packages/airflow/example_dags/example_nested_branch_dag.py
[2026-08-13T12:47:38.510+0000] {processor.py:840} INFO - DAG(s) 'example_nested_branch_dag' retrieved from /home/airflow/.local/lib/python3.8/site-packages/airflow/example_dags/example_nested_branch_dag.py
[2026-08-13T12:47:38.557+0000] {logging_mixin.py:188} INFO - [2026-08-13T12:47:38.557+0000] {dag.py:3036} INFO - Sync 1 DAGs
[2026-08-13T12:47:38.604+0000] {logging_mixin.py:188} INFO - [2026-08-13T12:47:38.604+0000] {dag.py:3823} INFO - Setting next_dagrun for example_nested_branch_dag to 2026-08-12 00:00:00+00:00, run_after=2026-08-13 00:00:00+00:00
[2026-08-13T12:47:38.632+0000] {processor.py:183} INFO - Processing /home/airflow/.local/lib/python3.8/site-packages/airflow/example_dags/example_nested_branch_dag.py took 0.162 seconds
[2026-08-13T12:48:09.166+0000] {processor.py:161} INFO - Started process (PID=363) to work on /home/airflow/.local/lib/python3.8/site-packages/airflow/example_dags/example_nested_branch_dag.py
[2026-08-13T12:48:09.168+0000] {processor.py:830} INFO - Processing file /home/airflow/.local/lib/python3.8/site-packages/airflow/example_dags/example_nested_branch_dag.py for tasks to queue
[2026-08-13T12:48:09.175+0000] {logging_mixin.py:188} INFO - [2026-08-13T12:48:09.172+0000] {dagbag.py:538} INFO - Filling up the DagBag from /home/airflow/.local/lib/python3.8/site-packages/airflow/example_dags/example_nested_branch_dag.py
[2026-08-13T12:48:09.201+0000] {processor.py:840} INFO - DAG(s) 'example_nested_branch_dag' retrieved from /home/airflow/.local/lib/python3.8/site-packages/airflow/example_dags/example_nested_branch_dag.py
[2026-08-13T12:48:09.245+0000] {logging_mixin.py:188} INFO - [2026-08-13T12:48:09.245+0000] {dag.py:3036} INFO - Sync 1 DAGs
[2026-08-13T12:48:09.284+0000] {logging_mixin.py:188} INFO - [2026-08-13T12:48:09.284+0000] {dag.py:3823} INFO - Setting next_dagrun for example_nested_branch_dag to 2026-08-12 00:00:00+00:00, run_after=2026-08-13 00:00:00+00:00
[2026-08-13T12:48:09.329+0000] {processor.py:183} INFO - Processing /home/airflow/.local/lib/python3.8/site-packages/airflow/example_dags/example_nested_branch_dag.py took 0.169 seconds
[2026-08-13T12:48:40.093+0000] {processor.py:161} INFO - Started process (PID=419) to work on /home/airflow/.local/lib/python3.8/site-packages/airflow/example_dags/example_nested_branch_dag.py
[2026-08-13T12:48:40.095+0000] {processor.py:830} INFO - Processing file /home/airflow/.local/lib/python3.8/site-packages/airflow/example_dags/example_nested_branch_dag.py for tasks to queue
[2026-08-13T12:48:40.098+0000] {logging_mixin.py:188} INFO - [2026-08-13T12:48:40.098+0000] {dagbag.py:538} INFO - Filling up the DagBag from /home/airflow/.local/lib/python3.8/site-packages/airflow/example_dags/example_nested_branch_dag.py
[2026-08-13T12:48:40.115+0000] {processor.py:840} INFO - DAG(s) 'example_nested_branch_dag' retrieved from /home/airflow/.local/lib/python3.8/site-packages/airflow/example_dags/example_nested_branch_dag.py
[2026-08-13T12:48:40.179+0000] {logging_mixin.py:188} INFO - [2026-08-13T12:48:40.179+0000] {dag.py:3036} INFO - Sync 1 DAGs
[2026-08-13T12:48:40.232+0000] {logging_mixin.py:188} INFO - [2026-08-13T12:48:40.232+0000] {dag.py:3823} INFO - Setting next_dagrun for example_nested_branch_dag to 2026-08-12 00:00:00+00:00, run_after=2026-08-13 00:00:00+00:00
[2026-08-13T12:48:40.285+0000] {processor.py:183} INFO - Processing /home/airflow/.local/lib/python3.8/site-packages/airflow/example_dags/example_nested_branch_dag.py took 0.199 seconds
[2026-08-13T12:49:10.831+0000] {processor.py:161} INFO - Started process (PID=474) to work on /home/airflow/.local/lib/python3.8/site-packages/airflow/example_dags/example_nested_branch_dag.py
[2026-08-13T12:49:10.835+0000] {processor.py:830} INFO - Processing file /home/airflow/.local/lib/python3.8/site-packages/airflow/example_dags/example_nested_branch_dag.py for tasks to queue
[2026-08-13T12:49:10.848+0000] {logging_mixin.py:188} INFO - [2026-08-13T12:49:10.847+0000] {dagbag.py:538} INFO - Filling up the DagBag from /home/airflow/.local/lib/python3.8/site-packages/airflow/example_dags/example_nested_branch_dag.py
[2026-08-13T12:49:10.911+0000] {processor.py:840} INFO - DAG(s) 'example_nested_branch_dag' retrieved from /home/airflow/.local/lib/python3.8/site-packages/airflow/example_dags/example_nested_branch_dag.py
[2026-08-13T12:49:11.034+0000] {logging_mixin.py:188} INFO - [2026-08-13T12:49:11.033+0000] {dag.py:3036} INFO - Sync 1 DAGs
[2026-08-13T12:49:11.180+0000] {logging_mixin.py:188} INFO - [2026-08-13T12:49:11.179+0000] {dag.py:3823} INFO - Setting next_dagrun for example_nested_branch_dag to 2026-08-12 00:00:00+00:00, run_after=2026-08-13 00:00:00+00:00
[2026-08-13T12:49:11.263+0000] {processor.py:183} INFO - Processing /home/airflow/.local/lib/python3.8/site-packages/airflow/example_dags/example_nested_branch_dag.py took 0.449 seconds
[2026-08-13T12:49:42.661+0000] {processor.py:161} INFO - Started process (PID=529) to work on /home/airflow/.local/lib/python3.8/site-packages/airflow/example_dags/example_nested_branch_dag.py
[2026-08-13T12:49:42.671+0000] {processor.py:830} INFO - Processing file /home/airflow/.local/lib/python3.8/site-packages/airflow/example_dags/example_nested_branch_dag.py for tasks to queue
[2026-08-13T12:49:42.691+0000] {logging_mixin.py:188} INFO - [2026-08-13T12:49:42.689+0000] {dagbag.py:538} INFO - Filling up the DagBag from /home/airflow/.local/lib/python3.8/site-packages/airflow/example_dags/example_nested_branch_dag.py
[2026-08-13T12:49:42.804+0000] {processor.py:840} INFO - DAG(s) 'example_nested_branch_dag' retrieved from /home/airflow/.local/lib/python3.8/site-packages/airflow/example_dags/example_nested_branch_dag.py
[2026-08-13T12:49:43.044+0000] {logging_mixin.py:188} INFO - [2026-08-13T12:49:43.043+0000] {dag.py:3036} INFO - Sync 1 DAGs
[2026-08-13T12:49:43.292+0000] {logging_mixin.py:188} INFO - [2026-08-13T12:49:43.292+0000] {dag.py:3823} INFO - Setting next_dagrun for example_nested_branch_dag to 2026-08-12 00:00:00+00:00, run_after=2026-08-13 00:00:00+00:00
[2026-08-13T12:49:43.444+0000] {processor.py:183} INFO - Processing /home/airflow/.local/lib/python3.8/site-packages/airflow/example_dags/example_nested_branch_dag.py took 0.807 seconds
[2026-08-13T12:50:14.000+0000] {processor.py:161} INFO - Started process (PID=582) to work on /home/airflow/.local/lib/python3.8/site-packages/airflow/example_dags/example_nested_branch_dag.py
[2026-08-13T12:50:14.002+0000] {processor.py:830} INFO - Processing file /home/airflow/.local/lib/python3.8/site-packages/airflow/example_dags/example_nested_branch_dag.py for tasks to queue
[2026-08-13T12:50:14.005+0000] {logging_mixin.py:188} INFO - [2026-08-13T12:50:14.004+0000] {dagbag.py:538} INFO - Filling up the DagBag from /home/airflow/.local/lib/python3.8/site-packages/airflow/example_dags/example_nested_branch_dag.py
[2026-08-13T12:50:14.023+0000] {processor.py:840} INFO - DAG(s) 'example_nested_branch_dag' retrieved from /home/airflow/.local/lib/python3.8/site-packages/airflow/example_dags/example_nested_branch_dag.py
[2026-08-13T12:50:14.065+0000] {logging_mixin.py:188} INFO - [2026-08-13T12:50:14.063+0000] {dag.py:3036} INFO - Sync 1 DAGs
[2026-08-13T12:50:14.101+0000] {logging_mixin.py:188} INFO - [2026-08-13T12:50:14.100+0000] {dag.py:3823} INFO - Setting next_dagrun for example_nested_branch_dag to 2026-08-12 00:00:00+00:00, run_after=2026-08-13 00:00:00+00:00
[2026-08-13T12:50:14.131+0000] {processor.py:183} INFO - Processing /home/airflow/.local/lib/python3.8/site-packages/airflow/example_dags/example_nested_branch_dag.py took 0.136 seconds
[2026-08-13T12:50:44.349+0000] {processor.py:161} INFO - Started process (PID=637) to work on /home/airflow/.local/lib/python3.8/site-packages/airflow/example_dags/example_nested_branch_dag.py
[2026-08-13T12:50:44.351+0000] {processor.py:830} INFO - Processing file /home/airflow/.local/lib/python3.8/site-packages/airflow/example_dags/example_nested_branch_dag.py for tasks to queue
[2026-08-13T12:50:44.354+0000] {logging_mixin.py:188} INFO - [2026-08-13T12:50:44.354+0000] {dagbag.py:538} INFO - Filling up the DagBag from /home/airflow/.local/lib/python3.8/site-packages/airflow/example_dags/example_nested_branch_dag.py
[2026-08-13T12:50:44.366+0000] {processor.py:840} INFO - DAG(s) 'example_nested_branch_dag' retrieved from /home/airflow/.local/lib/python3.8/site-packages/airflow/example_dags/example_nested_branch_dag.py
[2026-08-13T12:50:44.393+0000] {logging_mixin.py:188} INFO - [2026-08-13T12:50:44.393+0000] {dag.py:3036} INFO - Sync 1 DAGs
[2026-08-13T12:50:44.422+0000] {logging_mixin.py:188} INFO - [2026-08-13T12:50:44.422+0000] {dag.py:3823} INFO - Setting next_dagrun for example_nested_branch_dag to 2026-08-12 00:00:00+00:00, run_after=2026-08-13 00:00:00+00:00
[2026-08-13T12:50:44.444+0000] {processor.py:183} INFO - Processing /home/airflow/.local/lib/python3.8/site-packages/airflow/example_dags/example_nested_branch_dag.py took 0.101 seconds
[2026-08-13T12:51:14.715+0000] {processor.py:161} INFO - Started process (PID=692) to work on /home/airflow/.local/lib/python3.8/site-packages/airflow/example_dags/example_nested_branch_dag.py
[2026-08-13T12:51:14.719+0000] {processor.py:830} INFO - Processing file /home/airflow/.local/lib/python3.8/site-packages/airflow/example_dags/example_nested_branch_dag.py for tasks to queue
[2026-08-13T12:51:14.725+0000] {logging_mixin.py:188} INFO - [2026-08-13T12:51:14.724+0000] {dagbag.py:538} INFO - Filling up the DagBag from /home/airflow/.local/lib/python3.8/site-packages/airflow/example_dags/example_nested_branch_dag.py
[2026-08-13T12:51:14.743+0000] {processor.py:840} INFO - DAG(s) 'example_nested_branch_dag' retrieved from /home/airflow/.local/lib/python3.8/site-packages/airflow/example_dags/example_nested_branch_dag.py
[2026-08-13T12:51:14.788+0000] {logging_mixin.py:188} INFO - [2026-08-13T12:51:14.787+0000] {dag.py:3036} INFO - Sync 1 DAGs
[2026-08-13T12:51:14.835+0000] {logging_mixin.py:188} INFO - [2026-08-13T12:51:14.834+0000] {dag.py:3823} INFO - Setting next_dagrun for example_nested_branch_dag to 2026-08-12 00:00:00+00:00, run_after=2026-08-13 00:00:00+00:00
[2026-08-13T12:51:14.883+0000] {processor.py:183} INFO - Processing /home/airflow/.local/lib/python3.8/site-packages/airflow/example_dags/example_nested_branch_dag.py took 0.174 seconds
[2026-08-13T12:51:45.048+0000] {processor.py:161} INFO - Started process (PID=747) to work on /home/airflow/.local/lib/python3.8/site-packages/airflow/example_dags/example_nested_branch_dag.py
[2026-08-13T12:51:45.052+0000] {processor.py:830} INFO - Processing file /home/airflow/.local/lib/python3.8/site-packages/airflow/example_dags/example_nested_branch_dag.py for tasks to queue
[2026-08-13T12:51:45.065+0000] {logging_mixin.py:188} INFO - [2026-08-13T12:51:45.064+0000] {dagbag.py:538} INFO - Filling up the DagBag from /home/airflow/.local/lib/python3.8/site-packages/airflow/example_dags/example_nested_branch_dag.py
[2026-08-13T12:51:45.125+0000] {processor.py:840} INFO - DAG(s) 'example_nested_branch_dag' retrieved from /home/airflow/.local/lib/python3.8/site-packages/airflow/example_dags/example_nested_branch_dag.py
[2026-08-13T12:51:45.240+0000] {logging_mixin.py:188} INFO - [2026-08-13T12:51:45.239+0000] {dag.py:3036} INFO - Sync 1 DAGs
[2026-08-13T12:51:45.351+0000] {logging_mixin.py:188} INFO - [2026-08-13T12:51:45.351+0000] {dag.py:3823} INFO - Setting next_dagrun for example_nested_branch_dag to 2026-08-12 00:00:00+00:00, run_after=2026-08-13 00:00:00+00:00
[2026-08-13T12:51:45.487+0000] {processor.py:183} INFO - Processing /home/airflow/.local/lib/python3.8/site-packages/airflow/example_dags/example_nested_branch_dag.py took 0.461 seconds
[2026-08-13T12:52:15.856+0000] {processor.py:161} INFO - Started process (PID=802) to work on /home/airflow/.local/lib/python3.8/site-packages/airflow/example_dags/example_nested_branch_dag.py
[2026-08-13T12:52:15.859+0000] {processor.py:830} INFO - Processing file /home/airflow/.local/lib/python3.8/site-packages/airflow/example_dags/example_nested_branch_dag.py for tasks to queue
[2026-08-13T12:52:15.873+0000] {logging_mixin.py:188} INFO - [2026-08-13T12:52:15.872+0000] {dagbag.py:538} INFO - Filling up the DagBag from /home/airflow/.local/lib/python3.8/site-packages/airflow/example_dags/example_nested_branch_dag.py
[2026-08-13T12:52:15.914+0000] {processor.py:840} INFO - DAG(s) 'example_nested_branch_dag' retrieved from /home/airflow/.local/lib/python3.8/site-packages/airflow/example_dags/example_nested_branch_dag.py
[2026-08-13T12:52:16.006+0000] {logging_mixin.py:188} INFO - [2026-08-13T12:52:16.004+0000] {dag.py:3036} INFO - Sync 1 DAGs
[2026-08-13T12:52:16.072+0000] {logging_mixin.py:188} INFO - [2026-08-13T12:52:16.071+0000] {dag.py:3823} INFO - Setting next_dagrun for example_nested_branch_dag to 2026-08-12 00:00:00+00:00, run_after=2026-08-13 00:00:00+00:00
[2026-08-13T12:52:16.129+0000] {processor.py:183} INFO - Processing /home/airflow/.local/lib/python3.8/site-packages/airflow/example_dags/example_nested_branch_dag.py took 0.292 seconds
[2026-08-13T12:52:46.895+0000] {processor.py:161} INFO - Started process (PID=857) to work on /home/airflow/.local/lib/python3.8/site-packages/airflow/example_dags/example_nested_branch_dag.py
[2026-08-13T12:52:46.897+0000] {processor.py:830} INFO - Processing file /home/airflow/.local/lib/python3.8/site-packages/airflow/example_dags/example_nested_branch_dag.py for tasks to queue
[2026-08-13T12:52:46.903+0000] {logging_mixin.py:188} INFO - [2026-08-13T12:52:46.902+0000] {dagbag.py:538} INFO - Filling up the DagBag from /home/airflow/.local/lib/python3.8/site-packages/airflow/example_dags/example_nested_branch_dag.py
[2026-08-13T12:52:46.933+0000] {processor.py:840} INFO - DAG(s) 'example_nested_branch_dag' retrieved from /home/airflow/.local/lib/python3.8/site-packages/airflow/example_dags/example_nested_branch_dag.py
[2026-08-13T12:52:46.978+0000] {logging_mixin.py:188} INFO - [2026-08-13T12:52:46.978+0000] {dag.py:3036} INFO - Sync 1 DAGs
[2026-08-13T12:52:47.019+0000] {logging_mixin.py:188} INFO - [2026-08-13T12:52:47.019+0000] {dag.py:3823} INFO - Setting next_dagrun for example_nested_branch_dag to 2026-08-12 00:00:00+00:00, run_after=2026-08-13 00:00:00+00:00
[2026-08-13T12:52:47.049+0000] {processor.py:183} INFO - Processing /home/airflow/.local/lib/python3.8/site-packages/airflow/example_dags/example_nested_branch_dag.py took 0.165 seconds
[2026-08-13T12:53:17.165+0000] {processor.py:161} INFO - Started process (PID=912) to work on /home/airflow/.local/lib/python3.8/site-packages/airflow/example_dags/example_nested_branch_dag.py
[2026-08-13T12:53:17.170+0000] {processor.py:830} INFO - Processing file /home/airflow/.local/lib/python3.8/site-packages/airflow/example_dags/example_nested_branch_dag.py for tasks to queue
[2026-08-13T12:53:17.176+0000] {logging_mixin.py:188} INFO - [2026-08-13T12:53:17.176+0000] {dagbag.py:538} INFO - Filling up the DagBag from /home/airflow/.local/lib/python3.8/site-packages/airflow/example_dags/example_nested_branch_dag.py
[2026-08-13T12:53:17.211+0000] {processor.py:840} INFO - DAG(s) 'example_nested_branch_dag' retrieved from /home/airflow/.local/lib/python3.8/site-packages/airflow/example_dags/example_nested_branch_dag.py
[2026-08-13T12:53:17.276+0000] {logging_mixin.py:188} INFO - [2026-08-13T12:53:17.275+0000] {dag.py:3036} INFO - Sync 1 DAGs
[2026-08-13T12:53:17.382+0000] {logging_mixin.py:188} INFO - [2026-08-13T12:53:17.382+0000] {dag.py:3823} INFO - Setting next_dagrun for example_nested_branch_dag to 2026-08-12 00:00:00+00:00, run_after=2026-08-13 00:00:00+00:00
[2026-08-13T12:53:17.490+0000] {processor.py:183} INFO - Processing /home/airflow/.local/lib/python3.8/site-packages/airflow/example_dags/example_nested_branch_dag.py took 0.334 seconds
[2026-08-13T12:53:48.307+0000] {processor.py:161} INFO - Started process (PID=967) to work on /home/airflow/.local/lib/python3.8/site-packages/airflow/example_dags/example_nested_branch_dag.py
[2026-08-13T12:53:48.309+0000] {processor.py:830} INFO - Processing file /home/airflow/.local/lib/python3.8/site-packages/airflow/example_dags/example_nested_branch_dag.py for tasks to queue
[2026-08-13T12:53:48.313+0000] {logging_mixin.py:188} INFO - [2026-08-13T12:53:48.312+0000] {dagbag.py:538} INFO - Filling up the DagBag from /home/airflow/.local/lib/python3.8/site-packages/airflow/example_dags/example_nested_branch_dag.py
[2026-08-13T12:53:48.328+0000] {processor.py:840} INFO - DAG(s) 'example_nested_branch_dag' retrieved from /home/airflow/.local/lib/python3.8/site-packages/airflow/example_dags/example_nested_branch_dag.py
[2026-08-13T12:53:48.363+0000] {logging_mixin.py:188} INFO - [2026-08-13T12:53:48.363+0000] {dag.py:3036} INFO - Sync 1 DAGs
[2026-08-13T12:53:48.405+0000] {logging_mixin.py:188} INFO - [2026-08-13T12:53:48.405+0000] {dag.py:3823} INFO - Setting next_dagrun for example_nested_branch_dag to 2026-08-12 00:00:00+00:00, run_after=2026-08-13 00:00:00+00:00
[2026-08-13T12:53:48.466+0000] {processor.py:183} INFO - Processing /home/airflow/.local/lib/python3.8/site-packages/airflow/example_dags/example_nested_branch_dag.py took 0.163 seconds
[2026-08-13T12:54:18.820+0000] {processor.py:161} INFO - Started process (PID=1022) to work on /home/airflow/.local/lib/python3.8/site-packages/airflow/example_dags/example_nested_branch_dag.py
[2026-08-13T12:54:18.824+0000] {processor.py:830} INFO - Processing file /home/airflow/.local/lib/python3.8/site-packages/airflow/example_dags/example_nested_branch_dag.py for tasks to queue
[2026-08-13T12:54:18.827+0000] {logging_mixin.py:188} INFO - [2026-08-13T12:54:18.827+0000] {dagbag.py:538} INFO - Filling up the DagBag from /home/airflow/.local/lib/python3.8/site-packages/airflow/example_dags/example_nested_branch_dag.py
[2026-08-13T12:54:18.850+0000] {processor.py:840} INFO - DAG(s) 'example_nested_branch_dag' retrieved from /home/airflow/.local/lib/python3.8/site-packages/airflow/example_dags/example_nested_branch_dag.py
[2026-08-13T12:54:18.902+0000] {logging_mixin.py:188} INFO - [2026-08-13T12:54:18.902+0000] {dag.py:3036} INFO - Sync 1 DAGs
[2026-08-13T12:54:18.940+0000] {logging_mixin.py:188} INFO - [2026-08-13T12:54:18.937+0000] {dag.py:3823} INFO - Setting next_dagrun for example_nested_branch_dag to 2026-08-12 00:00:00+00:00, run_after=2026-08-13 00:00:00+00:00
[2026-08-13T12:54:18.967+0000] {processor.py:183} INFO - Processing /home/airflow/.local/lib/python3.8/site-packages/airflow/example_dags/example_nested_branch_dag.py took 0.155 seconds
[2026-08-13T12:54:49.076+0000] {processor.py:161} INFO - Started process (PID=1077) to work on /home/airflow/.local/lib/python3.8/site-packages/airflow/example_dags/example_nested_branch_dag.py
[2026-08-13T12:54:49.080+0000] {processor.py:830} INFO - Processing file /home/airflow/.local/lib/python3.8/site-packages/airflow/example_dags/example_nested_branch_dag.py for tasks to queue
[2026-08-13T12:54:49.085+0000] {logging_mixin.py:188} INFO - [2026-08-13T12:54:49.084+0000] {dagbag.py:538} INFO - Filling up the DagBag from /home/airflow/.local/lib/python3.8/site-packages/airflow/example_dags/example_nested_branch_dag.py
[2026-08-13T12:54:49.101+0000] {processor.py:840} INFO - DAG(s) 'example_nested_branch_dag' retrieved from /home/airflow/.local/lib/python3.8/site-packages/airflow/example_dags/example_nested_branch_dag.py
[2026-08-13T12:54:49.147+0000] {logging_mixin.py:188} INFO - [2026-08-13T12:54:49.146+0000] {dag.py:3036} INFO - Sync 1 DAGs
[2026-08-13T12:54:49.189+0000] {logging_mixin.py:188} INFO - [2026-08-13T12:54:49.189+0000] {dag.py:3823} INFO - Setting next_dagrun for example_nested_branch_dag to 2026-08-12 00:00:00+00:00, run_after=2026-08-13 00:00:00+00:00
[2026-08-13T12:54:49.231+0000] {processor.py:183} INFO - Processing /home/airflow/.local/lib/python3.8/site-packages/airflow/example_dags/example_nested_branch_dag.py took 0.164 seconds
[2026-08-13T12:55:19.464+0000] {processor.py:161} INFO - Started process (PID=1132) to work on /home/airflow/.local/lib/python3.8/site-packages/airflow/example_dags/example_nested_branch_dag.py
[2026-08-13T12:55:19.466+0000] {processor.py:830} INFO - Processing file /home/airflow/.local/lib/python3.8/site-packages/airflow/example_dags/example_nested_branch_dag.py for tasks to queue
[2026-08-13T12:55:19.470+0000] {logging_mixin.py:188} INFO - [2026-08-13T12:55:19.470+0000] {dagbag.py:538} INFO - Filling up the DagBag from /home/airflow/.local/lib/python3.8/site-packages/airflow/example_dags/example_nested_branch_dag.py
[2026-08-13T12:55:19.496+0000] {processor.py:840} INFO - DAG(s) 'example_nested_branch_dag' retrieved from /home/airflow/.local/lib/python3.8/site-packages/airflow/example_dags/example_nested_branch_dag.py
[2026-08-13T12:55:19.541+0000] {logging_mixin.py:188} INFO - [2026-08-13T12:55:19.541+0000] {dag.py:3036} INFO - Sync 1 DAGs
[2026-08-13T12:55:19.586+0000] {logging_mixin.py:188} INFO - [2026-08-13T12:55:19.586+0000] {dag.py:3823} INFO - Setting next_dagrun for example_nested_branch_dag to 2026-08-12 00:00:00+00:00, run_after=2026-08-13 00:00:00+00:00
[2026-08-13T12:55:19.619+0000] {processor.py:183} INFO - Processing /home/airflow/.local/lib/python3.8/site-packages/airflow/example_dags/example_nested_branch_dag.py took 0.161 seconds
[2026-08-13T12:55:50.409+0000] {processor.py:161} INFO - Started process (PID=1187) to work on /home/airflow/.local/lib/python3.8/site-packages/airflow/example_dags/example_nested_branch_dag.py
[2026-08-13T12:55:50.412+0000] {processor.py:830} INFO - Processing file /home/airflow/.local/lib/python3.8/site-packages/airflow/example_dags/example_nested_branch_dag.py for tasks to queue
[2026-08-13T12:55:50.415+0000] {logging_mixin.py:188} INFO - [2026-08-13T12:55:50.414+0000] {dagbag.py:538} INFO - Filling up the DagBag from /home/airflow/.local/lib/python3.8/site-packages/airflow/example_dags/example_nested_branch_dag.py
[2026-08-13T12:55:50.426+0000] {processor.py:840} INFO - DAG(s) 'example_nested_branch_dag' retrieved from /home/airflow/.local/lib/python3.8/site-packages/airflow/example_dags/example_nested_branch_dag.py
[2026-08-13T12:55:50.453+0000] {logging_mixin.py:188} INFO - [2026-08-13T12:55:50.452+0000] {dag.py:3036} INFO - Sync 1 DAGs
[2026-08-13T12:55:50.483+0000] {logging_mixin.py:188} INFO - [2026-08-13T12:55:50.482+0000] {dag.py:3823} INFO - Setting next_dagrun for example_nested_branch_dag to 2026-08-12 00:00:00+00:00, run_after=2026-08-13 00:00:00+00:00
[2026-08-13T12:55:50.519+0000] {processor.py:183} INFO - Processing /home/airflow/.local/lib/python3.8/site-packages/airflow/example_dags/example_nested_branch_dag.py took 0.113 seconds
[2026-08-13T12:56:21.368+0000] {processor.py:161} INFO - Started process (PID=1242) to work on /home/airflow/.local/lib/python3.8/site-packages/airflow/example_dags/example_nested_branch_dag.py
[2026-08-13T12:56:21.371+0000] {processor.py:830} INFO - Processing file /home/airflow/.local/lib/python3.8/site-packages/airflow/example_dags/example_nested_branch_dag.py for tasks to queue
[2026-08-13T12:56:21.376+0000] {logging_mixin.py:188} INFO - [2026-08-13T12:56:21.375+0000] {dagbag.py:538} INFO - Filling up the DagBag from /home/airflow/.local/lib/python3.8/site-packages/airflow/example_dags/example_nested_branch_dag.py
[2026-08-13T12:56:21.410+0000] {processor.py:840} INFO - DAG(s) 'example_nested_branch_dag' retrieved from /home/airflow/.local/lib/python3.8/site-packages/airflow/example_dags/example_nested_branch_dag.py
[2026-08-13T12:56:21.458+0000] {logging_mixin.py:188} INFO - [2026-08-13T12:56:21.458+0000] {dag.py:3036} INFO - Sync 1 DAGs
[2026-08-13T12:56:21.515+0000] {logging_mixin.py:188} INFO - [2026-08-13T12:56:21.515+0000] {dag.py:3823} INFO - Setting next_dagrun for example_nested_branch_dag to 2026-08-12 00:00:00+00:00, run_after=2026-08-13 00:00:00+00:00
[2026-08-13T12:56:21.559+0000] {processor.py:183} INFO - Processing /home/airflow/.local/lib/python3.8/site-packages/airflow/example_dags/example_nested_branch_dag.py took 0.198 seconds
[2026-08-13T12:56:51.744+0000] {processor.py:161} INFO - Started process (PID=1297) to work on /home/airflow/.local/lib/python3.8/site-packages/airflow/example_dags/example_nested_branch_dag.py
[2026-08-13T12:56:51.748+0000] {processor.py:830} INFO - Processing file /home/airflow/.local/lib/python3.8/site-packages/airflow/example_dags/example_nested_branch_dag.py for tasks to queue
[2026-08-13T12:56:51.753+0000] {logging_mixin.py:188} INFO - [2026-08-13T12:56:51.752+0000] {dagbag.py:538} INFO - Filling up the DagBag from /home/airflow/.local/lib/python3.8/site-packages/airflow/example_dags/example_nested_branch_dag.py
[2026-08-13T12:56:51.772+0000] {processor.py:840} INFO - DAG(s) 'example_nested_branch_dag' retrieved from /home/airflow/.local/lib/python3.8/site-packages/airflow/example_dags/example_nested_branch_dag.py
[2026-08-13T12:56:51.810+0000] {logging_mixin.py:188} INFO - [2026-08-13T12:56:51.809+0000] {dag.py:3036} INFO - Sync 1 DAGs
[2026-08-13T12:56:51.837+0000] {logging_mixin.py:188} INFO - [2026-08-13T12:56:51.837+0000] {dag.py:3823} INFO - Setting next_dagrun for example_nested_branch_dag to 2026-08-12 00:00:00+00:00, run_after=2026-08-13 00:00:00+00:00
[2026-08-13T12:56:51.860+0000] {processor.py:183} INFO - Processing /home/airflow/.local/lib/python3.8/site-packages/airflow/example_dags/example_nested_branch_dag.py took 0.121 seconds
[2026-08-13T12:57:22.389+0000] {processor.py:161} INFO - Started process (PID=1352) to work on /home/airflow/.local/lib/python3.8/site-packages/airflow/example_dags/example_nested_branch_dag.py
[2026-08-13T12:57:22.394+0000] {processor.py:830} INFO - Processing file /home/airflow/.local/lib/python3.8/site-packages/airflow/example_dags/example_nested_branch_dag.py for tasks to queue
[2026-08-13T12:57:22.399+0000] {logging_mixin.py:188} INFO - [2026-08-13T12:57:22.398+0000] {dagbag.py:538} INFO - Filling up the DagBag from /home/airflow/.local/lib/python3.8/site-packages/airflow/example_dags/example_nested_branch_dag.py
[2026-08-13T12:57:22.446+0000] {processor.py:840} INFO - DAG(s) 'example_nested_branch_dag' retrieved from /home/airflow/.local/lib/python3.8/site-packages/airflow/example_dags/example_nested_branch_dag.py
[2026-08-13T12:57:22.554+0000] {logging_mixin.py:188} INFO - [2026-08-13T12:57:22.554+0000] {dag.py:3036} INFO - Sync 1 DAGs
[2026-08-13T12:57:22.615+0000] {logging_mixin.py:188} INFO - [2026-08-13T12:57:22.615+0000] {dag.py:3823} INFO - Setting next_dagrun for example_nested_branch_dag to 2026-08-12 00:00:00+00:00, run_after=2026-08-13 00:00:00+00:00
[2026-08-13T12:57:22.657+0000] {processor.py:183} INFO - Processing /home/airflow/.local/lib/python3.8/site-packages/airflow/example_dags/example_nested_branch_dag.py took 0.285 seconds
