[2026-08-13T12:33:12.117+0000] {processor.py:161} INFO - Started process (PID=71) to work on /home/airflow/.local/lib/python3.8/site-packages/airflow/example_dags/example_latest_only_with_trigger.py
[2026-08-13T12:33:12.172+0000] {processor.py:830} INFO - Processing file /home/airflow/.local/lib/python3.8/site-packages/airflow/example_dags/example_latest_only_with_trigger.py for tasks to queue
[2026-08-13T12:33:12.330+0000] {logging_mixin.py:188} INFO - [2026-08-13T12:33:12.306+0000] {dagbag.py:538} INFO - Filling up the DagBag from /home/airflow/.local/lib/python3.8/site-packages/airflow/example_dags/example_latest_only_with_trigger.py
[2026-08-13T12:33:12.631+0000] {processor.py:840} INFO - DAG(s) 'latest_only_with_trigger' retrieved from /home/airflow/.local/lib/python3.8/site-packages/airflow/example_dags/example_latest_only_with_trigger.py
[2026-08-13T12:33:13.929+0000] {logging_mixin.py:188} INFO - [2026-08-13T12:33:13.928+0000] {dag.py:3036} INFO - Sync 1 DAGs
[2026-08-13T12:33:14.139+0000] {logging_mixin.py:188} INFO - [2026-08-13T12:33:14.138+0000] {dag.py:3823} INFO - Setting next_dagrun for latest_only_with_trigger to 2026-08-13 08:00:00+00:00, run_after=2026-08-13 12:00:00+00:00
[2026-08-13T12:33:14.273+0000] {processor.py:183} INFO - Processing /home/airflow/.local/lib/python3.8/site-packages/airflow/example_dags/example_latest_only_with_trigger.py took 2.217 seconds
[2026-08-13T12:33:44.966+0000] {processor.py:161} INFO - Started process (PID=126) to work on /home/airflow/.local/lib/python3.8/site-packages/airflow/example_dags/example_latest_only_with_trigger.py
[2026-08-13T12:33:44.968+0000] {processor.py:830} INFO - Processing file /home/airflow/.local/lib/python3.8/site-packages/airflow/example_dags/example_latest_only_with_trigger.py for tasks to queue
[2026-08-13T12:33:44.972+0000] {logging_mixin.py:188} INFO - [2026-08-13T12:33:44.972+0000] {dagbag.py:538} INFO - Filling up the DagBag from /home/airflow/.local/lib/python3.8/site-packages/airflow/example_dags/example_latest_only_with_trigger.py
[2026-08-13T12:33:44.988+0000] {processor.py:840} INFO - DAG(s) 'latest_only_with_trigger' retrieved from /home/airflow/.local/lib/python3.8/site-packages/airflow/example_dags/example_latest_only_with_trigger.py
[2026-08-13T12:33:45.033+0000] {logging_mixin.py:188} INFO - [2026-08-13T12:33:45.033+0000] {dag.py:3036} INFO - Sync 1 DAGs
[2026-08-13T12:33:45.072+0000] {logging_mixin.py:188} INFO - [2026-08-13T12:33:45.072+0000] {dag.py:3823} INFO - Setting next_dagrun for latest_only_with_trigger to 2026-08-13 08:00:00+00:00, run_after=2026-08-13 12:00:00+00:00
[2026-08-13T12:33:45.106+0000] {processor.py:183} INFO - Processing /home/airflow/.local/lib/python3.8/site-packages/airflow/example_dags/example_latest_only_with_trigger.py took 0.145 seconds
[2026-08-13T12:34:16.093+0000] {processor.py:161} INFO - Started process (PID=179) to work on /home/airflow/.local/lib/python3.8/site-packages/airflow/example_dags/example_latest_only_with_trigger.py
[2026-08-13T12:34:16.095+0000] {processor.py:830} INFO - Processing file /home/airflow/.local/lib/python3.8/site-packages/airflow/example_dags/example_latest_only_with_trigger.py for tasks to queue
[2026-08-13T12:34:16.099+0000] {logging_mixin.py:188} INFO - [2026-08-13T12:34:16.098+0000] {dagbag.py:538} INFO - Filling up the DagBag from /home/airflow/.local/lib/python3.8/site-packages/airflow/example_dags/example_latest_only_with_trigger.py
[2026-08-13T12:34:16.109+0000] {processor.py:840} INFO - DAG(s) 'latest_only_with_trigger' retrieved from /home/airflow/.local/lib/python3.8/site-packages/airflow/example_dags/example_latest_only_with_trigger.py
[2026-08-13T12:34:16.141+0000] {logging_mixin.py:188} INFO - [2026-08-13T12:34:16.141+0000] {dag.py:3036} INFO - Sync 1 DAGs
[2026-08-13T12:34:16.171+0000] {logging_mixin.py:188} INFO - [2026-08-13T12:34:16.171+0000] {dag.py:3823} INFO - Setting next_dagrun for latest_only_with_trigger to 2026-08-13 08:00:00+00:00, run_after=2026-08-13 12:00:00+00:00
[2026-08-13T12:34:16.196+0000] {processor.py:183} INFO - Processing /home/airflow/.local/lib/python3.8/site-packages/airflow/example_dags/example_latest_only_with_trigger.py took 0.109 seconds
[2026-08-13T12:34:46.526+0000] {processor.py:161} INFO - Started process (PID=234) to work on /home/airflow/.local/lib/python3.8/site-packages/airflow/example_dags/example_latest_only_with_trigger.py
[2026-08-13T12:34:46.528+0000] {processor.py:830} INFO - Processing file /home/airflow/.local/lib/python3.8/site-packages/airflow/example_dags/example_latest_only_with_trigger.py for tasks to queue
[2026-08-13T12:34:46.533+0000] {logging_mixin.py:188} INFO - [2026-08-13T12:34:46.532+0000] {dagbag.py:538} INFO - Filling up the DagBag from /home/airflow/.local/lib/python3.8/site-packages/airflow/example_dags/example_latest_only_with_trigger.py
[2026-08-13T12:34:46.544+0000] {processor.py:840} INFO - DAG(s) 'latest_only_with_trigger' retrieved from /home/airflow/.local/lib/python3.8/site-packages/airflow/example_dags/example_latest_only_with_trigger.py
[2026-08-13T12:34:46.583+0000] {logging_mixin.py:188} INFO - [2026-08-13T12:34:46.582+0000] {dag.py:3036} INFO - Sync 1 DAGs
[2026-08-13T12:34:46.621+0000] {logging_mixin.py:188} INFO - [2026-08-13T12:34:46.621+0000] {dag.py:3823} INFO - Setting next_dagrun for latest_only_with_trigger to 2026-08-13 08:00:00+00:00, run_after=2026-08-13 12:00:00+00:00
[2026-08-13T12:34:46.648+0000] {processor.py:183} INFO - Processing /home/airflow/.local/lib/python3.8/site-packages/airflow/example_dags/example_latest_only_with_trigger.py took 0.128 seconds
[2026-08-13T12:35:16.802+0000] {processor.py:161} INFO - Started process (PID=289) to work on /home/airflow/.local/lib/python3.8/site-packages/airflow/example_dags/example_latest_only_with_trigger.py
[2026-08-13T12:35:16.806+0000] {processor.py:830} INFO - Processing file /home/airflow/.local/lib/python3.8/site-packages/airflow/example_dags/example_latest_only_with_trigger.py for tasks to queue
[2026-08-13T12:35:16.817+0000] {logging_mixin.py:188} INFO - [2026-08-13T12:35:16.813+0000] {dagbag.py:538} INFO - Filling up the DagBag from /home/airflow/.local/lib/python3.8/site-packages/airflow/example_dags/example_latest_only_with_trigger.py
[2026-08-13T12:35:16.836+0000] {processor.py:840} INFO - DAG(s) 'latest_only_with_trigger' retrieved from /home/airflow/.local/lib/python3.8/site-packages/airflow/example_dags/example_latest_only_with_trigger.py
[2026-08-13T12:35:16.925+0000] {logging_mixin.py:188} INFO - [2026-08-13T12:35:16.925+0000] {dag.py:3036} INFO - Sync 1 DAGs
[2026-08-13T12:35:16.973+0000] {logging_mixin.py:188} INFO - [2026-08-13T12:35:16.972+0000] {dag.py:3823} INFO - Setting next_dagrun for latest_only_with_trigger to 2026-08-13 08:00:00+00:00, run_after=2026-08-13 12:00:00+00:00
[2026-08-13T12:35:17.011+0000] {processor.py:183} INFO - Processing /home/airflow/.local/lib/python3.8/site-packages/airflow/example_dags/example_latest_only_with_trigger.py took 0.226 seconds
[2026-08-13T12:35:47.450+0000] {processor.py:161} INFO - Started process (PID=344) to work on /home/airflow/.local/lib/python3.8/site-packages/airflow/example_dags/example_latest_only_with_trigger.py
[2026-08-13T12:35:47.452+0000] {processor.py:830} INFO - Processing file /home/airflow/.local/lib/python3.8/site-packages/airflow/example_dags/example_latest_only_with_trigger.py for tasks to queue
[2026-08-13T12:35:47.455+0000] {logging_mixin.py:188} INFO - [2026-08-13T12:35:47.455+0000] {dagbag.py:538} INFO - Filling up the DagBag from /home/airflow/.local/lib/python3.8/site-packages/airflow/example_dags/example_latest_only_with_trigger.py
[2026-08-13T12:35:47.465+0000] {processor.py:840} INFO - DAG(s) 'latest_only_with_trigger' retrieved from /home/airflow/.local/lib/python3.8/site-packages/airflow/example_dags/example_latest_only_with_trigger.py
[2026-08-13T12:35:47.504+0000] {logging_mixin.py:188} INFO - [2026-08-13T12:35:47.503+0000] {dag.py:3036} INFO - Sync 1 DAGs
[2026-08-13T12:35:47.540+0000] {logging_mixin.py:188} INFO - [2026-08-13T12:35:47.539+0000] {dag.py:3823} INFO - Setting next_dagrun for latest_only_with_trigger to 2026-08-13 08:00:00+00:00, run_after=2026-08-13 12:00:00+00:00
[2026-08-13T12:35:47.563+0000] {processor.py:183} INFO - Processing /home/airflow/.local/lib/python3.8/site-packages/airflow/example_dags/example_latest_only_with_trigger.py took 0.118 seconds
[2026-08-13T12:36:17.635+0000] {processor.py:161} INFO - Started process (PID=399) to work on /home/airflow/.local/lib/python3.8/site-packages/airflow/example_dags/example_latest_only_with_trigger.py
[2026-08-13T12:36:17.637+0000] {processor.py:830} INFO - Processing file /home/airflow/.local/lib/python3.8/site-packages/airflow/example_dags/example_latest_only_with_trigger.py for tasks to queue
[2026-08-13T12:36:17.641+0000] {logging_mixin.py:188} INFO - [2026-08-13T12:36:17.641+0000] {dagbag.py:538} INFO - Filling up the DagBag from /home/airflow/.local/lib/python3.8/site-packages/airflow/example_dags/example_latest_only_with_trigger.py
[2026-08-13T12:36:17.650+0000] {processor.py:840} INFO - DAG(s) 'latest_only_with_trigger' retrieved from /home/airflow/.local/lib/python3.8/site-packages/airflow/example_dags/example_latest_only_with_trigger.py
[2026-08-13T12:36:17.685+0000] {logging_mixin.py:188} INFO - [2026-08-13T12:36:17.684+0000] {dag.py:3036} INFO - Sync 1 DAGs
[2026-08-13T12:36:17.727+0000] {logging_mixin.py:188} INFO - [2026-08-13T12:36:17.726+0000] {dag.py:3823} INFO - Setting next_dagrun for latest_only_with_trigger to 2026-08-13 08:00:00+00:00, run_after=2026-08-13 12:00:00+00:00
[2026-08-13T12:36:17.756+0000] {processor.py:183} INFO - Processing /home/airflow/.local/lib/python3.8/site-packages/airflow/example_dags/example_latest_only_with_trigger.py took 0.126 seconds
[2026-08-13T12:40:21.360+0000] {processor.py:161} INFO - Started process (PID=82) to work on /home/airflow/.local/lib/python3.8/site-packages/airflow/example_dags/example_latest_only_with_trigger.py
[2026-08-13T12:40:21.387+0000] {processor.py:830} INFO - Processing file /home/airflow/.local/lib/python3.8/site-packages/airflow/example_dags/example_latest_only_with_trigger.py for tasks to queue
[2026-08-13T12:40:21.414+0000] {logging_mixin.py:188} INFO - [2026-08-13T12:40:21.411+0000] {dagbag.py:538} INFO - Filling up the DagBag from /home/airflow/.local/lib/python3.8/site-packages/airflow/example_dags/example_latest_only_with_trigger.py
[2026-08-13T12:40:22.718+0000] {processor.py:840} INFO - DAG(s) 'latest_only_with_trigger' retrieved from /home/airflow/.local/lib/python3.8/site-packages/airflow/example_dags/example_latest_only_with_trigger.py
[2026-08-13T12:40:32.060+0000] {logging_mixin.py:188} INFO - [2026-08-13T12:40:32.029+0000] {dag.py:3036} INFO - Sync 1 DAGs
[2026-08-13T12:40:32.630+0000] {logging_mixin.py:188} INFO - [2026-08-13T12:40:32.629+0000] {dag.py:3823} INFO - Setting next_dagrun for latest_only_with_trigger to 2026-08-13 08:00:00+00:00, run_after=2026-08-13 12:00:00+00:00
[2026-08-13T12:40:33.016+0000] {processor.py:183} INFO - Processing /home/airflow/.local/lib/python3.8/site-packages/airflow/example_dags/example_latest_only_with_trigger.py took 11.730 seconds
[2026-08-13T12:41:59.800+0000] {processor.py:161} INFO - Started process (PID=147) to work on /home/airflow/.local/lib/python3.8/site-packages/airflow/example_dags/example_latest_only_with_trigger.py
[2026-08-13T12:41:59.805+0000] {processor.py:830} INFO - Processing file /home/airflow/.local/lib/python3.8/site-packages/airflow/example_dags/example_latest_only_with_trigger.py for tasks to queue
[2026-08-13T12:41:59.810+0000] {logging_mixin.py:188} INFO - [2026-08-13T12:41:59.809+0000] {dagbag.py:538} INFO - Filling up the DagBag from /home/airflow/.local/lib/python3.8/site-packages/airflow/example_dags/example_latest_only_with_trigger.py
[2026-08-13T12:41:59.830+0000] {processor.py:840} INFO - DAG(s) 'latest_only_with_trigger' retrieved from /home/airflow/.local/lib/python3.8/site-packages/airflow/example_dags/example_latest_only_with_trigger.py
[2026-08-13T12:41:59.919+0000] {logging_mixin.py:188} INFO - [2026-08-13T12:41:59.919+0000] {dag.py:3036} INFO - Sync 1 DAGs
[2026-08-13T12:42:00.043+0000] {logging_mixin.py:188} INFO - [2026-08-13T12:42:00.042+0000] {dag.py:3823} INFO - Setting next_dagrun for latest_only_with_trigger to 2026-08-13 08:00:00+00:00, run_after=2026-08-13 12:00:00+00:00
[2026-08-13T12:42:00.124+0000] {processor.py:183} INFO - Processing /home/airflow/.local/lib/python3.8/site-packages/airflow/example_dags/example_latest_only_with_trigger.py took 0.337 seconds
[2026-08-13T12:42:30.464+0000] {processor.py:161} INFO - Started process (PID=195) to work on /home/airflow/.local/lib/python3.8/site-packages/airflow/example_dags/example_latest_only_with_trigger.py
[2026-08-13T12:42:30.473+0000] {processor.py:830} INFO - Processing file /home/airflow/.local/lib/python3.8/site-packages/airflow/example_dags/example_latest_only_with_trigger.py for tasks to queue
[2026-08-13T12:42:30.500+0000] {logging_mixin.py:188} INFO - [2026-08-13T12:42:30.499+0000] {dagbag.py:538} INFO - Filling up the DagBag from /home/airflow/.local/lib/python3.8/site-packages/airflow/example_dags/example_latest_only_with_trigger.py
[2026-08-13T12:42:30.552+0000] {processor.py:840} INFO - DAG(s) 'latest_only_with_trigger' retrieved from /home/airflow/.local/lib/python3.8/site-packages/airflow/example_dags/example_latest_only_with_trigger.py
[2026-08-13T12:42:31.045+0000] {logging_mixin.py:188} INFO - [2026-08-13T12:42:31.044+0000] {dag.py:3036} INFO - Sync 1 DAGs
[2026-08-13T12:42:31.851+0000] {logging_mixin.py:188} INFO - [2026-08-13T12:42:31.844+0000] {dag.py:3823} INFO - Setting next_dagrun for latest_only_with_trigger to 2026-08-13 08:00:00+00:00, run_after=2026-08-13 12:00:00+00:00
[2026-08-13T12:42:32.681+0000] {processor.py:183} INFO - Processing /home/airflow/.local/lib/python3.8/site-packages/airflow/example_dags/example_latest_only_with_trigger.py took 2.237 seconds
[2026-08-13T12:45:10.419+0000] {processor.py:161} INFO - Started process (PID=74) to work on /home/airflow/.local/lib/python3.8/site-packages/airflow/example_dags/example_latest_only_with_trigger.py
[2026-08-13T12:45:10.423+0000] {processor.py:830} INFO - Processing file /home/airflow/.local/lib/python3.8/site-packages/airflow/example_dags/example_latest_only_with_trigger.py for tasks to queue
[2026-08-13T12:45:10.439+0000] {logging_mixin.py:188} INFO - [2026-08-13T12:45:10.437+0000] {dagbag.py:538} INFO - Filling up the DagBag from /home/airflow/.local/lib/python3.8/site-packages/airflow/example_dags/example_latest_only_with_trigger.py
[2026-08-13T12:45:10.570+0000] {processor.py:840} INFO - DAG(s) 'latest_only_with_trigger' retrieved from /home/airflow/.local/lib/python3.8/site-packages/airflow/example_dags/example_latest_only_with_trigger.py
[2026-08-13T12:45:13.679+0000] {logging_mixin.py:188} INFO - [2026-08-13T12:45:13.657+0000] {dag.py:3036} INFO - Sync 1 DAGs
[2026-08-13T12:45:14.146+0000] {logging_mixin.py:188} INFO - [2026-08-13T12:45:14.146+0000] {dag.py:3823} INFO - Setting next_dagrun for latest_only_with_trigger to 2026-08-13 08:00:00+00:00, run_after=2026-08-13 12:00:00+00:00
[2026-08-13T12:45:14.386+0000] {processor.py:183} INFO - Processing /home/airflow/.local/lib/python3.8/site-packages/airflow/example_dags/example_latest_only_with_trigger.py took 4.026 seconds
[2026-08-13T12:45:54.491+0000] {processor.py:161} INFO - Started process (PID=129) to work on /home/airflow/.local/lib/python3.8/site-packages/airflow/example_dags/example_latest_only_with_trigger.py
[2026-08-13T12:45:54.499+0000] {processor.py:830} INFO - Processing file /home/airflow/.local/lib/python3.8/site-packages/airflow/example_dags/example_latest_only_with_trigger.py for tasks to queue
[2026-08-13T12:45:54.505+0000] {logging_mixin.py:188} INFO - [2026-08-13T12:45:54.504+0000] {dagbag.py:538} INFO - Filling up the DagBag from /home/airflow/.local/lib/python3.8/site-packages/airflow/example_dags/example_latest_only_with_trigger.py
[2026-08-13T12:45:54.531+0000] {processor.py:840} INFO - DAG(s) 'latest_only_with_trigger' retrieved from /home/airflow/.local/lib/python3.8/site-packages/airflow/example_dags/example_latest_only_with_trigger.py
[2026-08-13T12:45:54.652+0000] {logging_mixin.py:188} INFO - [2026-08-13T12:45:54.651+0000] {dag.py:3036} INFO - Sync 1 DAGs
[2026-08-13T12:45:54.798+0000] {logging_mixin.py:188} INFO - [2026-08-13T12:45:54.797+0000] {dag.py:3823} INFO - Setting next_dagrun for latest_only_with_trigger to 2026-08-13 08:00:00+00:00, run_after=2026-08-13 12:00:00+00:00
[2026-08-13T12:45:54.871+0000] {processor.py:183} INFO - Processing /home/airflow/.local/lib/python3.8/site-packages/airflow/example_dags/example_latest_only_with_trigger.py took 0.390 seconds
[2026-08-13T12:46:25.598+0000] {processor.py:161} INFO - Started process (PID=183) to work on /home/airflow/.local/lib/python3.8/site-packages/airflow/example_dags/example_latest_only_with_trigger.py
[2026-08-13T12:46:25.603+0000] {processor.py:830} INFO - Processing file /home/airflow/.local/lib/python3.8/site-packages/airflow/example_dags/example_latest_only_with_trigger.py for tasks to queue
[2026-08-13T12:46:25.609+0000] {logging_mixin.py:188} INFO - [2026-08-13T12:46:25.607+0000] {dagbag.py:538} INFO - Filling up the DagBag from /home/airflow/.local/lib/python3.8/site-packages/airflow/example_dags/example_latest_only_with_trigger.py
[2026-08-13T12:46:25.629+0000] {processor.py:840} INFO - DAG(s) 'latest_only_with_trigger' retrieved from /home/airflow/.local/lib/python3.8/site-packages/airflow/example_dags/example_latest_only_with_trigger.py
[2026-08-13T12:46:25.700+0000] {logging_mixin.py:188} INFO - [2026-08-13T12:46:25.699+0000] {dag.py:3036} INFO - Sync 1 DAGs
[2026-08-13T12:46:25.813+0000] {logging_mixin.py:188} INFO - [2026-08-13T12:46:25.813+0000] {dag.py:3823} INFO - Setting next_dagrun for latest_only_with_trigger to 2026-08-13 08:00:00+00:00, run_after=2026-08-13 12:00:00+00:00
[2026-08-13T12:46:25.879+0000] {processor.py:183} INFO - Processing /home/airflow/.local/lib/python3.8/site-packages/airflow/example_dags/example_latest_only_with_trigger.py took 0.293 seconds
[2026-08-13T12:46:56.101+0000] {processor.py:161} INFO - Started process (PID=239) to work on /home/airflow/.local/lib/python3.8/site-packages/airflow/example_dags/example_latest_only_with_trigger.py
[2026-08-13T12:46:56.104+0000] {processor.py:830} INFO - Processing file /home/airflow/.local/lib/python3.8/site-packages/airflow/example_dags/example_latest_only_with_trigger.py for tasks to queue
[2026-08-13T12:46:56.108+0000] {logging_mixin.py:188} INFO - [2026-08-13T12:46:56.107+0000] {dagbag.py:538} INFO - Filling up the DagBag from /home/airflow/.local/lib/python3.8/site-packages/airflow/example_dags/example_latest_only_with_trigger.py
[2026-08-13T12:46:56.117+0000] {processor.py:840} INFO - DAG(s) 'latest_only_with_trigger' retrieved from /home/airflow/.local/lib/python3.8/site-packages/airflow/example_dags/example_latest_only_with_trigger.py
[2026-08-13T12:46:56.143+0000] {logging_mixin.py:188} INFO - [2026-08-13T12:46:56.142+0000] {dag.py:3036} INFO - Sync 1 DAGs
[2026-08-13T12:46:56.173+0000] {logging_mixin.py:188} INFO - [2026-08-13T12:46:56.173+0000] {dag.py:3823} INFO - Setting next_dagrun for latest_only_with_trigger to 2026-08-13 08:00:00+00:00, run_after=2026-08-13 12:00:00+00:00
[2026-08-13T12:46:56.206+0000] {processor.py:183} INFO - Processing /home/airflow/.local/lib/python3.8/site-packages/airflow/example_dags/example_latest_only_with_trigger.py took 0.112 seconds
[2026-08-13T12:47:26.934+0000] {processor.py:161} INFO - Started process (PID=293) to work on /home/airflow/.local/lib/python3.8/site-packages/airflow/example_dags/example_latest_only_with_trigger.py
[2026-08-13T12:47:26.946+0000] {processor.py:830} INFO - Processing file /home/airflow/.local/lib/python3.8/site-packages/airflow/example_dags/example_latest_only_with_trigger.py for tasks to queue
[2026-08-13T12:47:26.953+0000] {logging_mixin.py:188} INFO - [2026-08-13T12:47:26.952+0000] {dagbag.py:538} INFO - Filling up the DagBag from /home/airflow/.local/lib/python3.8/site-packages/airflow/example_dags/example_latest_only_with_trigger.py
[2026-08-13T12:47:26.992+0000] {processor.py:840} INFO - DAG(s) 'latest_only_with_trigger' retrieved from /home/airflow/.local/lib/python3.8/site-packages/airflow/example_dags/example_latest_only_with_trigger.py
[2026-08-13T12:47:27.152+0000] {logging_mixin.py:188} INFO - [2026-08-13T12:47:27.151+0000] {dag.py:3036} INFO - Sync 1 DAGs
[2026-08-13T12:47:27.283+0000] {logging_mixin.py:188} INFO - [2026-08-13T12:47:27.275+0000] {dag.py:3823} INFO - Setting next_dagrun for latest_only_with_trigger to 2026-08-13 08:00:00+00:00, run_after=2026-08-13 12:00:00+00:00
[2026-08-13T12:47:27.385+0000] {processor.py:183} INFO - Processing /home/airflow/.local/lib/python3.8/site-packages/airflow/example_dags/example_latest_only_with_trigger.py took 0.463 seconds
[2026-08-13T12:47:59.861+0000] {processor.py:161} INFO - Started process (PID=347) to work on /home/airflow/.local/lib/python3.8/site-packages/airflow/example_dags/example_latest_only_with_trigger.py
[2026-08-13T12:47:59.866+0000] {processor.py:830} INFO - Processing file /home/airflow/.local/lib/python3.8/site-packages/airflow/example_dags/example_latest_only_with_trigger.py for tasks to queue
[2026-08-13T12:47:59.873+0000] {logging_mixin.py:188} INFO - [2026-08-13T12:47:59.872+0000] {dagbag.py:538} INFO - Filling up the DagBag from /home/airflow/.local/lib/python3.8/site-packages/airflow/example_dags/example_latest_only_with_trigger.py
[2026-08-13T12:47:59.888+0000] {processor.py:840} INFO - DAG(s) 'latest_only_with_trigger' retrieved from /home/airflow/.local/lib/python3.8/site-packages/airflow/example_dags/example_latest_only_with_trigger.py
[2026-08-13T12:47:59.944+0000] {logging_mixin.py:188} INFO - [2026-08-13T12:47:59.944+0000] {dag.py:3036} INFO - Sync 1 DAGs
[2026-08-13T12:47:59.996+0000] {logging_mixin.py:188} INFO - [2026-08-13T12:47:59.995+0000] {dag.py:3823} INFO - Setting next_dagrun for latest_only_with_trigger to 2026-08-13 08:00:00+00:00, run_after=2026-08-13 12:00:00+00:00
[2026-08-13T12:48:00.061+0000] {processor.py:183} INFO - Processing /home/airflow/.local/lib/python3.8/site-packages/airflow/example_dags/example_latest_only_with_trigger.py took 0.209 seconds
[2026-08-13T12:48:30.153+0000] {processor.py:161} INFO - Started process (PID=400) to work on /home/airflow/.local/lib/python3.8/site-packages/airflow/example_dags/example_latest_only_with_trigger.py
[2026-08-13T12:48:30.155+0000] {processor.py:830} INFO - Processing file /home/airflow/.local/lib/python3.8/site-packages/airflow/example_dags/example_latest_only_with_trigger.py for tasks to queue
[2026-08-13T12:48:30.161+0000] {logging_mixin.py:188} INFO - [2026-08-13T12:48:30.160+0000] {dagbag.py:538} INFO - Filling up the DagBag from /home/airflow/.local/lib/python3.8/site-packages/airflow/example_dags/example_latest_only_with_trigger.py
[2026-08-13T12:48:30.178+0000] {processor.py:840} INFO - DAG(s) 'latest_only_with_trigger' retrieved from /home/airflow/.local/lib/python3.8/site-packages/airflow/example_dags/example_latest_only_with_trigger.py
[2026-08-13T12:48:30.225+0000] {logging_mixin.py:188} INFO - [2026-08-13T12:48:30.225+0000] {dag.py:3036} INFO - Sync 1 DAGs
[2026-08-13T12:48:30.286+0000] {logging_mixin.py:188} INFO - [2026-08-13T12:48:30.285+0000] {dag.py:3823} INFO - Setting next_dagrun for latest_only_with_trigger to 2026-08-13 08:00:00+00:00, run_after=2026-08-13 12:00:00+00:00
[2026-08-13T12:48:30.338+0000] {processor.py:183} INFO - Processing /home/airflow/.local/lib/python3.8/site-packages/airflow/example_dags/example_latest_only_with_trigger.py took 0.196 seconds
[2026-08-13T12:49:00.726+0000] {processor.py:161} INFO - Started process (PID=456) to work on /home/airflow/.local/lib/python3.8/site-packages/airflow/example_dags/example_latest_only_with_trigger.py
[2026-08-13T12:49:00.730+0000] {processor.py:830} INFO - Processing file /home/airflow/.local/lib/python3.8/site-packages/airflow/example_dags/example_latest_only_with_trigger.py for tasks to queue
[2026-08-13T12:49:00.736+0000] {logging_mixin.py:188} INFO - [2026-08-13T12:49:00.735+0000] {dagbag.py:538} INFO - Filling up the DagBag from /home/airflow/.local/lib/python3.8/site-packages/airflow/example_dags/example_latest_only_with_trigger.py
[2026-08-13T12:49:00.752+0000] {processor.py:840} INFO - DAG(s) 'latest_only_with_trigger' retrieved from /home/airflow/.local/lib/python3.8/site-packages/airflow/example_dags/example_latest_only_with_trigger.py
[2026-08-13T12:49:00.813+0000] {logging_mixin.py:188} INFO - [2026-08-13T12:49:00.812+0000] {dag.py:3036} INFO - Sync 1 DAGs
[2026-08-13T12:49:00.862+0000] {logging_mixin.py:188} INFO - [2026-08-13T12:49:00.862+0000] {dag.py:3823} INFO - Setting next_dagrun for latest_only_with_trigger to 2026-08-13 08:00:00+00:00, run_after=2026-08-13 12:00:00+00:00
[2026-08-13T12:49:00.911+0000] {processor.py:183} INFO - Processing /home/airflow/.local/lib/python3.8/site-packages/airflow/example_dags/example_latest_only_with_trigger.py took 0.198 seconds
[2026-08-13T12:49:31.436+0000] {processor.py:161} INFO - Started process (PID=511) to work on /home/airflow/.local/lib/python3.8/site-packages/airflow/example_dags/example_latest_only_with_trigger.py
[2026-08-13T12:49:31.445+0000] {processor.py:830} INFO - Processing file /home/airflow/.local/lib/python3.8/site-packages/airflow/example_dags/example_latest_only_with_trigger.py for tasks to queue
[2026-08-13T12:49:31.455+0000] {logging_mixin.py:188} INFO - [2026-08-13T12:49:31.454+0000] {dagbag.py:538} INFO - Filling up the DagBag from /home/airflow/.local/lib/python3.8/site-packages/airflow/example_dags/example_latest_only_with_trigger.py
[2026-08-13T12:49:31.491+0000] {processor.py:840} INFO - DAG(s) 'latest_only_with_trigger' retrieved from /home/airflow/.local/lib/python3.8/site-packages/airflow/example_dags/example_latest_only_with_trigger.py
[2026-08-13T12:49:31.591+0000] {logging_mixin.py:188} INFO - [2026-08-13T12:49:31.590+0000] {dag.py:3036} INFO - Sync 1 DAGs
[2026-08-13T12:49:31.669+0000] {logging_mixin.py:188} INFO - [2026-08-13T12:49:31.667+0000] {dag.py:3823} INFO - Setting next_dagrun for latest_only_with_trigger to 2026-08-13 08:00:00+00:00, run_after=2026-08-13 12:00:00+00:00
[2026-08-13T12:49:31.730+0000] {processor.py:183} INFO - Processing /home/airflow/.local/lib/python3.8/site-packages/airflow/example_dags/example_latest_only_with_trigger.py took 0.303 seconds
[2026-08-13T12:50:02.496+0000] {processor.py:161} INFO - Started process (PID=566) to work on /home/airflow/.local/lib/python3.8/site-packages/airflow/example_dags/example_latest_only_with_trigger.py
[2026-08-13T12:50:02.500+0000] {processor.py:830} INFO - Processing file /home/airflow/.local/lib/python3.8/site-packages/airflow/example_dags/example_latest_only_with_trigger.py for tasks to queue
[2026-08-13T12:50:02.507+0000] {logging_mixin.py:188} INFO - [2026-08-13T12:50:02.506+0000] {dagbag.py:538} INFO - Filling up the DagBag from /home/airflow/.local/lib/python3.8/site-packages/airflow/example_dags/example_latest_only_with_trigger.py
[2026-08-13T12:50:02.525+0000] {processor.py:840} INFO - DAG(s) 'latest_only_with_trigger' retrieved from /home/airflow/.local/lib/python3.8/site-packages/airflow/example_dags/example_latest_only_with_trigger.py
[2026-08-13T12:50:02.595+0000] {logging_mixin.py:188} INFO - [2026-08-13T12:50:02.594+0000] {dag.py:3036} INFO - Sync 1 DAGs
[2026-08-13T12:50:02.654+0000] {logging_mixin.py:188} INFO - [2026-08-13T12:50:02.653+0000] {dag.py:3823} INFO - Setting next_dagrun for latest_only_with_trigger to 2026-08-13 08:00:00+00:00, run_after=2026-08-13 12:00:00+00:00
[2026-08-13T12:50:02.715+0000] {processor.py:183} INFO - Processing /home/airflow/.local/lib/python3.8/site-packages/airflow/example_dags/example_latest_only_with_trigger.py took 0.228 seconds
[2026-08-13T12:50:34.042+0000] {processor.py:161} INFO - Started process (PID=621) to work on /home/airflow/.local/lib/python3.8/site-packages/airflow/example_dags/example_latest_only_with_trigger.py
[2026-08-13T12:50:34.047+0000] {processor.py:830} INFO - Processing file /home/airflow/.local/lib/python3.8/site-packages/airflow/example_dags/example_latest_only_with_trigger.py for tasks to queue
[2026-08-13T12:50:34.052+0000] {logging_mixin.py:188} INFO - [2026-08-13T12:50:34.051+0000] {dagbag.py:538} INFO - Filling up the DagBag from /home/airflow/.local/lib/python3.8/site-packages/airflow/example_dags/example_latest_only_with_trigger.py
[2026-08-13T12:50:34.071+0000] {processor.py:840} INFO - DAG(s) 'latest_only_with_trigger' retrieved from /home/airflow/.local/lib/python3.8/site-packages/airflow/example_dags/example_latest_only_with_trigger.py
[2026-08-13T12:50:34.144+0000] {logging_mixin.py:188} INFO - [2026-08-13T12:50:34.143+0000] {dag.py:3036} INFO - Sync 1 DAGs
[2026-08-13T12:50:34.201+0000] {logging_mixin.py:188} INFO - [2026-08-13T12:50:34.201+0000] {dag.py:3823} INFO - Setting next_dagrun for latest_only_with_trigger to 2026-08-13 08:00:00+00:00, run_after=2026-08-13 12:00:00+00:00
[2026-08-13T12:50:34.250+0000] {processor.py:183} INFO - Processing /home/airflow/.local/lib/python3.8/site-packages/airflow/example_dags/example_latest_only_with_trigger.py took 0.216 seconds
[2026-08-13T12:51:04.387+0000] {processor.py:161} INFO - Started process (PID=671) to work on /home/airflow/.local/lib/python3.8/site-packages/airflow/example_dags/example_latest_only_with_trigger.py
[2026-08-13T12:51:04.389+0000] {processor.py:830} INFO - Processing file /home/airflow/.local/lib/python3.8/site-packages/airflow/example_dags/example_latest_only_with_trigger.py for tasks to queue
[2026-08-13T12:51:04.394+0000] {logging_mixin.py:188} INFO - [2026-08-13T12:51:04.394+0000] {dagbag.py:538} INFO - Filling up the DagBag from /home/airflow/.local/lib/python3.8/site-packages/airflow/example_dags/example_latest_only_with_trigger.py
[2026-08-13T12:51:04.406+0000] {processor.py:840} INFO - DAG(s) 'latest_only_with_trigger' retrieved from /home/airflow/.local/lib/python3.8/site-packages/airflow/example_dags/example_latest_only_with_trigger.py
[2026-08-13T12:51:04.464+0000] {logging_mixin.py:188} INFO - [2026-08-13T12:51:04.463+0000] {dag.py:3036} INFO - Sync 1 DAGs
[2026-08-13T12:51:04.507+0000] {logging_mixin.py:188} INFO - [2026-08-13T12:51:04.507+0000] {dag.py:3823} INFO - Setting next_dagrun for latest_only_with_trigger to 2026-08-13 08:00:00+00:00, run_after=2026-08-13 12:00:00+00:00
[2026-08-13T12:51:04.545+0000] {processor.py:183} INFO - Processing /home/airflow/.local/lib/python3.8/site-packages/airflow/example_dags/example_latest_only_with_trigger.py took 0.164 seconds
[2026-08-13T12:51:34.837+0000] {processor.py:161} INFO - Started process (PID=724) to work on /home/airflow/.local/lib/python3.8/site-packages/airflow/example_dags/example_latest_only_with_trigger.py
[2026-08-13T12:51:34.845+0000] {processor.py:830} INFO - Processing file /home/airflow/.local/lib/python3.8/site-packages/airflow/example_dags/example_latest_only_with_trigger.py for tasks to queue
[2026-08-13T12:51:34.855+0000] {logging_mixin.py:188} INFO - [2026-08-13T12:51:34.854+0000] {dagbag.py:538} INFO - Filling up the DagBag from /home/airflow/.local/lib/python3.8/site-packages/airflow/example_dags/example_latest_only_with_trigger.py
[2026-08-13T12:51:34.893+0000] {processor.py:840} INFO - DAG(s) 'latest_only_with_trigger' retrieved from /home/airflow/.local/lib/python3.8/site-packages/airflow/example_dags/example_latest_only_with_trigger.py
[2026-08-13T12:51:34.964+0000] {logging_mixin.py:188} INFO - [2026-08-13T12:51:34.963+0000] {dag.py:3036} INFO - Sync 1 DAGs
[2026-08-13T12:51:35.043+0000] {logging_mixin.py:188} INFO - [2026-08-13T12:51:35.042+0000] {dag.py:3823} INFO - Setting next_dagrun for latest_only_with_trigger to 2026-08-13 08:00:00+00:00, run_after=2026-08-13 12:00:00+00:00
[2026-08-13T12:51:35.118+0000] {processor.py:183} INFO - Processing /home/airflow/.local/lib/python3.8/site-packages/airflow/example_dags/example_latest_only_with_trigger.py took 0.300 seconds
[2026-08-13T12:52:05.229+0000] {processor.py:161} INFO - Started process (PID=779) to work on /home/airflow/.local/lib/python3.8/site-packages/airflow/example_dags/example_latest_only_with_trigger.py
[2026-08-13T12:52:05.231+0000] {processor.py:830} INFO - Processing file /home/airflow/.local/lib/python3.8/site-packages/airflow/example_dags/example_latest_only_with_trigger.py for tasks to queue
[2026-08-13T12:52:05.236+0000] {logging_mixin.py:188} INFO - [2026-08-13T12:52:05.235+0000] {dagbag.py:538} INFO - Filling up the DagBag from /home/airflow/.local/lib/python3.8/site-packages/airflow/example_dags/example_latest_only_with_trigger.py
[2026-08-13T12:52:05.246+0000] {processor.py:840} INFO - DAG(s) 'latest_only_with_trigger' retrieved from /home/airflow/.local/lib/python3.8/site-packages/airflow/example_dags/example_latest_only_with_trigger.py
[2026-08-13T12:52:05.281+0000] {logging_mixin.py:188} INFO - [2026-08-13T12:52:05.281+0000] {dag.py:3036} INFO - Sync 1 DAGs
[2026-08-13T12:52:05.322+0000] {logging_mixin.py:188} INFO - [2026-08-13T12:52:05.321+0000] {dag.py:3823} INFO - Setting next_dagrun for latest_only_with_trigger to 2026-08-13 08:00:00+00:00, run_after=2026-08-13 12:00:00+00:00
[2026-08-13T12:52:05.371+0000] {processor.py:183} INFO - Processing /home/airflow/.local/lib/python3.8/site-packages/airflow/example_dags/example_latest_only_with_trigger.py took 0.154 seconds
[2026-08-13T12:52:36.074+0000] {processor.py:161} INFO - Started process (PID=832) to work on /home/airflow/.local/lib/python3.8/site-packages/airflow/example_dags/example_latest_only_with_trigger.py
[2026-08-13T12:52:36.079+0000] {processor.py:830} INFO - Processing file /home/airflow/.local/lib/python3.8/site-packages/airflow/example_dags/example_latest_only_with_trigger.py for tasks to queue
[2026-08-13T12:52:36.086+0000] {logging_mixin.py:188} INFO - [2026-08-13T12:52:36.085+0000] {dagbag.py:538} INFO - Filling up the DagBag from /home/airflow/.local/lib/python3.8/site-packages/airflow/example_dags/example_latest_only_with_trigger.py
[2026-08-13T12:52:36.112+0000] {processor.py:840} INFO - DAG(s) 'latest_only_with_trigger' retrieved from /home/airflow/.local/lib/python3.8/site-packages/airflow/example_dags/example_latest_only_with_trigger.py
[2026-08-13T12:52:36.180+0000] {logging_mixin.py:188} INFO - [2026-08-13T12:52:36.179+0000] {dag.py:3036} INFO - Sync 1 DAGs
[2026-08-13T12:52:36.257+0000] {logging_mixin.py:188} INFO - [2026-08-13T12:52:36.256+0000] {dag.py:3823} INFO - Setting next_dagrun for latest_only_with_trigger to 2026-08-13 08:00:00+00:00, run_after=2026-08-13 12:00:00+00:00
[2026-08-13T12:52:36.313+0000] {processor.py:183} INFO - Processing /home/airflow/.local/lib/python3.8/site-packages/airflow/example_dags/example_latest_only_with_trigger.py took 0.248 seconds
[2026-08-13T12:53:06.857+0000] {processor.py:161} INFO - Started process (PID=885) to work on /home/airflow/.local/lib/python3.8/site-packages/airflow/example_dags/example_latest_only_with_trigger.py
[2026-08-13T12:53:06.860+0000] {processor.py:830} INFO - Processing file /home/airflow/.local/lib/python3.8/site-packages/airflow/example_dags/example_latest_only_with_trigger.py for tasks to queue
[2026-08-13T12:53:06.863+0000] {logging_mixin.py:188} INFO - [2026-08-13T12:53:06.863+0000] {dagbag.py:538} INFO - Filling up the DagBag from /home/airflow/.local/lib/python3.8/site-packages/airflow/example_dags/example_latest_only_with_trigger.py
[2026-08-13T12:53:06.875+0000] {processor.py:840} INFO - DAG(s) 'latest_only_with_trigger' retrieved from /home/airflow/.local/lib/python3.8/site-packages/airflow/example_dags/example_latest_only_with_trigger.py
[2026-08-13T12:53:06.908+0000] {logging_mixin.py:188} INFO - [2026-08-13T12:53:06.907+0000] {dag.py:3036} INFO - Sync 1 DAGs
[2026-08-13T12:53:06.938+0000] {logging_mixin.py:188} INFO - [2026-08-13T12:53:06.938+0000] {dag.py:3823} INFO - Setting next_dagrun for latest_only_with_trigger to 2026-08-13 08:00:00+00:00, run_after=2026-08-13 12:00:00+00:00
[2026-08-13T12:53:06.967+0000] {processor.py:183} INFO - Processing /home/airflow/.local/lib/python3.8/site-packages/airflow/example_dags/example_latest_only_with_trigger.py took 0.117 seconds
[2026-08-13T12:53:37.488+0000] {processor.py:161} INFO - Started process (PID=940) to work on /home/airflow/.local/lib/python3.8/site-packages/airflow/example_dags/example_latest_only_with_trigger.py
[2026-08-13T12:53:37.493+0000] {processor.py:830} INFO - Processing file /home/airflow/.local/lib/python3.8/site-packages/airflow/example_dags/example_latest_only_with_trigger.py for tasks to queue
[2026-08-13T12:53:37.498+0000] {logging_mixin.py:188} INFO - [2026-08-13T12:53:37.498+0000] {dagbag.py:538} INFO - Filling up the DagBag from /home/airflow/.local/lib/python3.8/site-packages/airflow/example_dags/example_latest_only_with_trigger.py
[2026-08-13T12:53:37.510+0000] {processor.py:840} INFO - DAG(s) 'latest_only_with_trigger' retrieved from /home/airflow/.local/lib/python3.8/site-packages/airflow/example_dags/example_latest_only_with_trigger.py
[2026-08-13T12:53:37.561+0000] {logging_mixin.py:188} INFO - [2026-08-13T12:53:37.561+0000] {dag.py:3036} INFO - Sync 1 DAGs
[2026-08-13T12:53:37.715+0000] {logging_mixin.py:188} INFO - [2026-08-13T12:53:37.715+0000] {dag.py:3823} INFO - Setting next_dagrun for latest_only_with_trigger to 2026-08-13 08:00:00+00:00, run_after=2026-08-13 12:00:00+00:00
[2026-08-13T12:53:37.819+0000] {processor.py:183} INFO - Processing /home/airflow/.local/lib/python3.8/site-packages/airflow/example_dags/example_latest_only_with_trigger.py took 0.338 seconds
[2026-08-13T12:54:08.019+0000] {processor.py:161} INFO - Started process (PID=993) to work on /home/airflow/.local/lib/python3.8/site-packages/airflow/example_dags/example_latest_only_with_trigger.py
[2026-08-13T12:54:08.022+0000] {processor.py:830} INFO - Processing file /home/airflow/.local/lib/python3.8/site-packages/airflow/example_dags/example_latest_only_with_trigger.py for tasks to queue
[2026-08-13T12:54:08.025+0000] {logging_mixin.py:188} INFO - [2026-08-13T12:54:08.025+0000] {dagbag.py:538} INFO - Filling up the DagBag from /home/airflow/.local/lib/python3.8/site-packages/airflow/example_dags/example_latest_only_with_trigger.py
[2026-08-13T12:54:08.037+0000] {processor.py:840} INFO - DAG(s) 'latest_only_with_trigger' retrieved from /home/airflow/.local/lib/python3.8/site-packages/airflow/example_dags/example_latest_only_with_trigger.py
[2026-08-13T12:54:08.081+0000] {logging_mixin.py:188} INFO - [2026-08-13T12:54:08.080+0000] {dag.py:3036} INFO - Sync 1 DAGs
[2026-08-13T12:54:08.110+0000] {logging_mixin.py:188} INFO - [2026-08-13T12:54:08.110+0000] {dag.py:3823} INFO - Setting next_dagrun for latest_only_with_trigger to 2026-08-13 08:00:00+00:00, run_after=2026-08-13 12:00:00+00:00
[2026-08-13T12:54:08.144+0000] {processor.py:183} INFO - Processing /home/airflow/.local/lib/python3.8/site-packages/airflow/example_dags/example_latest_only_with_trigger.py took 0.132 seconds
[2026-08-13T12:54:38.448+0000] {processor.py:161} INFO - Started process (PID=1048) to work on /home/airflow/.local/lib/python3.8/site-packages/airflow/example_dags/example_latest_only_with_trigger.py
[2026-08-13T12:54:38.450+0000] {processor.py:830} INFO - Processing file /home/airflow/.local/lib/python3.8/site-packages/airflow/example_dags/example_latest_only_with_trigger.py for tasks to queue
[2026-08-13T12:54:38.453+0000] {logging_mixin.py:188} INFO - [2026-08-13T12:54:38.452+0000] {dagbag.py:538} INFO - Filling up the DagBag from /home/airflow/.local/lib/python3.8/site-packages/airflow/example_dags/example_latest_only_with_trigger.py
[2026-08-13T12:54:38.470+0000] {processor.py:840} INFO - DAG(s) 'latest_only_with_trigger' retrieved from /home/airflow/.local/lib/python3.8/site-packages/airflow/example_dags/example_latest_only_with_trigger.py
[2026-08-13T12:54:38.554+0000] {logging_mixin.py:188} INFO - [2026-08-13T12:54:38.554+0000] {dag.py:3036} INFO - Sync 1 DAGs
[2026-08-13T12:54:38.630+0000] {logging_mixin.py:188} INFO - [2026-08-13T12:54:38.630+0000] {dag.py:3823} INFO - Setting next_dagrun for latest_only_with_trigger to 2026-08-13 08:00:00+00:00, run_after=2026-08-13 12:00:00+00:00
[2026-08-13T12:54:38.677+0000] {processor.py:183} INFO - Processing /home/airflow/.local/lib/python3.8/site-packages/airflow/example_dags/example_latest_only_with_trigger.py took 0.234 seconds
[2026-08-13T12:55:09.271+0000] {processor.py:161} INFO - Started process (PID=1103) to work on /home/airflow/.local/lib/python3.8/site-packages/airflow/example_dags/example_latest_only_with_trigger.py
[2026-08-13T12:55:09.273+0000] {processor.py:830} INFO - Processing file /home/airflow/.local/lib/python3.8/site-packages/airflow/example_dags/example_latest_only_with_trigger.py for tasks to queue
[2026-08-13T12:55:09.276+0000] {logging_mixin.py:188} INFO - [2026-08-13T12:55:09.276+0000] {dagbag.py:538} INFO - Filling up the DagBag from /home/airflow/.local/lib/python3.8/site-packages/airflow/example_dags/example_latest_only_with_trigger.py
[2026-08-13T12:55:09.286+0000] {processor.py:840} INFO - DAG(s) 'latest_only_with_trigger' retrieved from /home/airflow/.local/lib/python3.8/site-packages/airflow/example_dags/example_latest_only_with_trigger.py
[2026-08-13T12:55:09.324+0000] {logging_mixin.py:188} INFO - [2026-08-13T12:55:09.324+0000] {dag.py:3036} INFO - Sync 1 DAGs
[2026-08-13T12:55:09.395+0000] {logging_mixin.py:188} INFO - [2026-08-13T12:55:09.395+0000] {dag.py:3823} INFO - Setting next_dagrun for latest_only_with_trigger to 2026-08-13 08:00:00+00:00, run_after=2026-08-13 12:00:00+00:00
[2026-08-13T12:55:09.463+0000] {processor.py:183} INFO - Processing /home/airflow/.local/lib/python3.8/site-packages/airflow/example_dags/example_latest_only_with_trigger.py took 0.201 seconds
[2026-08-13T12:55:39.764+0000] {processor.py:161} INFO - Started process (PID=1158) to work on /home/airflow/.local/lib/python3.8/site-packages/airflow/example_dags/example_latest_only_with_trigger.py
[2026-08-13T12:55:39.768+0000] {processor.py:830} INFO - Processing file /home/airflow/.local/lib/python3.8/site-packages/airflow/example_dags/example_latest_only_with_trigger.py for tasks to queue
[2026-08-13T12:55:39.771+0000] {logging_mixin.py:188} INFO - [2026-08-13T12:55:39.771+0000] {dagbag.py:538} INFO - Filling up the DagBag from /home/airflow/.local/lib/python3.8/site-packages/airflow/example_dags/example_latest_only_with_trigger.py
[2026-08-13T12:55:39.781+0000] {processor.py:840} INFO - DAG(s) 'latest_only_with_trigger' retrieved from /home/airflow/.local/lib/python3.8/site-packages/airflow/example_dags/example_latest_only_with_trigger.py
[2026-08-13T12:55:39.814+0000] {logging_mixin.py:188} INFO - [2026-08-13T12:55:39.813+0000] {dag.py:3036} INFO - Sync 1 DAGs
[2026-08-13T12:55:39.860+0000] {logging_mixin.py:188} INFO - [2026-08-13T12:55:39.860+0000] {dag.py:3823} INFO - Setting next_dagrun for latest_only_with_trigger to 2026-08-13 08:00:00+00:00, run_after=2026-08-13 12:00:00+00:00
[2026-08-13T12:55:39.901+0000] {processor.py:183} INFO - Processing /home/airflow/.local/lib/python3.8/site-packages/airflow/example_dags/example_latest_only_with_trigger.py took 0.140 seconds
[2026-08-13T12:56:10.478+0000] {processor.py:161} INFO - Started process (PID=1213) to work on /home/airflow/.local/lib/python3.8/site-packages/airflow/example_dags/example_latest_only_with_trigger.py
[2026-08-13T12:56:10.480+0000] {processor.py:830} INFO - Processing file /home/airflow/.local/lib/python3.8/site-packages/airflow/example_dags/example_latest_only_with_trigger.py for tasks to queue
[2026-08-13T12:56:10.486+0000] {logging_mixin.py:188} INFO - [2026-08-13T12:56:10.486+0000] {dagbag.py:538} INFO - Filling up the DagBag from /home/airflow/.local/lib/python3.8/site-packages/airflow/example_dags/example_latest_only_with_trigger.py
[2026-08-13T12:56:10.500+0000] {processor.py:840} INFO - DAG(s) 'latest_only_with_trigger' retrieved from /home/airflow/.local/lib/python3.8/site-packages/airflow/example_dags/example_latest_only_with_trigger.py
[2026-08-13T12:56:10.536+0000] {logging_mixin.py:188} INFO - [2026-08-13T12:56:10.535+0000] {dag.py:3036} INFO - Sync 1 DAGs
[2026-08-13T12:56:10.575+0000] {logging_mixin.py:188} INFO - [2026-08-13T12:56:10.575+0000] {dag.py:3823} INFO - Setting next_dagrun for latest_only_with_trigger to 2026-08-13 08:00:00+00:00, run_after=2026-08-13 12:00:00+00:00
[2026-08-13T12:56:10.611+0000] {processor.py:183} INFO - Processing /home/airflow/.local/lib/python3.8/site-packages/airflow/example_dags/example_latest_only_with_trigger.py took 0.140 seconds
[2026-08-13T12:56:40.818+0000] {processor.py:161} INFO - Started process (PID=1268) to work on /home/airflow/.local/lib/python3.8/site-packages/airflow/example_dags/example_latest_only_with_trigger.py
[2026-08-13T12:56:40.820+0000] {processor.py:830} INFO - Processing file /home/airflow/.local/lib/python3.8/site-packages/airflow/example_dags/example_latest_only_with_trigger.py for tasks to queue
[2026-08-13T12:56:40.824+0000] {logging_mixin.py:188} INFO - [2026-08-13T12:56:40.824+0000] {dagbag.py:538} INFO - Filling up the DagBag from /home/airflow/.local/lib/python3.8/site-packages/airflow/example_dags/example_latest_only_with_trigger.py
[2026-08-13T12:56:40.832+0000] {processor.py:840} INFO - DAG(s) 'latest_only_with_trigger' retrieved from /home/airflow/.local/lib/python3.8/site-packages/airflow/example_dags/example_latest_only_with_trigger.py
[2026-08-13T12:56:40.867+0000] {logging_mixin.py:188} INFO - [2026-08-13T12:56:40.867+0000] {dag.py:3036} INFO - Sync 1 DAGs
[2026-08-13T12:56:40.899+0000] {logging_mixin.py:188} INFO - [2026-08-13T12:56:40.899+0000] {dag.py:3823} INFO - Setting next_dagrun for latest_only_with_trigger to 2026-08-13 08:00:00+00:00, run_after=2026-08-13 12:00:00+00:00
[2026-08-13T12:56:40.924+0000] {processor.py:183} INFO - Processing /home/airflow/.local/lib/python3.8/site-packages/airflow/example_dags/example_latest_only_with_trigger.py took 0.112 seconds
[2026-08-13T12:57:11.833+0000] {processor.py:161} INFO - Started process (PID=1323) to work on /home/airflow/.local/lib/python3.8/site-packages/airflow/example_dags/example_latest_only_with_trigger.py
[2026-08-13T12:57:11.835+0000] {processor.py:830} INFO - Processing file /home/airflow/.local/lib/python3.8/site-packages/airflow/example_dags/example_latest_only_with_trigger.py for tasks to queue
[2026-08-13T12:57:11.838+0000] {logging_mixin.py:188} INFO - [2026-08-13T12:57:11.838+0000] {dagbag.py:538} INFO - Filling up the DagBag from /home/airflow/.local/lib/python3.8/site-packages/airflow/example_dags/example_latest_only_with_trigger.py
[2026-08-13T12:57:11.846+0000] {processor.py:840} INFO - DAG(s) 'latest_only_with_trigger' retrieved from /home/airflow/.local/lib/python3.8/site-packages/airflow/example_dags/example_latest_only_with_trigger.py
[2026-08-13T12:57:11.872+0000] {logging_mixin.py:188} INFO - [2026-08-13T12:57:11.872+0000] {dag.py:3036} INFO - Sync 1 DAGs
[2026-08-13T12:57:11.900+0000] {logging_mixin.py:188} INFO - [2026-08-13T12:57:11.900+0000] {dag.py:3823} INFO - Setting next_dagrun for latest_only_with_trigger to 2026-08-13 08:00:00+00:00, run_after=2026-08-13 12:00:00+00:00
[2026-08-13T12:57:11.934+0000] {processor.py:183} INFO - Processing /home/airflow/.local/lib/python3.8/site-packages/airflow/example_dags/example_latest_only_with_trigger.py took 0.106 seconds
