[2026-08-13T12:33:25.109+0000] {processor.py:161} INFO - Started process (PID=87) to work on /home/airflow/.local/lib/python3.8/site-packages/airflow/example_dags/example_task_group_decorator.py
[2026-08-13T12:33:25.114+0000] {processor.py:830} INFO - Processing file /home/airflow/.local/lib/python3.8/site-packages/airflow/example_dags/example_task_group_decorator.py for tasks to queue
[2026-08-13T12:33:25.119+0000] {logging_mixin.py:188} INFO - [2026-08-13T12:33:25.118+0000] {dagbag.py:538} INFO - Filling up the DagBag from /home/airflow/.local/lib/python3.8/site-packages/airflow/example_dags/example_task_group_decorator.py
[2026-08-13T12:33:25.198+0000] {processor.py:840} INFO - DAG(s) 'example_task_group_decorator' retrieved from /home/airflow/.local/lib/python3.8/site-packages/airflow/example_dags/example_task_group_decorator.py
[2026-08-13T12:33:25.920+0000] {logging_mixin.py:188} INFO - [2026-08-13T12:33:25.919+0000] {dag.py:3036} INFO - Sync 1 DAGs
[2026-08-13T12:33:26.039+0000] {logging_mixin.py:188} INFO - [2026-08-13T12:33:26.039+0000] {dag.py:3823} INFO - Setting next_dagrun for example_task_group_decorator to 2026-08-12 00:00:00+00:00, run_after=2026-08-13 00:00:00+00:00
[2026-08-13T12:33:26.129+0000] {processor.py:183} INFO - Processing /home/airflow/.local/lib/python3.8/site-packages/airflow/example_dags/example_task_group_decorator.py took 1.032 seconds
[2026-08-13T12:33:56.909+0000] {processor.py:161} INFO - Started process (PID=142) to work on /home/airflow/.local/lib/python3.8/site-packages/airflow/example_dags/example_task_group_decorator.py
[2026-08-13T12:33:56.912+0000] {processor.py:830} INFO - Processing file /home/airflow/.local/lib/python3.8/site-packages/airflow/example_dags/example_task_group_decorator.py for tasks to queue
[2026-08-13T12:33:56.915+0000] {logging_mixin.py:188} INFO - [2026-08-13T12:33:56.914+0000] {dagbag.py:538} INFO - Filling up the DagBag from /home/airflow/.local/lib/python3.8/site-packages/airflow/example_dags/example_task_group_decorator.py
[2026-08-13T12:33:56.944+0000] {processor.py:840} INFO - DAG(s) 'example_task_group_decorator' retrieved from /home/airflow/.local/lib/python3.8/site-packages/airflow/example_dags/example_task_group_decorator.py
[2026-08-13T12:33:56.989+0000] {logging_mixin.py:188} INFO - [2026-08-13T12:33:56.989+0000] {dag.py:3036} INFO - Sync 1 DAGs
[2026-08-13T12:33:57.022+0000] {logging_mixin.py:188} INFO - [2026-08-13T12:33:57.021+0000] {dag.py:3823} INFO - Setting next_dagrun for example_task_group_decorator to 2026-08-12 00:00:00+00:00, run_after=2026-08-13 00:00:00+00:00
[2026-08-13T12:33:57.064+0000] {processor.py:183} INFO - Processing /home/airflow/.local/lib/python3.8/site-packages/airflow/example_dags/example_task_group_decorator.py took 0.161 seconds
[2026-08-13T12:34:27.234+0000] {processor.py:161} INFO - Started process (PID=197) to work on /home/airflow/.local/lib/python3.8/site-packages/airflow/example_dags/example_task_group_decorator.py
[2026-08-13T12:34:27.236+0000] {processor.py:830} INFO - Processing file /home/airflow/.local/lib/python3.8/site-packages/airflow/example_dags/example_task_group_decorator.py for tasks to queue
[2026-08-13T12:34:27.240+0000] {logging_mixin.py:188} INFO - [2026-08-13T12:34:27.240+0000] {dagbag.py:538} INFO - Filling up the DagBag from /home/airflow/.local/lib/python3.8/site-packages/airflow/example_dags/example_task_group_decorator.py
[2026-08-13T12:34:27.262+0000] {processor.py:840} INFO - DAG(s) 'example_task_group_decorator' retrieved from /home/airflow/.local/lib/python3.8/site-packages/airflow/example_dags/example_task_group_decorator.py
[2026-08-13T12:34:27.303+0000] {logging_mixin.py:188} INFO - [2026-08-13T12:34:27.302+0000] {dag.py:3036} INFO - Sync 1 DAGs
[2026-08-13T12:34:27.347+0000] {logging_mixin.py:188} INFO - [2026-08-13T12:34:27.347+0000] {dag.py:3823} INFO - Setting next_dagrun for example_task_group_decorator to 2026-08-12 00:00:00+00:00, run_after=2026-08-13 00:00:00+00:00
[2026-08-13T12:34:27.379+0000] {processor.py:183} INFO - Processing /home/airflow/.local/lib/python3.8/site-packages/airflow/example_dags/example_task_group_decorator.py took 0.150 seconds
[2026-08-13T12:34:57.474+0000] {processor.py:161} INFO - Started process (PID=252) to work on /home/airflow/.local/lib/python3.8/site-packages/airflow/example_dags/example_task_group_decorator.py
[2026-08-13T12:34:57.476+0000] {processor.py:830} INFO - Processing file /home/airflow/.local/lib/python3.8/site-packages/airflow/example_dags/example_task_group_decorator.py for tasks to queue
[2026-08-13T12:34:57.479+0000] {logging_mixin.py:188} INFO - [2026-08-13T12:34:57.479+0000] {dagbag.py:538} INFO - Filling up the DagBag from /home/airflow/.local/lib/python3.8/site-packages/airflow/example_dags/example_task_group_decorator.py
[2026-08-13T12:34:57.508+0000] {processor.py:840} INFO - DAG(s) 'example_task_group_decorator' retrieved from /home/airflow/.local/lib/python3.8/site-packages/airflow/example_dags/example_task_group_decorator.py
[2026-08-13T12:34:57.543+0000] {logging_mixin.py:188} INFO - [2026-08-13T12:34:57.542+0000] {dag.py:3036} INFO - Sync 1 DAGs
[2026-08-13T12:34:57.577+0000] {logging_mixin.py:188} INFO - [2026-08-13T12:34:57.576+0000] {dag.py:3823} INFO - Setting next_dagrun for example_task_group_decorator to 2026-08-12 00:00:00+00:00, run_after=2026-08-13 00:00:00+00:00
[2026-08-13T12:34:57.617+0000] {processor.py:183} INFO - Processing /home/airflow/.local/lib/python3.8/site-packages/airflow/example_dags/example_task_group_decorator.py took 0.149 seconds
[2026-08-13T12:35:27.972+0000] {processor.py:161} INFO - Started process (PID=307) to work on /home/airflow/.local/lib/python3.8/site-packages/airflow/example_dags/example_task_group_decorator.py
[2026-08-13T12:35:27.974+0000] {processor.py:830} INFO - Processing file /home/airflow/.local/lib/python3.8/site-packages/airflow/example_dags/example_task_group_decorator.py for tasks to queue
[2026-08-13T12:35:27.977+0000] {logging_mixin.py:188} INFO - [2026-08-13T12:35:27.977+0000] {dagbag.py:538} INFO - Filling up the DagBag from /home/airflow/.local/lib/python3.8/site-packages/airflow/example_dags/example_task_group_decorator.py
[2026-08-13T12:35:28.005+0000] {processor.py:840} INFO - DAG(s) 'example_task_group_decorator' retrieved from /home/airflow/.local/lib/python3.8/site-packages/airflow/example_dags/example_task_group_decorator.py
[2026-08-13T12:35:28.048+0000] {logging_mixin.py:188} INFO - [2026-08-13T12:35:28.048+0000] {dag.py:3036} INFO - Sync 1 DAGs
[2026-08-13T12:35:28.087+0000] {logging_mixin.py:188} INFO - [2026-08-13T12:35:28.087+0000] {dag.py:3823} INFO - Setting next_dagrun for example_task_group_decorator to 2026-08-12 00:00:00+00:00, run_after=2026-08-13 00:00:00+00:00
[2026-08-13T12:35:28.121+0000] {processor.py:183} INFO - Processing /home/airflow/.local/lib/python3.8/site-packages/airflow/example_dags/example_task_group_decorator.py took 0.154 seconds
[2026-08-13T12:35:58.179+0000] {processor.py:161} INFO - Started process (PID=362) to work on /home/airflow/.local/lib/python3.8/site-packages/airflow/example_dags/example_task_group_decorator.py
[2026-08-13T12:35:58.182+0000] {processor.py:830} INFO - Processing file /home/airflow/.local/lib/python3.8/site-packages/airflow/example_dags/example_task_group_decorator.py for tasks to queue
[2026-08-13T12:35:58.186+0000] {logging_mixin.py:188} INFO - [2026-08-13T12:35:58.185+0000] {dagbag.py:538} INFO - Filling up the DagBag from /home/airflow/.local/lib/python3.8/site-packages/airflow/example_dags/example_task_group_decorator.py
[2026-08-13T12:35:58.213+0000] {processor.py:840} INFO - DAG(s) 'example_task_group_decorator' retrieved from /home/airflow/.local/lib/python3.8/site-packages/airflow/example_dags/example_task_group_decorator.py
[2026-08-13T12:35:58.256+0000] {logging_mixin.py:188} INFO - [2026-08-13T12:35:58.256+0000] {dag.py:3036} INFO - Sync 1 DAGs
[2026-08-13T12:35:58.285+0000] {logging_mixin.py:188} INFO - [2026-08-13T12:35:58.285+0000] {dag.py:3823} INFO - Setting next_dagrun for example_task_group_decorator to 2026-08-12 00:00:00+00:00, run_after=2026-08-13 00:00:00+00:00
[2026-08-13T12:35:58.315+0000] {processor.py:183} INFO - Processing /home/airflow/.local/lib/python3.8/site-packages/airflow/example_dags/example_task_group_decorator.py took 0.140 seconds
[2026-08-13T12:36:28.826+0000] {processor.py:161} INFO - Started process (PID=418) to work on /home/airflow/.local/lib/python3.8/site-packages/airflow/example_dags/example_task_group_decorator.py
[2026-08-13T12:36:28.828+0000] {processor.py:830} INFO - Processing file /home/airflow/.local/lib/python3.8/site-packages/airflow/example_dags/example_task_group_decorator.py for tasks to queue
[2026-08-13T12:36:28.832+0000] {logging_mixin.py:188} INFO - [2026-08-13T12:36:28.831+0000] {dagbag.py:538} INFO - Filling up the DagBag from /home/airflow/.local/lib/python3.8/site-packages/airflow/example_dags/example_task_group_decorator.py
[2026-08-13T12:36:28.852+0000] {processor.py:840} INFO - DAG(s) 'example_task_group_decorator' retrieved from /home/airflow/.local/lib/python3.8/site-packages/airflow/example_dags/example_task_group_decorator.py
[2026-08-13T12:36:28.899+0000] {logging_mixin.py:188} INFO - [2026-08-13T12:36:28.898+0000] {dag.py:3036} INFO - Sync 1 DAGs
[2026-08-13T12:36:28.935+0000] {logging_mixin.py:188} INFO - [2026-08-13T12:36:28.935+0000] {dag.py:3823} INFO - Setting next_dagrun for example_task_group_decorator to 2026-08-12 00:00:00+00:00, run_after=2026-08-13 00:00:00+00:00
[2026-08-13T12:36:28.967+0000] {processor.py:183} INFO - Processing /home/airflow/.local/lib/python3.8/site-packages/airflow/example_dags/example_task_group_decorator.py took 0.145 seconds
[2026-08-13T12:41:34.885+0000] {processor.py:161} INFO - Started process (PID=109) to work on /home/airflow/.local/lib/python3.8/site-packages/airflow/example_dags/example_task_group_decorator.py
[2026-08-13T12:41:34.898+0000] {processor.py:830} INFO - Processing file /home/airflow/.local/lib/python3.8/site-packages/airflow/example_dags/example_task_group_decorator.py for tasks to queue
[2026-08-13T12:41:34.933+0000] {logging_mixin.py:188} INFO - [2026-08-13T12:41:34.931+0000] {dagbag.py:538} INFO - Filling up the DagBag from /home/airflow/.local/lib/python3.8/site-packages/airflow/example_dags/example_task_group_decorator.py
[2026-08-13T12:41:35.150+0000] {processor.py:840} INFO - DAG(s) 'example_task_group_decorator' retrieved from /home/airflow/.local/lib/python3.8/site-packages/airflow/example_dags/example_task_group_decorator.py
[2026-08-13T12:41:38.555+0000] {logging_mixin.py:188} INFO - [2026-08-13T12:41:38.544+0000] {dag.py:3036} INFO - Sync 1 DAGs
[2026-08-13T12:41:39.079+0000] {logging_mixin.py:188} INFO - [2026-08-13T12:41:39.078+0000] {dag.py:3823} INFO - Setting next_dagrun for example_task_group_decorator to 2026-08-12 00:00:00+00:00, run_after=2026-08-13 00:00:00+00:00
[2026-08-13T12:41:39.254+0000] {processor.py:183} INFO - Processing /home/airflow/.local/lib/python3.8/site-packages/airflow/example_dags/example_task_group_decorator.py took 4.394 seconds
[2026-08-13T12:42:10.946+0000] {processor.py:161} INFO - Started process (PID=164) to work on /home/airflow/.local/lib/python3.8/site-packages/airflow/example_dags/example_task_group_decorator.py
[2026-08-13T12:42:10.964+0000] {processor.py:830} INFO - Processing file /home/airflow/.local/lib/python3.8/site-packages/airflow/example_dags/example_task_group_decorator.py for tasks to queue
[2026-08-13T12:42:10.976+0000] {logging_mixin.py:188} INFO - [2026-08-13T12:42:10.975+0000] {dagbag.py:538} INFO - Filling up the DagBag from /home/airflow/.local/lib/python3.8/site-packages/airflow/example_dags/example_task_group_decorator.py
[2026-08-13T12:42:11.079+0000] {processor.py:840} INFO - DAG(s) 'example_task_group_decorator' retrieved from /home/airflow/.local/lib/python3.8/site-packages/airflow/example_dags/example_task_group_decorator.py
[2026-08-13T12:42:11.211+0000] {logging_mixin.py:188} INFO - [2026-08-13T12:42:11.210+0000] {dag.py:3036} INFO - Sync 1 DAGs
[2026-08-13T12:42:11.362+0000] {logging_mixin.py:188} INFO - [2026-08-13T12:42:11.361+0000] {dag.py:3823} INFO - Setting next_dagrun for example_task_group_decorator to 2026-08-12 00:00:00+00:00, run_after=2026-08-13 00:00:00+00:00
[2026-08-13T12:42:11.547+0000] {processor.py:183} INFO - Processing /home/airflow/.local/lib/python3.8/site-packages/airflow/example_dags/example_task_group_decorator.py took 0.611 seconds
[2026-08-13T12:45:39.135+0000] {processor.py:161} INFO - Started process (PID=97) to work on /home/airflow/.local/lib/python3.8/site-packages/airflow/example_dags/example_task_group_decorator.py
[2026-08-13T12:45:39.140+0000] {processor.py:830} INFO - Processing file /home/airflow/.local/lib/python3.8/site-packages/airflow/example_dags/example_task_group_decorator.py for tasks to queue
[2026-08-13T12:45:39.146+0000] {logging_mixin.py:188} INFO - [2026-08-13T12:45:39.145+0000] {dagbag.py:538} INFO - Filling up the DagBag from /home/airflow/.local/lib/python3.8/site-packages/airflow/example_dags/example_task_group_decorator.py
[2026-08-13T12:45:39.237+0000] {processor.py:840} INFO - DAG(s) 'example_task_group_decorator' retrieved from /home/airflow/.local/lib/python3.8/site-packages/airflow/example_dags/example_task_group_decorator.py
[2026-08-13T12:45:40.571+0000] {logging_mixin.py:188} INFO - [2026-08-13T12:45:40.570+0000] {dag.py:3036} INFO - Sync 1 DAGs
[2026-08-13T12:45:40.806+0000] {logging_mixin.py:188} INFO - [2026-08-13T12:45:40.804+0000] {dag.py:3823} INFO - Setting next_dagrun for example_task_group_decorator to 2026-08-12 00:00:00+00:00, run_after=2026-08-13 00:00:00+00:00
[2026-08-13T12:45:40.948+0000] {processor.py:183} INFO - Processing /home/airflow/.local/lib/python3.8/site-packages/airflow/example_dags/example_task_group_decorator.py took 1.824 seconds
[2026-08-13T12:46:13.218+0000] {processor.py:161} INFO - Started process (PID=152) to work on /home/airflow/.local/lib/python3.8/site-packages/airflow/example_dags/example_task_group_decorator.py
[2026-08-13T12:46:13.223+0000] {processor.py:830} INFO - Processing file /home/airflow/.local/lib/python3.8/site-packages/airflow/example_dags/example_task_group_decorator.py for tasks to queue
[2026-08-13T12:46:13.236+0000] {logging_mixin.py:188} INFO - [2026-08-13T12:46:13.234+0000] {dagbag.py:538} INFO - Filling up the DagBag from /home/airflow/.local/lib/python3.8/site-packages/airflow/example_dags/example_task_group_decorator.py
[2026-08-13T12:46:13.330+0000] {processor.py:840} INFO - DAG(s) 'example_task_group_decorator' retrieved from /home/airflow/.local/lib/python3.8/site-packages/airflow/example_dags/example_task_group_decorator.py
[2026-08-13T12:46:13.507+0000] {logging_mixin.py:188} INFO - [2026-08-13T12:46:13.506+0000] {dag.py:3036} INFO - Sync 1 DAGs
[2026-08-13T12:46:13.662+0000] {logging_mixin.py:188} INFO - [2026-08-13T12:46:13.661+0000] {dag.py:3823} INFO - Setting next_dagrun for example_task_group_decorator to 2026-08-12 00:00:00+00:00, run_after=2026-08-13 00:00:00+00:00
[2026-08-13T12:46:13.812+0000] {processor.py:183} INFO - Processing /home/airflow/.local/lib/python3.8/site-packages/airflow/example_dags/example_task_group_decorator.py took 0.615 seconds
[2026-08-13T12:46:44.290+0000] {processor.py:161} INFO - Started process (PID=205) to work on /home/airflow/.local/lib/python3.8/site-packages/airflow/example_dags/example_task_group_decorator.py
[2026-08-13T12:46:44.293+0000] {processor.py:830} INFO - Processing file /home/airflow/.local/lib/python3.8/site-packages/airflow/example_dags/example_task_group_decorator.py for tasks to queue
[2026-08-13T12:46:44.297+0000] {logging_mixin.py:188} INFO - [2026-08-13T12:46:44.297+0000] {dagbag.py:538} INFO - Filling up the DagBag from /home/airflow/.local/lib/python3.8/site-packages/airflow/example_dags/example_task_group_decorator.py
[2026-08-13T12:46:44.325+0000] {processor.py:840} INFO - DAG(s) 'example_task_group_decorator' retrieved from /home/airflow/.local/lib/python3.8/site-packages/airflow/example_dags/example_task_group_decorator.py
[2026-08-13T12:46:44.372+0000] {logging_mixin.py:188} INFO - [2026-08-13T12:46:44.372+0000] {dag.py:3036} INFO - Sync 1 DAGs
[2026-08-13T12:46:44.414+0000] {logging_mixin.py:188} INFO - [2026-08-13T12:46:44.414+0000] {dag.py:3823} INFO - Setting next_dagrun for example_task_group_decorator to 2026-08-12 00:00:00+00:00, run_after=2026-08-13 00:00:00+00:00
[2026-08-13T12:46:44.453+0000] {processor.py:183} INFO - Processing /home/airflow/.local/lib/python3.8/site-packages/airflow/example_dags/example_task_group_decorator.py took 0.167 seconds
[2026-08-13T12:47:15.230+0000] {processor.py:161} INFO - Started process (PID=260) to work on /home/airflow/.local/lib/python3.8/site-packages/airflow/example_dags/example_task_group_decorator.py
[2026-08-13T12:47:15.239+0000] {processor.py:830} INFO - Processing file /home/airflow/.local/lib/python3.8/site-packages/airflow/example_dags/example_task_group_decorator.py for tasks to queue
[2026-08-13T12:47:15.246+0000] {logging_mixin.py:188} INFO - [2026-08-13T12:47:15.246+0000] {dagbag.py:538} INFO - Filling up the DagBag from /home/airflow/.local/lib/python3.8/site-packages/airflow/example_dags/example_task_group_decorator.py
[2026-08-13T12:47:15.335+0000] {processor.py:840} INFO - DAG(s) 'example_task_group_decorator' retrieved from /home/airflow/.local/lib/python3.8/site-packages/airflow/example_dags/example_task_group_decorator.py
[2026-08-13T12:47:15.424+0000] {logging_mixin.py:188} INFO - [2026-08-13T12:47:15.423+0000] {dag.py:3036} INFO - Sync 1 DAGs
[2026-08-13T12:47:15.480+0000] {logging_mixin.py:188} INFO - [2026-08-13T12:47:15.480+0000] {dag.py:3823} INFO - Setting next_dagrun for example_task_group_decorator to 2026-08-12 00:00:00+00:00, run_after=2026-08-13 00:00:00+00:00
[2026-08-13T12:47:15.533+0000] {processor.py:183} INFO - Processing /home/airflow/.local/lib/python3.8/site-packages/airflow/example_dags/example_task_group_decorator.py took 0.329 seconds
[2026-08-13T12:47:46.364+0000] {processor.py:161} INFO - Started process (PID=315) to work on /home/airflow/.local/lib/python3.8/site-packages/airflow/example_dags/example_task_group_decorator.py
[2026-08-13T12:47:46.366+0000] {processor.py:830} INFO - Processing file /home/airflow/.local/lib/python3.8/site-packages/airflow/example_dags/example_task_group_decorator.py for tasks to queue
[2026-08-13T12:47:46.369+0000] {logging_mixin.py:188} INFO - [2026-08-13T12:47:46.369+0000] {dagbag.py:538} INFO - Filling up the DagBag from /home/airflow/.local/lib/python3.8/site-packages/airflow/example_dags/example_task_group_decorator.py
[2026-08-13T12:47:46.397+0000] {processor.py:840} INFO - DAG(s) 'example_task_group_decorator' retrieved from /home/airflow/.local/lib/python3.8/site-packages/airflow/example_dags/example_task_group_decorator.py
[2026-08-13T12:47:46.475+0000] {logging_mixin.py:188} INFO - [2026-08-13T12:47:46.474+0000] {dag.py:3036} INFO - Sync 1 DAGs
[2026-08-13T12:47:46.548+0000] {logging_mixin.py:188} INFO - [2026-08-13T12:47:46.548+0000] {dag.py:3823} INFO - Setting next_dagrun for example_task_group_decorator to 2026-08-12 00:00:00+00:00, run_after=2026-08-13 00:00:00+00:00
[2026-08-13T12:47:46.619+0000] {processor.py:183} INFO - Processing /home/airflow/.local/lib/python3.8/site-packages/airflow/example_dags/example_task_group_decorator.py took 0.265 seconds
[2026-08-13T12:48:16.938+0000] {processor.py:161} INFO - Started process (PID=370) to work on /home/airflow/.local/lib/python3.8/site-packages/airflow/example_dags/example_task_group_decorator.py
[2026-08-13T12:48:16.939+0000] {processor.py:830} INFO - Processing file /home/airflow/.local/lib/python3.8/site-packages/airflow/example_dags/example_task_group_decorator.py for tasks to queue
[2026-08-13T12:48:16.943+0000] {logging_mixin.py:188} INFO - [2026-08-13T12:48:16.943+0000] {dagbag.py:538} INFO - Filling up the DagBag from /home/airflow/.local/lib/python3.8/site-packages/airflow/example_dags/example_task_group_decorator.py
[2026-08-13T12:48:16.971+0000] {processor.py:840} INFO - DAG(s) 'example_task_group_decorator' retrieved from /home/airflow/.local/lib/python3.8/site-packages/airflow/example_dags/example_task_group_decorator.py
[2026-08-13T12:48:17.013+0000] {logging_mixin.py:188} INFO - [2026-08-13T12:48:17.013+0000] {dag.py:3036} INFO - Sync 1 DAGs
[2026-08-13T12:48:17.052+0000] {logging_mixin.py:188} INFO - [2026-08-13T12:48:17.052+0000] {dag.py:3823} INFO - Setting next_dagrun for example_task_group_decorator to 2026-08-12 00:00:00+00:00, run_after=2026-08-13 00:00:00+00:00
[2026-08-13T12:48:17.094+0000] {processor.py:183} INFO - Processing /home/airflow/.local/lib/python3.8/site-packages/airflow/example_dags/example_task_group_decorator.py took 0.161 seconds
[2026-08-13T12:48:47.988+0000] {processor.py:161} INFO - Started process (PID=426) to work on /home/airflow/.local/lib/python3.8/site-packages/airflow/example_dags/example_task_group_decorator.py
[2026-08-13T12:48:47.991+0000] {processor.py:830} INFO - Processing file /home/airflow/.local/lib/python3.8/site-packages/airflow/example_dags/example_task_group_decorator.py for tasks to queue
[2026-08-13T12:48:47.994+0000] {logging_mixin.py:188} INFO - [2026-08-13T12:48:47.993+0000] {dagbag.py:538} INFO - Filling up the DagBag from /home/airflow/.local/lib/python3.8/site-packages/airflow/example_dags/example_task_group_decorator.py
[2026-08-13T12:48:48.014+0000] {processor.py:840} INFO - DAG(s) 'example_task_group_decorator' retrieved from /home/airflow/.local/lib/python3.8/site-packages/airflow/example_dags/example_task_group_decorator.py
[2026-08-13T12:48:48.058+0000] {logging_mixin.py:188} INFO - [2026-08-13T12:48:48.057+0000] {dag.py:3036} INFO - Sync 1 DAGs
[2026-08-13T12:48:48.091+0000] {logging_mixin.py:188} INFO - [2026-08-13T12:48:48.091+0000] {dag.py:3823} INFO - Setting next_dagrun for example_task_group_decorator to 2026-08-12 00:00:00+00:00, run_after=2026-08-13 00:00:00+00:00
[2026-08-13T12:48:48.127+0000] {processor.py:183} INFO - Processing /home/airflow/.local/lib/python3.8/site-packages/airflow/example_dags/example_task_group_decorator.py took 0.145 seconds
[2026-08-13T12:49:18.787+0000] {processor.py:161} INFO - Started process (PID=481) to work on /home/airflow/.local/lib/python3.8/site-packages/airflow/example_dags/example_task_group_decorator.py
[2026-08-13T12:49:18.790+0000] {processor.py:830} INFO - Processing file /home/airflow/.local/lib/python3.8/site-packages/airflow/example_dags/example_task_group_decorator.py for tasks to queue
[2026-08-13T12:49:18.795+0000] {logging_mixin.py:188} INFO - [2026-08-13T12:49:18.794+0000] {dagbag.py:538} INFO - Filling up the DagBag from /home/airflow/.local/lib/python3.8/site-packages/airflow/example_dags/example_task_group_decorator.py
[2026-08-13T12:49:18.838+0000] {processor.py:840} INFO - DAG(s) 'example_task_group_decorator' retrieved from /home/airflow/.local/lib/python3.8/site-packages/airflow/example_dags/example_task_group_decorator.py
[2026-08-13T12:49:18.899+0000] {logging_mixin.py:188} INFO - [2026-08-13T12:49:18.897+0000] {dag.py:3036} INFO - Sync 1 DAGs
[2026-08-13T12:49:18.954+0000] {logging_mixin.py:188} INFO - [2026-08-13T12:49:18.953+0000] {dag.py:3823} INFO - Setting next_dagrun for example_task_group_decorator to 2026-08-12 00:00:00+00:00, run_after=2026-08-13 00:00:00+00:00
[2026-08-13T12:49:19.013+0000] {processor.py:183} INFO - Processing /home/airflow/.local/lib/python3.8/site-packages/airflow/example_dags/example_task_group_decorator.py took 0.233 seconds
[2026-08-13T12:49:49.781+0000] {processor.py:161} INFO - Started process (PID=536) to work on /home/airflow/.local/lib/python3.8/site-packages/airflow/example_dags/example_task_group_decorator.py
[2026-08-13T12:49:49.795+0000] {processor.py:830} INFO - Processing file /home/airflow/.local/lib/python3.8/site-packages/airflow/example_dags/example_task_group_decorator.py for tasks to queue
[2026-08-13T12:49:49.806+0000] {logging_mixin.py:188} INFO - [2026-08-13T12:49:49.805+0000] {dagbag.py:538} INFO - Filling up the DagBag from /home/airflow/.local/lib/python3.8/site-packages/airflow/example_dags/example_task_group_decorator.py
[2026-08-13T12:49:49.890+0000] {processor.py:840} INFO - DAG(s) 'example_task_group_decorator' retrieved from /home/airflow/.local/lib/python3.8/site-packages/airflow/example_dags/example_task_group_decorator.py
[2026-08-13T12:49:50.056+0000] {logging_mixin.py:188} INFO - [2026-08-13T12:49:50.055+0000] {dag.py:3036} INFO - Sync 1 DAGs
[2026-08-13T12:49:50.163+0000] {logging_mixin.py:188} INFO - [2026-08-13T12:49:50.163+0000] {dag.py:3823} INFO - Setting next_dagrun for example_task_group_decorator to 2026-08-12 00:00:00+00:00, run_after=2026-08-13 00:00:00+00:00
[2026-08-13T12:49:50.256+0000] {processor.py:183} INFO - Processing /home/airflow/.local/lib/python3.8/site-packages/airflow/example_dags/example_task_group_decorator.py took 0.503 seconds
[2026-08-13T12:50:20.486+0000] {processor.py:161} INFO - Started process (PID=591) to work on /home/airflow/.local/lib/python3.8/site-packages/airflow/example_dags/example_task_group_decorator.py
[2026-08-13T12:50:20.491+0000] {processor.py:830} INFO - Processing file /home/airflow/.local/lib/python3.8/site-packages/airflow/example_dags/example_task_group_decorator.py for tasks to queue
[2026-08-13T12:50:20.522+0000] {logging_mixin.py:188} INFO - [2026-08-13T12:50:20.521+0000] {dagbag.py:538} INFO - Filling up the DagBag from /home/airflow/.local/lib/python3.8/site-packages/airflow/example_dags/example_task_group_decorator.py
[2026-08-13T12:50:20.584+0000] {processor.py:840} INFO - DAG(s) 'example_task_group_decorator' retrieved from /home/airflow/.local/lib/python3.8/site-packages/airflow/example_dags/example_task_group_decorator.py
[2026-08-13T12:50:20.647+0000] {logging_mixin.py:188} INFO - [2026-08-13T12:50:20.647+0000] {dag.py:3036} INFO - Sync 1 DAGs
[2026-08-13T12:50:20.683+0000] {logging_mixin.py:188} INFO - [2026-08-13T12:50:20.682+0000] {dag.py:3823} INFO - Setting next_dagrun for example_task_group_decorator to 2026-08-12 00:00:00+00:00, run_after=2026-08-13 00:00:00+00:00
[2026-08-13T12:50:20.721+0000] {processor.py:183} INFO - Processing /home/airflow/.local/lib/python3.8/site-packages/airflow/example_dags/example_task_group_decorator.py took 0.244 seconds
[2026-08-13T12:50:50.980+0000] {processor.py:161} INFO - Started process (PID=646) to work on /home/airflow/.local/lib/python3.8/site-packages/airflow/example_dags/example_task_group_decorator.py
[2026-08-13T12:50:50.982+0000] {processor.py:830} INFO - Processing file /home/airflow/.local/lib/python3.8/site-packages/airflow/example_dags/example_task_group_decorator.py for tasks to queue
[2026-08-13T12:50:50.986+0000] {logging_mixin.py:188} INFO - [2026-08-13T12:50:50.985+0000] {dagbag.py:538} INFO - Filling up the DagBag from /home/airflow/.local/lib/python3.8/site-packages/airflow/example_dags/example_task_group_decorator.py
[2026-08-13T12:50:51.006+0000] {processor.py:840} INFO - DAG(s) 'example_task_group_decorator' retrieved from /home/airflow/.local/lib/python3.8/site-packages/airflow/example_dags/example_task_group_decorator.py
[2026-08-13T12:50:51.040+0000] {logging_mixin.py:188} INFO - [2026-08-13T12:50:51.040+0000] {dag.py:3036} INFO - Sync 1 DAGs
[2026-08-13T12:50:51.074+0000] {logging_mixin.py:188} INFO - [2026-08-13T12:50:51.074+0000] {dag.py:3823} INFO - Setting next_dagrun for example_task_group_decorator to 2026-08-12 00:00:00+00:00, run_after=2026-08-13 00:00:00+00:00
[2026-08-13T12:50:51.104+0000] {processor.py:183} INFO - Processing /home/airflow/.local/lib/python3.8/site-packages/airflow/example_dags/example_task_group_decorator.py took 0.129 seconds
[2026-08-13T12:51:21.528+0000] {processor.py:161} INFO - Started process (PID=699) to work on /home/airflow/.local/lib/python3.8/site-packages/airflow/example_dags/example_task_group_decorator.py
[2026-08-13T12:51:21.530+0000] {processor.py:830} INFO - Processing file /home/airflow/.local/lib/python3.8/site-packages/airflow/example_dags/example_task_group_decorator.py for tasks to queue
[2026-08-13T12:51:21.534+0000] {logging_mixin.py:188} INFO - [2026-08-13T12:51:21.534+0000] {dagbag.py:538} INFO - Filling up the DagBag from /home/airflow/.local/lib/python3.8/site-packages/airflow/example_dags/example_task_group_decorator.py
[2026-08-13T12:51:21.560+0000] {processor.py:840} INFO - DAG(s) 'example_task_group_decorator' retrieved from /home/airflow/.local/lib/python3.8/site-packages/airflow/example_dags/example_task_group_decorator.py
[2026-08-13T12:51:21.616+0000] {logging_mixin.py:188} INFO - [2026-08-13T12:51:21.615+0000] {dag.py:3036} INFO - Sync 1 DAGs
[2026-08-13T12:51:21.665+0000] {logging_mixin.py:188} INFO - [2026-08-13T12:51:21.665+0000] {dag.py:3823} INFO - Setting next_dagrun for example_task_group_decorator to 2026-08-12 00:00:00+00:00, run_after=2026-08-13 00:00:00+00:00
[2026-08-13T12:51:21.694+0000] {processor.py:183} INFO - Processing /home/airflow/.local/lib/python3.8/site-packages/airflow/example_dags/example_task_group_decorator.py took 0.171 seconds
[2026-08-13T12:51:51.994+0000] {processor.py:161} INFO - Started process (PID=754) to work on /home/airflow/.local/lib/python3.8/site-packages/airflow/example_dags/example_task_group_decorator.py
[2026-08-13T12:51:51.996+0000] {processor.py:830} INFO - Processing file /home/airflow/.local/lib/python3.8/site-packages/airflow/example_dags/example_task_group_decorator.py for tasks to queue
[2026-08-13T12:51:52.000+0000] {logging_mixin.py:188} INFO - [2026-08-13T12:51:52.000+0000] {dagbag.py:538} INFO - Filling up the DagBag from /home/airflow/.local/lib/python3.8/site-packages/airflow/example_dags/example_task_group_decorator.py
[2026-08-13T12:51:52.038+0000] {processor.py:840} INFO - DAG(s) 'example_task_group_decorator' retrieved from /home/airflow/.local/lib/python3.8/site-packages/airflow/example_dags/example_task_group_decorator.py
[2026-08-13T12:51:52.102+0000] {logging_mixin.py:188} INFO - [2026-08-13T12:51:52.101+0000] {dag.py:3036} INFO - Sync 1 DAGs
[2026-08-13T12:51:52.155+0000] {logging_mixin.py:188} INFO - [2026-08-13T12:51:52.155+0000] {dag.py:3823} INFO - Setting next_dagrun for example_task_group_decorator to 2026-08-12 00:00:00+00:00, run_after=2026-08-13 00:00:00+00:00
[2026-08-13T12:51:52.248+0000] {processor.py:183} INFO - Processing /home/airflow/.local/lib/python3.8/site-packages/airflow/example_dags/example_task_group_decorator.py took 0.262 seconds
[2026-08-13T12:52:23.046+0000] {processor.py:161} INFO - Started process (PID=809) to work on /home/airflow/.local/lib/python3.8/site-packages/airflow/example_dags/example_task_group_decorator.py
[2026-08-13T12:52:23.053+0000] {processor.py:830} INFO - Processing file /home/airflow/.local/lib/python3.8/site-packages/airflow/example_dags/example_task_group_decorator.py for tasks to queue
[2026-08-13T12:52:23.063+0000] {logging_mixin.py:188} INFO - [2026-08-13T12:52:23.062+0000] {dagbag.py:538} INFO - Filling up the DagBag from /home/airflow/.local/lib/python3.8/site-packages/airflow/example_dags/example_task_group_decorator.py
[2026-08-13T12:52:23.146+0000] {processor.py:840} INFO - DAG(s) 'example_task_group_decorator' retrieved from /home/airflow/.local/lib/python3.8/site-packages/airflow/example_dags/example_task_group_decorator.py
[2026-08-13T12:52:23.269+0000] {logging_mixin.py:188} INFO - [2026-08-13T12:52:23.267+0000] {dag.py:3036} INFO - Sync 1 DAGs
[2026-08-13T12:52:23.394+0000] {logging_mixin.py:188} INFO - [2026-08-13T12:52:23.394+0000] {dag.py:3823} INFO - Setting next_dagrun for example_task_group_decorator to 2026-08-12 00:00:00+00:00, run_after=2026-08-13 00:00:00+00:00
[2026-08-13T12:52:23.500+0000] {processor.py:183} INFO - Processing /home/airflow/.local/lib/python3.8/site-packages/airflow/example_dags/example_task_group_decorator.py took 0.466 seconds
[2026-08-13T12:52:53.952+0000] {processor.py:161} INFO - Started process (PID=864) to work on /home/airflow/.local/lib/python3.8/site-packages/airflow/example_dags/example_task_group_decorator.py
[2026-08-13T12:52:53.955+0000] {processor.py:830} INFO - Processing file /home/airflow/.local/lib/python3.8/site-packages/airflow/example_dags/example_task_group_decorator.py for tasks to queue
[2026-08-13T12:52:53.960+0000] {logging_mixin.py:188} INFO - [2026-08-13T12:52:53.959+0000] {dagbag.py:538} INFO - Filling up the DagBag from /home/airflow/.local/lib/python3.8/site-packages/airflow/example_dags/example_task_group_decorator.py
[2026-08-13T12:52:53.991+0000] {processor.py:840} INFO - DAG(s) 'example_task_group_decorator' retrieved from /home/airflow/.local/lib/python3.8/site-packages/airflow/example_dags/example_task_group_decorator.py
[2026-08-13T12:52:54.038+0000] {logging_mixin.py:188} INFO - [2026-08-13T12:52:54.037+0000] {dag.py:3036} INFO - Sync 1 DAGs
[2026-08-13T12:52:54.080+0000] {logging_mixin.py:188} INFO - [2026-08-13T12:52:54.080+0000] {dag.py:3823} INFO - Setting next_dagrun for example_task_group_decorator to 2026-08-12 00:00:00+00:00, run_after=2026-08-13 00:00:00+00:00
[2026-08-13T12:52:54.111+0000] {processor.py:183} INFO - Processing /home/airflow/.local/lib/python3.8/site-packages/airflow/example_dags/example_task_group_decorator.py took 0.165 seconds
[2026-08-13T12:53:24.519+0000] {processor.py:161} INFO - Started process (PID=919) to work on /home/airflow/.local/lib/python3.8/site-packages/airflow/example_dags/example_task_group_decorator.py
[2026-08-13T12:53:24.522+0000] {processor.py:830} INFO - Processing file /home/airflow/.local/lib/python3.8/site-packages/airflow/example_dags/example_task_group_decorator.py for tasks to queue
[2026-08-13T12:53:24.528+0000] {logging_mixin.py:188} INFO - [2026-08-13T12:53:24.526+0000] {dagbag.py:538} INFO - Filling up the DagBag from /home/airflow/.local/lib/python3.8/site-packages/airflow/example_dags/example_task_group_decorator.py
[2026-08-13T12:53:24.572+0000] {processor.py:840} INFO - DAG(s) 'example_task_group_decorator' retrieved from /home/airflow/.local/lib/python3.8/site-packages/airflow/example_dags/example_task_group_decorator.py
[2026-08-13T12:53:24.673+0000] {logging_mixin.py:188} INFO - [2026-08-13T12:53:24.672+0000] {dag.py:3036} INFO - Sync 1 DAGs
[2026-08-13T12:53:24.759+0000] {logging_mixin.py:188} INFO - [2026-08-13T12:53:24.759+0000] {dag.py:3823} INFO - Setting next_dagrun for example_task_group_decorator to 2026-08-12 00:00:00+00:00, run_after=2026-08-13 00:00:00+00:00
[2026-08-13T12:53:24.862+0000] {processor.py:183} INFO - Processing /home/airflow/.local/lib/python3.8/site-packages/airflow/example_dags/example_task_group_decorator.py took 0.350 seconds
[2026-08-13T12:53:55.442+0000] {processor.py:161} INFO - Started process (PID=974) to work on /home/airflow/.local/lib/python3.8/site-packages/airflow/example_dags/example_task_group_decorator.py
[2026-08-13T12:53:55.449+0000] {processor.py:830} INFO - Processing file /home/airflow/.local/lib/python3.8/site-packages/airflow/example_dags/example_task_group_decorator.py for tasks to queue
[2026-08-13T12:53:55.455+0000] {logging_mixin.py:188} INFO - [2026-08-13T12:53:55.454+0000] {dagbag.py:538} INFO - Filling up the DagBag from /home/airflow/.local/lib/python3.8/site-packages/airflow/example_dags/example_task_group_decorator.py
[2026-08-13T12:53:55.520+0000] {processor.py:840} INFO - DAG(s) 'example_task_group_decorator' retrieved from /home/airflow/.local/lib/python3.8/site-packages/airflow/example_dags/example_task_group_decorator.py
[2026-08-13T12:53:55.604+0000] {logging_mixin.py:188} INFO - [2026-08-13T12:53:55.604+0000] {dag.py:3036} INFO - Sync 1 DAGs
[2026-08-13T12:53:55.674+0000] {logging_mixin.py:188} INFO - [2026-08-13T12:53:55.674+0000] {dag.py:3823} INFO - Setting next_dagrun for example_task_group_decorator to 2026-08-12 00:00:00+00:00, run_after=2026-08-13 00:00:00+00:00
[2026-08-13T12:53:55.742+0000] {processor.py:183} INFO - Processing /home/airflow/.local/lib/python3.8/site-packages/airflow/example_dags/example_task_group_decorator.py took 0.310 seconds
[2026-08-13T12:54:26.671+0000] {processor.py:161} INFO - Started process (PID=1029) to work on /home/airflow/.local/lib/python3.8/site-packages/airflow/example_dags/example_task_group_decorator.py
[2026-08-13T12:54:26.674+0000] {processor.py:830} INFO - Processing file /home/airflow/.local/lib/python3.8/site-packages/airflow/example_dags/example_task_group_decorator.py for tasks to queue
[2026-08-13T12:54:26.685+0000] {logging_mixin.py:188} INFO - [2026-08-13T12:54:26.684+0000] {dagbag.py:538} INFO - Filling up the DagBag from /home/airflow/.local/lib/python3.8/site-packages/airflow/example_dags/example_task_group_decorator.py
[2026-08-13T12:54:26.721+0000] {processor.py:840} INFO - DAG(s) 'example_task_group_decorator' retrieved from /home/airflow/.local/lib/python3.8/site-packages/airflow/example_dags/example_task_group_decorator.py
[2026-08-13T12:54:26.810+0000] {logging_mixin.py:188} INFO - [2026-08-13T12:54:26.809+0000] {dag.py:3036} INFO - Sync 1 DAGs
[2026-08-13T12:54:26.871+0000] {logging_mixin.py:188} INFO - [2026-08-13T12:54:26.870+0000] {dag.py:3823} INFO - Setting next_dagrun for example_task_group_decorator to 2026-08-12 00:00:00+00:00, run_after=2026-08-13 00:00:00+00:00
[2026-08-13T12:54:26.916+0000] {processor.py:183} INFO - Processing /home/airflow/.local/lib/python3.8/site-packages/airflow/example_dags/example_task_group_decorator.py took 0.256 seconds
[2026-08-13T12:54:57.758+0000] {processor.py:161} INFO - Started process (PID=1084) to work on /home/airflow/.local/lib/python3.8/site-packages/airflow/example_dags/example_task_group_decorator.py
[2026-08-13T12:54:57.760+0000] {processor.py:830} INFO - Processing file /home/airflow/.local/lib/python3.8/site-packages/airflow/example_dags/example_task_group_decorator.py for tasks to queue
[2026-08-13T12:54:57.762+0000] {logging_mixin.py:188} INFO - [2026-08-13T12:54:57.762+0000] {dagbag.py:538} INFO - Filling up the DagBag from /home/airflow/.local/lib/python3.8/site-packages/airflow/example_dags/example_task_group_decorator.py
[2026-08-13T12:54:57.780+0000] {processor.py:840} INFO - DAG(s) 'example_task_group_decorator' retrieved from /home/airflow/.local/lib/python3.8/site-packages/airflow/example_dags/example_task_group_decorator.py
[2026-08-13T12:54:57.816+0000] {logging_mixin.py:188} INFO - [2026-08-13T12:54:57.815+0000] {dag.py:3036} INFO - Sync 1 DAGs
[2026-08-13T12:54:57.842+0000] {logging_mixin.py:188} INFO - [2026-08-13T12:54:57.842+0000] {dag.py:3823} INFO - Setting next_dagrun for example_task_group_decorator to 2026-08-12 00:00:00+00:00, run_after=2026-08-13 00:00:00+00:00
[2026-08-13T12:54:57.872+0000] {processor.py:183} INFO - Processing /home/airflow/.local/lib/python3.8/site-packages/airflow/example_dags/example_task_group_decorator.py took 0.119 seconds
[2026-08-13T12:55:28.385+0000] {processor.py:161} INFO - Started process (PID=1139) to work on /home/airflow/.local/lib/python3.8/site-packages/airflow/example_dags/example_task_group_decorator.py
[2026-08-13T12:55:28.388+0000] {processor.py:830} INFO - Processing file /home/airflow/.local/lib/python3.8/site-packages/airflow/example_dags/example_task_group_decorator.py for tasks to queue
[2026-08-13T12:55:28.393+0000] {logging_mixin.py:188} INFO - [2026-08-13T12:55:28.392+0000] {dagbag.py:538} INFO - Filling up the DagBag from /home/airflow/.local/lib/python3.8/site-packages/airflow/example_dags/example_task_group_decorator.py
[2026-08-13T12:55:28.421+0000] {processor.py:840} INFO - DAG(s) 'example_task_group_decorator' retrieved from /home/airflow/.local/lib/python3.8/site-packages/airflow/example_dags/example_task_group_decorator.py
[2026-08-13T12:55:28.461+0000] {logging_mixin.py:188} INFO - [2026-08-13T12:55:28.461+0000] {dag.py:3036} INFO - Sync 1 DAGs
[2026-08-13T12:55:28.495+0000] {logging_mixin.py:188} INFO - [2026-08-13T12:55:28.494+0000] {dag.py:3823} INFO - Setting next_dagrun for example_task_group_decorator to 2026-08-12 00:00:00+00:00, run_after=2026-08-13 00:00:00+00:00
[2026-08-13T12:55:28.530+0000] {processor.py:183} INFO - Processing /home/airflow/.local/lib/python3.8/site-packages/airflow/example_dags/example_task_group_decorator.py took 0.151 seconds
[2026-08-13T12:55:59.013+0000] {processor.py:161} INFO - Started process (PID=1194) to work on /home/airflow/.local/lib/python3.8/site-packages/airflow/example_dags/example_task_group_decorator.py
[2026-08-13T12:55:59.015+0000] {processor.py:830} INFO - Processing file /home/airflow/.local/lib/python3.8/site-packages/airflow/example_dags/example_task_group_decorator.py for tasks to queue
[2026-08-13T12:55:59.019+0000] {logging_mixin.py:188} INFO - [2026-08-13T12:55:59.018+0000] {dagbag.py:538} INFO - Filling up the DagBag from /home/airflow/.local/lib/python3.8/site-packages/airflow/example_dags/example_task_group_decorator.py
[2026-08-13T12:55:59.044+0000] {processor.py:840} INFO - DAG(s) 'example_task_group_decorator' retrieved from /home/airflow/.local/lib/python3.8/site-packages/airflow/example_dags/example_task_group_decorator.py
[2026-08-13T12:55:59.081+0000] {logging_mixin.py:188} INFO - [2026-08-13T12:55:59.081+0000] {dag.py:3036} INFO - Sync 1 DAGs
[2026-08-13T12:55:59.115+0000] {logging_mixin.py:188} INFO - [2026-08-13T12:55:59.115+0000] {dag.py:3823} INFO - Setting next_dagrun for example_task_group_decorator to 2026-08-12 00:00:00+00:00, run_after=2026-08-13 00:00:00+00:00
[2026-08-13T12:55:59.151+0000] {processor.py:183} INFO - Processing /home/airflow/.local/lib/python3.8/site-packages/airflow/example_dags/example_task_group_decorator.py took 0.142 seconds
[2026-08-13T12:56:29.366+0000] {processor.py:161} INFO - Started process (PID=1249) to work on /home/airflow/.local/lib/python3.8/site-packages/airflow/example_dags/example_task_group_decorator.py
[2026-08-13T12:56:29.368+0000] {processor.py:830} INFO - Processing file /home/airflow/.local/lib/python3.8/site-packages/airflow/example_dags/example_task_group_decorator.py for tasks to queue
[2026-08-13T12:56:29.371+0000] {logging_mixin.py:188} INFO - [2026-08-13T12:56:29.371+0000] {dagbag.py:538} INFO - Filling up the DagBag from /home/airflow/.local/lib/python3.8/site-packages/airflow/example_dags/example_task_group_decorator.py
[2026-08-13T12:56:29.388+0000] {processor.py:840} INFO - DAG(s) 'example_task_group_decorator' retrieved from /home/airflow/.local/lib/python3.8/site-packages/airflow/example_dags/example_task_group_decorator.py
[2026-08-13T12:56:29.431+0000] {logging_mixin.py:188} INFO - [2026-08-13T12:56:29.431+0000] {dag.py:3036} INFO - Sync 1 DAGs
[2026-08-13T12:56:29.473+0000] {logging_mixin.py:188} INFO - [2026-08-13T12:56:29.472+0000] {dag.py:3823} INFO - Setting next_dagrun for example_task_group_decorator to 2026-08-12 00:00:00+00:00, run_after=2026-08-13 00:00:00+00:00
[2026-08-13T12:56:29.499+0000] {processor.py:183} INFO - Processing /home/airflow/.local/lib/python3.8/site-packages/airflow/example_dags/example_task_group_decorator.py took 0.137 seconds
[2026-08-13T12:57:00.451+0000] {processor.py:161} INFO - Started process (PID=1304) to work on /home/airflow/.local/lib/python3.8/site-packages/airflow/example_dags/example_task_group_decorator.py
[2026-08-13T12:57:00.453+0000] {processor.py:830} INFO - Processing file /home/airflow/.local/lib/python3.8/site-packages/airflow/example_dags/example_task_group_decorator.py for tasks to queue
[2026-08-13T12:57:00.456+0000] {logging_mixin.py:188} INFO - [2026-08-13T12:57:00.455+0000] {dagbag.py:538} INFO - Filling up the DagBag from /home/airflow/.local/lib/python3.8/site-packages/airflow/example_dags/example_task_group_decorator.py
[2026-08-13T12:57:00.476+0000] {processor.py:840} INFO - DAG(s) 'example_task_group_decorator' retrieved from /home/airflow/.local/lib/python3.8/site-packages/airflow/example_dags/example_task_group_decorator.py
[2026-08-13T12:57:00.506+0000] {logging_mixin.py:188} INFO - [2026-08-13T12:57:00.506+0000] {dag.py:3036} INFO - Sync 1 DAGs
[2026-08-13T12:57:00.537+0000] {logging_mixin.py:188} INFO - [2026-08-13T12:57:00.537+0000] {dag.py:3823} INFO - Setting next_dagrun for example_task_group_decorator to 2026-08-12 00:00:00+00:00, run_after=2026-08-13 00:00:00+00:00
[2026-08-13T12:57:00.564+0000] {processor.py:183} INFO - Processing /home/airflow/.local/lib/python3.8/site-packages/airflow/example_dags/example_task_group_decorator.py took 0.118 seconds
