[2026-08-13T12:33:33.018+0000] {processor.py:161} INFO - Started process (PID=105) to work on /home/airflow/.local/lib/python3.8/site-packages/airflow/example_dags/example_branch_python_dop_operator_3.py
[2026-08-13T12:33:33.021+0000] {processor.py:830} INFO - Processing file /home/airflow/.local/lib/python3.8/site-packages/airflow/example_dags/example_branch_python_dop_operator_3.py for tasks to queue
[2026-08-13T12:33:33.028+0000] {logging_mixin.py:188} INFO - [2026-08-13T12:33:33.027+0000] {dagbag.py:538} INFO - Filling up the DagBag from /home/airflow/.local/lib/python3.8/site-packages/airflow/example_dags/example_branch_python_dop_operator_3.py
[2026-08-13T12:33:33.065+0000] {processor.py:840} INFO - DAG(s) 'example_branch_dop_operator_v3' retrieved from /home/airflow/.local/lib/python3.8/site-packages/airflow/example_dags/example_branch_python_dop_operator_3.py
[2026-08-13T12:33:33.511+0000] {logging_mixin.py:188} INFO - [2026-08-13T12:33:33.511+0000] {dag.py:3036} INFO - Sync 1 DAGs
[2026-08-13T12:33:33.665+0000] {logging_mixin.py:188} INFO - [2026-08-13T12:33:33.664+0000] {dag.py:3823} INFO - Setting next_dagrun for example_branch_dop_operator_v3 to 2026-08-13 12:32:00+00:00, run_after=2026-08-13 12:33:00+00:00
[2026-08-13T12:33:33.759+0000] {processor.py:183} INFO - Processing /home/airflow/.local/lib/python3.8/site-packages/airflow/example_dags/example_branch_python_dop_operator_3.py took 0.751 seconds
[2026-08-13T12:34:04.063+0000] {processor.py:161} INFO - Started process (PID=160) to work on /home/airflow/.local/lib/python3.8/site-packages/airflow/example_dags/example_branch_python_dop_operator_3.py
[2026-08-13T12:34:04.065+0000] {processor.py:830} INFO - Processing file /home/airflow/.local/lib/python3.8/site-packages/airflow/example_dags/example_branch_python_dop_operator_3.py for tasks to queue
[2026-08-13T12:34:04.068+0000] {logging_mixin.py:188} INFO - [2026-08-13T12:34:04.067+0000] {dagbag.py:538} INFO - Filling up the DagBag from /home/airflow/.local/lib/python3.8/site-packages/airflow/example_dags/example_branch_python_dop_operator_3.py
[2026-08-13T12:34:04.077+0000] {processor.py:840} INFO - DAG(s) 'example_branch_dop_operator_v3' retrieved from /home/airflow/.local/lib/python3.8/site-packages/airflow/example_dags/example_branch_python_dop_operator_3.py
[2026-08-13T12:34:04.102+0000] {logging_mixin.py:188} INFO - [2026-08-13T12:34:04.102+0000] {dag.py:3036} INFO - Sync 1 DAGs
[2026-08-13T12:34:04.131+0000] {logging_mixin.py:188} INFO - [2026-08-13T12:34:04.130+0000] {dag.py:3823} INFO - Setting next_dagrun for example_branch_dop_operator_v3 to 2026-08-13 12:33:00+00:00, run_after=2026-08-13 12:34:00+00:00
[2026-08-13T12:34:04.156+0000] {processor.py:183} INFO - Processing /home/airflow/.local/lib/python3.8/site-packages/airflow/example_dags/example_branch_python_dop_operator_3.py took 0.097 seconds
[2026-08-13T12:34:34.237+0000] {processor.py:161} INFO - Started process (PID=215) to work on /home/airflow/.local/lib/python3.8/site-packages/airflow/example_dags/example_branch_python_dop_operator_3.py
[2026-08-13T12:34:34.239+0000] {processor.py:830} INFO - Processing file /home/airflow/.local/lib/python3.8/site-packages/airflow/example_dags/example_branch_python_dop_operator_3.py for tasks to queue
[2026-08-13T12:34:34.243+0000] {logging_mixin.py:188} INFO - [2026-08-13T12:34:34.242+0000] {dagbag.py:538} INFO - Filling up the DagBag from /home/airflow/.local/lib/python3.8/site-packages/airflow/example_dags/example_branch_python_dop_operator_3.py
[2026-08-13T12:34:34.257+0000] {processor.py:840} INFO - DAG(s) 'example_branch_dop_operator_v3' retrieved from /home/airflow/.local/lib/python3.8/site-packages/airflow/example_dags/example_branch_python_dop_operator_3.py
[2026-08-13T12:34:34.291+0000] {logging_mixin.py:188} INFO - [2026-08-13T12:34:34.291+0000] {dag.py:3036} INFO - Sync 1 DAGs
[2026-08-13T12:34:34.327+0000] {logging_mixin.py:188} INFO - [2026-08-13T12:34:34.325+0000] {dag.py:3823} INFO - Setting next_dagrun for example_branch_dop_operator_v3 to 2026-08-13 12:33:00+00:00, run_after=2026-08-13 12:34:00+00:00
[2026-08-13T12:34:34.368+0000] {processor.py:183} INFO - Processing /home/airflow/.local/lib/python3.8/site-packages/airflow/example_dags/example_branch_python_dop_operator_3.py took 0.137 seconds
[2026-08-13T12:35:04.729+0000] {processor.py:161} INFO - Started process (PID=270) to work on /home/airflow/.local/lib/python3.8/site-packages/airflow/example_dags/example_branch_python_dop_operator_3.py
[2026-08-13T12:35:04.732+0000] {processor.py:830} INFO - Processing file /home/airflow/.local/lib/python3.8/site-packages/airflow/example_dags/example_branch_python_dop_operator_3.py for tasks to queue
[2026-08-13T12:35:04.735+0000] {logging_mixin.py:188} INFO - [2026-08-13T12:35:04.735+0000] {dagbag.py:538} INFO - Filling up the DagBag from /home/airflow/.local/lib/python3.8/site-packages/airflow/example_dags/example_branch_python_dop_operator_3.py
[2026-08-13T12:35:04.755+0000] {processor.py:840} INFO - DAG(s) 'example_branch_dop_operator_v3' retrieved from /home/airflow/.local/lib/python3.8/site-packages/airflow/example_dags/example_branch_python_dop_operator_3.py
[2026-08-13T12:35:04.787+0000] {logging_mixin.py:188} INFO - [2026-08-13T12:35:04.787+0000] {dag.py:3036} INFO - Sync 1 DAGs
[2026-08-13T12:35:04.836+0000] {logging_mixin.py:188} INFO - [2026-08-13T12:35:04.835+0000] {dag.py:3823} INFO - Setting next_dagrun for example_branch_dop_operator_v3 to 2026-08-13 12:34:00+00:00, run_after=2026-08-13 12:35:00+00:00
[2026-08-13T12:35:04.864+0000] {processor.py:183} INFO - Processing /home/airflow/.local/lib/python3.8/site-packages/airflow/example_dags/example_branch_python_dop_operator_3.py took 0.141 seconds
[2026-08-13T12:35:35.062+0000] {processor.py:161} INFO - Started process (PID=325) to work on /home/airflow/.local/lib/python3.8/site-packages/airflow/example_dags/example_branch_python_dop_operator_3.py
[2026-08-13T12:35:35.063+0000] {processor.py:830} INFO - Processing file /home/airflow/.local/lib/python3.8/site-packages/airflow/example_dags/example_branch_python_dop_operator_3.py for tasks to queue
[2026-08-13T12:35:35.066+0000] {logging_mixin.py:188} INFO - [2026-08-13T12:35:35.066+0000] {dagbag.py:538} INFO - Filling up the DagBag from /home/airflow/.local/lib/python3.8/site-packages/airflow/example_dags/example_branch_python_dop_operator_3.py
[2026-08-13T12:35:35.077+0000] {processor.py:840} INFO - DAG(s) 'example_branch_dop_operator_v3' retrieved from /home/airflow/.local/lib/python3.8/site-packages/airflow/example_dags/example_branch_python_dop_operator_3.py
[2026-08-13T12:35:35.105+0000] {logging_mixin.py:188} INFO - [2026-08-13T12:35:35.105+0000] {dag.py:3036} INFO - Sync 1 DAGs
[2026-08-13T12:35:35.136+0000] {logging_mixin.py:188} INFO - [2026-08-13T12:35:35.136+0000] {dag.py:3823} INFO - Setting next_dagrun for example_branch_dop_operator_v3 to 2026-08-13 12:34:00+00:00, run_after=2026-08-13 12:35:00+00:00
[2026-08-13T12:35:35.159+0000] {processor.py:183} INFO - Processing /home/airflow/.local/lib/python3.8/site-packages/airflow/example_dags/example_branch_python_dop_operator_3.py took 0.101 seconds
[2026-08-13T12:36:05.360+0000] {processor.py:161} INFO - Started process (PID=380) to work on /home/airflow/.local/lib/python3.8/site-packages/airflow/example_dags/example_branch_python_dop_operator_3.py
[2026-08-13T12:36:05.362+0000] {processor.py:830} INFO - Processing file /home/airflow/.local/lib/python3.8/site-packages/airflow/example_dags/example_branch_python_dop_operator_3.py for tasks to queue
[2026-08-13T12:36:05.366+0000] {logging_mixin.py:188} INFO - [2026-08-13T12:36:05.365+0000] {dagbag.py:538} INFO - Filling up the DagBag from /home/airflow/.local/lib/python3.8/site-packages/airflow/example_dags/example_branch_python_dop_operator_3.py
[2026-08-13T12:36:05.377+0000] {processor.py:840} INFO - DAG(s) 'example_branch_dop_operator_v3' retrieved from /home/airflow/.local/lib/python3.8/site-packages/airflow/example_dags/example_branch_python_dop_operator_3.py
[2026-08-13T12:36:05.399+0000] {logging_mixin.py:188} INFO - [2026-08-13T12:36:05.399+0000] {dag.py:3036} INFO - Sync 1 DAGs
[2026-08-13T12:36:05.427+0000] {logging_mixin.py:188} INFO - [2026-08-13T12:36:05.427+0000] {dag.py:3823} INFO - Setting next_dagrun for example_branch_dop_operator_v3 to 2026-08-13 12:35:00+00:00, run_after=2026-08-13 12:36:00+00:00
[2026-08-13T12:36:05.456+0000] {processor.py:183} INFO - Processing /home/airflow/.local/lib/python3.8/site-packages/airflow/example_dags/example_branch_python_dop_operator_3.py took 0.100 seconds
[2026-08-13T12:41:51.313+0000] {processor.py:161} INFO - Started process (PID=127) to work on /home/airflow/.local/lib/python3.8/site-packages/airflow/example_dags/example_branch_python_dop_operator_3.py
[2026-08-13T12:41:51.318+0000] {processor.py:830} INFO - Processing file /home/airflow/.local/lib/python3.8/site-packages/airflow/example_dags/example_branch_python_dop_operator_3.py for tasks to queue
[2026-08-13T12:41:51.328+0000] {logging_mixin.py:188} INFO - [2026-08-13T12:41:51.327+0000] {dagbag.py:538} INFO - Filling up the DagBag from /home/airflow/.local/lib/python3.8/site-packages/airflow/example_dags/example_branch_python_dop_operator_3.py
[2026-08-13T12:41:51.367+0000] {processor.py:840} INFO - DAG(s) 'example_branch_dop_operator_v3' retrieved from /home/airflow/.local/lib/python3.8/site-packages/airflow/example_dags/example_branch_python_dop_operator_3.py
[2026-08-13T12:41:51.746+0000] {logging_mixin.py:188} INFO - [2026-08-13T12:41:51.745+0000] {dag.py:3036} INFO - Sync 1 DAGs
[2026-08-13T12:41:51.834+0000] {logging_mixin.py:188} INFO - [2026-08-13T12:41:51.833+0000] {dag.py:3823} INFO - Setting next_dagrun for example_branch_dop_operator_v3 to 2026-08-13 12:40:00+00:00, run_after=2026-08-13 12:41:00+00:00
[2026-08-13T12:41:51.891+0000] {processor.py:183} INFO - Processing /home/airflow/.local/lib/python3.8/site-packages/airflow/example_dags/example_branch_python_dop_operator_3.py took 0.598 seconds
[2026-08-13T12:42:25.448+0000] {processor.py:161} INFO - Started process (PID=183) to work on /home/airflow/.local/lib/python3.8/site-packages/airflow/example_dags/example_branch_python_dop_operator_3.py
[2026-08-13T12:42:25.453+0000] {processor.py:830} INFO - Processing file /home/airflow/.local/lib/python3.8/site-packages/airflow/example_dags/example_branch_python_dop_operator_3.py for tasks to queue
[2026-08-13T12:42:25.469+0000] {logging_mixin.py:188} INFO - [2026-08-13T12:42:25.468+0000] {dagbag.py:538} INFO - Filling up the DagBag from /home/airflow/.local/lib/python3.8/site-packages/airflow/example_dags/example_branch_python_dop_operator_3.py
[2026-08-13T12:42:25.524+0000] {processor.py:840} INFO - DAG(s) 'example_branch_dop_operator_v3' retrieved from /home/airflow/.local/lib/python3.8/site-packages/airflow/example_dags/example_branch_python_dop_operator_3.py
[2026-08-13T12:42:25.641+0000] {logging_mixin.py:188} INFO - [2026-08-13T12:42:25.641+0000] {dag.py:3036} INFO - Sync 1 DAGs
[2026-08-13T12:42:25.827+0000] {logging_mixin.py:188} INFO - [2026-08-13T12:42:25.826+0000] {dag.py:3823} INFO - Setting next_dagrun for example_branch_dop_operator_v3 to 2026-08-13 12:41:00+00:00, run_after=2026-08-13 12:42:00+00:00
[2026-08-13T12:42:25.966+0000] {processor.py:183} INFO - Processing /home/airflow/.local/lib/python3.8/site-packages/airflow/example_dags/example_branch_python_dop_operator_3.py took 0.536 seconds
[2026-08-13T12:45:46.083+0000] {processor.py:161} INFO - Started process (PID=109) to work on /home/airflow/.local/lib/python3.8/site-packages/airflow/example_dags/example_branch_python_dop_operator_3.py
[2026-08-13T12:45:46.086+0000] {processor.py:830} INFO - Processing file /home/airflow/.local/lib/python3.8/site-packages/airflow/example_dags/example_branch_python_dop_operator_3.py for tasks to queue
[2026-08-13T12:45:46.091+0000] {logging_mixin.py:188} INFO - [2026-08-13T12:45:46.090+0000] {dagbag.py:538} INFO - Filling up the DagBag from /home/airflow/.local/lib/python3.8/site-packages/airflow/example_dags/example_branch_python_dop_operator_3.py
[2026-08-13T12:45:46.128+0000] {processor.py:840} INFO - DAG(s) 'example_branch_dop_operator_v3' retrieved from /home/airflow/.local/lib/python3.8/site-packages/airflow/example_dags/example_branch_python_dop_operator_3.py
[2026-08-13T12:45:46.493+0000] {logging_mixin.py:188} INFO - [2026-08-13T12:45:46.492+0000] {dag.py:3036} INFO - Sync 1 DAGs
[2026-08-13T12:45:46.566+0000] {logging_mixin.py:188} INFO - [2026-08-13T12:45:46.565+0000] {dag.py:3823} INFO - Setting next_dagrun for example_branch_dop_operator_v3 to 2026-08-13 12:44:00+00:00, run_after=2026-08-13 12:45:00+00:00
[2026-08-13T12:45:46.625+0000] {processor.py:183} INFO - Processing /home/airflow/.local/lib/python3.8/site-packages/airflow/example_dags/example_branch_python_dop_operator_3.py took 0.551 seconds
[2026-08-13T12:46:17.705+0000] {processor.py:161} INFO - Started process (PID=164) to work on /home/airflow/.local/lib/python3.8/site-packages/airflow/example_dags/example_branch_python_dop_operator_3.py
[2026-08-13T12:46:17.709+0000] {processor.py:830} INFO - Processing file /home/airflow/.local/lib/python3.8/site-packages/airflow/example_dags/example_branch_python_dop_operator_3.py for tasks to queue
[2026-08-13T12:46:17.715+0000] {logging_mixin.py:188} INFO - [2026-08-13T12:46:17.714+0000] {dagbag.py:538} INFO - Filling up the DagBag from /home/airflow/.local/lib/python3.8/site-packages/airflow/example_dags/example_branch_python_dop_operator_3.py
[2026-08-13T12:46:17.738+0000] {processor.py:840} INFO - DAG(s) 'example_branch_dop_operator_v3' retrieved from /home/airflow/.local/lib/python3.8/site-packages/airflow/example_dags/example_branch_python_dop_operator_3.py
[2026-08-13T12:46:17.795+0000] {logging_mixin.py:188} INFO - [2026-08-13T12:46:17.795+0000] {dag.py:3036} INFO - Sync 1 DAGs
[2026-08-13T12:46:17.901+0000] {logging_mixin.py:188} INFO - [2026-08-13T12:46:17.901+0000] {dag.py:3823} INFO - Setting next_dagrun for example_branch_dop_operator_v3 to 2026-08-13 12:45:00+00:00, run_after=2026-08-13 12:46:00+00:00
[2026-08-13T12:46:17.968+0000] {processor.py:183} INFO - Processing /home/airflow/.local/lib/python3.8/site-packages/airflow/example_dags/example_branch_python_dop_operator_3.py took 0.272 seconds
[2026-08-13T12:46:49.044+0000] {processor.py:161} INFO - Started process (PID=219) to work on /home/airflow/.local/lib/python3.8/site-packages/airflow/example_dags/example_branch_python_dop_operator_3.py
[2026-08-13T12:46:49.047+0000] {processor.py:830} INFO - Processing file /home/airflow/.local/lib/python3.8/site-packages/airflow/example_dags/example_branch_python_dop_operator_3.py for tasks to queue
[2026-08-13T12:46:49.050+0000] {logging_mixin.py:188} INFO - [2026-08-13T12:46:49.050+0000] {dagbag.py:538} INFO - Filling up the DagBag from /home/airflow/.local/lib/python3.8/site-packages/airflow/example_dags/example_branch_python_dop_operator_3.py
[2026-08-13T12:46:49.066+0000] {processor.py:840} INFO - DAG(s) 'example_branch_dop_operator_v3' retrieved from /home/airflow/.local/lib/python3.8/site-packages/airflow/example_dags/example_branch_python_dop_operator_3.py
[2026-08-13T12:46:49.106+0000] {logging_mixin.py:188} INFO - [2026-08-13T12:46:49.106+0000] {dag.py:3036} INFO - Sync 1 DAGs
[2026-08-13T12:46:49.151+0000] {logging_mixin.py:188} INFO - [2026-08-13T12:46:49.150+0000] {dag.py:3823} INFO - Setting next_dagrun for example_branch_dop_operator_v3 to 2026-08-13 12:45:00+00:00, run_after=2026-08-13 12:46:00+00:00
[2026-08-13T12:46:49.197+0000] {processor.py:183} INFO - Processing /home/airflow/.local/lib/python3.8/site-packages/airflow/example_dags/example_branch_python_dop_operator_3.py took 0.159 seconds
[2026-08-13T12:47:20.335+0000] {processor.py:161} INFO - Started process (PID=273) to work on /home/airflow/.local/lib/python3.8/site-packages/airflow/example_dags/example_branch_python_dop_operator_3.py
[2026-08-13T12:47:20.341+0000] {processor.py:830} INFO - Processing file /home/airflow/.local/lib/python3.8/site-packages/airflow/example_dags/example_branch_python_dop_operator_3.py for tasks to queue
[2026-08-13T12:47:20.361+0000] {logging_mixin.py:188} INFO - [2026-08-13T12:47:20.360+0000] {dagbag.py:538} INFO - Filling up the DagBag from /home/airflow/.local/lib/python3.8/site-packages/airflow/example_dags/example_branch_python_dop_operator_3.py
[2026-08-13T12:47:20.420+0000] {processor.py:840} INFO - DAG(s) 'example_branch_dop_operator_v3' retrieved from /home/airflow/.local/lib/python3.8/site-packages/airflow/example_dags/example_branch_python_dop_operator_3.py
[2026-08-13T12:47:20.537+0000] {logging_mixin.py:188} INFO - [2026-08-13T12:47:20.536+0000] {dag.py:3036} INFO - Sync 1 DAGs
[2026-08-13T12:47:20.663+0000] {logging_mixin.py:188} INFO - [2026-08-13T12:47:20.663+0000] {dag.py:3823} INFO - Setting next_dagrun for example_branch_dop_operator_v3 to 2026-08-13 12:46:00+00:00, run_after=2026-08-13 12:47:00+00:00
[2026-08-13T12:47:20.731+0000] {processor.py:183} INFO - Processing /home/airflow/.local/lib/python3.8/site-packages/airflow/example_dags/example_branch_python_dop_operator_3.py took 0.415 seconds
[2026-08-13T12:47:53.083+0000] {processor.py:161} INFO - Started process (PID=327) to work on /home/airflow/.local/lib/python3.8/site-packages/airflow/example_dags/example_branch_python_dop_operator_3.py
[2026-08-13T12:47:53.088+0000] {processor.py:830} INFO - Processing file /home/airflow/.local/lib/python3.8/site-packages/airflow/example_dags/example_branch_python_dop_operator_3.py for tasks to queue
[2026-08-13T12:47:53.094+0000] {logging_mixin.py:188} INFO - [2026-08-13T12:47:53.093+0000] {dagbag.py:538} INFO - Filling up the DagBag from /home/airflow/.local/lib/python3.8/site-packages/airflow/example_dags/example_branch_python_dop_operator_3.py
[2026-08-13T12:47:53.131+0000] {processor.py:840} INFO - DAG(s) 'example_branch_dop_operator_v3' retrieved from /home/airflow/.local/lib/python3.8/site-packages/airflow/example_dags/example_branch_python_dop_operator_3.py
[2026-08-13T12:47:53.234+0000] {logging_mixin.py:188} INFO - [2026-08-13T12:47:53.234+0000] {dag.py:3036} INFO - Sync 1 DAGs
[2026-08-13T12:47:53.405+0000] {logging_mixin.py:188} INFO - [2026-08-13T12:47:53.404+0000] {dag.py:3823} INFO - Setting next_dagrun for example_branch_dop_operator_v3 to 2026-08-13 12:46:00+00:00, run_after=2026-08-13 12:47:00+00:00
[2026-08-13T12:47:53.512+0000] {processor.py:183} INFO - Processing /home/airflow/.local/lib/python3.8/site-packages/airflow/example_dags/example_branch_python_dop_operator_3.py took 0.448 seconds
[2026-08-13T12:48:23.963+0000] {processor.py:161} INFO - Started process (PID=382) to work on /home/airflow/.local/lib/python3.8/site-packages/airflow/example_dags/example_branch_python_dop_operator_3.py
[2026-08-13T12:48:23.965+0000] {processor.py:830} INFO - Processing file /home/airflow/.local/lib/python3.8/site-packages/airflow/example_dags/example_branch_python_dop_operator_3.py for tasks to queue
[2026-08-13T12:48:23.975+0000] {logging_mixin.py:188} INFO - [2026-08-13T12:48:23.974+0000] {dagbag.py:538} INFO - Filling up the DagBag from /home/airflow/.local/lib/python3.8/site-packages/airflow/example_dags/example_branch_python_dop_operator_3.py
[2026-08-13T12:48:24.009+0000] {processor.py:840} INFO - DAG(s) 'example_branch_dop_operator_v3' retrieved from /home/airflow/.local/lib/python3.8/site-packages/airflow/example_dags/example_branch_python_dop_operator_3.py
[2026-08-13T12:48:24.081+0000] {logging_mixin.py:188} INFO - [2026-08-13T12:48:24.080+0000] {dag.py:3036} INFO - Sync 1 DAGs
[2026-08-13T12:48:24.154+0000] {logging_mixin.py:188} INFO - [2026-08-13T12:48:24.154+0000] {dag.py:3823} INFO - Setting next_dagrun for example_branch_dop_operator_v3 to 2026-08-13 12:47:00+00:00, run_after=2026-08-13 12:48:00+00:00
[2026-08-13T12:48:24.203+0000] {processor.py:183} INFO - Processing /home/airflow/.local/lib/python3.8/site-packages/airflow/example_dags/example_branch_python_dop_operator_3.py took 0.248 seconds
[2026-08-13T12:48:54.402+0000] {processor.py:161} INFO - Started process (PID=438) to work on /home/airflow/.local/lib/python3.8/site-packages/airflow/example_dags/example_branch_python_dop_operator_3.py
[2026-08-13T12:48:54.405+0000] {processor.py:830} INFO - Processing file /home/airflow/.local/lib/python3.8/site-packages/airflow/example_dags/example_branch_python_dop_operator_3.py for tasks to queue
[2026-08-13T12:48:54.408+0000] {logging_mixin.py:188} INFO - [2026-08-13T12:48:54.408+0000] {dagbag.py:538} INFO - Filling up the DagBag from /home/airflow/.local/lib/python3.8/site-packages/airflow/example_dags/example_branch_python_dop_operator_3.py
[2026-08-13T12:48:54.425+0000] {processor.py:840} INFO - DAG(s) 'example_branch_dop_operator_v3' retrieved from /home/airflow/.local/lib/python3.8/site-packages/airflow/example_dags/example_branch_python_dop_operator_3.py
[2026-08-13T12:48:54.461+0000] {logging_mixin.py:188} INFO - [2026-08-13T12:48:54.461+0000] {dag.py:3036} INFO - Sync 1 DAGs
[2026-08-13T12:48:54.516+0000] {logging_mixin.py:188} INFO - [2026-08-13T12:48:54.515+0000] {dag.py:3823} INFO - Setting next_dagrun for example_branch_dop_operator_v3 to 2026-08-13 12:47:00+00:00, run_after=2026-08-13 12:48:00+00:00
[2026-08-13T12:48:54.552+0000] {processor.py:183} INFO - Processing /home/airflow/.local/lib/python3.8/site-packages/airflow/example_dags/example_branch_python_dop_operator_3.py took 0.160 seconds
[2026-08-13T12:49:24.651+0000] {processor.py:161} INFO - Started process (PID=493) to work on /home/airflow/.local/lib/python3.8/site-packages/airflow/example_dags/example_branch_python_dop_operator_3.py
[2026-08-13T12:49:24.653+0000] {processor.py:830} INFO - Processing file /home/airflow/.local/lib/python3.8/site-packages/airflow/example_dags/example_branch_python_dop_operator_3.py for tasks to queue
[2026-08-13T12:49:24.659+0000] {logging_mixin.py:188} INFO - [2026-08-13T12:49:24.658+0000] {dagbag.py:538} INFO - Filling up the DagBag from /home/airflow/.local/lib/python3.8/site-packages/airflow/example_dags/example_branch_python_dop_operator_3.py
[2026-08-13T12:49:24.683+0000] {processor.py:840} INFO - DAG(s) 'example_branch_dop_operator_v3' retrieved from /home/airflow/.local/lib/python3.8/site-packages/airflow/example_dags/example_branch_python_dop_operator_3.py
[2026-08-13T12:49:24.736+0000] {logging_mixin.py:188} INFO - [2026-08-13T12:49:24.735+0000] {dag.py:3036} INFO - Sync 1 DAGs
[2026-08-13T12:49:24.803+0000] {logging_mixin.py:188} INFO - [2026-08-13T12:49:24.802+0000] {dag.py:3823} INFO - Setting next_dagrun for example_branch_dop_operator_v3 to 2026-08-13 12:48:00+00:00, run_after=2026-08-13 12:49:00+00:00
[2026-08-13T12:49:24.857+0000] {processor.py:183} INFO - Processing /home/airflow/.local/lib/python3.8/site-packages/airflow/example_dags/example_branch_python_dop_operator_3.py took 0.215 seconds
[2026-08-13T12:49:58.151+0000] {processor.py:161} INFO - Started process (PID=548) to work on /home/airflow/.local/lib/python3.8/site-packages/airflow/example_dags/example_branch_python_dop_operator_3.py
[2026-08-13T12:49:58.158+0000] {processor.py:830} INFO - Processing file /home/airflow/.local/lib/python3.8/site-packages/airflow/example_dags/example_branch_python_dop_operator_3.py for tasks to queue
[2026-08-13T12:49:58.192+0000] {logging_mixin.py:188} INFO - [2026-08-13T12:49:58.191+0000] {dagbag.py:538} INFO - Filling up the DagBag from /home/airflow/.local/lib/python3.8/site-packages/airflow/example_dags/example_branch_python_dop_operator_3.py
[2026-08-13T12:49:58.262+0000] {processor.py:840} INFO - DAG(s) 'example_branch_dop_operator_v3' retrieved from /home/airflow/.local/lib/python3.8/site-packages/airflow/example_dags/example_branch_python_dop_operator_3.py
[2026-08-13T12:49:58.387+0000] {logging_mixin.py:188} INFO - [2026-08-13T12:49:58.386+0000] {dag.py:3036} INFO - Sync 1 DAGs
[2026-08-13T12:49:58.505+0000] {logging_mixin.py:188} INFO - [2026-08-13T12:49:58.505+0000] {dag.py:3823} INFO - Setting next_dagrun for example_branch_dop_operator_v3 to 2026-08-13 12:48:00+00:00, run_after=2026-08-13 12:49:00+00:00
[2026-08-13T12:49:58.560+0000] {processor.py:183} INFO - Processing /home/airflow/.local/lib/python3.8/site-packages/airflow/example_dags/example_branch_python_dop_operator_3.py took 0.417 seconds
[2026-08-13T12:50:31.188+0000] {processor.py:161} INFO - Started process (PID=603) to work on /home/airflow/.local/lib/python3.8/site-packages/airflow/example_dags/example_branch_python_dop_operator_3.py
[2026-08-13T12:50:31.191+0000] {processor.py:830} INFO - Processing file /home/airflow/.local/lib/python3.8/site-packages/airflow/example_dags/example_branch_python_dop_operator_3.py for tasks to queue
[2026-08-13T12:50:31.218+0000] {logging_mixin.py:188} INFO - [2026-08-13T12:50:31.213+0000] {dagbag.py:538} INFO - Filling up the DagBag from /home/airflow/.local/lib/python3.8/site-packages/airflow/example_dags/example_branch_python_dop_operator_3.py
[2026-08-13T12:50:31.327+0000] {processor.py:840} INFO - DAG(s) 'example_branch_dop_operator_v3' retrieved from /home/airflow/.local/lib/python3.8/site-packages/airflow/example_dags/example_branch_python_dop_operator_3.py
[2026-08-13T12:50:31.439+0000] {logging_mixin.py:188} INFO - [2026-08-13T12:50:31.438+0000] {dag.py:3036} INFO - Sync 1 DAGs
[2026-08-13T12:50:31.668+0000] {logging_mixin.py:188} INFO - [2026-08-13T12:50:31.667+0000] {dag.py:3823} INFO - Setting next_dagrun for example_branch_dop_operator_v3 to 2026-08-13 12:49:00+00:00, run_after=2026-08-13 12:50:00+00:00
[2026-08-13T12:50:31.831+0000] {processor.py:183} INFO - Processing /home/airflow/.local/lib/python3.8/site-packages/airflow/example_dags/example_branch_python_dop_operator_3.py took 0.671 seconds
[2026-08-13T12:51:02.152+0000] {processor.py:161} INFO - Started process (PID=658) to work on /home/airflow/.local/lib/python3.8/site-packages/airflow/example_dags/example_branch_python_dop_operator_3.py
[2026-08-13T12:51:02.156+0000] {processor.py:830} INFO - Processing file /home/airflow/.local/lib/python3.8/site-packages/airflow/example_dags/example_branch_python_dop_operator_3.py for tasks to queue
[2026-08-13T12:51:02.161+0000] {logging_mixin.py:188} INFO - [2026-08-13T12:51:02.160+0000] {dagbag.py:538} INFO - Filling up the DagBag from /home/airflow/.local/lib/python3.8/site-packages/airflow/example_dags/example_branch_python_dop_operator_3.py
[2026-08-13T12:51:02.179+0000] {processor.py:840} INFO - DAG(s) 'example_branch_dop_operator_v3' retrieved from /home/airflow/.local/lib/python3.8/site-packages/airflow/example_dags/example_branch_python_dop_operator_3.py
[2026-08-13T12:51:02.217+0000] {logging_mixin.py:188} INFO - [2026-08-13T12:51:02.217+0000] {dag.py:3036} INFO - Sync 1 DAGs
[2026-08-13T12:51:02.261+0000] {logging_mixin.py:188} INFO - [2026-08-13T12:51:02.260+0000] {dag.py:3823} INFO - Setting next_dagrun for example_branch_dop_operator_v3 to 2026-08-13 12:50:00+00:00, run_after=2026-08-13 12:51:00+00:00
[2026-08-13T12:51:02.295+0000] {processor.py:183} INFO - Processing /home/airflow/.local/lib/python3.8/site-packages/airflow/example_dags/example_branch_python_dop_operator_3.py took 0.148 seconds
[2026-08-13T12:51:33.195+0000] {processor.py:161} INFO - Started process (PID=713) to work on /home/airflow/.local/lib/python3.8/site-packages/airflow/example_dags/example_branch_python_dop_operator_3.py
[2026-08-13T12:51:33.198+0000] {processor.py:830} INFO - Processing file /home/airflow/.local/lib/python3.8/site-packages/airflow/example_dags/example_branch_python_dop_operator_3.py for tasks to queue
[2026-08-13T12:51:33.201+0000] {logging_mixin.py:188} INFO - [2026-08-13T12:51:33.200+0000] {dagbag.py:538} INFO - Filling up the DagBag from /home/airflow/.local/lib/python3.8/site-packages/airflow/example_dags/example_branch_python_dop_operator_3.py
[2026-08-13T12:51:33.213+0000] {processor.py:840} INFO - DAG(s) 'example_branch_dop_operator_v3' retrieved from /home/airflow/.local/lib/python3.8/site-packages/airflow/example_dags/example_branch_python_dop_operator_3.py
[2026-08-13T12:51:33.293+0000] {logging_mixin.py:188} INFO - [2026-08-13T12:51:33.292+0000] {dag.py:3036} INFO - Sync 1 DAGs
[2026-08-13T12:51:33.358+0000] {logging_mixin.py:188} INFO - [2026-08-13T12:51:33.357+0000] {dag.py:3823} INFO - Setting next_dagrun for example_branch_dop_operator_v3 to 2026-08-13 12:50:00+00:00, run_after=2026-08-13 12:51:00+00:00
[2026-08-13T12:51:33.412+0000] {processor.py:183} INFO - Processing /home/airflow/.local/lib/python3.8/site-packages/airflow/example_dags/example_branch_python_dop_operator_3.py took 0.225 seconds
[2026-08-13T12:52:03.595+0000] {processor.py:161} INFO - Started process (PID=767) to work on /home/airflow/.local/lib/python3.8/site-packages/airflow/example_dags/example_branch_python_dop_operator_3.py
[2026-08-13T12:52:03.597+0000] {processor.py:830} INFO - Processing file /home/airflow/.local/lib/python3.8/site-packages/airflow/example_dags/example_branch_python_dop_operator_3.py for tasks to queue
[2026-08-13T12:52:03.602+0000] {logging_mixin.py:188} INFO - [2026-08-13T12:52:03.601+0000] {dagbag.py:538} INFO - Filling up the DagBag from /home/airflow/.local/lib/python3.8/site-packages/airflow/example_dags/example_branch_python_dop_operator_3.py
[2026-08-13T12:52:03.622+0000] {processor.py:840} INFO - DAG(s) 'example_branch_dop_operator_v3' retrieved from /home/airflow/.local/lib/python3.8/site-packages/airflow/example_dags/example_branch_python_dop_operator_3.py
[2026-08-13T12:52:03.648+0000] {logging_mixin.py:188} INFO - [2026-08-13T12:52:03.647+0000] {dag.py:3036} INFO - Sync 1 DAGs
[2026-08-13T12:52:03.685+0000] {logging_mixin.py:188} INFO - [2026-08-13T12:52:03.685+0000] {dag.py:3823} INFO - Setting next_dagrun for example_branch_dop_operator_v3 to 2026-08-13 12:51:00+00:00, run_after=2026-08-13 12:52:00+00:00
[2026-08-13T12:52:03.721+0000] {processor.py:183} INFO - Processing /home/airflow/.local/lib/python3.8/site-packages/airflow/example_dags/example_branch_python_dop_operator_3.py took 0.137 seconds
[2026-08-13T12:52:34.174+0000] {processor.py:161} INFO - Started process (PID=822) to work on /home/airflow/.local/lib/python3.8/site-packages/airflow/example_dags/example_branch_python_dop_operator_3.py
[2026-08-13T12:52:34.177+0000] {processor.py:830} INFO - Processing file /home/airflow/.local/lib/python3.8/site-packages/airflow/example_dags/example_branch_python_dop_operator_3.py for tasks to queue
[2026-08-13T12:52:34.181+0000] {logging_mixin.py:188} INFO - [2026-08-13T12:52:34.180+0000] {dagbag.py:538} INFO - Filling up the DagBag from /home/airflow/.local/lib/python3.8/site-packages/airflow/example_dags/example_branch_python_dop_operator_3.py
[2026-08-13T12:52:34.200+0000] {processor.py:840} INFO - DAG(s) 'example_branch_dop_operator_v3' retrieved from /home/airflow/.local/lib/python3.8/site-packages/airflow/example_dags/example_branch_python_dop_operator_3.py
[2026-08-13T12:52:34.248+0000] {logging_mixin.py:188} INFO - [2026-08-13T12:52:34.247+0000] {dag.py:3036} INFO - Sync 1 DAGs
[2026-08-13T12:52:34.325+0000] {logging_mixin.py:188} INFO - [2026-08-13T12:52:34.325+0000] {dag.py:3823} INFO - Setting next_dagrun for example_branch_dop_operator_v3 to 2026-08-13 12:51:00+00:00, run_after=2026-08-13 12:52:00+00:00
[2026-08-13T12:52:34.418+0000] {processor.py:183} INFO - Processing /home/airflow/.local/lib/python3.8/site-packages/airflow/example_dags/example_branch_python_dop_operator_3.py took 0.250 seconds
[2026-08-13T12:53:04.581+0000] {processor.py:161} INFO - Started process (PID=877) to work on /home/airflow/.local/lib/python3.8/site-packages/airflow/example_dags/example_branch_python_dop_operator_3.py
[2026-08-13T12:53:04.582+0000] {processor.py:830} INFO - Processing file /home/airflow/.local/lib/python3.8/site-packages/airflow/example_dags/example_branch_python_dop_operator_3.py for tasks to queue
[2026-08-13T12:53:04.585+0000] {logging_mixin.py:188} INFO - [2026-08-13T12:53:04.585+0000] {dagbag.py:538} INFO - Filling up the DagBag from /home/airflow/.local/lib/python3.8/site-packages/airflow/example_dags/example_branch_python_dop_operator_3.py
[2026-08-13T12:53:04.598+0000] {processor.py:840} INFO - DAG(s) 'example_branch_dop_operator_v3' retrieved from /home/airflow/.local/lib/python3.8/site-packages/airflow/example_dags/example_branch_python_dop_operator_3.py
[2026-08-13T12:53:04.627+0000] {logging_mixin.py:188} INFO - [2026-08-13T12:53:04.627+0000] {dag.py:3036} INFO - Sync 1 DAGs
[2026-08-13T12:53:04.662+0000] {logging_mixin.py:188} INFO - [2026-08-13T12:53:04.662+0000] {dag.py:3823} INFO - Setting next_dagrun for example_branch_dop_operator_v3 to 2026-08-13 12:52:00+00:00, run_after=2026-08-13 12:53:00+00:00
[2026-08-13T12:53:04.689+0000] {processor.py:183} INFO - Processing /home/airflow/.local/lib/python3.8/site-packages/airflow/example_dags/example_branch_python_dop_operator_3.py took 0.113 seconds
[2026-08-13T12:53:35.051+0000] {processor.py:161} INFO - Started process (PID=930) to work on /home/airflow/.local/lib/python3.8/site-packages/airflow/example_dags/example_branch_python_dop_operator_3.py
[2026-08-13T12:53:35.053+0000] {processor.py:830} INFO - Processing file /home/airflow/.local/lib/python3.8/site-packages/airflow/example_dags/example_branch_python_dop_operator_3.py for tasks to queue
[2026-08-13T12:53:35.057+0000] {logging_mixin.py:188} INFO - [2026-08-13T12:53:35.056+0000] {dagbag.py:538} INFO - Filling up the DagBag from /home/airflow/.local/lib/python3.8/site-packages/airflow/example_dags/example_branch_python_dop_operator_3.py
[2026-08-13T12:53:35.071+0000] {processor.py:840} INFO - DAG(s) 'example_branch_dop_operator_v3' retrieved from /home/airflow/.local/lib/python3.8/site-packages/airflow/example_dags/example_branch_python_dop_operator_3.py
[2026-08-13T12:53:35.107+0000] {logging_mixin.py:188} INFO - [2026-08-13T12:53:35.106+0000] {dag.py:3036} INFO - Sync 1 DAGs
[2026-08-13T12:53:35.207+0000] {logging_mixin.py:188} INFO - [2026-08-13T12:53:35.205+0000] {dag.py:3823} INFO - Setting next_dagrun for example_branch_dop_operator_v3 to 2026-08-13 12:52:00+00:00, run_after=2026-08-13 12:53:00+00:00
[2026-08-13T12:53:35.309+0000] {processor.py:183} INFO - Processing /home/airflow/.local/lib/python3.8/site-packages/airflow/example_dags/example_branch_python_dop_operator_3.py took 0.262 seconds
[2026-08-13T12:54:05.817+0000] {processor.py:161} INFO - Started process (PID=985) to work on /home/airflow/.local/lib/python3.8/site-packages/airflow/example_dags/example_branch_python_dop_operator_3.py
[2026-08-13T12:54:05.819+0000] {processor.py:830} INFO - Processing file /home/airflow/.local/lib/python3.8/site-packages/airflow/example_dags/example_branch_python_dop_operator_3.py for tasks to queue
[2026-08-13T12:54:05.821+0000] {logging_mixin.py:188} INFO - [2026-08-13T12:54:05.821+0000] {dagbag.py:538} INFO - Filling up the DagBag from /home/airflow/.local/lib/python3.8/site-packages/airflow/example_dags/example_branch_python_dop_operator_3.py
[2026-08-13T12:54:05.834+0000] {processor.py:840} INFO - DAG(s) 'example_branch_dop_operator_v3' retrieved from /home/airflow/.local/lib/python3.8/site-packages/airflow/example_dags/example_branch_python_dop_operator_3.py
[2026-08-13T12:54:05.865+0000] {logging_mixin.py:188} INFO - [2026-08-13T12:54:05.865+0000] {dag.py:3036} INFO - Sync 1 DAGs
[2026-08-13T12:54:05.894+0000] {logging_mixin.py:188} INFO - [2026-08-13T12:54:05.893+0000] {dag.py:3823} INFO - Setting next_dagrun for example_branch_dop_operator_v3 to 2026-08-13 12:53:00+00:00, run_after=2026-08-13 12:54:00+00:00
[2026-08-13T12:54:05.926+0000] {processor.py:183} INFO - Processing /home/airflow/.local/lib/python3.8/site-packages/airflow/example_dags/example_branch_python_dop_operator_3.py took 0.113 seconds
[2026-08-13T12:54:36.464+0000] {processor.py:161} INFO - Started process (PID=1040) to work on /home/airflow/.local/lib/python3.8/site-packages/airflow/example_dags/example_branch_python_dop_operator_3.py
[2026-08-13T12:54:36.473+0000] {processor.py:830} INFO - Processing file /home/airflow/.local/lib/python3.8/site-packages/airflow/example_dags/example_branch_python_dop_operator_3.py for tasks to queue
[2026-08-13T12:54:36.495+0000] {logging_mixin.py:188} INFO - [2026-08-13T12:54:36.490+0000] {dagbag.py:538} INFO - Filling up the DagBag from /home/airflow/.local/lib/python3.8/site-packages/airflow/example_dags/example_branch_python_dop_operator_3.py
[2026-08-13T12:54:36.562+0000] {processor.py:840} INFO - DAG(s) 'example_branch_dop_operator_v3' retrieved from /home/airflow/.local/lib/python3.8/site-packages/airflow/example_dags/example_branch_python_dop_operator_3.py
[2026-08-13T12:54:36.681+0000] {logging_mixin.py:188} INFO - [2026-08-13T12:54:36.680+0000] {dag.py:3036} INFO - Sync 1 DAGs
[2026-08-13T12:54:36.770+0000] {logging_mixin.py:188} INFO - [2026-08-13T12:54:36.765+0000] {dag.py:3823} INFO - Setting next_dagrun for example_branch_dop_operator_v3 to 2026-08-13 12:53:00+00:00, run_after=2026-08-13 12:54:00+00:00
[2026-08-13T12:54:36.828+0000] {processor.py:183} INFO - Processing /home/airflow/.local/lib/python3.8/site-packages/airflow/example_dags/example_branch_python_dop_operator_3.py took 0.377 seconds
[2026-08-13T12:55:07.233+0000] {processor.py:161} INFO - Started process (PID=1101) to work on /home/airflow/.local/lib/python3.8/site-packages/airflow/example_dags/example_branch_python_dop_operator_3.py
[2026-08-13T12:55:07.237+0000] {processor.py:830} INFO - Processing file /home/airflow/.local/lib/python3.8/site-packages/airflow/example_dags/example_branch_python_dop_operator_3.py for tasks to queue
[2026-08-13T12:55:07.240+0000] {logging_mixin.py:188} INFO - [2026-08-13T12:55:07.239+0000] {dagbag.py:538} INFO - Filling up the DagBag from /home/airflow/.local/lib/python3.8/site-packages/airflow/example_dags/example_branch_python_dop_operator_3.py
[2026-08-13T12:55:07.257+0000] {processor.py:840} INFO - DAG(s) 'example_branch_dop_operator_v3' retrieved from /home/airflow/.local/lib/python3.8/site-packages/airflow/example_dags/example_branch_python_dop_operator_3.py
[2026-08-13T12:55:07.311+0000] {logging_mixin.py:188} INFO - [2026-08-13T12:55:07.311+0000] {dag.py:3036} INFO - Sync 1 DAGs
[2026-08-13T12:55:07.373+0000] {logging_mixin.py:188} INFO - [2026-08-13T12:55:07.372+0000] {dag.py:3823} INFO - Setting next_dagrun for example_branch_dop_operator_v3 to 2026-08-13 12:54:00+00:00, run_after=2026-08-13 12:55:00+00:00
[2026-08-13T12:55:07.421+0000] {processor.py:183} INFO - Processing /home/airflow/.local/lib/python3.8/site-packages/airflow/example_dags/example_branch_python_dop_operator_3.py took 0.194 seconds
[2026-08-13T12:55:37.509+0000] {processor.py:161} INFO - Started process (PID=1156) to work on /home/airflow/.local/lib/python3.8/site-packages/airflow/example_dags/example_branch_python_dop_operator_3.py
[2026-08-13T12:55:37.511+0000] {processor.py:830} INFO - Processing file /home/airflow/.local/lib/python3.8/site-packages/airflow/example_dags/example_branch_python_dop_operator_3.py for tasks to queue
[2026-08-13T12:55:37.518+0000] {logging_mixin.py:188} INFO - [2026-08-13T12:55:37.517+0000] {dagbag.py:538} INFO - Filling up the DagBag from /home/airflow/.local/lib/python3.8/site-packages/airflow/example_dags/example_branch_python_dop_operator_3.py
[2026-08-13T12:55:37.532+0000] {processor.py:840} INFO - DAG(s) 'example_branch_dop_operator_v3' retrieved from /home/airflow/.local/lib/python3.8/site-packages/airflow/example_dags/example_branch_python_dop_operator_3.py
[2026-08-13T12:55:37.565+0000] {logging_mixin.py:188} INFO - [2026-08-13T12:55:37.565+0000] {dag.py:3036} INFO - Sync 1 DAGs
[2026-08-13T12:55:37.602+0000] {logging_mixin.py:188} INFO - [2026-08-13T12:55:37.602+0000] {dag.py:3823} INFO - Setting next_dagrun for example_branch_dop_operator_v3 to 2026-08-13 12:54:00+00:00, run_after=2026-08-13 12:55:00+00:00
[2026-08-13T12:55:37.642+0000] {processor.py:183} INFO - Processing /home/airflow/.local/lib/python3.8/site-packages/airflow/example_dags/example_branch_python_dop_operator_3.py took 0.138 seconds
[2026-08-13T12:56:08.268+0000] {processor.py:161} INFO - Started process (PID=1211) to work on /home/airflow/.local/lib/python3.8/site-packages/airflow/example_dags/example_branch_python_dop_operator_3.py
[2026-08-13T12:56:08.270+0000] {processor.py:830} INFO - Processing file /home/airflow/.local/lib/python3.8/site-packages/airflow/example_dags/example_branch_python_dop_operator_3.py for tasks to queue
[2026-08-13T12:56:08.274+0000] {logging_mixin.py:188} INFO - [2026-08-13T12:56:08.273+0000] {dagbag.py:538} INFO - Filling up the DagBag from /home/airflow/.local/lib/python3.8/site-packages/airflow/example_dags/example_branch_python_dop_operator_3.py
[2026-08-13T12:56:08.290+0000] {processor.py:840} INFO - DAG(s) 'example_branch_dop_operator_v3' retrieved from /home/airflow/.local/lib/python3.8/site-packages/airflow/example_dags/example_branch_python_dop_operator_3.py
[2026-08-13T12:56:08.319+0000] {logging_mixin.py:188} INFO - [2026-08-13T12:56:08.319+0000] {dag.py:3036} INFO - Sync 1 DAGs
[2026-08-13T12:56:08.347+0000] {logging_mixin.py:188} INFO - [2026-08-13T12:56:08.347+0000] {dag.py:3823} INFO - Setting next_dagrun for example_branch_dop_operator_v3 to 2026-08-13 12:55:00+00:00, run_after=2026-08-13 12:56:00+00:00
[2026-08-13T12:56:08.381+0000] {processor.py:183} INFO - Processing /home/airflow/.local/lib/python3.8/site-packages/airflow/example_dags/example_branch_python_dop_operator_3.py took 0.119 seconds
[2026-08-13T12:56:38.568+0000] {processor.py:161} INFO - Started process (PID=1266) to work on /home/airflow/.local/lib/python3.8/site-packages/airflow/example_dags/example_branch_python_dop_operator_3.py
[2026-08-13T12:56:38.579+0000] {processor.py:830} INFO - Processing file /home/airflow/.local/lib/python3.8/site-packages/airflow/example_dags/example_branch_python_dop_operator_3.py for tasks to queue
[2026-08-13T12:56:38.584+0000] {logging_mixin.py:188} INFO - [2026-08-13T12:56:38.583+0000] {dagbag.py:538} INFO - Filling up the DagBag from /home/airflow/.local/lib/python3.8/site-packages/airflow/example_dags/example_branch_python_dop_operator_3.py
[2026-08-13T12:56:38.604+0000] {processor.py:840} INFO - DAG(s) 'example_branch_dop_operator_v3' retrieved from /home/airflow/.local/lib/python3.8/site-packages/airflow/example_dags/example_branch_python_dop_operator_3.py
[2026-08-13T12:56:38.656+0000] {logging_mixin.py:188} INFO - [2026-08-13T12:56:38.656+0000] {dag.py:3036} INFO - Sync 1 DAGs
[2026-08-13T12:56:38.695+0000] {logging_mixin.py:188} INFO - [2026-08-13T12:56:38.695+0000] {dag.py:3823} INFO - Setting next_dagrun for example_branch_dop_operator_v3 to 2026-08-13 12:55:00+00:00, run_after=2026-08-13 12:56:00+00:00
[2026-08-13T12:56:38.728+0000] {processor.py:183} INFO - Processing /home/airflow/.local/lib/python3.8/site-packages/airflow/example_dags/example_branch_python_dop_operator_3.py took 0.165 seconds
[2026-08-13T12:57:09.622+0000] {processor.py:161} INFO - Started process (PID=1321) to work on /home/airflow/.local/lib/python3.8/site-packages/airflow/example_dags/example_branch_python_dop_operator_3.py
[2026-08-13T12:57:09.624+0000] {processor.py:830} INFO - Processing file /home/airflow/.local/lib/python3.8/site-packages/airflow/example_dags/example_branch_python_dop_operator_3.py for tasks to queue
[2026-08-13T12:57:09.627+0000] {logging_mixin.py:188} INFO - [2026-08-13T12:57:09.627+0000] {dagbag.py:538} INFO - Filling up the DagBag from /home/airflow/.local/lib/python3.8/site-packages/airflow/example_dags/example_branch_python_dop_operator_3.py
[2026-08-13T12:57:09.643+0000] {processor.py:840} INFO - DAG(s) 'example_branch_dop_operator_v3' retrieved from /home/airflow/.local/lib/python3.8/site-packages/airflow/example_dags/example_branch_python_dop_operator_3.py
[2026-08-13T12:57:09.674+0000] {logging_mixin.py:188} INFO - [2026-08-13T12:57:09.673+0000] {dag.py:3036} INFO - Sync 1 DAGs
[2026-08-13T12:57:09.705+0000] {logging_mixin.py:188} INFO - [2026-08-13T12:57:09.705+0000] {dag.py:3823} INFO - Setting next_dagrun for example_branch_dop_operator_v3 to 2026-08-13 12:56:00+00:00, run_after=2026-08-13 12:57:00+00:00
[2026-08-13T12:57:09.746+0000] {processor.py:183} INFO - Processing /home/airflow/.local/lib/python3.8/site-packages/airflow/example_dags/example_branch_python_dop_operator_3.py took 0.128 seconds
