[2026-08-13T12:33:37.450+0000] {processor.py:161} INFO - Started process (PID=110) to work on /home/airflow/.local/lib/python3.8/site-packages/airflow/example_dags/example_branch_day_of_week_operator.py
[2026-08-13T12:33:37.454+0000] {processor.py:830} INFO - Processing file /home/airflow/.local/lib/python3.8/site-packages/airflow/example_dags/example_branch_day_of_week_operator.py for tasks to queue
[2026-08-13T12:33:37.459+0000] {logging_mixin.py:188} INFO - [2026-08-13T12:33:37.458+0000] {dagbag.py:538} INFO - Filling up the DagBag from /home/airflow/.local/lib/python3.8/site-packages/airflow/example_dags/example_branch_day_of_week_operator.py
[2026-08-13T12:33:37.487+0000] {processor.py:840} INFO - DAG(s) 'example_weekday_branch_operator' retrieved from /home/airflow/.local/lib/python3.8/site-packages/airflow/example_dags/example_branch_day_of_week_operator.py
[2026-08-13T12:33:37.783+0000] {logging_mixin.py:188} INFO - [2026-08-13T12:33:37.783+0000] {dag.py:3036} INFO - Sync 1 DAGs
[2026-08-13T12:33:37.850+0000] {logging_mixin.py:188} INFO - [2026-08-13T12:33:37.848+0000] {dag.py:3823} INFO - Setting next_dagrun for example_weekday_branch_operator to 2026-08-12 00:00:00+00:00, run_after=2026-08-13 00:00:00+00:00
[2026-08-13T12:33:37.935+0000] {processor.py:183} INFO - Processing /home/airflow/.local/lib/python3.8/site-packages/airflow/example_dags/example_branch_day_of_week_operator.py took 0.492 seconds
[2026-08-13T12:34:08.629+0000] {processor.py:161} INFO - Started process (PID=165) to work on /home/airflow/.local/lib/python3.8/site-packages/airflow/example_dags/example_branch_day_of_week_operator.py
[2026-08-13T12:34:08.631+0000] {processor.py:830} INFO - Processing file /home/airflow/.local/lib/python3.8/site-packages/airflow/example_dags/example_branch_day_of_week_operator.py for tasks to queue
[2026-08-13T12:34:08.635+0000] {logging_mixin.py:188} INFO - [2026-08-13T12:34:08.634+0000] {dagbag.py:538} INFO - Filling up the DagBag from /home/airflow/.local/lib/python3.8/site-packages/airflow/example_dags/example_branch_day_of_week_operator.py
[2026-08-13T12:34:08.645+0000] {processor.py:840} INFO - DAG(s) 'example_weekday_branch_operator' retrieved from /home/airflow/.local/lib/python3.8/site-packages/airflow/example_dags/example_branch_day_of_week_operator.py
[2026-08-13T12:34:08.683+0000] {logging_mixin.py:188} INFO - [2026-08-13T12:34:08.683+0000] {dag.py:3036} INFO - Sync 1 DAGs
[2026-08-13T12:34:08.716+0000] {logging_mixin.py:188} INFO - [2026-08-13T12:34:08.715+0000] {dag.py:3823} INFO - Setting next_dagrun for example_weekday_branch_operator to 2026-08-12 00:00:00+00:00, run_after=2026-08-13 00:00:00+00:00
[2026-08-13T12:34:08.748+0000] {processor.py:183} INFO - Processing /home/airflow/.local/lib/python3.8/site-packages/airflow/example_dags/example_branch_day_of_week_operator.py took 0.125 seconds
[2026-08-13T12:34:38.890+0000] {processor.py:161} INFO - Started process (PID=220) to work on /home/airflow/.local/lib/python3.8/site-packages/airflow/example_dags/example_branch_day_of_week_operator.py
[2026-08-13T12:34:38.892+0000] {processor.py:830} INFO - Processing file /home/airflow/.local/lib/python3.8/site-packages/airflow/example_dags/example_branch_day_of_week_operator.py for tasks to queue
[2026-08-13T12:34:38.895+0000] {logging_mixin.py:188} INFO - [2026-08-13T12:34:38.895+0000] {dagbag.py:538} INFO - Filling up the DagBag from /home/airflow/.local/lib/python3.8/site-packages/airflow/example_dags/example_branch_day_of_week_operator.py
[2026-08-13T12:34:38.907+0000] {processor.py:840} INFO - DAG(s) 'example_weekday_branch_operator' retrieved from /home/airflow/.local/lib/python3.8/site-packages/airflow/example_dags/example_branch_day_of_week_operator.py
[2026-08-13T12:34:38.943+0000] {logging_mixin.py:188} INFO - [2026-08-13T12:34:38.942+0000] {dag.py:3036} INFO - Sync 1 DAGs
[2026-08-13T12:34:38.977+0000] {logging_mixin.py:188} INFO - [2026-08-13T12:34:38.976+0000] {dag.py:3823} INFO - Setting next_dagrun for example_weekday_branch_operator to 2026-08-12 00:00:00+00:00, run_after=2026-08-13 00:00:00+00:00
[2026-08-13T12:34:39.012+0000] {processor.py:183} INFO - Processing /home/airflow/.local/lib/python3.8/site-packages/airflow/example_dags/example_branch_day_of_week_operator.py took 0.127 seconds
[2026-08-13T12:35:09.229+0000] {processor.py:161} INFO - Started process (PID=275) to work on /home/airflow/.local/lib/python3.8/site-packages/airflow/example_dags/example_branch_day_of_week_operator.py
[2026-08-13T12:35:09.235+0000] {processor.py:830} INFO - Processing file /home/airflow/.local/lib/python3.8/site-packages/airflow/example_dags/example_branch_day_of_week_operator.py for tasks to queue
[2026-08-13T12:35:09.241+0000] {logging_mixin.py:188} INFO - [2026-08-13T12:35:09.241+0000] {dagbag.py:538} INFO - Filling up the DagBag from /home/airflow/.local/lib/python3.8/site-packages/airflow/example_dags/example_branch_day_of_week_operator.py
[2026-08-13T12:35:09.261+0000] {processor.py:840} INFO - DAG(s) 'example_weekday_branch_operator' retrieved from /home/airflow/.local/lib/python3.8/site-packages/airflow/example_dags/example_branch_day_of_week_operator.py
[2026-08-13T12:35:09.316+0000] {logging_mixin.py:188} INFO - [2026-08-13T12:35:09.315+0000] {dag.py:3036} INFO - Sync 1 DAGs
[2026-08-13T12:35:09.365+0000] {logging_mixin.py:188} INFO - [2026-08-13T12:35:09.364+0000] {dag.py:3823} INFO - Setting next_dagrun for example_weekday_branch_operator to 2026-08-12 00:00:00+00:00, run_after=2026-08-13 00:00:00+00:00
[2026-08-13T12:35:09.419+0000] {processor.py:183} INFO - Processing /home/airflow/.local/lib/python3.8/site-packages/airflow/example_dags/example_branch_day_of_week_operator.py took 0.197 seconds
[2026-08-13T12:35:39.618+0000] {processor.py:161} INFO - Started process (PID=330) to work on /home/airflow/.local/lib/python3.8/site-packages/airflow/example_dags/example_branch_day_of_week_operator.py
[2026-08-13T12:35:39.621+0000] {processor.py:830} INFO - Processing file /home/airflow/.local/lib/python3.8/site-packages/airflow/example_dags/example_branch_day_of_week_operator.py for tasks to queue
[2026-08-13T12:35:39.626+0000] {logging_mixin.py:188} INFO - [2026-08-13T12:35:39.625+0000] {dagbag.py:538} INFO - Filling up the DagBag from /home/airflow/.local/lib/python3.8/site-packages/airflow/example_dags/example_branch_day_of_week_operator.py
[2026-08-13T12:35:39.645+0000] {processor.py:840} INFO - DAG(s) 'example_weekday_branch_operator' retrieved from /home/airflow/.local/lib/python3.8/site-packages/airflow/example_dags/example_branch_day_of_week_operator.py
[2026-08-13T12:35:39.693+0000] {logging_mixin.py:188} INFO - [2026-08-13T12:35:39.692+0000] {dag.py:3036} INFO - Sync 1 DAGs
[2026-08-13T12:35:39.727+0000] {logging_mixin.py:188} INFO - [2026-08-13T12:35:39.726+0000] {dag.py:3823} INFO - Setting next_dagrun for example_weekday_branch_operator to 2026-08-12 00:00:00+00:00, run_after=2026-08-13 00:00:00+00:00
[2026-08-13T12:35:39.759+0000] {processor.py:183} INFO - Processing /home/airflow/.local/lib/python3.8/site-packages/airflow/example_dags/example_branch_day_of_week_operator.py took 0.149 seconds
[2026-08-13T12:36:09.977+0000] {processor.py:161} INFO - Started process (PID=385) to work on /home/airflow/.local/lib/python3.8/site-packages/airflow/example_dags/example_branch_day_of_week_operator.py
[2026-08-13T12:36:09.979+0000] {processor.py:830} INFO - Processing file /home/airflow/.local/lib/python3.8/site-packages/airflow/example_dags/example_branch_day_of_week_operator.py for tasks to queue
[2026-08-13T12:36:09.982+0000] {logging_mixin.py:188} INFO - [2026-08-13T12:36:09.981+0000] {dagbag.py:538} INFO - Filling up the DagBag from /home/airflow/.local/lib/python3.8/site-packages/airflow/example_dags/example_branch_day_of_week_operator.py
[2026-08-13T12:36:09.991+0000] {processor.py:840} INFO - DAG(s) 'example_weekday_branch_operator' retrieved from /home/airflow/.local/lib/python3.8/site-packages/airflow/example_dags/example_branch_day_of_week_operator.py
[2026-08-13T12:36:10.031+0000] {logging_mixin.py:188} INFO - [2026-08-13T12:36:10.031+0000] {dag.py:3036} INFO - Sync 1 DAGs
[2026-08-13T12:36:10.063+0000] {logging_mixin.py:188} INFO - [2026-08-13T12:36:10.063+0000] {dag.py:3823} INFO - Setting next_dagrun for example_weekday_branch_operator to 2026-08-12 00:00:00+00:00, run_after=2026-08-13 00:00:00+00:00
[2026-08-13T12:36:10.092+0000] {processor.py:183} INFO - Processing /home/airflow/.local/lib/python3.8/site-packages/airflow/example_dags/example_branch_day_of_week_operator.py took 0.121 seconds
[2026-08-13T12:41:53.322+0000] {processor.py:161} INFO - Started process (PID=132) to work on /home/airflow/.local/lib/python3.8/site-packages/airflow/example_dags/example_branch_day_of_week_operator.py
[2026-08-13T12:41:53.334+0000] {processor.py:830} INFO - Processing file /home/airflow/.local/lib/python3.8/site-packages/airflow/example_dags/example_branch_day_of_week_operator.py for tasks to queue
[2026-08-13T12:41:53.340+0000] {logging_mixin.py:188} INFO - [2026-08-13T12:41:53.339+0000] {dagbag.py:538} INFO - Filling up the DagBag from /home/airflow/.local/lib/python3.8/site-packages/airflow/example_dags/example_branch_day_of_week_operator.py
[2026-08-13T12:41:53.385+0000] {processor.py:840} INFO - DAG(s) 'example_weekday_branch_operator' retrieved from /home/airflow/.local/lib/python3.8/site-packages/airflow/example_dags/example_branch_day_of_week_operator.py
[2026-08-13T12:41:53.841+0000] {logging_mixin.py:188} INFO - [2026-08-13T12:41:53.841+0000] {dag.py:3036} INFO - Sync 1 DAGs
[2026-08-13T12:41:53.901+0000] {logging_mixin.py:188} INFO - [2026-08-13T12:41:53.900+0000] {dag.py:3823} INFO - Setting next_dagrun for example_weekday_branch_operator to 2026-08-12 00:00:00+00:00, run_after=2026-08-13 00:00:00+00:00
[2026-08-13T12:41:53.974+0000] {processor.py:183} INFO - Processing /home/airflow/.local/lib/python3.8/site-packages/airflow/example_dags/example_branch_day_of_week_operator.py took 0.666 seconds
[2026-08-13T12:42:27.267+0000] {processor.py:161} INFO - Started process (PID=188) to work on /home/airflow/.local/lib/python3.8/site-packages/airflow/example_dags/example_branch_day_of_week_operator.py
[2026-08-13T12:42:27.270+0000] {processor.py:830} INFO - Processing file /home/airflow/.local/lib/python3.8/site-packages/airflow/example_dags/example_branch_day_of_week_operator.py for tasks to queue
[2026-08-13T12:42:27.277+0000] {logging_mixin.py:188} INFO - [2026-08-13T12:42:27.276+0000] {dagbag.py:538} INFO - Filling up the DagBag from /home/airflow/.local/lib/python3.8/site-packages/airflow/example_dags/example_branch_day_of_week_operator.py
[2026-08-13T12:42:27.308+0000] {processor.py:840} INFO - DAG(s) 'example_weekday_branch_operator' retrieved from /home/airflow/.local/lib/python3.8/site-packages/airflow/example_dags/example_branch_day_of_week_operator.py
[2026-08-13T12:42:27.430+0000] {logging_mixin.py:188} INFO - [2026-08-13T12:42:27.430+0000] {dag.py:3036} INFO - Sync 1 DAGs
[2026-08-13T12:42:27.592+0000] {logging_mixin.py:188} INFO - [2026-08-13T12:42:27.590+0000] {dag.py:3823} INFO - Setting next_dagrun for example_weekday_branch_operator to 2026-08-12 00:00:00+00:00, run_after=2026-08-13 00:00:00+00:00
[2026-08-13T12:42:27.654+0000] {processor.py:183} INFO - Processing /home/airflow/.local/lib/python3.8/site-packages/airflow/example_dags/example_branch_day_of_week_operator.py took 0.397 seconds
[2026-08-13T12:45:47.385+0000] {processor.py:161} INFO - Started process (PID=114) to work on /home/airflow/.local/lib/python3.8/site-packages/airflow/example_dags/example_branch_day_of_week_operator.py
[2026-08-13T12:45:47.389+0000] {processor.py:830} INFO - Processing file /home/airflow/.local/lib/python3.8/site-packages/airflow/example_dags/example_branch_day_of_week_operator.py for tasks to queue
[2026-08-13T12:45:47.393+0000] {logging_mixin.py:188} INFO - [2026-08-13T12:45:47.393+0000] {dagbag.py:538} INFO - Filling up the DagBag from /home/airflow/.local/lib/python3.8/site-packages/airflow/example_dags/example_branch_day_of_week_operator.py
[2026-08-13T12:45:47.419+0000] {processor.py:840} INFO - DAG(s) 'example_weekday_branch_operator' retrieved from /home/airflow/.local/lib/python3.8/site-packages/airflow/example_dags/example_branch_day_of_week_operator.py
[2026-08-13T12:45:47.685+0000] {logging_mixin.py:188} INFO - [2026-08-13T12:45:47.684+0000] {dag.py:3036} INFO - Sync 1 DAGs
[2026-08-13T12:45:47.799+0000] {logging_mixin.py:188} INFO - [2026-08-13T12:45:47.797+0000] {dag.py:3823} INFO - Setting next_dagrun for example_weekday_branch_operator to 2026-08-12 00:00:00+00:00, run_after=2026-08-13 00:00:00+00:00
[2026-08-13T12:45:47.878+0000] {processor.py:183} INFO - Processing /home/airflow/.local/lib/python3.8/site-packages/airflow/example_dags/example_branch_day_of_week_operator.py took 0.501 seconds
[2026-08-13T12:46:18.722+0000] {processor.py:161} INFO - Started process (PID=169) to work on /home/airflow/.local/lib/python3.8/site-packages/airflow/example_dags/example_branch_day_of_week_operator.py
[2026-08-13T12:46:18.724+0000] {processor.py:830} INFO - Processing file /home/airflow/.local/lib/python3.8/site-packages/airflow/example_dags/example_branch_day_of_week_operator.py for tasks to queue
[2026-08-13T12:46:18.731+0000] {logging_mixin.py:188} INFO - [2026-08-13T12:46:18.730+0000] {dagbag.py:538} INFO - Filling up the DagBag from /home/airflow/.local/lib/python3.8/site-packages/airflow/example_dags/example_branch_day_of_week_operator.py
[2026-08-13T12:46:18.755+0000] {processor.py:840} INFO - DAG(s) 'example_weekday_branch_operator' retrieved from /home/airflow/.local/lib/python3.8/site-packages/airflow/example_dags/example_branch_day_of_week_operator.py
[2026-08-13T12:46:18.807+0000] {logging_mixin.py:188} INFO - [2026-08-13T12:46:18.807+0000] {dag.py:3036} INFO - Sync 1 DAGs
[2026-08-13T12:46:18.872+0000] {logging_mixin.py:188} INFO - [2026-08-13T12:46:18.872+0000] {dag.py:3823} INFO - Setting next_dagrun for example_weekday_branch_operator to 2026-08-12 00:00:00+00:00, run_after=2026-08-13 00:00:00+00:00
[2026-08-13T12:46:18.930+0000] {processor.py:183} INFO - Processing /home/airflow/.local/lib/python3.8/site-packages/airflow/example_dags/example_branch_day_of_week_operator.py took 0.216 seconds
[2026-08-13T12:46:49.779+0000] {processor.py:161} INFO - Started process (PID=224) to work on /home/airflow/.local/lib/python3.8/site-packages/airflow/example_dags/example_branch_day_of_week_operator.py
[2026-08-13T12:46:49.782+0000] {processor.py:830} INFO - Processing file /home/airflow/.local/lib/python3.8/site-packages/airflow/example_dags/example_branch_day_of_week_operator.py for tasks to queue
[2026-08-13T12:46:49.787+0000] {logging_mixin.py:188} INFO - [2026-08-13T12:46:49.786+0000] {dagbag.py:538} INFO - Filling up the DagBag from /home/airflow/.local/lib/python3.8/site-packages/airflow/example_dags/example_branch_day_of_week_operator.py
[2026-08-13T12:46:49.810+0000] {processor.py:840} INFO - DAG(s) 'example_weekday_branch_operator' retrieved from /home/airflow/.local/lib/python3.8/site-packages/airflow/example_dags/example_branch_day_of_week_operator.py
[2026-08-13T12:46:49.874+0000] {logging_mixin.py:188} INFO - [2026-08-13T12:46:49.873+0000] {dag.py:3036} INFO - Sync 1 DAGs
[2026-08-13T12:46:49.952+0000] {logging_mixin.py:188} INFO - [2026-08-13T12:46:49.952+0000] {dag.py:3823} INFO - Setting next_dagrun for example_weekday_branch_operator to 2026-08-12 00:00:00+00:00, run_after=2026-08-13 00:00:00+00:00
[2026-08-13T12:46:50.003+0000] {processor.py:183} INFO - Processing /home/airflow/.local/lib/python3.8/site-packages/airflow/example_dags/example_branch_day_of_week_operator.py took 0.233 seconds
[2026-08-13T12:47:22.966+0000] {processor.py:161} INFO - Started process (PID=279) to work on /home/airflow/.local/lib/python3.8/site-packages/airflow/example_dags/example_branch_day_of_week_operator.py
[2026-08-13T12:47:22.970+0000] {processor.py:830} INFO - Processing file /home/airflow/.local/lib/python3.8/site-packages/airflow/example_dags/example_branch_day_of_week_operator.py for tasks to queue
[2026-08-13T12:47:22.980+0000] {logging_mixin.py:188} INFO - [2026-08-13T12:47:22.978+0000] {dagbag.py:538} INFO - Filling up the DagBag from /home/airflow/.local/lib/python3.8/site-packages/airflow/example_dags/example_branch_day_of_week_operator.py
[2026-08-13T12:47:23.019+0000] {processor.py:840} INFO - DAG(s) 'example_weekday_branch_operator' retrieved from /home/airflow/.local/lib/python3.8/site-packages/airflow/example_dags/example_branch_day_of_week_operator.py
[2026-08-13T12:47:23.097+0000] {logging_mixin.py:188} INFO - [2026-08-13T12:47:23.096+0000] {dag.py:3036} INFO - Sync 1 DAGs
[2026-08-13T12:47:23.183+0000] {logging_mixin.py:188} INFO - [2026-08-13T12:47:23.182+0000] {dag.py:3823} INFO - Setting next_dagrun for example_weekday_branch_operator to 2026-08-12 00:00:00+00:00, run_after=2026-08-13 00:00:00+00:00
[2026-08-13T12:47:23.242+0000] {processor.py:183} INFO - Processing /home/airflow/.local/lib/python3.8/site-packages/airflow/example_dags/example_branch_day_of_week_operator.py took 0.294 seconds
[2026-08-13T12:47:54.370+0000] {processor.py:161} INFO - Started process (PID=332) to work on /home/airflow/.local/lib/python3.8/site-packages/airflow/example_dags/example_branch_day_of_week_operator.py
[2026-08-13T12:47:54.374+0000] {processor.py:830} INFO - Processing file /home/airflow/.local/lib/python3.8/site-packages/airflow/example_dags/example_branch_day_of_week_operator.py for tasks to queue
[2026-08-13T12:47:54.380+0000] {logging_mixin.py:188} INFO - [2026-08-13T12:47:54.378+0000] {dagbag.py:538} INFO - Filling up the DagBag from /home/airflow/.local/lib/python3.8/site-packages/airflow/example_dags/example_branch_day_of_week_operator.py
[2026-08-13T12:47:54.413+0000] {processor.py:840} INFO - DAG(s) 'example_weekday_branch_operator' retrieved from /home/airflow/.local/lib/python3.8/site-packages/airflow/example_dags/example_branch_day_of_week_operator.py
[2026-08-13T12:47:54.475+0000] {logging_mixin.py:188} INFO - [2026-08-13T12:47:54.474+0000] {dag.py:3036} INFO - Sync 1 DAGs
[2026-08-13T12:47:54.537+0000] {logging_mixin.py:188} INFO - [2026-08-13T12:47:54.536+0000] {dag.py:3823} INFO - Setting next_dagrun for example_weekday_branch_operator to 2026-08-12 00:00:00+00:00, run_after=2026-08-13 00:00:00+00:00
[2026-08-13T12:47:54.616+0000] {processor.py:183} INFO - Processing /home/airflow/.local/lib/python3.8/site-packages/airflow/example_dags/example_branch_day_of_week_operator.py took 0.255 seconds
[2026-08-13T12:48:25.169+0000] {processor.py:161} INFO - Started process (PID=387) to work on /home/airflow/.local/lib/python3.8/site-packages/airflow/example_dags/example_branch_day_of_week_operator.py
[2026-08-13T12:48:25.211+0000] {processor.py:830} INFO - Processing file /home/airflow/.local/lib/python3.8/site-packages/airflow/example_dags/example_branch_day_of_week_operator.py for tasks to queue
[2026-08-13T12:48:25.220+0000] {logging_mixin.py:188} INFO - [2026-08-13T12:48:25.219+0000] {dagbag.py:538} INFO - Filling up the DagBag from /home/airflow/.local/lib/python3.8/site-packages/airflow/example_dags/example_branch_day_of_week_operator.py
[2026-08-13T12:48:25.247+0000] {processor.py:840} INFO - DAG(s) 'example_weekday_branch_operator' retrieved from /home/airflow/.local/lib/python3.8/site-packages/airflow/example_dags/example_branch_day_of_week_operator.py
[2026-08-13T12:48:25.368+0000] {logging_mixin.py:188} INFO - [2026-08-13T12:48:25.367+0000] {dag.py:3036} INFO - Sync 1 DAGs
[2026-08-13T12:48:25.475+0000] {logging_mixin.py:188} INFO - [2026-08-13T12:48:25.474+0000] {dag.py:3823} INFO - Setting next_dagrun for example_weekday_branch_operator to 2026-08-12 00:00:00+00:00, run_after=2026-08-13 00:00:00+00:00
[2026-08-13T12:48:25.570+0000] {processor.py:183} INFO - Processing /home/airflow/.local/lib/python3.8/site-packages/airflow/example_dags/example_branch_day_of_week_operator.py took 0.416 seconds
[2026-08-13T12:48:56.392+0000] {processor.py:161} INFO - Started process (PID=443) to work on /home/airflow/.local/lib/python3.8/site-packages/airflow/example_dags/example_branch_day_of_week_operator.py
[2026-08-13T12:48:56.398+0000] {processor.py:830} INFO - Processing file /home/airflow/.local/lib/python3.8/site-packages/airflow/example_dags/example_branch_day_of_week_operator.py for tasks to queue
[2026-08-13T12:48:56.406+0000] {logging_mixin.py:188} INFO - [2026-08-13T12:48:56.405+0000] {dagbag.py:538} INFO - Filling up the DagBag from /home/airflow/.local/lib/python3.8/site-packages/airflow/example_dags/example_branch_day_of_week_operator.py
[2026-08-13T12:48:56.421+0000] {processor.py:840} INFO - DAG(s) 'example_weekday_branch_operator' retrieved from /home/airflow/.local/lib/python3.8/site-packages/airflow/example_dags/example_branch_day_of_week_operator.py
[2026-08-13T12:48:56.470+0000] {logging_mixin.py:188} INFO - [2026-08-13T12:48:56.469+0000] {dag.py:3036} INFO - Sync 1 DAGs
[2026-08-13T12:48:56.522+0000] {logging_mixin.py:188} INFO - [2026-08-13T12:48:56.522+0000] {dag.py:3823} INFO - Setting next_dagrun for example_weekday_branch_operator to 2026-08-12 00:00:00+00:00, run_after=2026-08-13 00:00:00+00:00
[2026-08-13T12:48:56.563+0000] {processor.py:183} INFO - Processing /home/airflow/.local/lib/python3.8/site-packages/airflow/example_dags/example_branch_day_of_week_operator.py took 0.178 seconds
[2026-08-13T12:49:26.766+0000] {processor.py:161} INFO - Started process (PID=498) to work on /home/airflow/.local/lib/python3.8/site-packages/airflow/example_dags/example_branch_day_of_week_operator.py
[2026-08-13T12:49:26.770+0000] {processor.py:830} INFO - Processing file /home/airflow/.local/lib/python3.8/site-packages/airflow/example_dags/example_branch_day_of_week_operator.py for tasks to queue
[2026-08-13T12:49:26.776+0000] {logging_mixin.py:188} INFO - [2026-08-13T12:49:26.775+0000] {dagbag.py:538} INFO - Filling up the DagBag from /home/airflow/.local/lib/python3.8/site-packages/airflow/example_dags/example_branch_day_of_week_operator.py
[2026-08-13T12:49:26.808+0000] {processor.py:840} INFO - DAG(s) 'example_weekday_branch_operator' retrieved from /home/airflow/.local/lib/python3.8/site-packages/airflow/example_dags/example_branch_day_of_week_operator.py
[2026-08-13T12:49:26.867+0000] {logging_mixin.py:188} INFO - [2026-08-13T12:49:26.866+0000] {dag.py:3036} INFO - Sync 1 DAGs
[2026-08-13T12:49:26.934+0000] {logging_mixin.py:188} INFO - [2026-08-13T12:49:26.934+0000] {dag.py:3823} INFO - Setting next_dagrun for example_weekday_branch_operator to 2026-08-12 00:00:00+00:00, run_after=2026-08-13 00:00:00+00:00
[2026-08-13T12:49:26.987+0000] {processor.py:183} INFO - Processing /home/airflow/.local/lib/python3.8/site-packages/airflow/example_dags/example_branch_day_of_week_operator.py took 0.229 seconds
[2026-08-13T12:49:59.190+0000] {processor.py:161} INFO - Started process (PID=553) to work on /home/airflow/.local/lib/python3.8/site-packages/airflow/example_dags/example_branch_day_of_week_operator.py
[2026-08-13T12:49:59.194+0000] {processor.py:830} INFO - Processing file /home/airflow/.local/lib/python3.8/site-packages/airflow/example_dags/example_branch_day_of_week_operator.py for tasks to queue
[2026-08-13T12:49:59.200+0000] {logging_mixin.py:188} INFO - [2026-08-13T12:49:59.199+0000] {dagbag.py:538} INFO - Filling up the DagBag from /home/airflow/.local/lib/python3.8/site-packages/airflow/example_dags/example_branch_day_of_week_operator.py
[2026-08-13T12:49:59.226+0000] {processor.py:840} INFO - DAG(s) 'example_weekday_branch_operator' retrieved from /home/airflow/.local/lib/python3.8/site-packages/airflow/example_dags/example_branch_day_of_week_operator.py
[2026-08-13T12:49:59.291+0000] {logging_mixin.py:188} INFO - [2026-08-13T12:49:59.290+0000] {dag.py:3036} INFO - Sync 1 DAGs
[2026-08-13T12:49:59.377+0000] {logging_mixin.py:188} INFO - [2026-08-13T12:49:59.376+0000] {dag.py:3823} INFO - Setting next_dagrun for example_weekday_branch_operator to 2026-08-12 00:00:00+00:00, run_after=2026-08-13 00:00:00+00:00
[2026-08-13T12:49:59.436+0000] {processor.py:183} INFO - Processing /home/airflow/.local/lib/python3.8/site-packages/airflow/example_dags/example_branch_day_of_week_operator.py took 0.256 seconds
[2026-08-13T12:50:32.890+0000] {processor.py:161} INFO - Started process (PID=608) to work on /home/airflow/.local/lib/python3.8/site-packages/airflow/example_dags/example_branch_day_of_week_operator.py
[2026-08-13T12:50:32.901+0000] {processor.py:830} INFO - Processing file /home/airflow/.local/lib/python3.8/site-packages/airflow/example_dags/example_branch_day_of_week_operator.py for tasks to queue
[2026-08-13T12:50:32.907+0000] {logging_mixin.py:188} INFO - [2026-08-13T12:50:32.906+0000] {dagbag.py:538} INFO - Filling up the DagBag from /home/airflow/.local/lib/python3.8/site-packages/airflow/example_dags/example_branch_day_of_week_operator.py
[2026-08-13T12:50:32.937+0000] {processor.py:840} INFO - DAG(s) 'example_weekday_branch_operator' retrieved from /home/airflow/.local/lib/python3.8/site-packages/airflow/example_dags/example_branch_day_of_week_operator.py
[2026-08-13T12:50:33.003+0000] {logging_mixin.py:188} INFO - [2026-08-13T12:50:33.003+0000] {dag.py:3036} INFO - Sync 1 DAGs
[2026-08-13T12:50:33.102+0000] {logging_mixin.py:188} INFO - [2026-08-13T12:50:33.102+0000] {dag.py:3823} INFO - Setting next_dagrun for example_weekday_branch_operator to 2026-08-12 00:00:00+00:00, run_after=2026-08-13 00:00:00+00:00
[2026-08-13T12:50:33.153+0000] {processor.py:183} INFO - Processing /home/airflow/.local/lib/python3.8/site-packages/airflow/example_dags/example_branch_day_of_week_operator.py took 0.274 seconds
[2026-08-13T12:51:04.148+0000] {processor.py:161} INFO - Started process (PID=669) to work on /home/airflow/.local/lib/python3.8/site-packages/airflow/example_dags/example_branch_day_of_week_operator.py
[2026-08-13T12:51:04.151+0000] {processor.py:830} INFO - Processing file /home/airflow/.local/lib/python3.8/site-packages/airflow/example_dags/example_branch_day_of_week_operator.py for tasks to queue
[2026-08-13T12:51:04.155+0000] {logging_mixin.py:188} INFO - [2026-08-13T12:51:04.154+0000] {dagbag.py:538} INFO - Filling up the DagBag from /home/airflow/.local/lib/python3.8/site-packages/airflow/example_dags/example_branch_day_of_week_operator.py
[2026-08-13T12:51:04.175+0000] {processor.py:840} INFO - DAG(s) 'example_weekday_branch_operator' retrieved from /home/airflow/.local/lib/python3.8/site-packages/airflow/example_dags/example_branch_day_of_week_operator.py
[2026-08-13T12:51:04.215+0000] {logging_mixin.py:188} INFO - [2026-08-13T12:51:04.215+0000] {dag.py:3036} INFO - Sync 1 DAGs
[2026-08-13T12:51:04.248+0000] {logging_mixin.py:188} INFO - [2026-08-13T12:51:04.248+0000] {dag.py:3823} INFO - Setting next_dagrun for example_weekday_branch_operator to 2026-08-12 00:00:00+00:00, run_after=2026-08-13 00:00:00+00:00
[2026-08-13T12:51:04.288+0000] {processor.py:183} INFO - Processing /home/airflow/.local/lib/python3.8/site-packages/airflow/example_dags/example_branch_day_of_week_operator.py took 0.147 seconds
[2026-08-13T12:51:34.903+0000] {processor.py:161} INFO - Started process (PID=725) to work on /home/airflow/.local/lib/python3.8/site-packages/airflow/example_dags/example_branch_day_of_week_operator.py
[2026-08-13T12:51:34.909+0000] {processor.py:830} INFO - Processing file /home/airflow/.local/lib/python3.8/site-packages/airflow/example_dags/example_branch_day_of_week_operator.py for tasks to queue
[2026-08-13T12:51:34.918+0000] {logging_mixin.py:188} INFO - [2026-08-13T12:51:34.917+0000] {dagbag.py:538} INFO - Filling up the DagBag from /home/airflow/.local/lib/python3.8/site-packages/airflow/example_dags/example_branch_day_of_week_operator.py
[2026-08-13T12:51:34.942+0000] {processor.py:840} INFO - DAG(s) 'example_weekday_branch_operator' retrieved from /home/airflow/.local/lib/python3.8/site-packages/airflow/example_dags/example_branch_day_of_week_operator.py
[2026-08-13T12:51:35.021+0000] {logging_mixin.py:188} INFO - [2026-08-13T12:51:35.020+0000] {dag.py:3036} INFO - Sync 1 DAGs
[2026-08-13T12:51:35.108+0000] {logging_mixin.py:188} INFO - [2026-08-13T12:51:35.107+0000] {dag.py:3823} INFO - Setting next_dagrun for example_weekday_branch_operator to 2026-08-12 00:00:00+00:00, run_after=2026-08-13 00:00:00+00:00
[2026-08-13T12:51:35.205+0000] {processor.py:183} INFO - Processing /home/airflow/.local/lib/python3.8/site-packages/airflow/example_dags/example_branch_day_of_week_operator.py took 0.319 seconds
[2026-08-13T12:52:05.385+0000] {processor.py:161} INFO - Started process (PID=780) to work on /home/airflow/.local/lib/python3.8/site-packages/airflow/example_dags/example_branch_day_of_week_operator.py
[2026-08-13T12:52:05.388+0000] {processor.py:830} INFO - Processing file /home/airflow/.local/lib/python3.8/site-packages/airflow/example_dags/example_branch_day_of_week_operator.py for tasks to queue
[2026-08-13T12:52:05.391+0000] {logging_mixin.py:188} INFO - [2026-08-13T12:52:05.390+0000] {dagbag.py:538} INFO - Filling up the DagBag from /home/airflow/.local/lib/python3.8/site-packages/airflow/example_dags/example_branch_day_of_week_operator.py
[2026-08-13T12:52:05.402+0000] {processor.py:840} INFO - DAG(s) 'example_weekday_branch_operator' retrieved from /home/airflow/.local/lib/python3.8/site-packages/airflow/example_dags/example_branch_day_of_week_operator.py
[2026-08-13T12:52:05.449+0000] {logging_mixin.py:188} INFO - [2026-08-13T12:52:05.448+0000] {dag.py:3036} INFO - Sync 1 DAGs
[2026-08-13T12:52:05.484+0000] {logging_mixin.py:188} INFO - [2026-08-13T12:52:05.483+0000] {dag.py:3823} INFO - Setting next_dagrun for example_weekday_branch_operator to 2026-08-12 00:00:00+00:00, run_after=2026-08-13 00:00:00+00:00
[2026-08-13T12:52:05.518+0000] {processor.py:183} INFO - Processing /home/airflow/.local/lib/python3.8/site-packages/airflow/example_dags/example_branch_day_of_week_operator.py took 0.139 seconds
[2026-08-13T12:52:36.893+0000] {processor.py:161} INFO - Started process (PID=836) to work on /home/airflow/.local/lib/python3.8/site-packages/airflow/example_dags/example_branch_day_of_week_operator.py
[2026-08-13T12:52:36.896+0000] {processor.py:830} INFO - Processing file /home/airflow/.local/lib/python3.8/site-packages/airflow/example_dags/example_branch_day_of_week_operator.py for tasks to queue
[2026-08-13T12:52:36.901+0000] {logging_mixin.py:188} INFO - [2026-08-13T12:52:36.900+0000] {dagbag.py:538} INFO - Filling up the DagBag from /home/airflow/.local/lib/python3.8/site-packages/airflow/example_dags/example_branch_day_of_week_operator.py
[2026-08-13T12:52:36.917+0000] {processor.py:840} INFO - DAG(s) 'example_weekday_branch_operator' retrieved from /home/airflow/.local/lib/python3.8/site-packages/airflow/example_dags/example_branch_day_of_week_operator.py
[2026-08-13T12:52:36.980+0000] {logging_mixin.py:188} INFO - [2026-08-13T12:52:36.979+0000] {dag.py:3036} INFO - Sync 1 DAGs
[2026-08-13T12:52:37.047+0000] {logging_mixin.py:188} INFO - [2026-08-13T12:52:37.046+0000] {dag.py:3823} INFO - Setting next_dagrun for example_weekday_branch_operator to 2026-08-12 00:00:00+00:00, run_after=2026-08-13 00:00:00+00:00
[2026-08-13T12:52:37.092+0000] {processor.py:183} INFO - Processing /home/airflow/.local/lib/python3.8/site-packages/airflow/example_dags/example_branch_day_of_week_operator.py took 0.206 seconds
[2026-08-13T12:53:07.808+0000] {processor.py:161} INFO - Started process (PID=891) to work on /home/airflow/.local/lib/python3.8/site-packages/airflow/example_dags/example_branch_day_of_week_operator.py
[2026-08-13T12:53:07.809+0000] {processor.py:830} INFO - Processing file /home/airflow/.local/lib/python3.8/site-packages/airflow/example_dags/example_branch_day_of_week_operator.py for tasks to queue
[2026-08-13T12:53:07.812+0000] {logging_mixin.py:188} INFO - [2026-08-13T12:53:07.811+0000] {dagbag.py:538} INFO - Filling up the DagBag from /home/airflow/.local/lib/python3.8/site-packages/airflow/example_dags/example_branch_day_of_week_operator.py
[2026-08-13T12:53:07.822+0000] {processor.py:840} INFO - DAG(s) 'example_weekday_branch_operator' retrieved from /home/airflow/.local/lib/python3.8/site-packages/airflow/example_dags/example_branch_day_of_week_operator.py
[2026-08-13T12:53:07.851+0000] {logging_mixin.py:188} INFO - [2026-08-13T12:53:07.851+0000] {dag.py:3036} INFO - Sync 1 DAGs
[2026-08-13T12:53:07.881+0000] {logging_mixin.py:188} INFO - [2026-08-13T12:53:07.881+0000] {dag.py:3823} INFO - Setting next_dagrun for example_weekday_branch_operator to 2026-08-12 00:00:00+00:00, run_after=2026-08-13 00:00:00+00:00
[2026-08-13T12:53:07.916+0000] {processor.py:183} INFO - Processing /home/airflow/.local/lib/python3.8/site-packages/airflow/example_dags/example_branch_day_of_week_operator.py took 0.113 seconds
[2026-08-13T12:53:42.321+0000] {processor.py:161} INFO - Started process (PID=950) to work on /home/airflow/.local/lib/python3.8/site-packages/airflow/example_dags/example_branch_day_of_week_operator.py
[2026-08-13T12:53:42.325+0000] {processor.py:830} INFO - Processing file /home/airflow/.local/lib/python3.8/site-packages/airflow/example_dags/example_branch_day_of_week_operator.py for tasks to queue
[2026-08-13T12:53:42.330+0000] {logging_mixin.py:188} INFO - [2026-08-13T12:53:42.330+0000] {dagbag.py:538} INFO - Filling up the DagBag from /home/airflow/.local/lib/python3.8/site-packages/airflow/example_dags/example_branch_day_of_week_operator.py
[2026-08-13T12:53:42.352+0000] {processor.py:840} INFO - DAG(s) 'example_weekday_branch_operator' retrieved from /home/airflow/.local/lib/python3.8/site-packages/airflow/example_dags/example_branch_day_of_week_operator.py
[2026-08-13T12:53:42.436+0000] {logging_mixin.py:188} INFO - [2026-08-13T12:53:42.435+0000] {dag.py:3036} INFO - Sync 1 DAGs
[2026-08-13T12:53:42.511+0000] {logging_mixin.py:188} INFO - [2026-08-13T12:53:42.510+0000] {dag.py:3823} INFO - Setting next_dagrun for example_weekday_branch_operator to 2026-08-12 00:00:00+00:00, run_after=2026-08-13 00:00:00+00:00
[2026-08-13T12:53:42.562+0000] {processor.py:183} INFO - Processing /home/airflow/.local/lib/python3.8/site-packages/airflow/example_dags/example_branch_day_of_week_operator.py took 0.251 seconds
[2026-08-13T12:54:12.925+0000] {processor.py:161} INFO - Started process (PID=1005) to work on /home/airflow/.local/lib/python3.8/site-packages/airflow/example_dags/example_branch_day_of_week_operator.py
[2026-08-13T12:54:12.927+0000] {processor.py:830} INFO - Processing file /home/airflow/.local/lib/python3.8/site-packages/airflow/example_dags/example_branch_day_of_week_operator.py for tasks to queue
[2026-08-13T12:54:12.930+0000] {logging_mixin.py:188} INFO - [2026-08-13T12:54:12.929+0000] {dagbag.py:538} INFO - Filling up the DagBag from /home/airflow/.local/lib/python3.8/site-packages/airflow/example_dags/example_branch_day_of_week_operator.py
[2026-08-13T12:54:12.944+0000] {processor.py:840} INFO - DAG(s) 'example_weekday_branch_operator' retrieved from /home/airflow/.local/lib/python3.8/site-packages/airflow/example_dags/example_branch_day_of_week_operator.py
[2026-08-13T12:54:12.986+0000] {logging_mixin.py:188} INFO - [2026-08-13T12:54:12.985+0000] {dag.py:3036} INFO - Sync 1 DAGs
[2026-08-13T12:54:13.029+0000] {logging_mixin.py:188} INFO - [2026-08-13T12:54:13.028+0000] {dag.py:3823} INFO - Setting next_dagrun for example_weekday_branch_operator to 2026-08-12 00:00:00+00:00, run_after=2026-08-13 00:00:00+00:00
[2026-08-13T12:54:13.063+0000] {processor.py:183} INFO - Processing /home/airflow/.local/lib/python3.8/site-packages/airflow/example_dags/example_branch_day_of_week_operator.py took 0.145 seconds
[2026-08-13T12:54:43.506+0000] {processor.py:161} INFO - Started process (PID=1058) to work on /home/airflow/.local/lib/python3.8/site-packages/airflow/example_dags/example_branch_day_of_week_operator.py
[2026-08-13T12:54:43.509+0000] {processor.py:830} INFO - Processing file /home/airflow/.local/lib/python3.8/site-packages/airflow/example_dags/example_branch_day_of_week_operator.py for tasks to queue
[2026-08-13T12:54:43.512+0000] {logging_mixin.py:188} INFO - [2026-08-13T12:54:43.512+0000] {dagbag.py:538} INFO - Filling up the DagBag from /home/airflow/.local/lib/python3.8/site-packages/airflow/example_dags/example_branch_day_of_week_operator.py
[2026-08-13T12:54:43.527+0000] {processor.py:840} INFO - DAG(s) 'example_weekday_branch_operator' retrieved from /home/airflow/.local/lib/python3.8/site-packages/airflow/example_dags/example_branch_day_of_week_operator.py
[2026-08-13T12:54:43.560+0000] {logging_mixin.py:188} INFO - [2026-08-13T12:54:43.560+0000] {dag.py:3036} INFO - Sync 1 DAGs
[2026-08-13T12:54:43.602+0000] {logging_mixin.py:188} INFO - [2026-08-13T12:54:43.601+0000] {dag.py:3823} INFO - Setting next_dagrun for example_weekday_branch_operator to 2026-08-12 00:00:00+00:00, run_after=2026-08-13 00:00:00+00:00
[2026-08-13T12:54:43.635+0000] {processor.py:183} INFO - Processing /home/airflow/.local/lib/python3.8/site-packages/airflow/example_dags/example_branch_day_of_week_operator.py took 0.137 seconds
[2026-08-13T12:55:14.323+0000] {processor.py:161} INFO - Started process (PID=1113) to work on /home/airflow/.local/lib/python3.8/site-packages/airflow/example_dags/example_branch_day_of_week_operator.py
[2026-08-13T12:55:14.325+0000] {processor.py:830} INFO - Processing file /home/airflow/.local/lib/python3.8/site-packages/airflow/example_dags/example_branch_day_of_week_operator.py for tasks to queue
[2026-08-13T12:55:14.327+0000] {logging_mixin.py:188} INFO - [2026-08-13T12:55:14.327+0000] {dagbag.py:538} INFO - Filling up the DagBag from /home/airflow/.local/lib/python3.8/site-packages/airflow/example_dags/example_branch_day_of_week_operator.py
[2026-08-13T12:55:14.338+0000] {processor.py:840} INFO - DAG(s) 'example_weekday_branch_operator' retrieved from /home/airflow/.local/lib/python3.8/site-packages/airflow/example_dags/example_branch_day_of_week_operator.py
[2026-08-13T12:55:14.378+0000] {logging_mixin.py:188} INFO - [2026-08-13T12:55:14.378+0000] {dag.py:3036} INFO - Sync 1 DAGs
[2026-08-13T12:55:14.415+0000] {logging_mixin.py:188} INFO - [2026-08-13T12:55:14.415+0000] {dag.py:3823} INFO - Setting next_dagrun for example_weekday_branch_operator to 2026-08-12 00:00:00+00:00, run_after=2026-08-13 00:00:00+00:00
[2026-08-13T12:55:14.447+0000] {processor.py:183} INFO - Processing /home/airflow/.local/lib/python3.8/site-packages/airflow/example_dags/example_branch_day_of_week_operator.py took 0.132 seconds
[2026-08-13T12:55:45.616+0000] {processor.py:161} INFO - Started process (PID=1169) to work on /home/airflow/.local/lib/python3.8/site-packages/airflow/example_dags/example_branch_day_of_week_operator.py
[2026-08-13T12:55:45.618+0000] {processor.py:830} INFO - Processing file /home/airflow/.local/lib/python3.8/site-packages/airflow/example_dags/example_branch_day_of_week_operator.py for tasks to queue
[2026-08-13T12:55:45.622+0000] {logging_mixin.py:188} INFO - [2026-08-13T12:55:45.622+0000] {dagbag.py:538} INFO - Filling up the DagBag from /home/airflow/.local/lib/python3.8/site-packages/airflow/example_dags/example_branch_day_of_week_operator.py
[2026-08-13T12:55:45.636+0000] {processor.py:840} INFO - DAG(s) 'example_weekday_branch_operator' retrieved from /home/airflow/.local/lib/python3.8/site-packages/airflow/example_dags/example_branch_day_of_week_operator.py
[2026-08-13T12:55:45.674+0000] {logging_mixin.py:188} INFO - [2026-08-13T12:55:45.673+0000] {dag.py:3036} INFO - Sync 1 DAGs
[2026-08-13T12:55:45.722+0000] {logging_mixin.py:188} INFO - [2026-08-13T12:55:45.721+0000] {dag.py:3823} INFO - Setting next_dagrun for example_weekday_branch_operator to 2026-08-12 00:00:00+00:00, run_after=2026-08-13 00:00:00+00:00
[2026-08-13T12:55:45.778+0000] {processor.py:183} INFO - Processing /home/airflow/.local/lib/python3.8/site-packages/airflow/example_dags/example_branch_day_of_week_operator.py took 0.168 seconds
[2026-08-13T12:56:16.706+0000] {processor.py:161} INFO - Started process (PID=1224) to work on /home/airflow/.local/lib/python3.8/site-packages/airflow/example_dags/example_branch_day_of_week_operator.py
[2026-08-13T12:56:16.709+0000] {processor.py:830} INFO - Processing file /home/airflow/.local/lib/python3.8/site-packages/airflow/example_dags/example_branch_day_of_week_operator.py for tasks to queue
[2026-08-13T12:56:16.712+0000] {logging_mixin.py:188} INFO - [2026-08-13T12:56:16.712+0000] {dagbag.py:538} INFO - Filling up the DagBag from /home/airflow/.local/lib/python3.8/site-packages/airflow/example_dags/example_branch_day_of_week_operator.py
[2026-08-13T12:56:16.728+0000] {processor.py:840} INFO - DAG(s) 'example_weekday_branch_operator' retrieved from /home/airflow/.local/lib/python3.8/site-packages/airflow/example_dags/example_branch_day_of_week_operator.py
[2026-08-13T12:56:16.775+0000] {logging_mixin.py:188} INFO - [2026-08-13T12:56:16.774+0000] {dag.py:3036} INFO - Sync 1 DAGs
[2026-08-13T12:56:16.814+0000] {logging_mixin.py:188} INFO - [2026-08-13T12:56:16.814+0000] {dag.py:3823} INFO - Setting next_dagrun for example_weekday_branch_operator to 2026-08-12 00:00:00+00:00, run_after=2026-08-13 00:00:00+00:00
[2026-08-13T12:56:16.864+0000] {processor.py:183} INFO - Processing /home/airflow/.local/lib/python3.8/site-packages/airflow/example_dags/example_branch_day_of_week_operator.py took 0.166 seconds
[2026-08-13T12:56:47.195+0000] {processor.py:161} INFO - Started process (PID=1279) to work on /home/airflow/.local/lib/python3.8/site-packages/airflow/example_dags/example_branch_day_of_week_operator.py
[2026-08-13T12:56:47.197+0000] {processor.py:830} INFO - Processing file /home/airflow/.local/lib/python3.8/site-packages/airflow/example_dags/example_branch_day_of_week_operator.py for tasks to queue
[2026-08-13T12:56:47.200+0000] {logging_mixin.py:188} INFO - [2026-08-13T12:56:47.199+0000] {dagbag.py:538} INFO - Filling up the DagBag from /home/airflow/.local/lib/python3.8/site-packages/airflow/example_dags/example_branch_day_of_week_operator.py
[2026-08-13T12:56:47.211+0000] {processor.py:840} INFO - DAG(s) 'example_weekday_branch_operator' retrieved from /home/airflow/.local/lib/python3.8/site-packages/airflow/example_dags/example_branch_day_of_week_operator.py
[2026-08-13T12:56:47.240+0000] {logging_mixin.py:188} INFO - [2026-08-13T12:56:47.239+0000] {dag.py:3036} INFO - Sync 1 DAGs
[2026-08-13T12:56:47.271+0000] {logging_mixin.py:188} INFO - [2026-08-13T12:56:47.270+0000] {dag.py:3823} INFO - Setting next_dagrun for example_weekday_branch_operator to 2026-08-12 00:00:00+00:00, run_after=2026-08-13 00:00:00+00:00
[2026-08-13T12:56:47.304+0000] {processor.py:183} INFO - Processing /home/airflow/.local/lib/python3.8/site-packages/airflow/example_dags/example_branch_day_of_week_operator.py took 0.113 seconds
[2026-08-13T12:57:17.446+0000] {processor.py:161} INFO - Started process (PID=1333) to work on /home/airflow/.local/lib/python3.8/site-packages/airflow/example_dags/example_branch_day_of_week_operator.py
[2026-08-13T12:57:17.449+0000] {processor.py:830} INFO - Processing file /home/airflow/.local/lib/python3.8/site-packages/airflow/example_dags/example_branch_day_of_week_operator.py for tasks to queue
[2026-08-13T12:57:17.453+0000] {logging_mixin.py:188} INFO - [2026-08-13T12:57:17.452+0000] {dagbag.py:538} INFO - Filling up the DagBag from /home/airflow/.local/lib/python3.8/site-packages/airflow/example_dags/example_branch_day_of_week_operator.py
[2026-08-13T12:57:17.479+0000] {processor.py:840} INFO - DAG(s) 'example_weekday_branch_operator' retrieved from /home/airflow/.local/lib/python3.8/site-packages/airflow/example_dags/example_branch_day_of_week_operator.py
[2026-08-13T12:57:17.546+0000] {logging_mixin.py:188} INFO - [2026-08-13T12:57:17.545+0000] {dag.py:3036} INFO - Sync 1 DAGs
[2026-08-13T12:57:17.612+0000] {logging_mixin.py:188} INFO - [2026-08-13T12:57:17.612+0000] {dag.py:3823} INFO - Setting next_dagrun for example_weekday_branch_operator to 2026-08-12 00:00:00+00:00, run_after=2026-08-13 00:00:00+00:00
[2026-08-13T12:57:17.647+0000] {processor.py:183} INFO - Processing /home/airflow/.local/lib/python3.8/site-packages/airflow/example_dags/example_branch_day_of_week_operator.py took 0.213 seconds
