[2026-08-13T12:33:37.586+0000] {processor.py:161} INFO - Started process (PID=111) to work on /home/airflow/.local/lib/python3.8/site-packages/airflow/example_dags/tutorial_taskflow_api.py
[2026-08-13T12:33:37.589+0000] {processor.py:830} INFO - Processing file /home/airflow/.local/lib/python3.8/site-packages/airflow/example_dags/tutorial_taskflow_api.py for tasks to queue
[2026-08-13T12:33:37.593+0000] {logging_mixin.py:188} INFO - [2026-08-13T12:33:37.592+0000] {dagbag.py:538} INFO - Filling up the DagBag from /home/airflow/.local/lib/python3.8/site-packages/airflow/example_dags/tutorial_taskflow_api.py
[2026-08-13T12:33:37.614+0000] {processor.py:840} INFO - DAG(s) 'tutorial_taskflow_api' retrieved from /home/airflow/.local/lib/python3.8/site-packages/airflow/example_dags/tutorial_taskflow_api.py
[2026-08-13T12:33:37.993+0000] {logging_mixin.py:188} INFO - [2026-08-13T12:33:37.992+0000] {dag.py:3036} INFO - Sync 1 DAGs
[2026-08-13T12:33:38.018+0000] {logging_mixin.py:188} INFO - [2026-08-13T12:33:38.018+0000] {dag.py:3823} INFO - Setting next_dagrun for tutorial_taskflow_api to None, run_after=None
[2026-08-13T12:33:38.071+0000] {processor.py:183} INFO - Processing /home/airflow/.local/lib/python3.8/site-packages/airflow/example_dags/tutorial_taskflow_api.py took 0.495 seconds
[2026-08-13T12:34:08.629+0000] {processor.py:161} INFO - Started process (PID=166) to work on /home/airflow/.local/lib/python3.8/site-packages/airflow/example_dags/tutorial_taskflow_api.py
[2026-08-13T12:34:08.631+0000] {processor.py:830} INFO - Processing file /home/airflow/.local/lib/python3.8/site-packages/airflow/example_dags/tutorial_taskflow_api.py for tasks to queue
[2026-08-13T12:34:08.635+0000] {logging_mixin.py:188} INFO - [2026-08-13T12:34:08.635+0000] {dagbag.py:538} INFO - Filling up the DagBag from /home/airflow/.local/lib/python3.8/site-packages/airflow/example_dags/tutorial_taskflow_api.py
[2026-08-13T12:34:08.646+0000] {processor.py:840} INFO - DAG(s) 'tutorial_taskflow_api' retrieved from /home/airflow/.local/lib/python3.8/site-packages/airflow/example_dags/tutorial_taskflow_api.py
[2026-08-13T12:34:08.681+0000] {logging_mixin.py:188} INFO - [2026-08-13T12:34:08.680+0000] {dag.py:3036} INFO - Sync 1 DAGs
[2026-08-13T12:34:08.700+0000] {logging_mixin.py:188} INFO - [2026-08-13T12:34:08.700+0000] {dag.py:3823} INFO - Setting next_dagrun for tutorial_taskflow_api to None, run_after=None
[2026-08-13T12:34:08.730+0000] {processor.py:183} INFO - Processing /home/airflow/.local/lib/python3.8/site-packages/airflow/example_dags/tutorial_taskflow_api.py took 0.107 seconds
[2026-08-13T12:34:38.893+0000] {processor.py:161} INFO - Started process (PID=221) to work on /home/airflow/.local/lib/python3.8/site-packages/airflow/example_dags/tutorial_taskflow_api.py
[2026-08-13T12:34:38.895+0000] {processor.py:830} INFO - Processing file /home/airflow/.local/lib/python3.8/site-packages/airflow/example_dags/tutorial_taskflow_api.py for tasks to queue
[2026-08-13T12:34:38.899+0000] {logging_mixin.py:188} INFO - [2026-08-13T12:34:38.898+0000] {dagbag.py:538} INFO - Filling up the DagBag from /home/airflow/.local/lib/python3.8/site-packages/airflow/example_dags/tutorial_taskflow_api.py
[2026-08-13T12:34:38.910+0000] {processor.py:840} INFO - DAG(s) 'tutorial_taskflow_api' retrieved from /home/airflow/.local/lib/python3.8/site-packages/airflow/example_dags/tutorial_taskflow_api.py
[2026-08-13T12:34:38.943+0000] {logging_mixin.py:188} INFO - [2026-08-13T12:34:38.942+0000] {dag.py:3036} INFO - Sync 1 DAGs
[2026-08-13T12:34:38.962+0000] {logging_mixin.py:188} INFO - [2026-08-13T12:34:38.962+0000] {dag.py:3823} INFO - Setting next_dagrun for tutorial_taskflow_api to None, run_after=None
[2026-08-13T12:34:38.993+0000] {processor.py:183} INFO - Processing /home/airflow/.local/lib/python3.8/site-packages/airflow/example_dags/tutorial_taskflow_api.py took 0.108 seconds
[2026-08-13T12:35:09.235+0000] {processor.py:161} INFO - Started process (PID=276) to work on /home/airflow/.local/lib/python3.8/site-packages/airflow/example_dags/tutorial_taskflow_api.py
[2026-08-13T12:35:09.237+0000] {processor.py:830} INFO - Processing file /home/airflow/.local/lib/python3.8/site-packages/airflow/example_dags/tutorial_taskflow_api.py for tasks to queue
[2026-08-13T12:35:09.242+0000] {logging_mixin.py:188} INFO - [2026-08-13T12:35:09.241+0000] {dagbag.py:538} INFO - Filling up the DagBag from /home/airflow/.local/lib/python3.8/site-packages/airflow/example_dags/tutorial_taskflow_api.py
[2026-08-13T12:35:09.255+0000] {processor.py:840} INFO - DAG(s) 'tutorial_taskflow_api' retrieved from /home/airflow/.local/lib/python3.8/site-packages/airflow/example_dags/tutorial_taskflow_api.py
[2026-08-13T12:35:09.313+0000] {logging_mixin.py:188} INFO - [2026-08-13T12:35:09.312+0000] {dag.py:3036} INFO - Sync 1 DAGs
[2026-08-13T12:35:09.337+0000] {logging_mixin.py:188} INFO - [2026-08-13T12:35:09.337+0000] {dag.py:3823} INFO - Setting next_dagrun for tutorial_taskflow_api to None, run_after=None
[2026-08-13T12:35:09.382+0000] {processor.py:183} INFO - Processing /home/airflow/.local/lib/python3.8/site-packages/airflow/example_dags/tutorial_taskflow_api.py took 0.154 seconds
[2026-08-13T12:35:39.616+0000] {processor.py:161} INFO - Started process (PID=331) to work on /home/airflow/.local/lib/python3.8/site-packages/airflow/example_dags/tutorial_taskflow_api.py
[2026-08-13T12:35:39.620+0000] {processor.py:830} INFO - Processing file /home/airflow/.local/lib/python3.8/site-packages/airflow/example_dags/tutorial_taskflow_api.py for tasks to queue
[2026-08-13T12:35:39.625+0000] {logging_mixin.py:188} INFO - [2026-08-13T12:35:39.625+0000] {dagbag.py:538} INFO - Filling up the DagBag from /home/airflow/.local/lib/python3.8/site-packages/airflow/example_dags/tutorial_taskflow_api.py
[2026-08-13T12:35:39.640+0000] {processor.py:840} INFO - DAG(s) 'tutorial_taskflow_api' retrieved from /home/airflow/.local/lib/python3.8/site-packages/airflow/example_dags/tutorial_taskflow_api.py
[2026-08-13T12:35:39.690+0000] {logging_mixin.py:188} INFO - [2026-08-13T12:35:39.689+0000] {dag.py:3036} INFO - Sync 1 DAGs
[2026-08-13T12:35:39.712+0000] {logging_mixin.py:188} INFO - [2026-08-13T12:35:39.712+0000] {dag.py:3823} INFO - Setting next_dagrun for tutorial_taskflow_api to None, run_after=None
[2026-08-13T12:35:39.740+0000] {processor.py:183} INFO - Processing /home/airflow/.local/lib/python3.8/site-packages/airflow/example_dags/tutorial_taskflow_api.py took 0.131 seconds
[2026-08-13T12:36:09.977+0000] {processor.py:161} INFO - Started process (PID=386) to work on /home/airflow/.local/lib/python3.8/site-packages/airflow/example_dags/tutorial_taskflow_api.py
[2026-08-13T12:36:09.979+0000] {processor.py:830} INFO - Processing file /home/airflow/.local/lib/python3.8/site-packages/airflow/example_dags/tutorial_taskflow_api.py for tasks to queue
[2026-08-13T12:36:09.981+0000] {logging_mixin.py:188} INFO - [2026-08-13T12:36:09.981+0000] {dagbag.py:538} INFO - Filling up the DagBag from /home/airflow/.local/lib/python3.8/site-packages/airflow/example_dags/tutorial_taskflow_api.py
[2026-08-13T12:36:09.989+0000] {processor.py:840} INFO - DAG(s) 'tutorial_taskflow_api' retrieved from /home/airflow/.local/lib/python3.8/site-packages/airflow/example_dags/tutorial_taskflow_api.py
[2026-08-13T12:36:10.029+0000] {logging_mixin.py:188} INFO - [2026-08-13T12:36:10.028+0000] {dag.py:3036} INFO - Sync 1 DAGs
[2026-08-13T12:36:10.049+0000] {logging_mixin.py:188} INFO - [2026-08-13T12:36:10.048+0000] {dag.py:3823} INFO - Setting next_dagrun for tutorial_taskflow_api to None, run_after=None
[2026-08-13T12:36:10.074+0000] {processor.py:183} INFO - Processing /home/airflow/.local/lib/python3.8/site-packages/airflow/example_dags/tutorial_taskflow_api.py took 0.103 seconds
[2026-08-13T12:41:54.107+0000] {processor.py:161} INFO - Started process (PID=133) to work on /home/airflow/.local/lib/python3.8/site-packages/airflow/example_dags/tutorial_taskflow_api.py
[2026-08-13T12:41:54.110+0000] {processor.py:830} INFO - Processing file /home/airflow/.local/lib/python3.8/site-packages/airflow/example_dags/tutorial_taskflow_api.py for tasks to queue
[2026-08-13T12:41:54.118+0000] {logging_mixin.py:188} INFO - [2026-08-13T12:41:54.116+0000] {dagbag.py:538} INFO - Filling up the DagBag from /home/airflow/.local/lib/python3.8/site-packages/airflow/example_dags/tutorial_taskflow_api.py
[2026-08-13T12:41:54.147+0000] {processor.py:840} INFO - DAG(s) 'tutorial_taskflow_api' retrieved from /home/airflow/.local/lib/python3.8/site-packages/airflow/example_dags/tutorial_taskflow_api.py
[2026-08-13T12:41:54.843+0000] {logging_mixin.py:188} INFO - [2026-08-13T12:41:54.831+0000] {dag.py:3036} INFO - Sync 1 DAGs
[2026-08-13T12:41:54.916+0000] {logging_mixin.py:188} INFO - [2026-08-13T12:41:54.915+0000] {dag.py:3823} INFO - Setting next_dagrun for tutorial_taskflow_api to None, run_after=None
[2026-08-13T12:41:55.037+0000] {processor.py:183} INFO - Processing /home/airflow/.local/lib/python3.8/site-packages/airflow/example_dags/tutorial_taskflow_api.py took 0.939 seconds
[2026-08-13T12:42:27.636+0000] {processor.py:161} INFO - Started process (PID=189) to work on /home/airflow/.local/lib/python3.8/site-packages/airflow/example_dags/tutorial_taskflow_api.py
[2026-08-13T12:42:27.642+0000] {processor.py:830} INFO - Processing file /home/airflow/.local/lib/python3.8/site-packages/airflow/example_dags/tutorial_taskflow_api.py for tasks to queue
[2026-08-13T12:42:27.654+0000] {logging_mixin.py:188} INFO - [2026-08-13T12:42:27.648+0000] {dagbag.py:538} INFO - Filling up the DagBag from /home/airflow/.local/lib/python3.8/site-packages/airflow/example_dags/tutorial_taskflow_api.py
[2026-08-13T12:42:27.678+0000] {processor.py:840} INFO - DAG(s) 'tutorial_taskflow_api' retrieved from /home/airflow/.local/lib/python3.8/site-packages/airflow/example_dags/tutorial_taskflow_api.py
[2026-08-13T12:42:27.764+0000] {logging_mixin.py:188} INFO - [2026-08-13T12:42:27.763+0000] {dag.py:3036} INFO - Sync 1 DAGs
[2026-08-13T12:42:27.767+0000] {logging_mixin.py:188} INFO - [2026-08-13T12:42:27.766+0000] {dag.py:3823} INFO - Setting next_dagrun for tutorial_taskflow_api to None, run_after=None
[2026-08-13T12:42:27.841+0000] {processor.py:183} INFO - Processing /home/airflow/.local/lib/python3.8/site-packages/airflow/example_dags/tutorial_taskflow_api.py took 0.263 seconds
[2026-08-13T12:45:47.753+0000] {processor.py:161} INFO - Started process (PID=115) to work on /home/airflow/.local/lib/python3.8/site-packages/airflow/example_dags/tutorial_taskflow_api.py
[2026-08-13T12:45:47.759+0000] {processor.py:830} INFO - Processing file /home/airflow/.local/lib/python3.8/site-packages/airflow/example_dags/tutorial_taskflow_api.py for tasks to queue
[2026-08-13T12:45:47.767+0000] {logging_mixin.py:188} INFO - [2026-08-13T12:45:47.766+0000] {dagbag.py:538} INFO - Filling up the DagBag from /home/airflow/.local/lib/python3.8/site-packages/airflow/example_dags/tutorial_taskflow_api.py
[2026-08-13T12:45:47.804+0000] {processor.py:840} INFO - DAG(s) 'tutorial_taskflow_api' retrieved from /home/airflow/.local/lib/python3.8/site-packages/airflow/example_dags/tutorial_taskflow_api.py
[2026-08-13T12:45:48.176+0000] {logging_mixin.py:188} INFO - [2026-08-13T12:45:48.175+0000] {dag.py:3036} INFO - Sync 1 DAGs
[2026-08-13T12:45:48.208+0000] {logging_mixin.py:188} INFO - [2026-08-13T12:45:48.207+0000] {dag.py:3823} INFO - Setting next_dagrun for tutorial_taskflow_api to None, run_after=None
[2026-08-13T12:45:48.268+0000] {processor.py:183} INFO - Processing /home/airflow/.local/lib/python3.8/site-packages/airflow/example_dags/tutorial_taskflow_api.py took 0.534 seconds
[2026-08-13T12:46:18.940+0000] {processor.py:161} INFO - Started process (PID=170) to work on /home/airflow/.local/lib/python3.8/site-packages/airflow/example_dags/tutorial_taskflow_api.py
[2026-08-13T12:46:18.943+0000] {processor.py:830} INFO - Processing file /home/airflow/.local/lib/python3.8/site-packages/airflow/example_dags/tutorial_taskflow_api.py for tasks to queue
[2026-08-13T12:46:18.949+0000] {logging_mixin.py:188} INFO - [2026-08-13T12:46:18.948+0000] {dagbag.py:538} INFO - Filling up the DagBag from /home/airflow/.local/lib/python3.8/site-packages/airflow/example_dags/tutorial_taskflow_api.py
[2026-08-13T12:46:18.970+0000] {processor.py:840} INFO - DAG(s) 'tutorial_taskflow_api' retrieved from /home/airflow/.local/lib/python3.8/site-packages/airflow/example_dags/tutorial_taskflow_api.py
[2026-08-13T12:46:19.028+0000] {logging_mixin.py:188} INFO - [2026-08-13T12:46:19.028+0000] {dag.py:3036} INFO - Sync 1 DAGs
[2026-08-13T12:46:19.053+0000] {logging_mixin.py:188} INFO - [2026-08-13T12:46:19.053+0000] {dag.py:3823} INFO - Setting next_dagrun for tutorial_taskflow_api to None, run_after=None
[2026-08-13T12:46:19.090+0000] {processor.py:183} INFO - Processing /home/airflow/.local/lib/python3.8/site-packages/airflow/example_dags/tutorial_taskflow_api.py took 0.161 seconds
[2026-08-13T12:46:49.952+0000] {processor.py:161} INFO - Started process (PID=225) to work on /home/airflow/.local/lib/python3.8/site-packages/airflow/example_dags/tutorial_taskflow_api.py
[2026-08-13T12:46:49.955+0000] {processor.py:830} INFO - Processing file /home/airflow/.local/lib/python3.8/site-packages/airflow/example_dags/tutorial_taskflow_api.py for tasks to queue
[2026-08-13T12:46:49.960+0000] {logging_mixin.py:188} INFO - [2026-08-13T12:46:49.959+0000] {dagbag.py:538} INFO - Filling up the DagBag from /home/airflow/.local/lib/python3.8/site-packages/airflow/example_dags/tutorial_taskflow_api.py
[2026-08-13T12:46:49.984+0000] {processor.py:840} INFO - DAG(s) 'tutorial_taskflow_api' retrieved from /home/airflow/.local/lib/python3.8/site-packages/airflow/example_dags/tutorial_taskflow_api.py
[2026-08-13T12:46:50.029+0000] {logging_mixin.py:188} INFO - [2026-08-13T12:46:50.028+0000] {dag.py:3036} INFO - Sync 1 DAGs
[2026-08-13T12:46:50.062+0000] {logging_mixin.py:188} INFO - [2026-08-13T12:46:50.062+0000] {dag.py:3823} INFO - Setting next_dagrun for tutorial_taskflow_api to None, run_after=None
[2026-08-13T12:46:50.110+0000] {processor.py:183} INFO - Processing /home/airflow/.local/lib/python3.8/site-packages/airflow/example_dags/tutorial_taskflow_api.py took 0.174 seconds
[2026-08-13T12:47:23.338+0000] {processor.py:161} INFO - Started process (PID=280) to work on /home/airflow/.local/lib/python3.8/site-packages/airflow/example_dags/tutorial_taskflow_api.py
[2026-08-13T12:47:23.345+0000] {processor.py:830} INFO - Processing file /home/airflow/.local/lib/python3.8/site-packages/airflow/example_dags/tutorial_taskflow_api.py for tasks to queue
[2026-08-13T12:47:23.351+0000] {logging_mixin.py:188} INFO - [2026-08-13T12:47:23.350+0000] {dagbag.py:538} INFO - Filling up the DagBag from /home/airflow/.local/lib/python3.8/site-packages/airflow/example_dags/tutorial_taskflow_api.py
[2026-08-13T12:47:23.379+0000] {processor.py:840} INFO - DAG(s) 'tutorial_taskflow_api' retrieved from /home/airflow/.local/lib/python3.8/site-packages/airflow/example_dags/tutorial_taskflow_api.py
[2026-08-13T12:47:23.450+0000] {logging_mixin.py:188} INFO - [2026-08-13T12:47:23.450+0000] {dag.py:3036} INFO - Sync 1 DAGs
[2026-08-13T12:47:23.499+0000] {logging_mixin.py:188} INFO - [2026-08-13T12:47:23.498+0000] {dag.py:3823} INFO - Setting next_dagrun for tutorial_taskflow_api to None, run_after=None
[2026-08-13T12:47:23.582+0000] {processor.py:183} INFO - Processing /home/airflow/.local/lib/python3.8/site-packages/airflow/example_dags/tutorial_taskflow_api.py took 0.254 seconds
[2026-08-13T12:47:54.480+0000] {processor.py:161} INFO - Started process (PID=333) to work on /home/airflow/.local/lib/python3.8/site-packages/airflow/example_dags/tutorial_taskflow_api.py
[2026-08-13T12:47:54.482+0000] {processor.py:830} INFO - Processing file /home/airflow/.local/lib/python3.8/site-packages/airflow/example_dags/tutorial_taskflow_api.py for tasks to queue
[2026-08-13T12:47:54.486+0000] {logging_mixin.py:188} INFO - [2026-08-13T12:47:54.485+0000] {dagbag.py:538} INFO - Filling up the DagBag from /home/airflow/.local/lib/python3.8/site-packages/airflow/example_dags/tutorial_taskflow_api.py
[2026-08-13T12:47:54.517+0000] {processor.py:840} INFO - DAG(s) 'tutorial_taskflow_api' retrieved from /home/airflow/.local/lib/python3.8/site-packages/airflow/example_dags/tutorial_taskflow_api.py
[2026-08-13T12:47:54.586+0000] {logging_mixin.py:188} INFO - [2026-08-13T12:47:54.585+0000] {dag.py:3036} INFO - Sync 1 DAGs
[2026-08-13T12:47:54.643+0000] {logging_mixin.py:188} INFO - [2026-08-13T12:47:54.643+0000] {dag.py:3823} INFO - Setting next_dagrun for tutorial_taskflow_api to None, run_after=None
[2026-08-13T12:47:54.724+0000] {processor.py:183} INFO - Processing /home/airflow/.local/lib/python3.8/site-packages/airflow/example_dags/tutorial_taskflow_api.py took 0.251 seconds
[2026-08-13T12:48:25.342+0000] {processor.py:161} INFO - Started process (PID=388) to work on /home/airflow/.local/lib/python3.8/site-packages/airflow/example_dags/tutorial_taskflow_api.py
[2026-08-13T12:48:25.361+0000] {processor.py:830} INFO - Processing file /home/airflow/.local/lib/python3.8/site-packages/airflow/example_dags/tutorial_taskflow_api.py for tasks to queue
[2026-08-13T12:48:25.379+0000] {logging_mixin.py:188} INFO - [2026-08-13T12:48:25.378+0000] {dagbag.py:538} INFO - Filling up the DagBag from /home/airflow/.local/lib/python3.8/site-packages/airflow/example_dags/tutorial_taskflow_api.py
[2026-08-13T12:48:25.419+0000] {processor.py:840} INFO - DAG(s) 'tutorial_taskflow_api' retrieved from /home/airflow/.local/lib/python3.8/site-packages/airflow/example_dags/tutorial_taskflow_api.py
[2026-08-13T12:48:25.524+0000] {logging_mixin.py:188} INFO - [2026-08-13T12:48:25.523+0000] {dag.py:3036} INFO - Sync 1 DAGs
[2026-08-13T12:48:25.604+0000] {logging_mixin.py:188} INFO - [2026-08-13T12:48:25.603+0000] {dag.py:3823} INFO - Setting next_dagrun for tutorial_taskflow_api to None, run_after=None
[2026-08-13T12:48:25.718+0000] {processor.py:183} INFO - Processing /home/airflow/.local/lib/python3.8/site-packages/airflow/example_dags/tutorial_taskflow_api.py took 0.384 seconds
[2026-08-13T12:48:56.406+0000] {processor.py:161} INFO - Started process (PID=444) to work on /home/airflow/.local/lib/python3.8/site-packages/airflow/example_dags/tutorial_taskflow_api.py
[2026-08-13T12:48:56.410+0000] {processor.py:830} INFO - Processing file /home/airflow/.local/lib/python3.8/site-packages/airflow/example_dags/tutorial_taskflow_api.py for tasks to queue
[2026-08-13T12:48:56.415+0000] {logging_mixin.py:188} INFO - [2026-08-13T12:48:56.414+0000] {dagbag.py:538} INFO - Filling up the DagBag from /home/airflow/.local/lib/python3.8/site-packages/airflow/example_dags/tutorial_taskflow_api.py
[2026-08-13T12:48:56.432+0000] {processor.py:840} INFO - DAG(s) 'tutorial_taskflow_api' retrieved from /home/airflow/.local/lib/python3.8/site-packages/airflow/example_dags/tutorial_taskflow_api.py
[2026-08-13T12:48:56.486+0000] {logging_mixin.py:188} INFO - [2026-08-13T12:48:56.485+0000] {dag.py:3036} INFO - Sync 1 DAGs
[2026-08-13T12:48:56.512+0000] {logging_mixin.py:188} INFO - [2026-08-13T12:48:56.510+0000] {dag.py:3823} INFO - Setting next_dagrun for tutorial_taskflow_api to None, run_after=None
[2026-08-13T12:48:56.555+0000] {processor.py:183} INFO - Processing /home/airflow/.local/lib/python3.8/site-packages/airflow/example_dags/tutorial_taskflow_api.py took 0.168 seconds
[2026-08-13T12:49:26.810+0000] {processor.py:161} INFO - Started process (PID=499) to work on /home/airflow/.local/lib/python3.8/site-packages/airflow/example_dags/tutorial_taskflow_api.py
[2026-08-13T12:49:26.813+0000] {processor.py:830} INFO - Processing file /home/airflow/.local/lib/python3.8/site-packages/airflow/example_dags/tutorial_taskflow_api.py for tasks to queue
[2026-08-13T12:49:26.818+0000] {logging_mixin.py:188} INFO - [2026-08-13T12:49:26.817+0000] {dagbag.py:538} INFO - Filling up the DagBag from /home/airflow/.local/lib/python3.8/site-packages/airflow/example_dags/tutorial_taskflow_api.py
[2026-08-13T12:49:26.837+0000] {processor.py:840} INFO - DAG(s) 'tutorial_taskflow_api' retrieved from /home/airflow/.local/lib/python3.8/site-packages/airflow/example_dags/tutorial_taskflow_api.py
[2026-08-13T12:49:26.904+0000] {logging_mixin.py:188} INFO - [2026-08-13T12:49:26.903+0000] {dag.py:3036} INFO - Sync 1 DAGs
[2026-08-13T12:49:26.945+0000] {logging_mixin.py:188} INFO - [2026-08-13T12:49:26.944+0000] {dag.py:3823} INFO - Setting next_dagrun for tutorial_taskflow_api to None, run_after=None
[2026-08-13T12:49:26.997+0000] {processor.py:183} INFO - Processing /home/airflow/.local/lib/python3.8/site-packages/airflow/example_dags/tutorial_taskflow_api.py took 0.201 seconds
[2026-08-13T12:49:59.451+0000] {processor.py:161} INFO - Started process (PID=554) to work on /home/airflow/.local/lib/python3.8/site-packages/airflow/example_dags/tutorial_taskflow_api.py
[2026-08-13T12:49:59.454+0000] {processor.py:830} INFO - Processing file /home/airflow/.local/lib/python3.8/site-packages/airflow/example_dags/tutorial_taskflow_api.py for tasks to queue
[2026-08-13T12:49:59.458+0000] {logging_mixin.py:188} INFO - [2026-08-13T12:49:59.458+0000] {dagbag.py:538} INFO - Filling up the DagBag from /home/airflow/.local/lib/python3.8/site-packages/airflow/example_dags/tutorial_taskflow_api.py
[2026-08-13T12:49:59.482+0000] {processor.py:840} INFO - DAG(s) 'tutorial_taskflow_api' retrieved from /home/airflow/.local/lib/python3.8/site-packages/airflow/example_dags/tutorial_taskflow_api.py
[2026-08-13T12:49:59.573+0000] {logging_mixin.py:188} INFO - [2026-08-13T12:49:59.573+0000] {dag.py:3036} INFO - Sync 1 DAGs
[2026-08-13T12:49:59.621+0000] {logging_mixin.py:188} INFO - [2026-08-13T12:49:59.620+0000] {dag.py:3823} INFO - Setting next_dagrun for tutorial_taskflow_api to None, run_after=None
[2026-08-13T12:49:59.706+0000] {processor.py:183} INFO - Processing /home/airflow/.local/lib/python3.8/site-packages/airflow/example_dags/tutorial_taskflow_api.py took 0.264 seconds
[2026-08-13T12:50:33.131+0000] {processor.py:161} INFO - Started process (PID=609) to work on /home/airflow/.local/lib/python3.8/site-packages/airflow/example_dags/tutorial_taskflow_api.py
[2026-08-13T12:50:33.135+0000] {processor.py:830} INFO - Processing file /home/airflow/.local/lib/python3.8/site-packages/airflow/example_dags/tutorial_taskflow_api.py for tasks to queue
[2026-08-13T12:50:33.140+0000] {logging_mixin.py:188} INFO - [2026-08-13T12:50:33.139+0000] {dagbag.py:538} INFO - Filling up the DagBag from /home/airflow/.local/lib/python3.8/site-packages/airflow/example_dags/tutorial_taskflow_api.py
[2026-08-13T12:50:33.159+0000] {processor.py:840} INFO - DAG(s) 'tutorial_taskflow_api' retrieved from /home/airflow/.local/lib/python3.8/site-packages/airflow/example_dags/tutorial_taskflow_api.py
[2026-08-13T12:50:33.214+0000] {logging_mixin.py:188} INFO - [2026-08-13T12:50:33.214+0000] {dag.py:3036} INFO - Sync 1 DAGs
[2026-08-13T12:50:33.250+0000] {logging_mixin.py:188} INFO - [2026-08-13T12:50:33.249+0000] {dag.py:3823} INFO - Setting next_dagrun for tutorial_taskflow_api to None, run_after=None
[2026-08-13T12:50:33.303+0000] {processor.py:183} INFO - Processing /home/airflow/.local/lib/python3.8/site-packages/airflow/example_dags/tutorial_taskflow_api.py took 0.182 seconds
[2026-08-13T12:51:04.183+0000] {processor.py:161} INFO - Started process (PID=670) to work on /home/airflow/.local/lib/python3.8/site-packages/airflow/example_dags/tutorial_taskflow_api.py
[2026-08-13T12:51:04.184+0000] {processor.py:830} INFO - Processing file /home/airflow/.local/lib/python3.8/site-packages/airflow/example_dags/tutorial_taskflow_api.py for tasks to queue
[2026-08-13T12:51:04.189+0000] {logging_mixin.py:188} INFO - [2026-08-13T12:51:04.188+0000] {dagbag.py:538} INFO - Filling up the DagBag from /home/airflow/.local/lib/python3.8/site-packages/airflow/example_dags/tutorial_taskflow_api.py
[2026-08-13T12:51:04.203+0000] {processor.py:840} INFO - DAG(s) 'tutorial_taskflow_api' retrieved from /home/airflow/.local/lib/python3.8/site-packages/airflow/example_dags/tutorial_taskflow_api.py
[2026-08-13T12:51:04.238+0000] {logging_mixin.py:188} INFO - [2026-08-13T12:51:04.237+0000] {dag.py:3036} INFO - Sync 1 DAGs
[2026-08-13T12:51:04.256+0000] {logging_mixin.py:188} INFO - [2026-08-13T12:51:04.255+0000] {dag.py:3823} INFO - Setting next_dagrun for tutorial_taskflow_api to None, run_after=None
[2026-08-13T12:51:04.309+0000] {processor.py:183} INFO - Processing /home/airflow/.local/lib/python3.8/site-packages/airflow/example_dags/tutorial_taskflow_api.py took 0.134 seconds
[2026-08-13T12:51:35.235+0000] {processor.py:161} INFO - Started process (PID=726) to work on /home/airflow/.local/lib/python3.8/site-packages/airflow/example_dags/tutorial_taskflow_api.py
[2026-08-13T12:51:35.239+0000] {processor.py:830} INFO - Processing file /home/airflow/.local/lib/python3.8/site-packages/airflow/example_dags/tutorial_taskflow_api.py for tasks to queue
[2026-08-13T12:51:35.253+0000] {logging_mixin.py:188} INFO - [2026-08-13T12:51:35.252+0000] {dagbag.py:538} INFO - Filling up the DagBag from /home/airflow/.local/lib/python3.8/site-packages/airflow/example_dags/tutorial_taskflow_api.py
[2026-08-13T12:51:35.276+0000] {processor.py:840} INFO - DAG(s) 'tutorial_taskflow_api' retrieved from /home/airflow/.local/lib/python3.8/site-packages/airflow/example_dags/tutorial_taskflow_api.py
[2026-08-13T12:51:35.338+0000] {logging_mixin.py:188} INFO - [2026-08-13T12:51:35.338+0000] {dag.py:3036} INFO - Sync 1 DAGs
[2026-08-13T12:51:35.366+0000] {logging_mixin.py:188} INFO - [2026-08-13T12:51:35.365+0000] {dag.py:3823} INFO - Setting next_dagrun for tutorial_taskflow_api to None, run_after=None
[2026-08-13T12:51:35.422+0000] {processor.py:183} INFO - Processing /home/airflow/.local/lib/python3.8/site-packages/airflow/example_dags/tutorial_taskflow_api.py took 0.200 seconds
[2026-08-13T12:52:05.595+0000] {processor.py:161} INFO - Started process (PID=781) to work on /home/airflow/.local/lib/python3.8/site-packages/airflow/example_dags/tutorial_taskflow_api.py
[2026-08-13T12:52:05.598+0000] {processor.py:830} INFO - Processing file /home/airflow/.local/lib/python3.8/site-packages/airflow/example_dags/tutorial_taskflow_api.py for tasks to queue
[2026-08-13T12:52:05.603+0000] {logging_mixin.py:188} INFO - [2026-08-13T12:52:05.602+0000] {dagbag.py:538} INFO - Filling up the DagBag from /home/airflow/.local/lib/python3.8/site-packages/airflow/example_dags/tutorial_taskflow_api.py
[2026-08-13T12:52:05.613+0000] {processor.py:840} INFO - DAG(s) 'tutorial_taskflow_api' retrieved from /home/airflow/.local/lib/python3.8/site-packages/airflow/example_dags/tutorial_taskflow_api.py
[2026-08-13T12:52:05.641+0000] {logging_mixin.py:188} INFO - [2026-08-13T12:52:05.640+0000] {dag.py:3036} INFO - Sync 1 DAGs
[2026-08-13T12:52:05.656+0000] {logging_mixin.py:188} INFO - [2026-08-13T12:52:05.656+0000] {dag.py:3823} INFO - Setting next_dagrun for tutorial_taskflow_api to None, run_after=None
[2026-08-13T12:52:05.683+0000] {processor.py:183} INFO - Processing /home/airflow/.local/lib/python3.8/site-packages/airflow/example_dags/tutorial_taskflow_api.py took 0.095 seconds
[2026-08-13T12:52:37.168+0000] {processor.py:161} INFO - Started process (PID=837) to work on /home/airflow/.local/lib/python3.8/site-packages/airflow/example_dags/tutorial_taskflow_api.py
[2026-08-13T12:52:37.170+0000] {processor.py:830} INFO - Processing file /home/airflow/.local/lib/python3.8/site-packages/airflow/example_dags/tutorial_taskflow_api.py for tasks to queue
[2026-08-13T12:52:37.175+0000] {logging_mixin.py:188} INFO - [2026-08-13T12:52:37.174+0000] {dagbag.py:538} INFO - Filling up the DagBag from /home/airflow/.local/lib/python3.8/site-packages/airflow/example_dags/tutorial_taskflow_api.py
[2026-08-13T12:52:37.188+0000] {processor.py:840} INFO - DAG(s) 'tutorial_taskflow_api' retrieved from /home/airflow/.local/lib/python3.8/site-packages/airflow/example_dags/tutorial_taskflow_api.py
[2026-08-13T12:52:37.234+0000] {logging_mixin.py:188} INFO - [2026-08-13T12:52:37.233+0000] {dag.py:3036} INFO - Sync 1 DAGs
[2026-08-13T12:52:37.272+0000] {logging_mixin.py:188} INFO - [2026-08-13T12:52:37.271+0000] {dag.py:3823} INFO - Setting next_dagrun for tutorial_taskflow_api to None, run_after=None
[2026-08-13T12:52:37.332+0000] {processor.py:183} INFO - Processing /home/airflow/.local/lib/python3.8/site-packages/airflow/example_dags/tutorial_taskflow_api.py took 0.172 seconds
[2026-08-13T12:53:07.810+0000] {processor.py:161} INFO - Started process (PID=892) to work on /home/airflow/.local/lib/python3.8/site-packages/airflow/example_dags/tutorial_taskflow_api.py
[2026-08-13T12:53:07.812+0000] {processor.py:830} INFO - Processing file /home/airflow/.local/lib/python3.8/site-packages/airflow/example_dags/tutorial_taskflow_api.py for tasks to queue
[2026-08-13T12:53:07.815+0000] {logging_mixin.py:188} INFO - [2026-08-13T12:53:07.815+0000] {dagbag.py:538} INFO - Filling up the DagBag from /home/airflow/.local/lib/python3.8/site-packages/airflow/example_dags/tutorial_taskflow_api.py
[2026-08-13T12:53:07.824+0000] {processor.py:840} INFO - DAG(s) 'tutorial_taskflow_api' retrieved from /home/airflow/.local/lib/python3.8/site-packages/airflow/example_dags/tutorial_taskflow_api.py
[2026-08-13T12:53:07.855+0000] {logging_mixin.py:188} INFO - [2026-08-13T12:53:07.855+0000] {dag.py:3036} INFO - Sync 1 DAGs
[2026-08-13T12:53:07.872+0000] {logging_mixin.py:188} INFO - [2026-08-13T12:53:07.871+0000] {dag.py:3823} INFO - Setting next_dagrun for tutorial_taskflow_api to None, run_after=None
[2026-08-13T12:53:07.899+0000] {processor.py:183} INFO - Processing /home/airflow/.local/lib/python3.8/site-packages/airflow/example_dags/tutorial_taskflow_api.py took 0.093 seconds
[2026-08-13T12:53:42.526+0000] {processor.py:161} INFO - Started process (PID=951) to work on /home/airflow/.local/lib/python3.8/site-packages/airflow/example_dags/tutorial_taskflow_api.py
[2026-08-13T12:53:42.529+0000] {processor.py:830} INFO - Processing file /home/airflow/.local/lib/python3.8/site-packages/airflow/example_dags/tutorial_taskflow_api.py for tasks to queue
[2026-08-13T12:53:42.535+0000] {logging_mixin.py:188} INFO - [2026-08-13T12:53:42.534+0000] {dagbag.py:538} INFO - Filling up the DagBag from /home/airflow/.local/lib/python3.8/site-packages/airflow/example_dags/tutorial_taskflow_api.py
[2026-08-13T12:53:42.553+0000] {processor.py:840} INFO - DAG(s) 'tutorial_taskflow_api' retrieved from /home/airflow/.local/lib/python3.8/site-packages/airflow/example_dags/tutorial_taskflow_api.py
[2026-08-13T12:53:42.601+0000] {logging_mixin.py:188} INFO - [2026-08-13T12:53:42.601+0000] {dag.py:3036} INFO - Sync 1 DAGs
[2026-08-13T12:53:42.632+0000] {logging_mixin.py:188} INFO - [2026-08-13T12:53:42.631+0000] {dag.py:3823} INFO - Setting next_dagrun for tutorial_taskflow_api to None, run_after=None
[2026-08-13T12:53:42.686+0000] {processor.py:183} INFO - Processing /home/airflow/.local/lib/python3.8/site-packages/airflow/example_dags/tutorial_taskflow_api.py took 0.170 seconds
[2026-08-13T12:54:12.983+0000] {processor.py:161} INFO - Started process (PID=1006) to work on /home/airflow/.local/lib/python3.8/site-packages/airflow/example_dags/tutorial_taskflow_api.py
[2026-08-13T12:54:12.986+0000] {processor.py:830} INFO - Processing file /home/airflow/.local/lib/python3.8/site-packages/airflow/example_dags/tutorial_taskflow_api.py for tasks to queue
[2026-08-13T12:54:12.991+0000] {logging_mixin.py:188} INFO - [2026-08-13T12:54:12.990+0000] {dagbag.py:538} INFO - Filling up the DagBag from /home/airflow/.local/lib/python3.8/site-packages/airflow/example_dags/tutorial_taskflow_api.py
[2026-08-13T12:54:13.002+0000] {processor.py:840} INFO - DAG(s) 'tutorial_taskflow_api' retrieved from /home/airflow/.local/lib/python3.8/site-packages/airflow/example_dags/tutorial_taskflow_api.py
[2026-08-13T12:54:13.039+0000] {logging_mixin.py:188} INFO - [2026-08-13T12:54:13.039+0000] {dag.py:3036} INFO - Sync 1 DAGs
[2026-08-13T12:54:13.059+0000] {logging_mixin.py:188} INFO - [2026-08-13T12:54:13.059+0000] {dag.py:3823} INFO - Setting next_dagrun for tutorial_taskflow_api to None, run_after=None
[2026-08-13T12:54:13.128+0000] {processor.py:183} INFO - Processing /home/airflow/.local/lib/python3.8/site-packages/airflow/example_dags/tutorial_taskflow_api.py took 0.151 seconds
[2026-08-13T12:54:43.624+0000] {processor.py:161} INFO - Started process (PID=1059) to work on /home/airflow/.local/lib/python3.8/site-packages/airflow/example_dags/tutorial_taskflow_api.py
[2026-08-13T12:54:43.626+0000] {processor.py:830} INFO - Processing file /home/airflow/.local/lib/python3.8/site-packages/airflow/example_dags/tutorial_taskflow_api.py for tasks to queue
[2026-08-13T12:54:43.629+0000] {logging_mixin.py:188} INFO - [2026-08-13T12:54:43.629+0000] {dagbag.py:538} INFO - Filling up the DagBag from /home/airflow/.local/lib/python3.8/site-packages/airflow/example_dags/tutorial_taskflow_api.py
[2026-08-13T12:54:43.642+0000] {processor.py:840} INFO - DAG(s) 'tutorial_taskflow_api' retrieved from /home/airflow/.local/lib/python3.8/site-packages/airflow/example_dags/tutorial_taskflow_api.py
[2026-08-13T12:54:43.680+0000] {logging_mixin.py:188} INFO - [2026-08-13T12:54:43.679+0000] {dag.py:3036} INFO - Sync 1 DAGs
[2026-08-13T12:54:43.700+0000] {logging_mixin.py:188} INFO - [2026-08-13T12:54:43.699+0000] {dag.py:3823} INFO - Setting next_dagrun for tutorial_taskflow_api to None, run_after=None
[2026-08-13T12:54:43.731+0000] {processor.py:183} INFO - Processing /home/airflow/.local/lib/python3.8/site-packages/airflow/example_dags/tutorial_taskflow_api.py took 0.116 seconds
[2026-08-13T12:55:14.495+0000] {processor.py:161} INFO - Started process (PID=1115) to work on /home/airflow/.local/lib/python3.8/site-packages/airflow/example_dags/tutorial_taskflow_api.py
[2026-08-13T12:55:14.497+0000] {processor.py:830} INFO - Processing file /home/airflow/.local/lib/python3.8/site-packages/airflow/example_dags/tutorial_taskflow_api.py for tasks to queue
[2026-08-13T12:55:14.500+0000] {logging_mixin.py:188} INFO - [2026-08-13T12:55:14.500+0000] {dagbag.py:538} INFO - Filling up the DagBag from /home/airflow/.local/lib/python3.8/site-packages/airflow/example_dags/tutorial_taskflow_api.py
[2026-08-13T12:55:14.509+0000] {processor.py:840} INFO - DAG(s) 'tutorial_taskflow_api' retrieved from /home/airflow/.local/lib/python3.8/site-packages/airflow/example_dags/tutorial_taskflow_api.py
[2026-08-13T12:55:14.537+0000] {logging_mixin.py:188} INFO - [2026-08-13T12:55:14.537+0000] {dag.py:3036} INFO - Sync 1 DAGs
[2026-08-13T12:55:14.555+0000] {logging_mixin.py:188} INFO - [2026-08-13T12:55:14.554+0000] {dag.py:3823} INFO - Setting next_dagrun for tutorial_taskflow_api to None, run_after=None
[2026-08-13T12:55:14.589+0000] {processor.py:183} INFO - Processing /home/airflow/.local/lib/python3.8/site-packages/airflow/example_dags/tutorial_taskflow_api.py took 0.101 seconds
[2026-08-13T12:55:45.673+0000] {processor.py:161} INFO - Started process (PID=1170) to work on /home/airflow/.local/lib/python3.8/site-packages/airflow/example_dags/tutorial_taskflow_api.py
[2026-08-13T12:55:45.676+0000] {processor.py:830} INFO - Processing file /home/airflow/.local/lib/python3.8/site-packages/airflow/example_dags/tutorial_taskflow_api.py for tasks to queue
[2026-08-13T12:55:45.680+0000] {logging_mixin.py:188} INFO - [2026-08-13T12:55:45.679+0000] {dagbag.py:538} INFO - Filling up the DagBag from /home/airflow/.local/lib/python3.8/site-packages/airflow/example_dags/tutorial_taskflow_api.py
[2026-08-13T12:55:45.696+0000] {processor.py:840} INFO - DAG(s) 'tutorial_taskflow_api' retrieved from /home/airflow/.local/lib/python3.8/site-packages/airflow/example_dags/tutorial_taskflow_api.py
[2026-08-13T12:55:45.743+0000] {logging_mixin.py:188} INFO - [2026-08-13T12:55:45.742+0000] {dag.py:3036} INFO - Sync 1 DAGs
[2026-08-13T12:55:45.770+0000] {logging_mixin.py:188} INFO - [2026-08-13T12:55:45.770+0000] {dag.py:3823} INFO - Setting next_dagrun for tutorial_taskflow_api to None, run_after=None
[2026-08-13T12:55:45.822+0000] {processor.py:183} INFO - Processing /home/airflow/.local/lib/python3.8/site-packages/airflow/example_dags/tutorial_taskflow_api.py took 0.157 seconds
[2026-08-13T12:56:16.884+0000] {processor.py:161} INFO - Started process (PID=1225) to work on /home/airflow/.local/lib/python3.8/site-packages/airflow/example_dags/tutorial_taskflow_api.py
[2026-08-13T12:56:16.886+0000] {processor.py:830} INFO - Processing file /home/airflow/.local/lib/python3.8/site-packages/airflow/example_dags/tutorial_taskflow_api.py for tasks to queue
[2026-08-13T12:56:16.889+0000] {logging_mixin.py:188} INFO - [2026-08-13T12:56:16.889+0000] {dagbag.py:538} INFO - Filling up the DagBag from /home/airflow/.local/lib/python3.8/site-packages/airflow/example_dags/tutorial_taskflow_api.py
[2026-08-13T12:56:16.903+0000] {processor.py:840} INFO - DAG(s) 'tutorial_taskflow_api' retrieved from /home/airflow/.local/lib/python3.8/site-packages/airflow/example_dags/tutorial_taskflow_api.py
[2026-08-13T12:56:16.933+0000] {logging_mixin.py:188} INFO - [2026-08-13T12:56:16.932+0000] {dag.py:3036} INFO - Sync 1 DAGs
[2026-08-13T12:56:16.953+0000] {logging_mixin.py:188} INFO - [2026-08-13T12:56:16.952+0000] {dag.py:3823} INFO - Setting next_dagrun for tutorial_taskflow_api to None, run_after=None
[2026-08-13T12:56:16.987+0000] {processor.py:183} INFO - Processing /home/airflow/.local/lib/python3.8/site-packages/airflow/example_dags/tutorial_taskflow_api.py took 0.109 seconds
[2026-08-13T12:56:47.371+0000] {processor.py:161} INFO - Started process (PID=1280) to work on /home/airflow/.local/lib/python3.8/site-packages/airflow/example_dags/tutorial_taskflow_api.py
[2026-08-13T12:56:47.374+0000] {processor.py:830} INFO - Processing file /home/airflow/.local/lib/python3.8/site-packages/airflow/example_dags/tutorial_taskflow_api.py for tasks to queue
[2026-08-13T12:56:47.378+0000] {logging_mixin.py:188} INFO - [2026-08-13T12:56:47.378+0000] {dagbag.py:538} INFO - Filling up the DagBag from /home/airflow/.local/lib/python3.8/site-packages/airflow/example_dags/tutorial_taskflow_api.py
[2026-08-13T12:56:47.391+0000] {processor.py:840} INFO - DAG(s) 'tutorial_taskflow_api' retrieved from /home/airflow/.local/lib/python3.8/site-packages/airflow/example_dags/tutorial_taskflow_api.py
[2026-08-13T12:56:47.424+0000] {logging_mixin.py:188} INFO - [2026-08-13T12:56:47.424+0000] {dag.py:3036} INFO - Sync 1 DAGs
[2026-08-13T12:56:47.443+0000] {logging_mixin.py:188} INFO - [2026-08-13T12:56:47.442+0000] {dag.py:3823} INFO - Setting next_dagrun for tutorial_taskflow_api to None, run_after=None
[2026-08-13T12:56:47.472+0000] {processor.py:183} INFO - Processing /home/airflow/.local/lib/python3.8/site-packages/airflow/example_dags/tutorial_taskflow_api.py took 0.107 seconds
[2026-08-13T12:57:17.965+0000] {processor.py:161} INFO - Started process (PID=1335) to work on /home/airflow/.local/lib/python3.8/site-packages/airflow/example_dags/tutorial_taskflow_api.py
[2026-08-13T12:57:17.975+0000] {processor.py:830} INFO - Processing file /home/airflow/.local/lib/python3.8/site-packages/airflow/example_dags/tutorial_taskflow_api.py for tasks to queue
[2026-08-13T12:57:17.979+0000] {logging_mixin.py:188} INFO - [2026-08-13T12:57:17.978+0000] {dagbag.py:538} INFO - Filling up the DagBag from /home/airflow/.local/lib/python3.8/site-packages/airflow/example_dags/tutorial_taskflow_api.py
[2026-08-13T12:57:17.997+0000] {processor.py:840} INFO - DAG(s) 'tutorial_taskflow_api' retrieved from /home/airflow/.local/lib/python3.8/site-packages/airflow/example_dags/tutorial_taskflow_api.py
[2026-08-13T12:57:18.038+0000] {logging_mixin.py:188} INFO - [2026-08-13T12:57:18.038+0000] {dag.py:3036} INFO - Sync 1 DAGs
[2026-08-13T12:57:18.075+0000] {logging_mixin.py:188} INFO - [2026-08-13T12:57:18.067+0000] {dag.py:3823} INFO - Setting next_dagrun for tutorial_taskflow_api to None, run_after=None
[2026-08-13T12:57:18.334+0000] {processor.py:183} INFO - Processing /home/airflow/.local/lib/python3.8/site-packages/airflow/example_dags/tutorial_taskflow_api.py took 0.379 seconds
