[2026-08-13T12:33:41.256+0000] {processor.py:161} INFO - Started process (PID=120) to work on /home/airflow/.local/lib/python3.8/site-packages/airflow/example_dags/tutorial_objectstorage.py
[2026-08-13T12:33:41.259+0000] {processor.py:830} INFO - Processing file /home/airflow/.local/lib/python3.8/site-packages/airflow/example_dags/tutorial_objectstorage.py for tasks to queue
[2026-08-13T12:33:41.269+0000] {logging_mixin.py:188} INFO - [2026-08-13T12:33:41.268+0000] {dagbag.py:538} INFO - Filling up the DagBag from /home/airflow/.local/lib/python3.8/site-packages/airflow/example_dags/tutorial_objectstorage.py
[2026-08-13T12:33:41.292+0000] {processor.py:840} INFO - DAG(s) 'tutorial_objectstorage' retrieved from /home/airflow/.local/lib/python3.8/site-packages/airflow/example_dags/tutorial_objectstorage.py
[2026-08-13T12:33:41.535+0000] {logging_mixin.py:188} INFO - [2026-08-13T12:33:41.535+0000] {dag.py:3036} INFO - Sync 1 DAGs
[2026-08-13T12:33:41.563+0000] {logging_mixin.py:188} INFO - [2026-08-13T12:33:41.562+0000] {dag.py:3823} INFO - Setting next_dagrun for tutorial_objectstorage to None, run_after=None
[2026-08-13T12:33:41.618+0000] {processor.py:183} INFO - Processing /home/airflow/.local/lib/python3.8/site-packages/airflow/example_dags/tutorial_objectstorage.py took 0.372 seconds
[2026-08-13T12:34:11.714+0000] {processor.py:161} INFO - Started process (PID=175) to work on /home/airflow/.local/lib/python3.8/site-packages/airflow/example_dags/tutorial_objectstorage.py
[2026-08-13T12:34:11.721+0000] {processor.py:830} INFO - Processing file /home/airflow/.local/lib/python3.8/site-packages/airflow/example_dags/tutorial_objectstorage.py for tasks to queue
[2026-08-13T12:34:11.725+0000] {logging_mixin.py:188} INFO - [2026-08-13T12:34:11.724+0000] {dagbag.py:538} INFO - Filling up the DagBag from /home/airflow/.local/lib/python3.8/site-packages/airflow/example_dags/tutorial_objectstorage.py
[2026-08-13T12:34:11.748+0000] {processor.py:840} INFO - DAG(s) 'tutorial_objectstorage' retrieved from /home/airflow/.local/lib/python3.8/site-packages/airflow/example_dags/tutorial_objectstorage.py
[2026-08-13T12:34:11.811+0000] {logging_mixin.py:188} INFO - [2026-08-13T12:34:11.810+0000] {dag.py:3036} INFO - Sync 1 DAGs
[2026-08-13T12:34:11.833+0000] {logging_mixin.py:188} INFO - [2026-08-13T12:34:11.832+0000] {dag.py:3823} INFO - Setting next_dagrun for tutorial_objectstorage to None, run_after=None
[2026-08-13T12:34:11.869+0000] {processor.py:183} INFO - Processing /home/airflow/.local/lib/python3.8/site-packages/airflow/example_dags/tutorial_objectstorage.py took 0.165 seconds
[2026-08-13T12:34:42.166+0000] {processor.py:161} INFO - Started process (PID=230) to work on /home/airflow/.local/lib/python3.8/site-packages/airflow/example_dags/tutorial_objectstorage.py
[2026-08-13T12:34:42.169+0000] {processor.py:830} INFO - Processing file /home/airflow/.local/lib/python3.8/site-packages/airflow/example_dags/tutorial_objectstorage.py for tasks to queue
[2026-08-13T12:34:42.175+0000] {logging_mixin.py:188} INFO - [2026-08-13T12:34:42.174+0000] {dagbag.py:538} INFO - Filling up the DagBag from /home/airflow/.local/lib/python3.8/site-packages/airflow/example_dags/tutorial_objectstorage.py
[2026-08-13T12:34:42.189+0000] {processor.py:840} INFO - DAG(s) 'tutorial_objectstorage' retrieved from /home/airflow/.local/lib/python3.8/site-packages/airflow/example_dags/tutorial_objectstorage.py
[2026-08-13T12:34:42.227+0000] {logging_mixin.py:188} INFO - [2026-08-13T12:34:42.227+0000] {dag.py:3036} INFO - Sync 1 DAGs
[2026-08-13T12:34:42.255+0000] {logging_mixin.py:188} INFO - [2026-08-13T12:34:42.254+0000] {dag.py:3823} INFO - Setting next_dagrun for tutorial_objectstorage to None, run_after=None
[2026-08-13T12:34:42.298+0000] {processor.py:183} INFO - Processing /home/airflow/.local/lib/python3.8/site-packages/airflow/example_dags/tutorial_objectstorage.py took 0.138 seconds
[2026-08-13T12:35:12.451+0000] {processor.py:161} INFO - Started process (PID=285) to work on /home/airflow/.local/lib/python3.8/site-packages/airflow/example_dags/tutorial_objectstorage.py
[2026-08-13T12:35:12.453+0000] {processor.py:830} INFO - Processing file /home/airflow/.local/lib/python3.8/site-packages/airflow/example_dags/tutorial_objectstorage.py for tasks to queue
[2026-08-13T12:35:12.457+0000] {logging_mixin.py:188} INFO - [2026-08-13T12:35:12.457+0000] {dagbag.py:538} INFO - Filling up the DagBag from /home/airflow/.local/lib/python3.8/site-packages/airflow/example_dags/tutorial_objectstorage.py
[2026-08-13T12:35:12.470+0000] {processor.py:840} INFO - DAG(s) 'tutorial_objectstorage' retrieved from /home/airflow/.local/lib/python3.8/site-packages/airflow/example_dags/tutorial_objectstorage.py
[2026-08-13T12:35:12.514+0000] {logging_mixin.py:188} INFO - [2026-08-13T12:35:12.514+0000] {dag.py:3036} INFO - Sync 1 DAGs
[2026-08-13T12:35:12.554+0000] {logging_mixin.py:188} INFO - [2026-08-13T12:35:12.553+0000] {dag.py:3823} INFO - Setting next_dagrun for tutorial_objectstorage to None, run_after=None
[2026-08-13T12:35:12.600+0000] {processor.py:183} INFO - Processing /home/airflow/.local/lib/python3.8/site-packages/airflow/example_dags/tutorial_objectstorage.py took 0.153 seconds
[2026-08-13T12:35:42.964+0000] {processor.py:161} INFO - Started process (PID=340) to work on /home/airflow/.local/lib/python3.8/site-packages/airflow/example_dags/tutorial_objectstorage.py
[2026-08-13T12:35:42.966+0000] {processor.py:830} INFO - Processing file /home/airflow/.local/lib/python3.8/site-packages/airflow/example_dags/tutorial_objectstorage.py for tasks to queue
[2026-08-13T12:35:42.969+0000] {logging_mixin.py:188} INFO - [2026-08-13T12:35:42.969+0000] {dagbag.py:538} INFO - Filling up the DagBag from /home/airflow/.local/lib/python3.8/site-packages/airflow/example_dags/tutorial_objectstorage.py
[2026-08-13T12:35:42.983+0000] {processor.py:840} INFO - DAG(s) 'tutorial_objectstorage' retrieved from /home/airflow/.local/lib/python3.8/site-packages/airflow/example_dags/tutorial_objectstorage.py
[2026-08-13T12:35:43.020+0000] {logging_mixin.py:188} INFO - [2026-08-13T12:35:43.020+0000] {dag.py:3036} INFO - Sync 1 DAGs
[2026-08-13T12:35:43.046+0000] {logging_mixin.py:188} INFO - [2026-08-13T12:35:43.045+0000] {dag.py:3823} INFO - Setting next_dagrun for tutorial_objectstorage to None, run_after=None
[2026-08-13T12:35:43.094+0000] {processor.py:183} INFO - Processing /home/airflow/.local/lib/python3.8/site-packages/airflow/example_dags/tutorial_objectstorage.py took 0.136 seconds
[2026-08-13T12:36:13.221+0000] {processor.py:161} INFO - Started process (PID=395) to work on /home/airflow/.local/lib/python3.8/site-packages/airflow/example_dags/tutorial_objectstorage.py
[2026-08-13T12:36:13.223+0000] {processor.py:830} INFO - Processing file /home/airflow/.local/lib/python3.8/site-packages/airflow/example_dags/tutorial_objectstorage.py for tasks to queue
[2026-08-13T12:36:13.226+0000] {logging_mixin.py:188} INFO - [2026-08-13T12:36:13.225+0000] {dagbag.py:538} INFO - Filling up the DagBag from /home/airflow/.local/lib/python3.8/site-packages/airflow/example_dags/tutorial_objectstorage.py
[2026-08-13T12:36:13.234+0000] {processor.py:840} INFO - DAG(s) 'tutorial_objectstorage' retrieved from /home/airflow/.local/lib/python3.8/site-packages/airflow/example_dags/tutorial_objectstorage.py
[2026-08-13T12:36:13.260+0000] {logging_mixin.py:188} INFO - [2026-08-13T12:36:13.260+0000] {dag.py:3036} INFO - Sync 1 DAGs
[2026-08-13T12:36:13.277+0000] {logging_mixin.py:188} INFO - [2026-08-13T12:36:13.277+0000] {dag.py:3823} INFO - Setting next_dagrun for tutorial_objectstorage to None, run_after=None
[2026-08-13T12:36:13.304+0000] {processor.py:183} INFO - Processing /home/airflow/.local/lib/python3.8/site-packages/airflow/example_dags/tutorial_objectstorage.py took 0.088 seconds
[2026-08-13T12:41:58.988+0000] {processor.py:161} INFO - Started process (PID=142) to work on /home/airflow/.local/lib/python3.8/site-packages/airflow/example_dags/tutorial_objectstorage.py
[2026-08-13T12:41:58.991+0000] {processor.py:830} INFO - Processing file /home/airflow/.local/lib/python3.8/site-packages/airflow/example_dags/tutorial_objectstorage.py for tasks to queue
[2026-08-13T12:41:59.002+0000] {logging_mixin.py:188} INFO - [2026-08-13T12:41:59.000+0000] {dagbag.py:538} INFO - Filling up the DagBag from /home/airflow/.local/lib/python3.8/site-packages/airflow/example_dags/tutorial_objectstorage.py
[2026-08-13T12:41:59.027+0000] {processor.py:840} INFO - DAG(s) 'tutorial_objectstorage' retrieved from /home/airflow/.local/lib/python3.8/site-packages/airflow/example_dags/tutorial_objectstorage.py
[2026-08-13T12:41:59.508+0000] {logging_mixin.py:188} INFO - [2026-08-13T12:41:59.507+0000] {dag.py:3036} INFO - Sync 1 DAGs
[2026-08-13T12:41:59.555+0000] {logging_mixin.py:188} INFO - [2026-08-13T12:41:59.554+0000] {dag.py:3823} INFO - Setting next_dagrun for tutorial_objectstorage to None, run_after=None
[2026-08-13T12:41:59.654+0000] {processor.py:183} INFO - Processing /home/airflow/.local/lib/python3.8/site-packages/airflow/example_dags/tutorial_objectstorage.py took 0.677 seconds
[2026-08-13T12:42:33.673+0000] {processor.py:161} INFO - Started process (PID=199) to work on /home/airflow/.local/lib/python3.8/site-packages/airflow/example_dags/tutorial_objectstorage.py
[2026-08-13T12:42:33.685+0000] {processor.py:830} INFO - Processing file /home/airflow/.local/lib/python3.8/site-packages/airflow/example_dags/tutorial_objectstorage.py for tasks to queue
[2026-08-13T12:42:33.701+0000] {logging_mixin.py:188} INFO - [2026-08-13T12:42:33.700+0000] {dagbag.py:538} INFO - Filling up the DagBag from /home/airflow/.local/lib/python3.8/site-packages/airflow/example_dags/tutorial_objectstorage.py
[2026-08-13T12:42:33.741+0000] {processor.py:840} INFO - DAG(s) 'tutorial_objectstorage' retrieved from /home/airflow/.local/lib/python3.8/site-packages/airflow/example_dags/tutorial_objectstorage.py
[2026-08-13T12:42:33.912+0000] {logging_mixin.py:188} INFO - [2026-08-13T12:42:33.911+0000] {dag.py:3036} INFO - Sync 1 DAGs
[2026-08-13T12:42:33.989+0000] {logging_mixin.py:188} INFO - [2026-08-13T12:42:33.988+0000] {dag.py:3823} INFO - Setting next_dagrun for tutorial_objectstorage to None, run_after=None
[2026-08-13T12:42:34.106+0000] {processor.py:183} INFO - Processing /home/airflow/.local/lib/python3.8/site-packages/airflow/example_dags/tutorial_objectstorage.py took 0.452 seconds
[2026-08-13T12:45:51.968+0000] {processor.py:161} INFO - Started process (PID=124) to work on /home/airflow/.local/lib/python3.8/site-packages/airflow/example_dags/tutorial_objectstorage.py
[2026-08-13T12:45:52.021+0000] {processor.py:830} INFO - Processing file /home/airflow/.local/lib/python3.8/site-packages/airflow/example_dags/tutorial_objectstorage.py for tasks to queue
[2026-08-13T12:45:52.124+0000] {logging_mixin.py:188} INFO - [2026-08-13T12:45:52.123+0000] {dagbag.py:538} INFO - Filling up the DagBag from /home/airflow/.local/lib/python3.8/site-packages/airflow/example_dags/tutorial_objectstorage.py
[2026-08-13T12:45:52.436+0000] {processor.py:840} INFO - DAG(s) 'tutorial_objectstorage' retrieved from /home/airflow/.local/lib/python3.8/site-packages/airflow/example_dags/tutorial_objectstorage.py
[2026-08-13T12:45:53.396+0000] {logging_mixin.py:188} INFO - [2026-08-13T12:45:53.395+0000] {dag.py:3036} INFO - Sync 1 DAGs
[2026-08-13T12:45:53.527+0000] {logging_mixin.py:188} INFO - [2026-08-13T12:45:53.525+0000] {dag.py:3823} INFO - Setting next_dagrun for tutorial_objectstorage to None, run_after=None
[2026-08-13T12:45:53.712+0000] {processor.py:183} INFO - Processing /home/airflow/.local/lib/python3.8/site-packages/airflow/example_dags/tutorial_objectstorage.py took 1.803 seconds
[2026-08-13T12:46:24.348+0000] {processor.py:161} INFO - Started process (PID=180) to work on /home/airflow/.local/lib/python3.8/site-packages/airflow/example_dags/tutorial_objectstorage.py
[2026-08-13T12:46:24.351+0000] {processor.py:830} INFO - Processing file /home/airflow/.local/lib/python3.8/site-packages/airflow/example_dags/tutorial_objectstorage.py for tasks to queue
[2026-08-13T12:46:24.358+0000] {logging_mixin.py:188} INFO - [2026-08-13T12:46:24.357+0000] {dagbag.py:538} INFO - Filling up the DagBag from /home/airflow/.local/lib/python3.8/site-packages/airflow/example_dags/tutorial_objectstorage.py
[2026-08-13T12:46:24.379+0000] {processor.py:840} INFO - DAG(s) 'tutorial_objectstorage' retrieved from /home/airflow/.local/lib/python3.8/site-packages/airflow/example_dags/tutorial_objectstorage.py
[2026-08-13T12:46:24.428+0000] {logging_mixin.py:188} INFO - [2026-08-13T12:46:24.427+0000] {dag.py:3036} INFO - Sync 1 DAGs
[2026-08-13T12:46:24.454+0000] {logging_mixin.py:188} INFO - [2026-08-13T12:46:24.453+0000] {dag.py:3823} INFO - Setting next_dagrun for tutorial_objectstorage to None, run_after=None
[2026-08-13T12:46:24.489+0000] {processor.py:183} INFO - Processing /home/airflow/.local/lib/python3.8/site-packages/airflow/example_dags/tutorial_objectstorage.py took 0.149 seconds
[2026-08-13T12:46:54.717+0000] {processor.py:161} INFO - Started process (PID=235) to work on /home/airflow/.local/lib/python3.8/site-packages/airflow/example_dags/tutorial_objectstorage.py
[2026-08-13T12:46:54.719+0000] {processor.py:830} INFO - Processing file /home/airflow/.local/lib/python3.8/site-packages/airflow/example_dags/tutorial_objectstorage.py for tasks to queue
[2026-08-13T12:46:54.722+0000] {logging_mixin.py:188} INFO - [2026-08-13T12:46:54.722+0000] {dagbag.py:538} INFO - Filling up the DagBag from /home/airflow/.local/lib/python3.8/site-packages/airflow/example_dags/tutorial_objectstorage.py
[2026-08-13T12:46:54.733+0000] {processor.py:840} INFO - DAG(s) 'tutorial_objectstorage' retrieved from /home/airflow/.local/lib/python3.8/site-packages/airflow/example_dags/tutorial_objectstorage.py
[2026-08-13T12:46:54.768+0000] {logging_mixin.py:188} INFO - [2026-08-13T12:46:54.767+0000] {dag.py:3036} INFO - Sync 1 DAGs
[2026-08-13T12:46:54.787+0000] {logging_mixin.py:188} INFO - [2026-08-13T12:46:54.786+0000] {dag.py:3823} INFO - Setting next_dagrun for tutorial_objectstorage to None, run_after=None
[2026-08-13T12:46:54.826+0000] {processor.py:183} INFO - Processing /home/airflow/.local/lib/python3.8/site-packages/airflow/example_dags/tutorial_objectstorage.py took 0.114 seconds
[2026-08-13T12:47:25.503+0000] {processor.py:161} INFO - Started process (PID=290) to work on /home/airflow/.local/lib/python3.8/site-packages/airflow/example_dags/tutorial_objectstorage.py
[2026-08-13T12:47:25.506+0000] {processor.py:830} INFO - Processing file /home/airflow/.local/lib/python3.8/site-packages/airflow/example_dags/tutorial_objectstorage.py for tasks to queue
[2026-08-13T12:47:25.512+0000] {logging_mixin.py:188} INFO - [2026-08-13T12:47:25.511+0000] {dagbag.py:538} INFO - Filling up the DagBag from /home/airflow/.local/lib/python3.8/site-packages/airflow/example_dags/tutorial_objectstorage.py
[2026-08-13T12:47:25.533+0000] {processor.py:840} INFO - DAG(s) 'tutorial_objectstorage' retrieved from /home/airflow/.local/lib/python3.8/site-packages/airflow/example_dags/tutorial_objectstorage.py
[2026-08-13T12:47:25.592+0000] {logging_mixin.py:188} INFO - [2026-08-13T12:47:25.591+0000] {dag.py:3036} INFO - Sync 1 DAGs
[2026-08-13T12:47:25.642+0000] {logging_mixin.py:188} INFO - [2026-08-13T12:47:25.641+0000] {dag.py:3823} INFO - Setting next_dagrun for tutorial_objectstorage to None, run_after=None
[2026-08-13T12:47:25.744+0000] {processor.py:183} INFO - Processing /home/airflow/.local/lib/python3.8/site-packages/airflow/example_dags/tutorial_objectstorage.py took 0.251 seconds
[2026-08-13T12:47:59.392+0000] {processor.py:161} INFO - Started process (PID=344) to work on /home/airflow/.local/lib/python3.8/site-packages/airflow/example_dags/tutorial_objectstorage.py
[2026-08-13T12:47:59.394+0000] {processor.py:830} INFO - Processing file /home/airflow/.local/lib/python3.8/site-packages/airflow/example_dags/tutorial_objectstorage.py for tasks to queue
[2026-08-13T12:47:59.399+0000] {logging_mixin.py:188} INFO - [2026-08-13T12:47:59.398+0000] {dagbag.py:538} INFO - Filling up the DagBag from /home/airflow/.local/lib/python3.8/site-packages/airflow/example_dags/tutorial_objectstorage.py
[2026-08-13T12:47:59.413+0000] {processor.py:840} INFO - DAG(s) 'tutorial_objectstorage' retrieved from /home/airflow/.local/lib/python3.8/site-packages/airflow/example_dags/tutorial_objectstorage.py
[2026-08-13T12:47:59.456+0000] {logging_mixin.py:188} INFO - [2026-08-13T12:47:59.456+0000] {dag.py:3036} INFO - Sync 1 DAGs
[2026-08-13T12:47:59.487+0000] {logging_mixin.py:188} INFO - [2026-08-13T12:47:59.486+0000] {dag.py:3823} INFO - Setting next_dagrun for tutorial_objectstorage to None, run_after=None
[2026-08-13T12:47:59.541+0000] {processor.py:183} INFO - Processing /home/airflow/.local/lib/python3.8/site-packages/airflow/example_dags/tutorial_objectstorage.py took 0.157 seconds
[2026-08-13T12:48:29.741+0000] {processor.py:161} INFO - Started process (PID=397) to work on /home/airflow/.local/lib/python3.8/site-packages/airflow/example_dags/tutorial_objectstorage.py
[2026-08-13T12:48:29.743+0000] {processor.py:830} INFO - Processing file /home/airflow/.local/lib/python3.8/site-packages/airflow/example_dags/tutorial_objectstorage.py for tasks to queue
[2026-08-13T12:48:29.747+0000] {logging_mixin.py:188} INFO - [2026-08-13T12:48:29.746+0000] {dagbag.py:538} INFO - Filling up the DagBag from /home/airflow/.local/lib/python3.8/site-packages/airflow/example_dags/tutorial_objectstorage.py
[2026-08-13T12:48:29.764+0000] {processor.py:840} INFO - DAG(s) 'tutorial_objectstorage' retrieved from /home/airflow/.local/lib/python3.8/site-packages/airflow/example_dags/tutorial_objectstorage.py
[2026-08-13T12:48:29.813+0000] {logging_mixin.py:188} INFO - [2026-08-13T12:48:29.812+0000] {dag.py:3036} INFO - Sync 1 DAGs
[2026-08-13T12:48:29.848+0000] {logging_mixin.py:188} INFO - [2026-08-13T12:48:29.847+0000] {dag.py:3823} INFO - Setting next_dagrun for tutorial_objectstorage to None, run_after=None
[2026-08-13T12:48:29.891+0000] {processor.py:183} INFO - Processing /home/airflow/.local/lib/python3.8/site-packages/airflow/example_dags/tutorial_objectstorage.py took 0.158 seconds
[2026-08-13T12:49:00.321+0000] {processor.py:161} INFO - Started process (PID=453) to work on /home/airflow/.local/lib/python3.8/site-packages/airflow/example_dags/tutorial_objectstorage.py
[2026-08-13T12:49:00.324+0000] {processor.py:830} INFO - Processing file /home/airflow/.local/lib/python3.8/site-packages/airflow/example_dags/tutorial_objectstorage.py for tasks to queue
[2026-08-13T12:49:00.334+0000] {logging_mixin.py:188} INFO - [2026-08-13T12:49:00.333+0000] {dagbag.py:538} INFO - Filling up the DagBag from /home/airflow/.local/lib/python3.8/site-packages/airflow/example_dags/tutorial_objectstorage.py
[2026-08-13T12:49:00.348+0000] {processor.py:840} INFO - DAG(s) 'tutorial_objectstorage' retrieved from /home/airflow/.local/lib/python3.8/site-packages/airflow/example_dags/tutorial_objectstorage.py
[2026-08-13T12:49:00.396+0000] {logging_mixin.py:188} INFO - [2026-08-13T12:49:00.396+0000] {dag.py:3036} INFO - Sync 1 DAGs
[2026-08-13T12:49:00.425+0000] {logging_mixin.py:188} INFO - [2026-08-13T12:49:00.425+0000] {dag.py:3823} INFO - Setting next_dagrun for tutorial_objectstorage to None, run_after=None
[2026-08-13T12:49:00.473+0000] {processor.py:183} INFO - Processing /home/airflow/.local/lib/python3.8/site-packages/airflow/example_dags/tutorial_objectstorage.py took 0.172 seconds
[2026-08-13T12:49:30.860+0000] {processor.py:161} INFO - Started process (PID=508) to work on /home/airflow/.local/lib/python3.8/site-packages/airflow/example_dags/tutorial_objectstorage.py
[2026-08-13T12:49:30.864+0000] {processor.py:830} INFO - Processing file /home/airflow/.local/lib/python3.8/site-packages/airflow/example_dags/tutorial_objectstorage.py for tasks to queue
[2026-08-13T12:49:30.870+0000] {logging_mixin.py:188} INFO - [2026-08-13T12:49:30.869+0000] {dagbag.py:538} INFO - Filling up the DagBag from /home/airflow/.local/lib/python3.8/site-packages/airflow/example_dags/tutorial_objectstorage.py
[2026-08-13T12:49:30.894+0000] {processor.py:840} INFO - DAG(s) 'tutorial_objectstorage' retrieved from /home/airflow/.local/lib/python3.8/site-packages/airflow/example_dags/tutorial_objectstorage.py
[2026-08-13T12:49:30.977+0000] {logging_mixin.py:188} INFO - [2026-08-13T12:49:30.976+0000] {dag.py:3036} INFO - Sync 1 DAGs
[2026-08-13T12:49:31.016+0000] {logging_mixin.py:188} INFO - [2026-08-13T12:49:31.015+0000] {dag.py:3823} INFO - Setting next_dagrun for tutorial_objectstorage to None, run_after=None
[2026-08-13T12:49:31.081+0000] {processor.py:183} INFO - Processing /home/airflow/.local/lib/python3.8/site-packages/airflow/example_dags/tutorial_objectstorage.py took 0.235 seconds
[2026-08-13T12:50:02.102+0000] {processor.py:161} INFO - Started process (PID=563) to work on /home/airflow/.local/lib/python3.8/site-packages/airflow/example_dags/tutorial_objectstorage.py
[2026-08-13T12:50:02.106+0000] {processor.py:830} INFO - Processing file /home/airflow/.local/lib/python3.8/site-packages/airflow/example_dags/tutorial_objectstorage.py for tasks to queue
[2026-08-13T12:50:02.113+0000] {logging_mixin.py:188} INFO - [2026-08-13T12:50:02.112+0000] {dagbag.py:538} INFO - Filling up the DagBag from /home/airflow/.local/lib/python3.8/site-packages/airflow/example_dags/tutorial_objectstorage.py
[2026-08-13T12:50:02.133+0000] {processor.py:840} INFO - DAG(s) 'tutorial_objectstorage' retrieved from /home/airflow/.local/lib/python3.8/site-packages/airflow/example_dags/tutorial_objectstorage.py
[2026-08-13T12:50:02.197+0000] {logging_mixin.py:188} INFO - [2026-08-13T12:50:02.196+0000] {dag.py:3036} INFO - Sync 1 DAGs
[2026-08-13T12:50:02.234+0000] {logging_mixin.py:188} INFO - [2026-08-13T12:50:02.233+0000] {dag.py:3823} INFO - Setting next_dagrun for tutorial_objectstorage to None, run_after=None
[2026-08-13T12:50:02.296+0000] {processor.py:183} INFO - Processing /home/airflow/.local/lib/python3.8/site-packages/airflow/example_dags/tutorial_objectstorage.py took 0.205 seconds
[2026-08-13T12:50:34.855+0000] {processor.py:161} INFO - Started process (PID=626) to work on /home/airflow/.local/lib/python3.8/site-packages/airflow/example_dags/tutorial_objectstorage.py
[2026-08-13T12:50:34.860+0000] {processor.py:830} INFO - Processing file /home/airflow/.local/lib/python3.8/site-packages/airflow/example_dags/tutorial_objectstorage.py for tasks to queue
[2026-08-13T12:50:34.866+0000] {logging_mixin.py:188} INFO - [2026-08-13T12:50:34.865+0000] {dagbag.py:538} INFO - Filling up the DagBag from /home/airflow/.local/lib/python3.8/site-packages/airflow/example_dags/tutorial_objectstorage.py
[2026-08-13T12:50:34.882+0000] {processor.py:840} INFO - DAG(s) 'tutorial_objectstorage' retrieved from /home/airflow/.local/lib/python3.8/site-packages/airflow/example_dags/tutorial_objectstorage.py
[2026-08-13T12:50:34.941+0000] {logging_mixin.py:188} INFO - [2026-08-13T12:50:34.940+0000] {dag.py:3036} INFO - Sync 1 DAGs
[2026-08-13T12:50:34.983+0000] {logging_mixin.py:188} INFO - [2026-08-13T12:50:34.982+0000] {dag.py:3823} INFO - Setting next_dagrun for tutorial_objectstorage to None, run_after=None
[2026-08-13T12:50:35.032+0000] {processor.py:183} INFO - Processing /home/airflow/.local/lib/python3.8/site-packages/airflow/example_dags/tutorial_objectstorage.py took 0.186 seconds
[2026-08-13T12:51:05.716+0000] {processor.py:161} INFO - Started process (PID=683) to work on /home/airflow/.local/lib/python3.8/site-packages/airflow/example_dags/tutorial_objectstorage.py
[2026-08-13T12:51:05.719+0000] {processor.py:830} INFO - Processing file /home/airflow/.local/lib/python3.8/site-packages/airflow/example_dags/tutorial_objectstorage.py for tasks to queue
[2026-08-13T12:51:05.723+0000] {logging_mixin.py:188} INFO - [2026-08-13T12:51:05.722+0000] {dagbag.py:538} INFO - Filling up the DagBag from /home/airflow/.local/lib/python3.8/site-packages/airflow/example_dags/tutorial_objectstorage.py
[2026-08-13T12:51:05.739+0000] {processor.py:840} INFO - DAG(s) 'tutorial_objectstorage' retrieved from /home/airflow/.local/lib/python3.8/site-packages/airflow/example_dags/tutorial_objectstorage.py
[2026-08-13T12:51:05.784+0000] {logging_mixin.py:188} INFO - [2026-08-13T12:51:05.782+0000] {dag.py:3036} INFO - Sync 1 DAGs
[2026-08-13T12:51:05.812+0000] {logging_mixin.py:188} INFO - [2026-08-13T12:51:05.811+0000] {dag.py:3823} INFO - Setting next_dagrun for tutorial_objectstorage to None, run_after=None
[2026-08-13T12:51:05.860+0000] {processor.py:183} INFO - Processing /home/airflow/.local/lib/python3.8/site-packages/airflow/example_dags/tutorial_objectstorage.py took 0.150 seconds
[2026-08-13T12:51:38.134+0000] {processor.py:161} INFO - Started process (PID=740) to work on /home/airflow/.local/lib/python3.8/site-packages/airflow/example_dags/tutorial_objectstorage.py
[2026-08-13T12:51:38.137+0000] {processor.py:830} INFO - Processing file /home/airflow/.local/lib/python3.8/site-packages/airflow/example_dags/tutorial_objectstorage.py for tasks to queue
[2026-08-13T12:51:38.148+0000] {logging_mixin.py:188} INFO - [2026-08-13T12:51:38.146+0000] {dagbag.py:538} INFO - Filling up the DagBag from /home/airflow/.local/lib/python3.8/site-packages/airflow/example_dags/tutorial_objectstorage.py
[2026-08-13T12:51:38.177+0000] {processor.py:840} INFO - DAG(s) 'tutorial_objectstorage' retrieved from /home/airflow/.local/lib/python3.8/site-packages/airflow/example_dags/tutorial_objectstorage.py
[2026-08-13T12:51:38.255+0000] {logging_mixin.py:188} INFO - [2026-08-13T12:51:38.254+0000] {dag.py:3036} INFO - Sync 1 DAGs
[2026-08-13T12:51:38.323+0000] {logging_mixin.py:188} INFO - [2026-08-13T12:51:38.322+0000] {dag.py:3823} INFO - Setting next_dagrun for tutorial_objectstorage to None, run_after=None
[2026-08-13T12:51:38.428+0000] {processor.py:183} INFO - Processing /home/airflow/.local/lib/python3.8/site-packages/airflow/example_dags/tutorial_objectstorage.py took 0.304 seconds
[2026-08-13T12:52:08.533+0000] {processor.py:161} INFO - Started process (PID=796) to work on /home/airflow/.local/lib/python3.8/site-packages/airflow/example_dags/tutorial_objectstorage.py
[2026-08-13T12:52:08.536+0000] {processor.py:830} INFO - Processing file /home/airflow/.local/lib/python3.8/site-packages/airflow/example_dags/tutorial_objectstorage.py for tasks to queue
[2026-08-13T12:52:08.541+0000] {logging_mixin.py:188} INFO - [2026-08-13T12:52:08.540+0000] {dagbag.py:538} INFO - Filling up the DagBag from /home/airflow/.local/lib/python3.8/site-packages/airflow/example_dags/tutorial_objectstorage.py
[2026-08-13T12:52:08.553+0000] {processor.py:840} INFO - DAG(s) 'tutorial_objectstorage' retrieved from /home/airflow/.local/lib/python3.8/site-packages/airflow/example_dags/tutorial_objectstorage.py
[2026-08-13T12:52:08.598+0000] {logging_mixin.py:188} INFO - [2026-08-13T12:52:08.598+0000] {dag.py:3036} INFO - Sync 1 DAGs
[2026-08-13T12:52:08.617+0000] {logging_mixin.py:188} INFO - [2026-08-13T12:52:08.617+0000] {dag.py:3823} INFO - Setting next_dagrun for tutorial_objectstorage to None, run_after=None
[2026-08-13T12:52:08.653+0000] {processor.py:183} INFO - Processing /home/airflow/.local/lib/python3.8/site-packages/airflow/example_dags/tutorial_objectstorage.py took 0.127 seconds
[2026-08-13T12:52:39.081+0000] {processor.py:161} INFO - Started process (PID=850) to work on /home/airflow/.local/lib/python3.8/site-packages/airflow/example_dags/tutorial_objectstorage.py
[2026-08-13T12:52:39.093+0000] {processor.py:830} INFO - Processing file /home/airflow/.local/lib/python3.8/site-packages/airflow/example_dags/tutorial_objectstorage.py for tasks to queue
[2026-08-13T12:52:39.107+0000] {logging_mixin.py:188} INFO - [2026-08-13T12:52:39.105+0000] {dagbag.py:538} INFO - Filling up the DagBag from /home/airflow/.local/lib/python3.8/site-packages/airflow/example_dags/tutorial_objectstorage.py
[2026-08-13T12:52:39.128+0000] {processor.py:840} INFO - DAG(s) 'tutorial_objectstorage' retrieved from /home/airflow/.local/lib/python3.8/site-packages/airflow/example_dags/tutorial_objectstorage.py
[2026-08-13T12:52:39.169+0000] {logging_mixin.py:188} INFO - [2026-08-13T12:52:39.169+0000] {dag.py:3036} INFO - Sync 1 DAGs
[2026-08-13T12:52:39.203+0000] {logging_mixin.py:188} INFO - [2026-08-13T12:52:39.202+0000] {dag.py:3823} INFO - Setting next_dagrun for tutorial_objectstorage to None, run_after=None
[2026-08-13T12:52:39.256+0000] {processor.py:183} INFO - Processing /home/airflow/.local/lib/python3.8/site-packages/airflow/example_dags/tutorial_objectstorage.py took 0.183 seconds
[2026-08-13T12:53:09.475+0000] {processor.py:161} INFO - Started process (PID=905) to work on /home/airflow/.local/lib/python3.8/site-packages/airflow/example_dags/tutorial_objectstorage.py
[2026-08-13T12:53:09.477+0000] {processor.py:830} INFO - Processing file /home/airflow/.local/lib/python3.8/site-packages/airflow/example_dags/tutorial_objectstorage.py for tasks to queue
[2026-08-13T12:53:09.481+0000] {logging_mixin.py:188} INFO - [2026-08-13T12:53:09.480+0000] {dagbag.py:538} INFO - Filling up the DagBag from /home/airflow/.local/lib/python3.8/site-packages/airflow/example_dags/tutorial_objectstorage.py
[2026-08-13T12:53:09.493+0000] {processor.py:840} INFO - DAG(s) 'tutorial_objectstorage' retrieved from /home/airflow/.local/lib/python3.8/site-packages/airflow/example_dags/tutorial_objectstorage.py
[2026-08-13T12:53:09.526+0000] {logging_mixin.py:188} INFO - [2026-08-13T12:53:09.525+0000] {dag.py:3036} INFO - Sync 1 DAGs
[2026-08-13T12:53:09.545+0000] {logging_mixin.py:188} INFO - [2026-08-13T12:53:09.544+0000] {dag.py:3823} INFO - Setting next_dagrun for tutorial_objectstorage to None, run_after=None
[2026-08-13T12:53:09.582+0000] {processor.py:183} INFO - Processing /home/airflow/.local/lib/python3.8/site-packages/airflow/example_dags/tutorial_objectstorage.py took 0.115 seconds
[2026-08-13T12:53:43.650+0000] {processor.py:161} INFO - Started process (PID=961) to work on /home/airflow/.local/lib/python3.8/site-packages/airflow/example_dags/tutorial_objectstorage.py
[2026-08-13T12:53:43.653+0000] {processor.py:830} INFO - Processing file /home/airflow/.local/lib/python3.8/site-packages/airflow/example_dags/tutorial_objectstorage.py for tasks to queue
[2026-08-13T12:53:43.656+0000] {logging_mixin.py:188} INFO - [2026-08-13T12:53:43.655+0000] {dagbag.py:538} INFO - Filling up the DagBag from /home/airflow/.local/lib/python3.8/site-packages/airflow/example_dags/tutorial_objectstorage.py
[2026-08-13T12:53:43.669+0000] {processor.py:840} INFO - DAG(s) 'tutorial_objectstorage' retrieved from /home/airflow/.local/lib/python3.8/site-packages/airflow/example_dags/tutorial_objectstorage.py
[2026-08-13T12:53:43.700+0000] {logging_mixin.py:188} INFO - [2026-08-13T12:53:43.700+0000] {dag.py:3036} INFO - Sync 1 DAGs
[2026-08-13T12:53:43.715+0000] {logging_mixin.py:188} INFO - [2026-08-13T12:53:43.714+0000] {dag.py:3823} INFO - Setting next_dagrun for tutorial_objectstorage to None, run_after=None
[2026-08-13T12:53:43.743+0000] {processor.py:183} INFO - Processing /home/airflow/.local/lib/python3.8/site-packages/airflow/example_dags/tutorial_objectstorage.py took 0.098 seconds
[2026-08-13T12:54:14.241+0000] {processor.py:161} INFO - Started process (PID=1016) to work on /home/airflow/.local/lib/python3.8/site-packages/airflow/example_dags/tutorial_objectstorage.py
[2026-08-13T12:54:14.244+0000] {processor.py:830} INFO - Processing file /home/airflow/.local/lib/python3.8/site-packages/airflow/example_dags/tutorial_objectstorage.py for tasks to queue
[2026-08-13T12:54:14.248+0000] {logging_mixin.py:188} INFO - [2026-08-13T12:54:14.247+0000] {dagbag.py:538} INFO - Filling up the DagBag from /home/airflow/.local/lib/python3.8/site-packages/airflow/example_dags/tutorial_objectstorage.py
[2026-08-13T12:54:14.264+0000] {processor.py:840} INFO - DAG(s) 'tutorial_objectstorage' retrieved from /home/airflow/.local/lib/python3.8/site-packages/airflow/example_dags/tutorial_objectstorage.py
[2026-08-13T12:54:14.313+0000] {logging_mixin.py:188} INFO - [2026-08-13T12:54:14.313+0000] {dag.py:3036} INFO - Sync 1 DAGs
[2026-08-13T12:54:14.345+0000] {logging_mixin.py:188} INFO - [2026-08-13T12:54:14.345+0000] {dag.py:3823} INFO - Setting next_dagrun for tutorial_objectstorage to None, run_after=None
[2026-08-13T12:54:14.387+0000] {processor.py:183} INFO - Processing /home/airflow/.local/lib/python3.8/site-packages/airflow/example_dags/tutorial_objectstorage.py took 0.155 seconds
[2026-08-13T12:54:45.484+0000] {processor.py:161} INFO - Started process (PID=1071) to work on /home/airflow/.local/lib/python3.8/site-packages/airflow/example_dags/tutorial_objectstorage.py
[2026-08-13T12:54:45.487+0000] {processor.py:830} INFO - Processing file /home/airflow/.local/lib/python3.8/site-packages/airflow/example_dags/tutorial_objectstorage.py for tasks to queue
[2026-08-13T12:54:45.490+0000] {logging_mixin.py:188} INFO - [2026-08-13T12:54:45.490+0000] {dagbag.py:538} INFO - Filling up the DagBag from /home/airflow/.local/lib/python3.8/site-packages/airflow/example_dags/tutorial_objectstorage.py
[2026-08-13T12:54:45.502+0000] {processor.py:840} INFO - DAG(s) 'tutorial_objectstorage' retrieved from /home/airflow/.local/lib/python3.8/site-packages/airflow/example_dags/tutorial_objectstorage.py
[2026-08-13T12:54:45.535+0000] {logging_mixin.py:188} INFO - [2026-08-13T12:54:45.534+0000] {dag.py:3036} INFO - Sync 1 DAGs
[2026-08-13T12:54:45.555+0000] {logging_mixin.py:188} INFO - [2026-08-13T12:54:45.555+0000] {dag.py:3823} INFO - Setting next_dagrun for tutorial_objectstorage to None, run_after=None
[2026-08-13T12:54:45.583+0000] {processor.py:183} INFO - Processing /home/airflow/.local/lib/python3.8/site-packages/airflow/example_dags/tutorial_objectstorage.py took 0.105 seconds
[2026-08-13T12:55:15.914+0000] {processor.py:161} INFO - Started process (PID=1126) to work on /home/airflow/.local/lib/python3.8/site-packages/airflow/example_dags/tutorial_objectstorage.py
[2026-08-13T12:55:15.916+0000] {processor.py:830} INFO - Processing file /home/airflow/.local/lib/python3.8/site-packages/airflow/example_dags/tutorial_objectstorage.py for tasks to queue
[2026-08-13T12:55:15.918+0000] {logging_mixin.py:188} INFO - [2026-08-13T12:55:15.918+0000] {dagbag.py:538} INFO - Filling up the DagBag from /home/airflow/.local/lib/python3.8/site-packages/airflow/example_dags/tutorial_objectstorage.py
[2026-08-13T12:55:15.927+0000] {processor.py:840} INFO - DAG(s) 'tutorial_objectstorage' retrieved from /home/airflow/.local/lib/python3.8/site-packages/airflow/example_dags/tutorial_objectstorage.py
[2026-08-13T12:55:15.952+0000] {logging_mixin.py:188} INFO - [2026-08-13T12:55:15.952+0000] {dag.py:3036} INFO - Sync 1 DAGs
[2026-08-13T12:55:15.974+0000] {logging_mixin.py:188} INFO - [2026-08-13T12:55:15.974+0000] {dag.py:3823} INFO - Setting next_dagrun for tutorial_objectstorage to None, run_after=None
[2026-08-13T12:55:16.000+0000] {processor.py:183} INFO - Processing /home/airflow/.local/lib/python3.8/site-packages/airflow/example_dags/tutorial_objectstorage.py took 0.091 seconds
[2026-08-13T12:55:46.997+0000] {processor.py:161} INFO - Started process (PID=1179) to work on /home/airflow/.local/lib/python3.8/site-packages/airflow/example_dags/tutorial_objectstorage.py
[2026-08-13T12:55:46.999+0000] {processor.py:830} INFO - Processing file /home/airflow/.local/lib/python3.8/site-packages/airflow/example_dags/tutorial_objectstorage.py for tasks to queue
[2026-08-13T12:55:47.003+0000] {logging_mixin.py:188} INFO - [2026-08-13T12:55:47.002+0000] {dagbag.py:538} INFO - Filling up the DagBag from /home/airflow/.local/lib/python3.8/site-packages/airflow/example_dags/tutorial_objectstorage.py
[2026-08-13T12:55:47.017+0000] {processor.py:840} INFO - DAG(s) 'tutorial_objectstorage' retrieved from /home/airflow/.local/lib/python3.8/site-packages/airflow/example_dags/tutorial_objectstorage.py
[2026-08-13T12:55:47.050+0000] {logging_mixin.py:188} INFO - [2026-08-13T12:55:47.050+0000] {dag.py:3036} INFO - Sync 1 DAGs
[2026-08-13T12:55:47.073+0000] {logging_mixin.py:188} INFO - [2026-08-13T12:55:47.073+0000] {dag.py:3823} INFO - Setting next_dagrun for tutorial_objectstorage to None, run_after=None
[2026-08-13T12:55:47.101+0000] {processor.py:183} INFO - Processing /home/airflow/.local/lib/python3.8/site-packages/airflow/example_dags/tutorial_objectstorage.py took 0.111 seconds
[2026-08-13T12:56:17.913+0000] {processor.py:161} INFO - Started process (PID=1235) to work on /home/airflow/.local/lib/python3.8/site-packages/airflow/example_dags/tutorial_objectstorage.py
[2026-08-13T12:56:17.916+0000] {processor.py:830} INFO - Processing file /home/airflow/.local/lib/python3.8/site-packages/airflow/example_dags/tutorial_objectstorage.py for tasks to queue
[2026-08-13T12:56:17.920+0000] {logging_mixin.py:188} INFO - [2026-08-13T12:56:17.919+0000] {dagbag.py:538} INFO - Filling up the DagBag from /home/airflow/.local/lib/python3.8/site-packages/airflow/example_dags/tutorial_objectstorage.py
[2026-08-13T12:56:17.933+0000] {processor.py:840} INFO - DAG(s) 'tutorial_objectstorage' retrieved from /home/airflow/.local/lib/python3.8/site-packages/airflow/example_dags/tutorial_objectstorage.py
[2026-08-13T12:56:17.964+0000] {logging_mixin.py:188} INFO - [2026-08-13T12:56:17.964+0000] {dag.py:3036} INFO - Sync 1 DAGs
[2026-08-13T12:56:17.984+0000] {logging_mixin.py:188} INFO - [2026-08-13T12:56:17.984+0000] {dag.py:3823} INFO - Setting next_dagrun for tutorial_objectstorage to None, run_after=None
[2026-08-13T12:56:18.018+0000] {processor.py:183} INFO - Processing /home/airflow/.local/lib/python3.8/site-packages/airflow/example_dags/tutorial_objectstorage.py took 0.111 seconds
[2026-08-13T12:56:48.179+0000] {processor.py:161} INFO - Started process (PID=1289) to work on /home/airflow/.local/lib/python3.8/site-packages/airflow/example_dags/tutorial_objectstorage.py
[2026-08-13T12:56:48.181+0000] {processor.py:830} INFO - Processing file /home/airflow/.local/lib/python3.8/site-packages/airflow/example_dags/tutorial_objectstorage.py for tasks to queue
[2026-08-13T12:56:48.184+0000] {logging_mixin.py:188} INFO - [2026-08-13T12:56:48.184+0000] {dagbag.py:538} INFO - Filling up the DagBag from /home/airflow/.local/lib/python3.8/site-packages/airflow/example_dags/tutorial_objectstorage.py
[2026-08-13T12:56:48.194+0000] {processor.py:840} INFO - DAG(s) 'tutorial_objectstorage' retrieved from /home/airflow/.local/lib/python3.8/site-packages/airflow/example_dags/tutorial_objectstorage.py
[2026-08-13T12:56:48.224+0000] {logging_mixin.py:188} INFO - [2026-08-13T12:56:48.224+0000] {dag.py:3036} INFO - Sync 1 DAGs
[2026-08-13T12:56:48.243+0000] {logging_mixin.py:188} INFO - [2026-08-13T12:56:48.243+0000] {dag.py:3823} INFO - Setting next_dagrun for tutorial_objectstorage to None, run_after=None
[2026-08-13T12:56:48.289+0000] {processor.py:183} INFO - Processing /home/airflow/.local/lib/python3.8/site-packages/airflow/example_dags/tutorial_objectstorage.py took 0.114 seconds
[2026-08-13T12:57:19.177+0000] {processor.py:161} INFO - Started process (PID=1344) to work on /home/airflow/.local/lib/python3.8/site-packages/airflow/example_dags/tutorial_objectstorage.py
[2026-08-13T12:57:19.179+0000] {processor.py:830} INFO - Processing file /home/airflow/.local/lib/python3.8/site-packages/airflow/example_dags/tutorial_objectstorage.py for tasks to queue
[2026-08-13T12:57:19.185+0000] {logging_mixin.py:188} INFO - [2026-08-13T12:57:19.184+0000] {dagbag.py:538} INFO - Filling up the DagBag from /home/airflow/.local/lib/python3.8/site-packages/airflow/example_dags/tutorial_objectstorage.py
[2026-08-13T12:57:19.200+0000] {processor.py:840} INFO - DAG(s) 'tutorial_objectstorage' retrieved from /home/airflow/.local/lib/python3.8/site-packages/airflow/example_dags/tutorial_objectstorage.py
[2026-08-13T12:57:19.235+0000] {logging_mixin.py:188} INFO - [2026-08-13T12:57:19.235+0000] {dag.py:3036} INFO - Sync 1 DAGs
[2026-08-13T12:57:19.258+0000] {logging_mixin.py:188} INFO - [2026-08-13T12:57:19.258+0000] {dag.py:3823} INFO - Setting next_dagrun for tutorial_objectstorage to None, run_after=None
[2026-08-13T12:57:19.294+0000] {processor.py:183} INFO - Processing /home/airflow/.local/lib/python3.8/site-packages/airflow/example_dags/tutorial_objectstorage.py took 0.123 seconds
