[2026-08-13T12:33:30.752+0000] {processor.py:161} INFO - Started process (PID=95) to work on /home/airflow/.local/lib/python3.8/site-packages/airflow/example_dags/tutorial_dag.py
[2026-08-13T12:33:30.767+0000] {processor.py:830} INFO - Processing file /home/airflow/.local/lib/python3.8/site-packages/airflow/example_dags/tutorial_dag.py for tasks to queue
[2026-08-13T12:33:30.796+0000] {logging_mixin.py:188} INFO - [2026-08-13T12:33:30.792+0000] {dagbag.py:538} INFO - Filling up the DagBag from /home/airflow/.local/lib/python3.8/site-packages/airflow/example_dags/tutorial_dag.py
[2026-08-13T12:33:30.882+0000] {processor.py:840} INFO - DAG(s) 'tutorial_dag' retrieved from /home/airflow/.local/lib/python3.8/site-packages/airflow/example_dags/tutorial_dag.py
[2026-08-13T12:33:31.356+0000] {logging_mixin.py:188} INFO - [2026-08-13T12:33:31.356+0000] {dag.py:3036} INFO - Sync 1 DAGs
[2026-08-13T12:33:31.444+0000] {logging_mixin.py:188} INFO - [2026-08-13T12:33:31.443+0000] {dag.py:3823} INFO - Setting next_dagrun for tutorial_dag to None, run_after=None
[2026-08-13T12:33:31.525+0000] {processor.py:183} INFO - Processing /home/airflow/.local/lib/python3.8/site-packages/airflow/example_dags/tutorial_dag.py took 0.842 seconds
[2026-08-13T12:34:01.589+0000] {processor.py:161} INFO - Started process (PID=150) to work on /home/airflow/.local/lib/python3.8/site-packages/airflow/example_dags/tutorial_dag.py
[2026-08-13T12:34:01.591+0000] {processor.py:830} INFO - Processing file /home/airflow/.local/lib/python3.8/site-packages/airflow/example_dags/tutorial_dag.py for tasks to queue
[2026-08-13T12:34:01.597+0000] {logging_mixin.py:188} INFO - [2026-08-13T12:34:01.597+0000] {dagbag.py:538} INFO - Filling up the DagBag from /home/airflow/.local/lib/python3.8/site-packages/airflow/example_dags/tutorial_dag.py
[2026-08-13T12:34:01.610+0000] {processor.py:840} INFO - DAG(s) 'tutorial_dag' retrieved from /home/airflow/.local/lib/python3.8/site-packages/airflow/example_dags/tutorial_dag.py
[2026-08-13T12:34:01.642+0000] {logging_mixin.py:188} INFO - [2026-08-13T12:34:01.642+0000] {dag.py:3036} INFO - Sync 1 DAGs
[2026-08-13T12:34:01.663+0000] {logging_mixin.py:188} INFO - [2026-08-13T12:34:01.663+0000] {dag.py:3823} INFO - Setting next_dagrun for tutorial_dag to None, run_after=None
[2026-08-13T12:34:01.693+0000] {processor.py:183} INFO - Processing /home/airflow/.local/lib/python3.8/site-packages/airflow/example_dags/tutorial_dag.py took 0.111 seconds
[2026-08-13T12:34:31.849+0000] {processor.py:161} INFO - Started process (PID=204) to work on /home/airflow/.local/lib/python3.8/site-packages/airflow/example_dags/tutorial_dag.py
[2026-08-13T12:34:31.851+0000] {processor.py:830} INFO - Processing file /home/airflow/.local/lib/python3.8/site-packages/airflow/example_dags/tutorial_dag.py for tasks to queue
[2026-08-13T12:34:31.855+0000] {logging_mixin.py:188} INFO - [2026-08-13T12:34:31.854+0000] {dagbag.py:538} INFO - Filling up the DagBag from /home/airflow/.local/lib/python3.8/site-packages/airflow/example_dags/tutorial_dag.py
[2026-08-13T12:34:31.864+0000] {processor.py:840} INFO - DAG(s) 'tutorial_dag' retrieved from /home/airflow/.local/lib/python3.8/site-packages/airflow/example_dags/tutorial_dag.py
[2026-08-13T12:34:31.914+0000] {logging_mixin.py:188} INFO - [2026-08-13T12:34:31.914+0000] {dag.py:3036} INFO - Sync 1 DAGs
[2026-08-13T12:34:31.939+0000] {logging_mixin.py:188} INFO - [2026-08-13T12:34:31.938+0000] {dag.py:3823} INFO - Setting next_dagrun for tutorial_dag to None, run_after=None
[2026-08-13T12:34:31.974+0000] {processor.py:183} INFO - Processing /home/airflow/.local/lib/python3.8/site-packages/airflow/example_dags/tutorial_dag.py took 0.130 seconds
[2026-08-13T12:35:02.117+0000] {processor.py:161} INFO - Started process (PID=259) to work on /home/airflow/.local/lib/python3.8/site-packages/airflow/example_dags/tutorial_dag.py
[2026-08-13T12:35:02.119+0000] {processor.py:830} INFO - Processing file /home/airflow/.local/lib/python3.8/site-packages/airflow/example_dags/tutorial_dag.py for tasks to queue
[2026-08-13T12:35:02.122+0000] {logging_mixin.py:188} INFO - [2026-08-13T12:35:02.122+0000] {dagbag.py:538} INFO - Filling up the DagBag from /home/airflow/.local/lib/python3.8/site-packages/airflow/example_dags/tutorial_dag.py
[2026-08-13T12:35:02.131+0000] {processor.py:840} INFO - DAG(s) 'tutorial_dag' retrieved from /home/airflow/.local/lib/python3.8/site-packages/airflow/example_dags/tutorial_dag.py
[2026-08-13T12:35:02.161+0000] {logging_mixin.py:188} INFO - [2026-08-13T12:35:02.161+0000] {dag.py:3036} INFO - Sync 1 DAGs
[2026-08-13T12:35:02.191+0000] {logging_mixin.py:188} INFO - [2026-08-13T12:35:02.190+0000] {dag.py:3823} INFO - Setting next_dagrun for tutorial_dag to None, run_after=None
[2026-08-13T12:35:02.228+0000] {processor.py:183} INFO - Processing /home/airflow/.local/lib/python3.8/site-packages/airflow/example_dags/tutorial_dag.py took 0.118 seconds
[2026-08-13T12:35:32.478+0000] {processor.py:161} INFO - Started process (PID=314) to work on /home/airflow/.local/lib/python3.8/site-packages/airflow/example_dags/tutorial_dag.py
[2026-08-13T12:35:32.481+0000] {processor.py:830} INFO - Processing file /home/airflow/.local/lib/python3.8/site-packages/airflow/example_dags/tutorial_dag.py for tasks to queue
[2026-08-13T12:35:32.484+0000] {logging_mixin.py:188} INFO - [2026-08-13T12:35:32.483+0000] {dagbag.py:538} INFO - Filling up the DagBag from /home/airflow/.local/lib/python3.8/site-packages/airflow/example_dags/tutorial_dag.py
[2026-08-13T12:35:32.492+0000] {processor.py:840} INFO - DAG(s) 'tutorial_dag' retrieved from /home/airflow/.local/lib/python3.8/site-packages/airflow/example_dags/tutorial_dag.py
[2026-08-13T12:35:32.537+0000] {logging_mixin.py:188} INFO - [2026-08-13T12:35:32.536+0000] {dag.py:3036} INFO - Sync 1 DAGs
[2026-08-13T12:35:32.563+0000] {logging_mixin.py:188} INFO - [2026-08-13T12:35:32.563+0000] {dag.py:3823} INFO - Setting next_dagrun for tutorial_dag to None, run_after=None
[2026-08-13T12:35:32.590+0000] {processor.py:183} INFO - Processing /home/airflow/.local/lib/python3.8/site-packages/airflow/example_dags/tutorial_dag.py took 0.116 seconds
[2026-08-13T12:36:02.730+0000] {processor.py:161} INFO - Started process (PID=369) to work on /home/airflow/.local/lib/python3.8/site-packages/airflow/example_dags/tutorial_dag.py
[2026-08-13T12:36:02.731+0000] {processor.py:830} INFO - Processing file /home/airflow/.local/lib/python3.8/site-packages/airflow/example_dags/tutorial_dag.py for tasks to queue
[2026-08-13T12:36:02.736+0000] {logging_mixin.py:188} INFO - [2026-08-13T12:36:02.735+0000] {dagbag.py:538} INFO - Filling up the DagBag from /home/airflow/.local/lib/python3.8/site-packages/airflow/example_dags/tutorial_dag.py
[2026-08-13T12:36:02.747+0000] {processor.py:840} INFO - DAG(s) 'tutorial_dag' retrieved from /home/airflow/.local/lib/python3.8/site-packages/airflow/example_dags/tutorial_dag.py
[2026-08-13T12:36:02.778+0000] {logging_mixin.py:188} INFO - [2026-08-13T12:36:02.778+0000] {dag.py:3036} INFO - Sync 1 DAGs
[2026-08-13T12:36:02.794+0000] {logging_mixin.py:188} INFO - [2026-08-13T12:36:02.793+0000] {dag.py:3823} INFO - Setting next_dagrun for tutorial_dag to None, run_after=None
[2026-08-13T12:36:02.823+0000] {processor.py:183} INFO - Processing /home/airflow/.local/lib/python3.8/site-packages/airflow/example_dags/tutorial_dag.py took 0.097 seconds
[2026-08-13T12:36:33.579+0000] {processor.py:161} INFO - Started process (PID=424) to work on /home/airflow/.local/lib/python3.8/site-packages/airflow/example_dags/tutorial_dag.py
[2026-08-13T12:36:33.591+0000] {processor.py:830} INFO - Processing file /home/airflow/.local/lib/python3.8/site-packages/airflow/example_dags/tutorial_dag.py for tasks to queue
[2026-08-13T12:36:33.618+0000] {logging_mixin.py:188} INFO - [2026-08-13T12:36:33.614+0000] {dagbag.py:538} INFO - Filling up the DagBag from /home/airflow/.local/lib/python3.8/site-packages/airflow/example_dags/tutorial_dag.py
[2026-08-13T12:36:33.649+0000] {processor.py:840} INFO - DAG(s) 'tutorial_dag' retrieved from /home/airflow/.local/lib/python3.8/site-packages/airflow/example_dags/tutorial_dag.py
[2026-08-13T12:36:33.786+0000] {logging_mixin.py:188} INFO - [2026-08-13T12:36:33.786+0000] {dag.py:3036} INFO - Sync 1 DAGs
[2026-08-13T12:36:33.814+0000] {logging_mixin.py:188} INFO - [2026-08-13T12:36:33.814+0000] {dag.py:3823} INFO - Setting next_dagrun for tutorial_dag to None, run_after=None
[2026-08-13T12:36:33.865+0000] {processor.py:183} INFO - Processing /home/airflow/.local/lib/python3.8/site-packages/airflow/example_dags/tutorial_dag.py took 0.387 seconds
[2026-08-13T12:41:47.224+0000] {processor.py:161} INFO - Started process (PID=123) to work on /home/airflow/.local/lib/python3.8/site-packages/airflow/example_dags/tutorial_dag.py
[2026-08-13T12:41:47.237+0000] {processor.py:830} INFO - Processing file /home/airflow/.local/lib/python3.8/site-packages/airflow/example_dags/tutorial_dag.py for tasks to queue
[2026-08-13T12:41:47.250+0000] {logging_mixin.py:188} INFO - [2026-08-13T12:41:47.249+0000] {dagbag.py:538} INFO - Filling up the DagBag from /home/airflow/.local/lib/python3.8/site-packages/airflow/example_dags/tutorial_dag.py
[2026-08-13T12:41:47.279+0000] {processor.py:840} INFO - DAG(s) 'tutorial_dag' retrieved from /home/airflow/.local/lib/python3.8/site-packages/airflow/example_dags/tutorial_dag.py
[2026-08-13T12:41:47.875+0000] {logging_mixin.py:188} INFO - [2026-08-13T12:41:47.874+0000] {dag.py:3036} INFO - Sync 1 DAGs
[2026-08-13T12:41:47.942+0000] {logging_mixin.py:188} INFO - [2026-08-13T12:41:47.941+0000] {dag.py:3823} INFO - Setting next_dagrun for tutorial_dag to None, run_after=None
[2026-08-13T12:41:48.051+0000] {processor.py:183} INFO - Processing /home/airflow/.local/lib/python3.8/site-packages/airflow/example_dags/tutorial_dag.py took 0.849 seconds
[2026-08-13T12:42:22.505+0000] {processor.py:161} INFO - Started process (PID=179) to work on /home/airflow/.local/lib/python3.8/site-packages/airflow/example_dags/tutorial_dag.py
[2026-08-13T12:42:22.510+0000] {processor.py:830} INFO - Processing file /home/airflow/.local/lib/python3.8/site-packages/airflow/example_dags/tutorial_dag.py for tasks to queue
[2026-08-13T12:42:22.534+0000] {logging_mixin.py:188} INFO - [2026-08-13T12:42:22.533+0000] {dagbag.py:538} INFO - Filling up the DagBag from /home/airflow/.local/lib/python3.8/site-packages/airflow/example_dags/tutorial_dag.py
[2026-08-13T12:42:22.581+0000] {processor.py:840} INFO - DAG(s) 'tutorial_dag' retrieved from /home/airflow/.local/lib/python3.8/site-packages/airflow/example_dags/tutorial_dag.py
[2026-08-13T12:42:22.874+0000] {logging_mixin.py:188} INFO - [2026-08-13T12:42:22.873+0000] {dag.py:3036} INFO - Sync 1 DAGs
[2026-08-13T12:42:23.023+0000] {logging_mixin.py:188} INFO - [2026-08-13T12:42:23.022+0000] {dag.py:3823} INFO - Setting next_dagrun for tutorial_dag to None, run_after=None
[2026-08-13T12:42:23.297+0000] {processor.py:183} INFO - Processing /home/airflow/.local/lib/python3.8/site-packages/airflow/example_dags/tutorial_dag.py took 0.828 seconds
[2026-08-13T12:45:44.375+0000] {processor.py:161} INFO - Started process (PID=105) to work on /home/airflow/.local/lib/python3.8/site-packages/airflow/example_dags/tutorial_dag.py
[2026-08-13T12:45:44.379+0000] {processor.py:830} INFO - Processing file /home/airflow/.local/lib/python3.8/site-packages/airflow/example_dags/tutorial_dag.py for tasks to queue
[2026-08-13T12:45:44.385+0000] {logging_mixin.py:188} INFO - [2026-08-13T12:45:44.384+0000] {dagbag.py:538} INFO - Filling up the DagBag from /home/airflow/.local/lib/python3.8/site-packages/airflow/example_dags/tutorial_dag.py
[2026-08-13T12:45:44.419+0000] {processor.py:840} INFO - DAG(s) 'tutorial_dag' retrieved from /home/airflow/.local/lib/python3.8/site-packages/airflow/example_dags/tutorial_dag.py
[2026-08-13T12:45:44.850+0000] {logging_mixin.py:188} INFO - [2026-08-13T12:45:44.849+0000] {dag.py:3036} INFO - Sync 1 DAGs
[2026-08-13T12:45:44.896+0000] {logging_mixin.py:188} INFO - [2026-08-13T12:45:44.895+0000] {dag.py:3823} INFO - Setting next_dagrun for tutorial_dag to None, run_after=None
[2026-08-13T12:45:44.963+0000] {processor.py:183} INFO - Processing /home/airflow/.local/lib/python3.8/site-packages/airflow/example_dags/tutorial_dag.py took 0.604 seconds
[2026-08-13T12:46:16.641+0000] {processor.py:161} INFO - Started process (PID=160) to work on /home/airflow/.local/lib/python3.8/site-packages/airflow/example_dags/tutorial_dag.py
[2026-08-13T12:46:16.645+0000] {processor.py:830} INFO - Processing file /home/airflow/.local/lib/python3.8/site-packages/airflow/example_dags/tutorial_dag.py for tasks to queue
[2026-08-13T12:46:16.653+0000] {logging_mixin.py:188} INFO - [2026-08-13T12:46:16.651+0000] {dagbag.py:538} INFO - Filling up the DagBag from /home/airflow/.local/lib/python3.8/site-packages/airflow/example_dags/tutorial_dag.py
[2026-08-13T12:46:16.669+0000] {processor.py:840} INFO - DAG(s) 'tutorial_dag' retrieved from /home/airflow/.local/lib/python3.8/site-packages/airflow/example_dags/tutorial_dag.py
[2026-08-13T12:46:16.747+0000] {logging_mixin.py:188} INFO - [2026-08-13T12:46:16.746+0000] {dag.py:3036} INFO - Sync 1 DAGs
[2026-08-13T12:46:16.822+0000] {logging_mixin.py:188} INFO - [2026-08-13T12:46:16.819+0000] {dag.py:3823} INFO - Setting next_dagrun for tutorial_dag to None, run_after=None
[2026-08-13T12:46:16.904+0000] {processor.py:183} INFO - Processing /home/airflow/.local/lib/python3.8/site-packages/airflow/example_dags/tutorial_dag.py took 0.271 seconds
[2026-08-13T12:46:48.423+0000] {processor.py:161} INFO - Started process (PID=215) to work on /home/airflow/.local/lib/python3.8/site-packages/airflow/example_dags/tutorial_dag.py
[2026-08-13T12:46:48.426+0000] {processor.py:830} INFO - Processing file /home/airflow/.local/lib/python3.8/site-packages/airflow/example_dags/tutorial_dag.py for tasks to queue
[2026-08-13T12:46:48.429+0000] {logging_mixin.py:188} INFO - [2026-08-13T12:46:48.429+0000] {dagbag.py:538} INFO - Filling up the DagBag from /home/airflow/.local/lib/python3.8/site-packages/airflow/example_dags/tutorial_dag.py
[2026-08-13T12:46:48.442+0000] {processor.py:840} INFO - DAG(s) 'tutorial_dag' retrieved from /home/airflow/.local/lib/python3.8/site-packages/airflow/example_dags/tutorial_dag.py
[2026-08-13T12:46:48.479+0000] {logging_mixin.py:188} INFO - [2026-08-13T12:46:48.478+0000] {dag.py:3036} INFO - Sync 1 DAGs
[2026-08-13T12:46:48.506+0000] {logging_mixin.py:188} INFO - [2026-08-13T12:46:48.505+0000] {dag.py:3823} INFO - Setting next_dagrun for tutorial_dag to None, run_after=None
[2026-08-13T12:46:48.550+0000] {processor.py:183} INFO - Processing /home/airflow/.local/lib/python3.8/site-packages/airflow/example_dags/tutorial_dag.py took 0.135 seconds
[2026-08-13T12:47:19.188+0000] {processor.py:161} INFO - Started process (PID=268) to work on /home/airflow/.local/lib/python3.8/site-packages/airflow/example_dags/tutorial_dag.py
[2026-08-13T12:47:19.191+0000] {processor.py:830} INFO - Processing file /home/airflow/.local/lib/python3.8/site-packages/airflow/example_dags/tutorial_dag.py for tasks to queue
[2026-08-13T12:47:19.197+0000] {logging_mixin.py:188} INFO - [2026-08-13T12:47:19.196+0000] {dagbag.py:538} INFO - Filling up the DagBag from /home/airflow/.local/lib/python3.8/site-packages/airflow/example_dags/tutorial_dag.py
[2026-08-13T12:47:19.206+0000] {processor.py:840} INFO - DAG(s) 'tutorial_dag' retrieved from /home/airflow/.local/lib/python3.8/site-packages/airflow/example_dags/tutorial_dag.py
[2026-08-13T12:47:19.246+0000] {logging_mixin.py:188} INFO - [2026-08-13T12:47:19.246+0000] {dag.py:3036} INFO - Sync 1 DAGs
[2026-08-13T12:47:19.267+0000] {logging_mixin.py:188} INFO - [2026-08-13T12:47:19.266+0000] {dag.py:3823} INFO - Setting next_dagrun for tutorial_dag to None, run_after=None
[2026-08-13T12:47:19.309+0000] {processor.py:183} INFO - Processing /home/airflow/.local/lib/python3.8/site-packages/airflow/example_dags/tutorial_dag.py took 0.126 seconds
[2026-08-13T12:47:49.638+0000] {processor.py:161} INFO - Started process (PID=323) to work on /home/airflow/.local/lib/python3.8/site-packages/airflow/example_dags/tutorial_dag.py
[2026-08-13T12:47:49.661+0000] {processor.py:830} INFO - Processing file /home/airflow/.local/lib/python3.8/site-packages/airflow/example_dags/tutorial_dag.py for tasks to queue
[2026-08-13T12:47:49.690+0000] {logging_mixin.py:188} INFO - [2026-08-13T12:47:49.687+0000] {dagbag.py:538} INFO - Filling up the DagBag from /home/airflow/.local/lib/python3.8/site-packages/airflow/example_dags/tutorial_dag.py
[2026-08-13T12:47:49.801+0000] {processor.py:840} INFO - DAG(s) 'tutorial_dag' retrieved from /home/airflow/.local/lib/python3.8/site-packages/airflow/example_dags/tutorial_dag.py
[2026-08-13T12:47:50.134+0000] {logging_mixin.py:188} INFO - [2026-08-13T12:47:50.133+0000] {dag.py:3036} INFO - Sync 1 DAGs
[2026-08-13T12:47:50.255+0000] {logging_mixin.py:188} INFO - [2026-08-13T12:47:50.255+0000] {dag.py:3823} INFO - Setting next_dagrun for tutorial_dag to None, run_after=None
[2026-08-13T12:47:50.398+0000] {processor.py:183} INFO - Processing /home/airflow/.local/lib/python3.8/site-packages/airflow/example_dags/tutorial_dag.py took 0.788 seconds
[2026-08-13T12:48:20.654+0000] {processor.py:161} INFO - Started process (PID=377) to work on /home/airflow/.local/lib/python3.8/site-packages/airflow/example_dags/tutorial_dag.py
[2026-08-13T12:48:20.660+0000] {processor.py:830} INFO - Processing file /home/airflow/.local/lib/python3.8/site-packages/airflow/example_dags/tutorial_dag.py for tasks to queue
[2026-08-13T12:48:20.663+0000] {logging_mixin.py:188} INFO - [2026-08-13T12:48:20.663+0000] {dagbag.py:538} INFO - Filling up the DagBag from /home/airflow/.local/lib/python3.8/site-packages/airflow/example_dags/tutorial_dag.py
[2026-08-13T12:48:20.675+0000] {processor.py:840} INFO - DAG(s) 'tutorial_dag' retrieved from /home/airflow/.local/lib/python3.8/site-packages/airflow/example_dags/tutorial_dag.py
[2026-08-13T12:48:20.712+0000] {logging_mixin.py:188} INFO - [2026-08-13T12:48:20.711+0000] {dag.py:3036} INFO - Sync 1 DAGs
[2026-08-13T12:48:20.730+0000] {logging_mixin.py:188} INFO - [2026-08-13T12:48:20.730+0000] {dag.py:3823} INFO - Setting next_dagrun for tutorial_dag to None, run_after=None
[2026-08-13T12:48:20.770+0000] {processor.py:183} INFO - Processing /home/airflow/.local/lib/python3.8/site-packages/airflow/example_dags/tutorial_dag.py took 0.123 seconds
[2026-08-13T12:48:51.583+0000] {processor.py:161} INFO - Started process (PID=433) to work on /home/airflow/.local/lib/python3.8/site-packages/airflow/example_dags/tutorial_dag.py
[2026-08-13T12:48:51.585+0000] {processor.py:830} INFO - Processing file /home/airflow/.local/lib/python3.8/site-packages/airflow/example_dags/tutorial_dag.py for tasks to queue
[2026-08-13T12:48:51.588+0000] {logging_mixin.py:188} INFO - [2026-08-13T12:48:51.587+0000] {dagbag.py:538} INFO - Filling up the DagBag from /home/airflow/.local/lib/python3.8/site-packages/airflow/example_dags/tutorial_dag.py
[2026-08-13T12:48:51.597+0000] {processor.py:840} INFO - DAG(s) 'tutorial_dag' retrieved from /home/airflow/.local/lib/python3.8/site-packages/airflow/example_dags/tutorial_dag.py
[2026-08-13T12:48:51.632+0000] {logging_mixin.py:188} INFO - [2026-08-13T12:48:51.631+0000] {dag.py:3036} INFO - Sync 1 DAGs
[2026-08-13T12:48:51.651+0000] {logging_mixin.py:188} INFO - [2026-08-13T12:48:51.651+0000] {dag.py:3823} INFO - Setting next_dagrun for tutorial_dag to None, run_after=None
[2026-08-13T12:48:51.692+0000] {processor.py:183} INFO - Processing /home/airflow/.local/lib/python3.8/site-packages/airflow/example_dags/tutorial_dag.py took 0.115 seconds
[2026-08-13T12:49:21.942+0000] {processor.py:161} INFO - Started process (PID=488) to work on /home/airflow/.local/lib/python3.8/site-packages/airflow/example_dags/tutorial_dag.py
[2026-08-13T12:49:21.945+0000] {processor.py:830} INFO - Processing file /home/airflow/.local/lib/python3.8/site-packages/airflow/example_dags/tutorial_dag.py for tasks to queue
[2026-08-13T12:49:21.950+0000] {logging_mixin.py:188} INFO - [2026-08-13T12:49:21.949+0000] {dagbag.py:538} INFO - Filling up the DagBag from /home/airflow/.local/lib/python3.8/site-packages/airflow/example_dags/tutorial_dag.py
[2026-08-13T12:49:21.962+0000] {processor.py:840} INFO - DAG(s) 'tutorial_dag' retrieved from /home/airflow/.local/lib/python3.8/site-packages/airflow/example_dags/tutorial_dag.py
[2026-08-13T12:49:22.011+0000] {logging_mixin.py:188} INFO - [2026-08-13T12:49:22.011+0000] {dag.py:3036} INFO - Sync 1 DAGs
[2026-08-13T12:49:22.041+0000] {logging_mixin.py:188} INFO - [2026-08-13T12:49:22.039+0000] {dag.py:3823} INFO - Setting next_dagrun for tutorial_dag to None, run_after=None
[2026-08-13T12:49:22.079+0000] {processor.py:183} INFO - Processing /home/airflow/.local/lib/python3.8/site-packages/airflow/example_dags/tutorial_dag.py took 0.145 seconds
[2026-08-13T12:49:52.712+0000] {processor.py:161} INFO - Started process (PID=543) to work on /home/airflow/.local/lib/python3.8/site-packages/airflow/example_dags/tutorial_dag.py
[2026-08-13T12:49:52.716+0000] {processor.py:830} INFO - Processing file /home/airflow/.local/lib/python3.8/site-packages/airflow/example_dags/tutorial_dag.py for tasks to queue
[2026-08-13T12:49:52.726+0000] {logging_mixin.py:188} INFO - [2026-08-13T12:49:52.725+0000] {dagbag.py:538} INFO - Filling up the DagBag from /home/airflow/.local/lib/python3.8/site-packages/airflow/example_dags/tutorial_dag.py
[2026-08-13T12:49:52.749+0000] {processor.py:840} INFO - DAG(s) 'tutorial_dag' retrieved from /home/airflow/.local/lib/python3.8/site-packages/airflow/example_dags/tutorial_dag.py
[2026-08-13T12:49:52.871+0000] {logging_mixin.py:188} INFO - [2026-08-13T12:49:52.871+0000] {dag.py:3036} INFO - Sync 1 DAGs
[2026-08-13T12:49:52.945+0000] {logging_mixin.py:188} INFO - [2026-08-13T12:49:52.945+0000] {dag.py:3823} INFO - Setting next_dagrun for tutorial_dag to None, run_after=None
[2026-08-13T12:49:53.061+0000] {processor.py:183} INFO - Processing /home/airflow/.local/lib/python3.8/site-packages/airflow/example_dags/tutorial_dag.py took 0.358 seconds
[2026-08-13T12:50:23.481+0000] {processor.py:161} INFO - Started process (PID=598) to work on /home/airflow/.local/lib/python3.8/site-packages/airflow/example_dags/tutorial_dag.py
[2026-08-13T12:50:23.483+0000] {processor.py:830} INFO - Processing file /home/airflow/.local/lib/python3.8/site-packages/airflow/example_dags/tutorial_dag.py for tasks to queue
[2026-08-13T12:50:23.487+0000] {logging_mixin.py:188} INFO - [2026-08-13T12:50:23.487+0000] {dagbag.py:538} INFO - Filling up the DagBag from /home/airflow/.local/lib/python3.8/site-packages/airflow/example_dags/tutorial_dag.py
[2026-08-13T12:50:23.497+0000] {processor.py:840} INFO - DAG(s) 'tutorial_dag' retrieved from /home/airflow/.local/lib/python3.8/site-packages/airflow/example_dags/tutorial_dag.py
[2026-08-13T12:50:23.534+0000] {logging_mixin.py:188} INFO - [2026-08-13T12:50:23.534+0000] {dag.py:3036} INFO - Sync 1 DAGs
[2026-08-13T12:50:23.554+0000] {logging_mixin.py:188} INFO - [2026-08-13T12:50:23.554+0000] {dag.py:3823} INFO - Setting next_dagrun for tutorial_dag to None, run_after=None
[2026-08-13T12:50:23.594+0000] {processor.py:183} INFO - Processing /home/airflow/.local/lib/python3.8/site-packages/airflow/example_dags/tutorial_dag.py took 0.119 seconds
[2026-08-13T12:50:53.649+0000] {processor.py:161} INFO - Started process (PID=653) to work on /home/airflow/.local/lib/python3.8/site-packages/airflow/example_dags/tutorial_dag.py
[2026-08-13T12:50:53.651+0000] {processor.py:830} INFO - Processing file /home/airflow/.local/lib/python3.8/site-packages/airflow/example_dags/tutorial_dag.py for tasks to queue
[2026-08-13T12:50:53.654+0000] {logging_mixin.py:188} INFO - [2026-08-13T12:50:53.653+0000] {dagbag.py:538} INFO - Filling up the DagBag from /home/airflow/.local/lib/python3.8/site-packages/airflow/example_dags/tutorial_dag.py
[2026-08-13T12:50:53.662+0000] {processor.py:840} INFO - DAG(s) 'tutorial_dag' retrieved from /home/airflow/.local/lib/python3.8/site-packages/airflow/example_dags/tutorial_dag.py
[2026-08-13T12:50:53.693+0000] {logging_mixin.py:188} INFO - [2026-08-13T12:50:53.693+0000] {dag.py:3036} INFO - Sync 1 DAGs
[2026-08-13T12:50:53.711+0000] {logging_mixin.py:188} INFO - [2026-08-13T12:50:53.711+0000] {dag.py:3823} INFO - Setting next_dagrun for tutorial_dag to None, run_after=None
[2026-08-13T12:50:53.741+0000] {processor.py:183} INFO - Processing /home/airflow/.local/lib/python3.8/site-packages/airflow/example_dags/tutorial_dag.py took 0.096 seconds
[2026-08-13T12:51:24.516+0000] {processor.py:161} INFO - Started process (PID=708) to work on /home/airflow/.local/lib/python3.8/site-packages/airflow/example_dags/tutorial_dag.py
[2026-08-13T12:51:24.526+0000] {processor.py:830} INFO - Processing file /home/airflow/.local/lib/python3.8/site-packages/airflow/example_dags/tutorial_dag.py for tasks to queue
[2026-08-13T12:51:24.530+0000] {logging_mixin.py:188} INFO - [2026-08-13T12:51:24.529+0000] {dagbag.py:538} INFO - Filling up the DagBag from /home/airflow/.local/lib/python3.8/site-packages/airflow/example_dags/tutorial_dag.py
[2026-08-13T12:51:24.540+0000] {processor.py:840} INFO - DAG(s) 'tutorial_dag' retrieved from /home/airflow/.local/lib/python3.8/site-packages/airflow/example_dags/tutorial_dag.py
[2026-08-13T12:51:24.579+0000] {logging_mixin.py:188} INFO - [2026-08-13T12:51:24.579+0000] {dag.py:3036} INFO - Sync 1 DAGs
[2026-08-13T12:51:24.608+0000] {logging_mixin.py:188} INFO - [2026-08-13T12:51:24.607+0000] {dag.py:3823} INFO - Setting next_dagrun for tutorial_dag to None, run_after=None
[2026-08-13T12:51:24.642+0000] {processor.py:183} INFO - Processing /home/airflow/.local/lib/python3.8/site-packages/airflow/example_dags/tutorial_dag.py took 0.137 seconds
[2026-08-13T12:51:55.709+0000] {processor.py:161} INFO - Started process (PID=762) to work on /home/airflow/.local/lib/python3.8/site-packages/airflow/example_dags/tutorial_dag.py
[2026-08-13T12:51:55.713+0000] {processor.py:830} INFO - Processing file /home/airflow/.local/lib/python3.8/site-packages/airflow/example_dags/tutorial_dag.py for tasks to queue
[2026-08-13T12:51:55.719+0000] {logging_mixin.py:188} INFO - [2026-08-13T12:51:55.718+0000] {dagbag.py:538} INFO - Filling up the DagBag from /home/airflow/.local/lib/python3.8/site-packages/airflow/example_dags/tutorial_dag.py
[2026-08-13T12:51:55.739+0000] {processor.py:840} INFO - DAG(s) 'tutorial_dag' retrieved from /home/airflow/.local/lib/python3.8/site-packages/airflow/example_dags/tutorial_dag.py
[2026-08-13T12:51:55.811+0000] {logging_mixin.py:188} INFO - [2026-08-13T12:51:55.810+0000] {dag.py:3036} INFO - Sync 1 DAGs
[2026-08-13T12:51:55.860+0000] {logging_mixin.py:188} INFO - [2026-08-13T12:51:55.859+0000] {dag.py:3823} INFO - Setting next_dagrun for tutorial_dag to None, run_after=None
[2026-08-13T12:51:55.940+0000] {processor.py:183} INFO - Processing /home/airflow/.local/lib/python3.8/site-packages/airflow/example_dags/tutorial_dag.py took 0.244 seconds
[2026-08-13T12:52:27.063+0000] {processor.py:161} INFO - Started process (PID=816) to work on /home/airflow/.local/lib/python3.8/site-packages/airflow/example_dags/tutorial_dag.py
[2026-08-13T12:52:27.078+0000] {processor.py:830} INFO - Processing file /home/airflow/.local/lib/python3.8/site-packages/airflow/example_dags/tutorial_dag.py for tasks to queue
[2026-08-13T12:52:27.093+0000] {logging_mixin.py:188} INFO - [2026-08-13T12:52:27.092+0000] {dagbag.py:538} INFO - Filling up the DagBag from /home/airflow/.local/lib/python3.8/site-packages/airflow/example_dags/tutorial_dag.py
[2026-08-13T12:52:27.141+0000] {processor.py:840} INFO - DAG(s) 'tutorial_dag' retrieved from /home/airflow/.local/lib/python3.8/site-packages/airflow/example_dags/tutorial_dag.py
[2026-08-13T12:52:27.287+0000] {logging_mixin.py:188} INFO - [2026-08-13T12:52:27.286+0000] {dag.py:3036} INFO - Sync 1 DAGs
[2026-08-13T12:52:27.382+0000] {logging_mixin.py:188} INFO - [2026-08-13T12:52:27.382+0000] {dag.py:3823} INFO - Setting next_dagrun for tutorial_dag to None, run_after=None
[2026-08-13T12:52:27.546+0000] {processor.py:183} INFO - Processing /home/airflow/.local/lib/python3.8/site-packages/airflow/example_dags/tutorial_dag.py took 0.499 seconds
[2026-08-13T12:52:57.797+0000] {processor.py:161} INFO - Started process (PID=871) to work on /home/airflow/.local/lib/python3.8/site-packages/airflow/example_dags/tutorial_dag.py
[2026-08-13T12:52:57.801+0000] {processor.py:830} INFO - Processing file /home/airflow/.local/lib/python3.8/site-packages/airflow/example_dags/tutorial_dag.py for tasks to queue
[2026-08-13T12:52:57.805+0000] {logging_mixin.py:188} INFO - [2026-08-13T12:52:57.805+0000] {dagbag.py:538} INFO - Filling up the DagBag from /home/airflow/.local/lib/python3.8/site-packages/airflow/example_dags/tutorial_dag.py
[2026-08-13T12:52:57.817+0000] {processor.py:840} INFO - DAG(s) 'tutorial_dag' retrieved from /home/airflow/.local/lib/python3.8/site-packages/airflow/example_dags/tutorial_dag.py
[2026-08-13T12:52:57.861+0000] {logging_mixin.py:188} INFO - [2026-08-13T12:52:57.860+0000] {dag.py:3036} INFO - Sync 1 DAGs
[2026-08-13T12:52:57.876+0000] {logging_mixin.py:188} INFO - [2026-08-13T12:52:57.875+0000] {dag.py:3823} INFO - Setting next_dagrun for tutorial_dag to None, run_after=None
[2026-08-13T12:52:57.900+0000] {processor.py:183} INFO - Processing /home/airflow/.local/lib/python3.8/site-packages/airflow/example_dags/tutorial_dag.py took 0.108 seconds
[2026-08-13T12:53:28.599+0000] {processor.py:161} INFO - Started process (PID=926) to work on /home/airflow/.local/lib/python3.8/site-packages/airflow/example_dags/tutorial_dag.py
[2026-08-13T12:53:28.601+0000] {processor.py:830} INFO - Processing file /home/airflow/.local/lib/python3.8/site-packages/airflow/example_dags/tutorial_dag.py for tasks to queue
[2026-08-13T12:53:28.605+0000] {logging_mixin.py:188} INFO - [2026-08-13T12:53:28.604+0000] {dagbag.py:538} INFO - Filling up the DagBag from /home/airflow/.local/lib/python3.8/site-packages/airflow/example_dags/tutorial_dag.py
[2026-08-13T12:53:28.618+0000] {processor.py:840} INFO - DAG(s) 'tutorial_dag' retrieved from /home/airflow/.local/lib/python3.8/site-packages/airflow/example_dags/tutorial_dag.py
[2026-08-13T12:53:28.663+0000] {logging_mixin.py:188} INFO - [2026-08-13T12:53:28.661+0000] {dag.py:3036} INFO - Sync 1 DAGs
[2026-08-13T12:53:28.699+0000] {logging_mixin.py:188} INFO - [2026-08-13T12:53:28.698+0000] {dag.py:3823} INFO - Setting next_dagrun for tutorial_dag to None, run_after=None
[2026-08-13T12:53:28.744+0000] {processor.py:183} INFO - Processing /home/airflow/.local/lib/python3.8/site-packages/airflow/example_dags/tutorial_dag.py took 0.152 seconds
[2026-08-13T12:53:59.406+0000] {processor.py:161} INFO - Started process (PID=981) to work on /home/airflow/.local/lib/python3.8/site-packages/airflow/example_dags/tutorial_dag.py
[2026-08-13T12:53:59.408+0000] {processor.py:830} INFO - Processing file /home/airflow/.local/lib/python3.8/site-packages/airflow/example_dags/tutorial_dag.py for tasks to queue
[2026-08-13T12:53:59.410+0000] {logging_mixin.py:188} INFO - [2026-08-13T12:53:59.410+0000] {dagbag.py:538} INFO - Filling up the DagBag from /home/airflow/.local/lib/python3.8/site-packages/airflow/example_dags/tutorial_dag.py
[2026-08-13T12:53:59.420+0000] {processor.py:840} INFO - DAG(s) 'tutorial_dag' retrieved from /home/airflow/.local/lib/python3.8/site-packages/airflow/example_dags/tutorial_dag.py
[2026-08-13T12:53:59.455+0000] {logging_mixin.py:188} INFO - [2026-08-13T12:53:59.454+0000] {dag.py:3036} INFO - Sync 1 DAGs
[2026-08-13T12:53:59.475+0000] {logging_mixin.py:188} INFO - [2026-08-13T12:53:59.474+0000] {dag.py:3823} INFO - Setting next_dagrun for tutorial_dag to None, run_after=None
[2026-08-13T12:53:59.509+0000] {processor.py:183} INFO - Processing /home/airflow/.local/lib/python3.8/site-packages/airflow/example_dags/tutorial_dag.py took 0.108 seconds
[2026-08-13T12:54:30.471+0000] {processor.py:161} INFO - Started process (PID=1036) to work on /home/airflow/.local/lib/python3.8/site-packages/airflow/example_dags/tutorial_dag.py
[2026-08-13T12:54:30.475+0000] {processor.py:830} INFO - Processing file /home/airflow/.local/lib/python3.8/site-packages/airflow/example_dags/tutorial_dag.py for tasks to queue
[2026-08-13T12:54:30.479+0000] {logging_mixin.py:188} INFO - [2026-08-13T12:54:30.478+0000] {dagbag.py:538} INFO - Filling up the DagBag from /home/airflow/.local/lib/python3.8/site-packages/airflow/example_dags/tutorial_dag.py
[2026-08-13T12:54:30.486+0000] {processor.py:840} INFO - DAG(s) 'tutorial_dag' retrieved from /home/airflow/.local/lib/python3.8/site-packages/airflow/example_dags/tutorial_dag.py
[2026-08-13T12:54:30.539+0000] {logging_mixin.py:188} INFO - [2026-08-13T12:54:30.539+0000] {dag.py:3036} INFO - Sync 1 DAGs
[2026-08-13T12:54:30.567+0000] {logging_mixin.py:188} INFO - [2026-08-13T12:54:30.566+0000] {dag.py:3823} INFO - Setting next_dagrun for tutorial_dag to None, run_after=None
[2026-08-13T12:54:30.618+0000] {processor.py:183} INFO - Processing /home/airflow/.local/lib/python3.8/site-packages/airflow/example_dags/tutorial_dag.py took 0.157 seconds
[2026-08-13T12:55:00.709+0000] {processor.py:161} INFO - Started process (PID=1091) to work on /home/airflow/.local/lib/python3.8/site-packages/airflow/example_dags/tutorial_dag.py
[2026-08-13T12:55:00.711+0000] {processor.py:830} INFO - Processing file /home/airflow/.local/lib/python3.8/site-packages/airflow/example_dags/tutorial_dag.py for tasks to queue
[2026-08-13T12:55:00.716+0000] {logging_mixin.py:188} INFO - [2026-08-13T12:55:00.716+0000] {dagbag.py:538} INFO - Filling up the DagBag from /home/airflow/.local/lib/python3.8/site-packages/airflow/example_dags/tutorial_dag.py
[2026-08-13T12:55:00.729+0000] {processor.py:840} INFO - DAG(s) 'tutorial_dag' retrieved from /home/airflow/.local/lib/python3.8/site-packages/airflow/example_dags/tutorial_dag.py
[2026-08-13T12:55:00.776+0000] {logging_mixin.py:188} INFO - [2026-08-13T12:55:00.776+0000] {dag.py:3036} INFO - Sync 1 DAGs
[2026-08-13T12:55:00.796+0000] {logging_mixin.py:188} INFO - [2026-08-13T12:55:00.795+0000] {dag.py:3823} INFO - Setting next_dagrun for tutorial_dag to None, run_after=None
[2026-08-13T12:55:00.839+0000] {processor.py:183} INFO - Processing /home/airflow/.local/lib/python3.8/site-packages/airflow/example_dags/tutorial_dag.py took 0.138 seconds
[2026-08-13T12:55:31.056+0000] {processor.py:161} INFO - Started process (PID=1146) to work on /home/airflow/.local/lib/python3.8/site-packages/airflow/example_dags/tutorial_dag.py
[2026-08-13T12:55:31.058+0000] {processor.py:830} INFO - Processing file /home/airflow/.local/lib/python3.8/site-packages/airflow/example_dags/tutorial_dag.py for tasks to queue
[2026-08-13T12:55:31.063+0000] {logging_mixin.py:188} INFO - [2026-08-13T12:55:31.062+0000] {dagbag.py:538} INFO - Filling up the DagBag from /home/airflow/.local/lib/python3.8/site-packages/airflow/example_dags/tutorial_dag.py
[2026-08-13T12:55:31.076+0000] {processor.py:840} INFO - DAG(s) 'tutorial_dag' retrieved from /home/airflow/.local/lib/python3.8/site-packages/airflow/example_dags/tutorial_dag.py
[2026-08-13T12:55:31.107+0000] {logging_mixin.py:188} INFO - [2026-08-13T12:55:31.106+0000] {dag.py:3036} INFO - Sync 1 DAGs
[2026-08-13T12:55:31.126+0000] {logging_mixin.py:188} INFO - [2026-08-13T12:55:31.126+0000] {dag.py:3823} INFO - Setting next_dagrun for tutorial_dag to None, run_after=None
[2026-08-13T12:55:31.167+0000] {processor.py:183} INFO - Processing /home/airflow/.local/lib/python3.8/site-packages/airflow/example_dags/tutorial_dag.py took 0.116 seconds
[2026-08-13T12:56:01.823+0000] {processor.py:161} INFO - Started process (PID=1201) to work on /home/airflow/.local/lib/python3.8/site-packages/airflow/example_dags/tutorial_dag.py
[2026-08-13T12:56:01.825+0000] {processor.py:830} INFO - Processing file /home/airflow/.local/lib/python3.8/site-packages/airflow/example_dags/tutorial_dag.py for tasks to queue
[2026-08-13T12:56:01.828+0000] {logging_mixin.py:188} INFO - [2026-08-13T12:56:01.827+0000] {dagbag.py:538} INFO - Filling up the DagBag from /home/airflow/.local/lib/python3.8/site-packages/airflow/example_dags/tutorial_dag.py
[2026-08-13T12:56:01.836+0000] {processor.py:840} INFO - DAG(s) 'tutorial_dag' retrieved from /home/airflow/.local/lib/python3.8/site-packages/airflow/example_dags/tutorial_dag.py
[2026-08-13T12:56:01.873+0000] {logging_mixin.py:188} INFO - [2026-08-13T12:56:01.872+0000] {dag.py:3036} INFO - Sync 1 DAGs
[2026-08-13T12:56:01.894+0000] {logging_mixin.py:188} INFO - [2026-08-13T12:56:01.894+0000] {dag.py:3823} INFO - Setting next_dagrun for tutorial_dag to None, run_after=None
[2026-08-13T12:56:01.937+0000] {processor.py:183} INFO - Processing /home/airflow/.local/lib/python3.8/site-packages/airflow/example_dags/tutorial_dag.py took 0.119 seconds
[2026-08-13T12:56:32.135+0000] {processor.py:161} INFO - Started process (PID=1256) to work on /home/airflow/.local/lib/python3.8/site-packages/airflow/example_dags/tutorial_dag.py
[2026-08-13T12:56:32.137+0000] {processor.py:830} INFO - Processing file /home/airflow/.local/lib/python3.8/site-packages/airflow/example_dags/tutorial_dag.py for tasks to queue
[2026-08-13T12:56:32.139+0000] {logging_mixin.py:188} INFO - [2026-08-13T12:56:32.139+0000] {dagbag.py:538} INFO - Filling up the DagBag from /home/airflow/.local/lib/python3.8/site-packages/airflow/example_dags/tutorial_dag.py
[2026-08-13T12:56:32.149+0000] {processor.py:840} INFO - DAG(s) 'tutorial_dag' retrieved from /home/airflow/.local/lib/python3.8/site-packages/airflow/example_dags/tutorial_dag.py
[2026-08-13T12:56:32.179+0000] {logging_mixin.py:188} INFO - [2026-08-13T12:56:32.179+0000] {dag.py:3036} INFO - Sync 1 DAGs
[2026-08-13T12:56:32.194+0000] {logging_mixin.py:188} INFO - [2026-08-13T12:56:32.193+0000] {dag.py:3823} INFO - Setting next_dagrun for tutorial_dag to None, run_after=None
[2026-08-13T12:56:32.239+0000] {processor.py:183} INFO - Processing /home/airflow/.local/lib/python3.8/site-packages/airflow/example_dags/tutorial_dag.py took 0.110 seconds
[2026-08-13T12:57:03.242+0000] {processor.py:161} INFO - Started process (PID=1311) to work on /home/airflow/.local/lib/python3.8/site-packages/airflow/example_dags/tutorial_dag.py
[2026-08-13T12:57:03.244+0000] {processor.py:830} INFO - Processing file /home/airflow/.local/lib/python3.8/site-packages/airflow/example_dags/tutorial_dag.py for tasks to queue
[2026-08-13T12:57:03.247+0000] {logging_mixin.py:188} INFO - [2026-08-13T12:57:03.247+0000] {dagbag.py:538} INFO - Filling up the DagBag from /home/airflow/.local/lib/python3.8/site-packages/airflow/example_dags/tutorial_dag.py
[2026-08-13T12:57:03.254+0000] {processor.py:840} INFO - DAG(s) 'tutorial_dag' retrieved from /home/airflow/.local/lib/python3.8/site-packages/airflow/example_dags/tutorial_dag.py
[2026-08-13T12:57:03.290+0000] {logging_mixin.py:188} INFO - [2026-08-13T12:57:03.290+0000] {dag.py:3036} INFO - Sync 1 DAGs
[2026-08-13T12:57:03.307+0000] {logging_mixin.py:188} INFO - [2026-08-13T12:57:03.306+0000] {dag.py:3823} INFO - Setting next_dagrun for tutorial_dag to None, run_after=None
[2026-08-13T12:57:03.334+0000] {processor.py:183} INFO - Processing /home/airflow/.local/lib/python3.8/site-packages/airflow/example_dags/tutorial_dag.py took 0.097 seconds
