[2026-08-13T12:33:24.224+0000] {processor.py:161} INFO - Started process (PID=85) to work on /home/airflow/.local/lib/python3.8/site-packages/airflow/example_dags/tutorial.py
[2026-08-13T12:33:24.229+0000] {processor.py:830} INFO - Processing file /home/airflow/.local/lib/python3.8/site-packages/airflow/example_dags/tutorial.py for tasks to queue
[2026-08-13T12:33:24.236+0000] {logging_mixin.py:188} INFO - [2026-08-13T12:33:24.235+0000] {dagbag.py:538} INFO - Filling up the DagBag from /home/airflow/.local/lib/python3.8/site-packages/airflow/example_dags/tutorial.py
[2026-08-13T12:33:24.268+0000] {processor.py:840} INFO - DAG(s) 'tutorial' retrieved from /home/airflow/.local/lib/python3.8/site-packages/airflow/example_dags/tutorial.py
[2026-08-13T12:33:24.861+0000] {logging_mixin.py:188} INFO - [2026-08-13T12:33:24.861+0000] {dag.py:3036} INFO - Sync 1 DAGs
[2026-08-13T12:33:24.933+0000] {logging_mixin.py:188} INFO - [2026-08-13T12:33:24.932+0000] {dag.py:3823} INFO - Setting next_dagrun for tutorial to 2026-08-12 00:00:00+00:00, run_after=2026-08-13 00:00:00+00:00
[2026-08-13T12:33:25.026+0000] {processor.py:183} INFO - Processing /home/airflow/.local/lib/python3.8/site-packages/airflow/example_dags/tutorial.py took 0.812 seconds
[2026-08-13T12:33:55.702+0000] {processor.py:161} INFO - Started process (PID=140) to work on /home/airflow/.local/lib/python3.8/site-packages/airflow/example_dags/tutorial.py
[2026-08-13T12:33:55.704+0000] {processor.py:830} INFO - Processing file /home/airflow/.local/lib/python3.8/site-packages/airflow/example_dags/tutorial.py for tasks to queue
[2026-08-13T12:33:55.707+0000] {logging_mixin.py:188} INFO - [2026-08-13T12:33:55.707+0000] {dagbag.py:538} INFO - Filling up the DagBag from /home/airflow/.local/lib/python3.8/site-packages/airflow/example_dags/tutorial.py
[2026-08-13T12:33:55.719+0000] {processor.py:840} INFO - DAG(s) 'tutorial' retrieved from /home/airflow/.local/lib/python3.8/site-packages/airflow/example_dags/tutorial.py
[2026-08-13T12:33:55.762+0000] {logging_mixin.py:188} INFO - [2026-08-13T12:33:55.762+0000] {dag.py:3036} INFO - Sync 1 DAGs
[2026-08-13T12:33:55.801+0000] {logging_mixin.py:188} INFO - [2026-08-13T12:33:55.800+0000] {dag.py:3823} INFO - Setting next_dagrun for tutorial to 2026-08-12 00:00:00+00:00, run_after=2026-08-13 00:00:00+00:00
[2026-08-13T12:33:55.836+0000] {processor.py:183} INFO - Processing /home/airflow/.local/lib/python3.8/site-packages/airflow/example_dags/tutorial.py took 0.139 seconds
[2026-08-13T12:34:25.993+0000] {processor.py:161} INFO - Started process (PID=195) to work on /home/airflow/.local/lib/python3.8/site-packages/airflow/example_dags/tutorial.py
[2026-08-13T12:34:25.996+0000] {processor.py:830} INFO - Processing file /home/airflow/.local/lib/python3.8/site-packages/airflow/example_dags/tutorial.py for tasks to queue
[2026-08-13T12:34:26.000+0000] {logging_mixin.py:188} INFO - [2026-08-13T12:34:25.999+0000] {dagbag.py:538} INFO - Filling up the DagBag from /home/airflow/.local/lib/python3.8/site-packages/airflow/example_dags/tutorial.py
[2026-08-13T12:34:26.011+0000] {processor.py:840} INFO - DAG(s) 'tutorial' retrieved from /home/airflow/.local/lib/python3.8/site-packages/airflow/example_dags/tutorial.py
[2026-08-13T12:34:26.062+0000] {logging_mixin.py:188} INFO - [2026-08-13T12:34:26.062+0000] {dag.py:3036} INFO - Sync 1 DAGs
[2026-08-13T12:34:26.109+0000] {logging_mixin.py:188} INFO - [2026-08-13T12:34:26.109+0000] {dag.py:3823} INFO - Setting next_dagrun for tutorial to 2026-08-12 00:00:00+00:00, run_after=2026-08-13 00:00:00+00:00
[2026-08-13T12:34:26.147+0000] {processor.py:183} INFO - Processing /home/airflow/.local/lib/python3.8/site-packages/airflow/example_dags/tutorial.py took 0.161 seconds
[2026-08-13T12:34:56.303+0000] {processor.py:161} INFO - Started process (PID=250) to work on /home/airflow/.local/lib/python3.8/site-packages/airflow/example_dags/tutorial.py
[2026-08-13T12:34:56.305+0000] {processor.py:830} INFO - Processing file /home/airflow/.local/lib/python3.8/site-packages/airflow/example_dags/tutorial.py for tasks to queue
[2026-08-13T12:34:56.309+0000] {logging_mixin.py:188} INFO - [2026-08-13T12:34:56.308+0000] {dagbag.py:538} INFO - Filling up the DagBag from /home/airflow/.local/lib/python3.8/site-packages/airflow/example_dags/tutorial.py
[2026-08-13T12:34:56.318+0000] {processor.py:840} INFO - DAG(s) 'tutorial' retrieved from /home/airflow/.local/lib/python3.8/site-packages/airflow/example_dags/tutorial.py
[2026-08-13T12:34:56.351+0000] {logging_mixin.py:188} INFO - [2026-08-13T12:34:56.351+0000] {dag.py:3036} INFO - Sync 1 DAGs
[2026-08-13T12:34:56.377+0000] {logging_mixin.py:188} INFO - [2026-08-13T12:34:56.377+0000] {dag.py:3823} INFO - Setting next_dagrun for tutorial to 2026-08-12 00:00:00+00:00, run_after=2026-08-13 00:00:00+00:00
[2026-08-13T12:34:56.401+0000] {processor.py:183} INFO - Processing /home/airflow/.local/lib/python3.8/site-packages/airflow/example_dags/tutorial.py took 0.109 seconds
[2026-08-13T12:35:26.740+0000] {processor.py:161} INFO - Started process (PID=305) to work on /home/airflow/.local/lib/python3.8/site-packages/airflow/example_dags/tutorial.py
[2026-08-13T12:35:26.742+0000] {processor.py:830} INFO - Processing file /home/airflow/.local/lib/python3.8/site-packages/airflow/example_dags/tutorial.py for tasks to queue
[2026-08-13T12:35:26.747+0000] {logging_mixin.py:188} INFO - [2026-08-13T12:35:26.746+0000] {dagbag.py:538} INFO - Filling up the DagBag from /home/airflow/.local/lib/python3.8/site-packages/airflow/example_dags/tutorial.py
[2026-08-13T12:35:26.760+0000] {processor.py:840} INFO - DAG(s) 'tutorial' retrieved from /home/airflow/.local/lib/python3.8/site-packages/airflow/example_dags/tutorial.py
[2026-08-13T12:35:26.805+0000] {logging_mixin.py:188} INFO - [2026-08-13T12:35:26.805+0000] {dag.py:3036} INFO - Sync 1 DAGs
[2026-08-13T12:35:26.841+0000] {logging_mixin.py:188} INFO - [2026-08-13T12:35:26.840+0000] {dag.py:3823} INFO - Setting next_dagrun for tutorial to 2026-08-12 00:00:00+00:00, run_after=2026-08-13 00:00:00+00:00
[2026-08-13T12:35:26.875+0000] {processor.py:183} INFO - Processing /home/airflow/.local/lib/python3.8/site-packages/airflow/example_dags/tutorial.py took 0.143 seconds
[2026-08-13T12:35:57.801+0000] {processor.py:161} INFO - Started process (PID=360) to work on /home/airflow/.local/lib/python3.8/site-packages/airflow/example_dags/tutorial.py
[2026-08-13T12:35:57.803+0000] {processor.py:830} INFO - Processing file /home/airflow/.local/lib/python3.8/site-packages/airflow/example_dags/tutorial.py for tasks to queue
[2026-08-13T12:35:57.806+0000] {logging_mixin.py:188} INFO - [2026-08-13T12:35:57.806+0000] {dagbag.py:538} INFO - Filling up the DagBag from /home/airflow/.local/lib/python3.8/site-packages/airflow/example_dags/tutorial.py
[2026-08-13T12:35:57.816+0000] {processor.py:840} INFO - DAG(s) 'tutorial' retrieved from /home/airflow/.local/lib/python3.8/site-packages/airflow/example_dags/tutorial.py
[2026-08-13T12:35:57.847+0000] {logging_mixin.py:188} INFO - [2026-08-13T12:35:57.846+0000] {dag.py:3036} INFO - Sync 1 DAGs
[2026-08-13T12:35:57.884+0000] {logging_mixin.py:188} INFO - [2026-08-13T12:35:57.883+0000] {dag.py:3823} INFO - Setting next_dagrun for tutorial to 2026-08-12 00:00:00+00:00, run_after=2026-08-13 00:00:00+00:00
[2026-08-13T12:35:57.914+0000] {processor.py:183} INFO - Processing /home/airflow/.local/lib/python3.8/site-packages/airflow/example_dags/tutorial.py took 0.118 seconds
[2026-08-13T12:36:28.111+0000] {processor.py:161} INFO - Started process (PID=415) to work on /home/airflow/.local/lib/python3.8/site-packages/airflow/example_dags/tutorial.py
[2026-08-13T12:36:28.114+0000] {processor.py:830} INFO - Processing file /home/airflow/.local/lib/python3.8/site-packages/airflow/example_dags/tutorial.py for tasks to queue
[2026-08-13T12:36:28.120+0000] {logging_mixin.py:188} INFO - [2026-08-13T12:36:28.119+0000] {dagbag.py:538} INFO - Filling up the DagBag from /home/airflow/.local/lib/python3.8/site-packages/airflow/example_dags/tutorial.py
[2026-08-13T12:36:28.135+0000] {processor.py:840} INFO - DAG(s) 'tutorial' retrieved from /home/airflow/.local/lib/python3.8/site-packages/airflow/example_dags/tutorial.py
[2026-08-13T12:36:28.199+0000] {logging_mixin.py:188} INFO - [2026-08-13T12:36:28.198+0000] {dag.py:3036} INFO - Sync 1 DAGs
[2026-08-13T12:36:28.244+0000] {logging_mixin.py:188} INFO - [2026-08-13T12:36:28.243+0000] {dag.py:3823} INFO - Setting next_dagrun for tutorial to 2026-08-12 00:00:00+00:00, run_after=2026-08-13 00:00:00+00:00
[2026-08-13T12:36:28.294+0000] {processor.py:183} INFO - Processing /home/airflow/.local/lib/python3.8/site-packages/airflow/example_dags/tutorial.py took 0.188 seconds
[2026-08-13T12:41:32.288+0000] {processor.py:161} INFO - Started process (PID=107) to work on /home/airflow/.local/lib/python3.8/site-packages/airflow/example_dags/tutorial.py
[2026-08-13T12:41:32.318+0000] {processor.py:830} INFO - Processing file /home/airflow/.local/lib/python3.8/site-packages/airflow/example_dags/tutorial.py for tasks to queue
[2026-08-13T12:41:32.666+0000] {logging_mixin.py:188} INFO - [2026-08-13T12:41:32.664+0000] {dagbag.py:538} INFO - Filling up the DagBag from /home/airflow/.local/lib/python3.8/site-packages/airflow/example_dags/tutorial.py
[2026-08-13T12:41:32.759+0000] {processor.py:840} INFO - DAG(s) 'tutorial' retrieved from /home/airflow/.local/lib/python3.8/site-packages/airflow/example_dags/tutorial.py
[2026-08-13T12:41:33.781+0000] {logging_mixin.py:188} INFO - [2026-08-13T12:41:33.781+0000] {dag.py:3036} INFO - Sync 1 DAGs
[2026-08-13T12:41:34.187+0000] {logging_mixin.py:188} INFO - [2026-08-13T12:41:34.183+0000] {dag.py:3823} INFO - Setting next_dagrun for tutorial to 2026-08-12 00:00:00+00:00, run_after=2026-08-13 00:00:00+00:00
[2026-08-13T12:41:34.523+0000] {processor.py:183} INFO - Processing /home/airflow/.local/lib/python3.8/site-packages/airflow/example_dags/tutorial.py took 3.209 seconds
[2026-08-13T12:42:08.003+0000] {processor.py:161} INFO - Started process (PID=162) to work on /home/airflow/.local/lib/python3.8/site-packages/airflow/example_dags/tutorial.py
[2026-08-13T12:42:08.006+0000] {processor.py:830} INFO - Processing file /home/airflow/.local/lib/python3.8/site-packages/airflow/example_dags/tutorial.py for tasks to queue
[2026-08-13T12:42:08.014+0000] {logging_mixin.py:188} INFO - [2026-08-13T12:42:08.013+0000] {dagbag.py:538} INFO - Filling up the DagBag from /home/airflow/.local/lib/python3.8/site-packages/airflow/example_dags/tutorial.py
[2026-08-13T12:42:08.046+0000] {processor.py:840} INFO - DAG(s) 'tutorial' retrieved from /home/airflow/.local/lib/python3.8/site-packages/airflow/example_dags/tutorial.py
[2026-08-13T12:42:08.140+0000] {logging_mixin.py:188} INFO - [2026-08-13T12:42:08.136+0000] {dag.py:3036} INFO - Sync 1 DAGs
[2026-08-13T12:42:08.240+0000] {logging_mixin.py:188} INFO - [2026-08-13T12:42:08.240+0000] {dag.py:3823} INFO - Setting next_dagrun for tutorial to 2026-08-12 00:00:00+00:00, run_after=2026-08-13 00:00:00+00:00
[2026-08-13T12:42:08.363+0000] {processor.py:183} INFO - Processing /home/airflow/.local/lib/python3.8/site-packages/airflow/example_dags/tutorial.py took 0.370 seconds
[2026-08-13T12:42:40.549+0000] {processor.py:161} INFO - Started process (PID=216) to work on /home/airflow/.local/lib/python3.8/site-packages/airflow/example_dags/tutorial.py
[2026-08-13T12:42:40.553+0000] {processor.py:830} INFO - Processing file /home/airflow/.local/lib/python3.8/site-packages/airflow/example_dags/tutorial.py for tasks to queue
[2026-08-13T12:42:40.572+0000] {logging_mixin.py:188} INFO - [2026-08-13T12:42:40.571+0000] {dagbag.py:538} INFO - Filling up the DagBag from /home/airflow/.local/lib/python3.8/site-packages/airflow/example_dags/tutorial.py
[2026-08-13T12:42:40.952+0000] {processor.py:840} INFO - DAG(s) 'tutorial' retrieved from /home/airflow/.local/lib/python3.8/site-packages/airflow/example_dags/tutorial.py
[2026-08-13T12:45:37.255+0000] {processor.py:161} INFO - Started process (PID=95) to work on /home/airflow/.local/lib/python3.8/site-packages/airflow/example_dags/tutorial.py
[2026-08-13T12:45:37.266+0000] {processor.py:830} INFO - Processing file /home/airflow/.local/lib/python3.8/site-packages/airflow/example_dags/tutorial.py for tasks to queue
[2026-08-13T12:45:37.317+0000] {logging_mixin.py:188} INFO - [2026-08-13T12:45:37.311+0000] {dagbag.py:538} INFO - Filling up the DagBag from /home/airflow/.local/lib/python3.8/site-packages/airflow/example_dags/tutorial.py
[2026-08-13T12:45:37.413+0000] {processor.py:840} INFO - DAG(s) 'tutorial' retrieved from /home/airflow/.local/lib/python3.8/site-packages/airflow/example_dags/tutorial.py
[2026-08-13T12:45:38.576+0000] {logging_mixin.py:188} INFO - [2026-08-13T12:45:38.573+0000] {dag.py:3036} INFO - Sync 1 DAGs
[2026-08-13T12:45:38.800+0000] {logging_mixin.py:188} INFO - [2026-08-13T12:45:38.797+0000] {dag.py:3823} INFO - Setting next_dagrun for tutorial to 2026-08-12 00:00:00+00:00, run_after=2026-08-13 00:00:00+00:00
[2026-08-13T12:45:39.005+0000] {processor.py:183} INFO - Processing /home/airflow/.local/lib/python3.8/site-packages/airflow/example_dags/tutorial.py took 1.870 seconds
[2026-08-13T12:46:11.904+0000] {processor.py:161} INFO - Started process (PID=150) to work on /home/airflow/.local/lib/python3.8/site-packages/airflow/example_dags/tutorial.py
[2026-08-13T12:46:11.909+0000] {processor.py:830} INFO - Processing file /home/airflow/.local/lib/python3.8/site-packages/airflow/example_dags/tutorial.py for tasks to queue
[2026-08-13T12:46:11.923+0000] {logging_mixin.py:188} INFO - [2026-08-13T12:46:11.915+0000] {dagbag.py:538} INFO - Filling up the DagBag from /home/airflow/.local/lib/python3.8/site-packages/airflow/example_dags/tutorial.py
[2026-08-13T12:46:11.953+0000] {processor.py:840} INFO - DAG(s) 'tutorial' retrieved from /home/airflow/.local/lib/python3.8/site-packages/airflow/example_dags/tutorial.py
[2026-08-13T12:46:12.070+0000] {logging_mixin.py:188} INFO - [2026-08-13T12:46:12.069+0000] {dag.py:3036} INFO - Sync 1 DAGs
[2026-08-13T12:46:12.201+0000] {logging_mixin.py:188} INFO - [2026-08-13T12:46:12.200+0000] {dag.py:3823} INFO - Setting next_dagrun for tutorial to 2026-08-12 00:00:00+00:00, run_after=2026-08-13 00:00:00+00:00
[2026-08-13T12:46:12.297+0000] {processor.py:183} INFO - Processing /home/airflow/.local/lib/python3.8/site-packages/airflow/example_dags/tutorial.py took 0.411 seconds
[2026-08-13T12:46:42.973+0000] {processor.py:161} INFO - Started process (PID=203) to work on /home/airflow/.local/lib/python3.8/site-packages/airflow/example_dags/tutorial.py
[2026-08-13T12:46:42.976+0000] {processor.py:830} INFO - Processing file /home/airflow/.local/lib/python3.8/site-packages/airflow/example_dags/tutorial.py for tasks to queue
[2026-08-13T12:46:42.981+0000] {logging_mixin.py:188} INFO - [2026-08-13T12:46:42.980+0000] {dagbag.py:538} INFO - Filling up the DagBag from /home/airflow/.local/lib/python3.8/site-packages/airflow/example_dags/tutorial.py
[2026-08-13T12:46:42.998+0000] {processor.py:840} INFO - DAG(s) 'tutorial' retrieved from /home/airflow/.local/lib/python3.8/site-packages/airflow/example_dags/tutorial.py
[2026-08-13T12:46:43.050+0000] {logging_mixin.py:188} INFO - [2026-08-13T12:46:43.050+0000] {dag.py:3036} INFO - Sync 1 DAGs
[2026-08-13T12:46:43.152+0000] {logging_mixin.py:188} INFO - [2026-08-13T12:46:43.151+0000] {dag.py:3823} INFO - Setting next_dagrun for tutorial to 2026-08-12 00:00:00+00:00, run_after=2026-08-13 00:00:00+00:00
[2026-08-13T12:46:43.192+0000] {processor.py:183} INFO - Processing /home/airflow/.local/lib/python3.8/site-packages/airflow/example_dags/tutorial.py took 0.229 seconds
[2026-08-13T12:47:14.474+0000] {processor.py:161} INFO - Started process (PID=258) to work on /home/airflow/.local/lib/python3.8/site-packages/airflow/example_dags/tutorial.py
[2026-08-13T12:47:14.492+0000] {processor.py:830} INFO - Processing file /home/airflow/.local/lib/python3.8/site-packages/airflow/example_dags/tutorial.py for tasks to queue
[2026-08-13T12:47:14.502+0000] {logging_mixin.py:188} INFO - [2026-08-13T12:47:14.501+0000] {dagbag.py:538} INFO - Filling up the DagBag from /home/airflow/.local/lib/python3.8/site-packages/airflow/example_dags/tutorial.py
[2026-08-13T12:47:14.566+0000] {processor.py:840} INFO - DAG(s) 'tutorial' retrieved from /home/airflow/.local/lib/python3.8/site-packages/airflow/example_dags/tutorial.py
[2026-08-13T12:47:14.776+0000] {logging_mixin.py:188} INFO - [2026-08-13T12:47:14.775+0000] {dag.py:3036} INFO - Sync 1 DAGs
[2026-08-13T12:47:14.970+0000] {logging_mixin.py:188} INFO - [2026-08-13T12:47:14.969+0000] {dag.py:3823} INFO - Setting next_dagrun for tutorial to 2026-08-12 00:00:00+00:00, run_after=2026-08-13 00:00:00+00:00
[2026-08-13T12:47:15.063+0000] {processor.py:183} INFO - Processing /home/airflow/.local/lib/python3.8/site-packages/airflow/example_dags/tutorial.py took 0.608 seconds
[2026-08-13T12:47:45.150+0000] {processor.py:161} INFO - Started process (PID=313) to work on /home/airflow/.local/lib/python3.8/site-packages/airflow/example_dags/tutorial.py
[2026-08-13T12:47:45.152+0000] {processor.py:830} INFO - Processing file /home/airflow/.local/lib/python3.8/site-packages/airflow/example_dags/tutorial.py for tasks to queue
[2026-08-13T12:47:45.156+0000] {logging_mixin.py:188} INFO - [2026-08-13T12:47:45.156+0000] {dagbag.py:538} INFO - Filling up the DagBag from /home/airflow/.local/lib/python3.8/site-packages/airflow/example_dags/tutorial.py
[2026-08-13T12:47:45.166+0000] {processor.py:840} INFO - DAG(s) 'tutorial' retrieved from /home/airflow/.local/lib/python3.8/site-packages/airflow/example_dags/tutorial.py
[2026-08-13T12:47:45.200+0000] {logging_mixin.py:188} INFO - [2026-08-13T12:47:45.199+0000] {dag.py:3036} INFO - Sync 1 DAGs
[2026-08-13T12:47:45.232+0000] {logging_mixin.py:188} INFO - [2026-08-13T12:47:45.232+0000] {dag.py:3823} INFO - Setting next_dagrun for tutorial to 2026-08-12 00:00:00+00:00, run_after=2026-08-13 00:00:00+00:00
[2026-08-13T12:47:45.262+0000] {processor.py:183} INFO - Processing /home/airflow/.local/lib/python3.8/site-packages/airflow/example_dags/tutorial.py took 0.117 seconds
[2026-08-13T12:48:15.712+0000] {processor.py:161} INFO - Started process (PID=368) to work on /home/airflow/.local/lib/python3.8/site-packages/airflow/example_dags/tutorial.py
[2026-08-13T12:48:15.716+0000] {processor.py:830} INFO - Processing file /home/airflow/.local/lib/python3.8/site-packages/airflow/example_dags/tutorial.py for tasks to queue
[2026-08-13T12:48:15.719+0000] {logging_mixin.py:188} INFO - [2026-08-13T12:48:15.719+0000] {dagbag.py:538} INFO - Filling up the DagBag from /home/airflow/.local/lib/python3.8/site-packages/airflow/example_dags/tutorial.py
[2026-08-13T12:48:15.733+0000] {processor.py:840} INFO - DAG(s) 'tutorial' retrieved from /home/airflow/.local/lib/python3.8/site-packages/airflow/example_dags/tutorial.py
[2026-08-13T12:48:15.773+0000] {logging_mixin.py:188} INFO - [2026-08-13T12:48:15.773+0000] {dag.py:3036} INFO - Sync 1 DAGs
[2026-08-13T12:48:15.825+0000] {logging_mixin.py:188} INFO - [2026-08-13T12:48:15.824+0000] {dag.py:3823} INFO - Setting next_dagrun for tutorial to 2026-08-12 00:00:00+00:00, run_after=2026-08-13 00:00:00+00:00
[2026-08-13T12:48:15.866+0000] {processor.py:183} INFO - Processing /home/airflow/.local/lib/python3.8/site-packages/airflow/example_dags/tutorial.py took 0.161 seconds
[2026-08-13T12:48:46.643+0000] {processor.py:161} INFO - Started process (PID=424) to work on /home/airflow/.local/lib/python3.8/site-packages/airflow/example_dags/tutorial.py
[2026-08-13T12:48:46.647+0000] {processor.py:830} INFO - Processing file /home/airflow/.local/lib/python3.8/site-packages/airflow/example_dags/tutorial.py for tasks to queue
[2026-08-13T12:48:46.650+0000] {logging_mixin.py:188} INFO - [2026-08-13T12:48:46.650+0000] {dagbag.py:538} INFO - Filling up the DagBag from /home/airflow/.local/lib/python3.8/site-packages/airflow/example_dags/tutorial.py
[2026-08-13T12:48:46.660+0000] {processor.py:840} INFO - DAG(s) 'tutorial' retrieved from /home/airflow/.local/lib/python3.8/site-packages/airflow/example_dags/tutorial.py
[2026-08-13T12:48:46.707+0000] {logging_mixin.py:188} INFO - [2026-08-13T12:48:46.707+0000] {dag.py:3036} INFO - Sync 1 DAGs
[2026-08-13T12:48:46.801+0000] {logging_mixin.py:188} INFO - [2026-08-13T12:48:46.800+0000] {dag.py:3823} INFO - Setting next_dagrun for tutorial to 2026-08-12 00:00:00+00:00, run_after=2026-08-13 00:00:00+00:00
[2026-08-13T12:48:46.888+0000] {processor.py:183} INFO - Processing /home/airflow/.local/lib/python3.8/site-packages/airflow/example_dags/tutorial.py took 0.249 seconds
[2026-08-13T12:49:17.487+0000] {processor.py:161} INFO - Started process (PID=479) to work on /home/airflow/.local/lib/python3.8/site-packages/airflow/example_dags/tutorial.py
[2026-08-13T12:49:17.491+0000] {processor.py:830} INFO - Processing file /home/airflow/.local/lib/python3.8/site-packages/airflow/example_dags/tutorial.py for tasks to queue
[2026-08-13T12:49:17.498+0000] {logging_mixin.py:188} INFO - [2026-08-13T12:49:17.496+0000] {dagbag.py:538} INFO - Filling up the DagBag from /home/airflow/.local/lib/python3.8/site-packages/airflow/example_dags/tutorial.py
[2026-08-13T12:49:17.517+0000] {processor.py:840} INFO - DAG(s) 'tutorial' retrieved from /home/airflow/.local/lib/python3.8/site-packages/airflow/example_dags/tutorial.py
[2026-08-13T12:49:17.578+0000] {logging_mixin.py:188} INFO - [2026-08-13T12:49:17.577+0000] {dag.py:3036} INFO - Sync 1 DAGs
[2026-08-13T12:49:17.633+0000] {logging_mixin.py:188} INFO - [2026-08-13T12:49:17.633+0000] {dag.py:3823} INFO - Setting next_dagrun for tutorial to 2026-08-12 00:00:00+00:00, run_after=2026-08-13 00:00:00+00:00
[2026-08-13T12:49:17.687+0000] {processor.py:183} INFO - Processing /home/airflow/.local/lib/python3.8/site-packages/airflow/example_dags/tutorial.py took 0.208 seconds
[2026-08-13T12:49:49.129+0000] {processor.py:161} INFO - Started process (PID=534) to work on /home/airflow/.local/lib/python3.8/site-packages/airflow/example_dags/tutorial.py
[2026-08-13T12:49:49.132+0000] {processor.py:830} INFO - Processing file /home/airflow/.local/lib/python3.8/site-packages/airflow/example_dags/tutorial.py for tasks to queue
[2026-08-13T12:49:49.145+0000] {logging_mixin.py:188} INFO - [2026-08-13T12:49:49.143+0000] {dagbag.py:538} INFO - Filling up the DagBag from /home/airflow/.local/lib/python3.8/site-packages/airflow/example_dags/tutorial.py
[2026-08-13T12:49:49.189+0000] {processor.py:840} INFO - DAG(s) 'tutorial' retrieved from /home/airflow/.local/lib/python3.8/site-packages/airflow/example_dags/tutorial.py
[2026-08-13T12:49:49.324+0000] {logging_mixin.py:188} INFO - [2026-08-13T12:49:49.323+0000] {dag.py:3036} INFO - Sync 1 DAGs
[2026-08-13T12:49:49.473+0000] {logging_mixin.py:188} INFO - [2026-08-13T12:49:49.472+0000] {dag.py:3823} INFO - Setting next_dagrun for tutorial to 2026-08-12 00:00:00+00:00, run_after=2026-08-13 00:00:00+00:00
[2026-08-13T12:49:49.598+0000] {processor.py:183} INFO - Processing /home/airflow/.local/lib/python3.8/site-packages/airflow/example_dags/tutorial.py took 0.490 seconds
[2026-08-13T12:50:20.174+0000] {processor.py:161} INFO - Started process (PID=589) to work on /home/airflow/.local/lib/python3.8/site-packages/airflow/example_dags/tutorial.py
[2026-08-13T12:50:20.176+0000] {processor.py:830} INFO - Processing file /home/airflow/.local/lib/python3.8/site-packages/airflow/example_dags/tutorial.py for tasks to queue
[2026-08-13T12:50:20.180+0000] {logging_mixin.py:188} INFO - [2026-08-13T12:50:20.180+0000] {dagbag.py:538} INFO - Filling up the DagBag from /home/airflow/.local/lib/python3.8/site-packages/airflow/example_dags/tutorial.py
[2026-08-13T12:50:20.195+0000] {processor.py:840} INFO - DAG(s) 'tutorial' retrieved from /home/airflow/.local/lib/python3.8/site-packages/airflow/example_dags/tutorial.py
[2026-08-13T12:50:20.249+0000] {logging_mixin.py:188} INFO - [2026-08-13T12:50:20.249+0000] {dag.py:3036} INFO - Sync 1 DAGs
[2026-08-13T12:50:20.312+0000] {logging_mixin.py:188} INFO - [2026-08-13T12:50:20.311+0000] {dag.py:3823} INFO - Setting next_dagrun for tutorial to 2026-08-12 00:00:00+00:00, run_after=2026-08-13 00:00:00+00:00
[2026-08-13T12:50:20.378+0000] {processor.py:183} INFO - Processing /home/airflow/.local/lib/python3.8/site-packages/airflow/example_dags/tutorial.py took 0.210 seconds
[2026-08-13T12:50:50.811+0000] {processor.py:161} INFO - Started process (PID=644) to work on /home/airflow/.local/lib/python3.8/site-packages/airflow/example_dags/tutorial.py
[2026-08-13T12:50:50.815+0000] {processor.py:830} INFO - Processing file /home/airflow/.local/lib/python3.8/site-packages/airflow/example_dags/tutorial.py for tasks to queue
[2026-08-13T12:50:50.819+0000] {logging_mixin.py:188} INFO - [2026-08-13T12:50:50.819+0000] {dagbag.py:538} INFO - Filling up the DagBag from /home/airflow/.local/lib/python3.8/site-packages/airflow/example_dags/tutorial.py
[2026-08-13T12:50:50.830+0000] {processor.py:840} INFO - DAG(s) 'tutorial' retrieved from /home/airflow/.local/lib/python3.8/site-packages/airflow/example_dags/tutorial.py
[2026-08-13T12:50:50.870+0000] {logging_mixin.py:188} INFO - [2026-08-13T12:50:50.869+0000] {dag.py:3036} INFO - Sync 1 DAGs
[2026-08-13T12:50:50.906+0000] {logging_mixin.py:188} INFO - [2026-08-13T12:50:50.906+0000] {dag.py:3823} INFO - Setting next_dagrun for tutorial to 2026-08-12 00:00:00+00:00, run_after=2026-08-13 00:00:00+00:00
[2026-08-13T12:50:50.933+0000] {processor.py:183} INFO - Processing /home/airflow/.local/lib/python3.8/site-packages/airflow/example_dags/tutorial.py took 0.130 seconds
[2026-08-13T12:51:21.291+0000] {processor.py:161} INFO - Started process (PID=697) to work on /home/airflow/.local/lib/python3.8/site-packages/airflow/example_dags/tutorial.py
[2026-08-13T12:51:21.294+0000] {processor.py:830} INFO - Processing file /home/airflow/.local/lib/python3.8/site-packages/airflow/example_dags/tutorial.py for tasks to queue
[2026-08-13T12:51:21.298+0000] {logging_mixin.py:188} INFO - [2026-08-13T12:51:21.298+0000] {dagbag.py:538} INFO - Filling up the DagBag from /home/airflow/.local/lib/python3.8/site-packages/airflow/example_dags/tutorial.py
[2026-08-13T12:51:21.318+0000] {processor.py:840} INFO - DAG(s) 'tutorial' retrieved from /home/airflow/.local/lib/python3.8/site-packages/airflow/example_dags/tutorial.py
[2026-08-13T12:51:21.355+0000] {logging_mixin.py:188} INFO - [2026-08-13T12:51:21.355+0000] {dag.py:3036} INFO - Sync 1 DAGs
[2026-08-13T12:51:21.407+0000] {logging_mixin.py:188} INFO - [2026-08-13T12:51:21.406+0000] {dag.py:3823} INFO - Setting next_dagrun for tutorial to 2026-08-12 00:00:00+00:00, run_after=2026-08-13 00:00:00+00:00
[2026-08-13T12:51:21.445+0000] {processor.py:183} INFO - Processing /home/airflow/.local/lib/python3.8/site-packages/airflow/example_dags/tutorial.py took 0.163 seconds
[2026-08-13T12:51:51.556+0000] {processor.py:161} INFO - Started process (PID=752) to work on /home/airflow/.local/lib/python3.8/site-packages/airflow/example_dags/tutorial.py
[2026-08-13T12:51:51.559+0000] {processor.py:830} INFO - Processing file /home/airflow/.local/lib/python3.8/site-packages/airflow/example_dags/tutorial.py for tasks to queue
[2026-08-13T12:51:51.567+0000] {logging_mixin.py:188} INFO - [2026-08-13T12:51:51.566+0000] {dagbag.py:538} INFO - Filling up the DagBag from /home/airflow/.local/lib/python3.8/site-packages/airflow/example_dags/tutorial.py
[2026-08-13T12:51:51.576+0000] {processor.py:840} INFO - DAG(s) 'tutorial' retrieved from /home/airflow/.local/lib/python3.8/site-packages/airflow/example_dags/tutorial.py
[2026-08-13T12:51:51.609+0000] {logging_mixin.py:188} INFO - [2026-08-13T12:51:51.609+0000] {dag.py:3036} INFO - Sync 1 DAGs
[2026-08-13T12:51:51.651+0000] {logging_mixin.py:188} INFO - [2026-08-13T12:51:51.650+0000] {dag.py:3823} INFO - Setting next_dagrun for tutorial to 2026-08-12 00:00:00+00:00, run_after=2026-08-13 00:00:00+00:00
[2026-08-13T12:51:51.687+0000] {processor.py:183} INFO - Processing /home/airflow/.local/lib/python3.8/site-packages/airflow/example_dags/tutorial.py took 0.137 seconds
[2026-08-13T12:52:22.547+0000] {processor.py:161} INFO - Started process (PID=807) to work on /home/airflow/.local/lib/python3.8/site-packages/airflow/example_dags/tutorial.py
[2026-08-13T12:52:22.556+0000] {processor.py:830} INFO - Processing file /home/airflow/.local/lib/python3.8/site-packages/airflow/example_dags/tutorial.py for tasks to queue
[2026-08-13T12:52:22.563+0000] {logging_mixin.py:188} INFO - [2026-08-13T12:52:22.562+0000] {dagbag.py:538} INFO - Filling up the DagBag from /home/airflow/.local/lib/python3.8/site-packages/airflow/example_dags/tutorial.py
[2026-08-13T12:52:22.600+0000] {processor.py:840} INFO - DAG(s) 'tutorial' retrieved from /home/airflow/.local/lib/python3.8/site-packages/airflow/example_dags/tutorial.py
[2026-08-13T12:52:22.710+0000] {logging_mixin.py:188} INFO - [2026-08-13T12:52:22.708+0000] {dag.py:3036} INFO - Sync 1 DAGs
[2026-08-13T12:52:22.821+0000] {logging_mixin.py:188} INFO - [2026-08-13T12:52:22.820+0000] {dag.py:3823} INFO - Setting next_dagrun for tutorial to 2026-08-12 00:00:00+00:00, run_after=2026-08-13 00:00:00+00:00
[2026-08-13T12:52:22.894+0000] {processor.py:183} INFO - Processing /home/airflow/.local/lib/python3.8/site-packages/airflow/example_dags/tutorial.py took 0.357 seconds
[2026-08-13T12:52:53.751+0000] {processor.py:161} INFO - Started process (PID=862) to work on /home/airflow/.local/lib/python3.8/site-packages/airflow/example_dags/tutorial.py
[2026-08-13T12:52:53.753+0000] {processor.py:830} INFO - Processing file /home/airflow/.local/lib/python3.8/site-packages/airflow/example_dags/tutorial.py for tasks to queue
[2026-08-13T12:52:53.756+0000] {logging_mixin.py:188} INFO - [2026-08-13T12:52:53.755+0000] {dagbag.py:538} INFO - Filling up the DagBag from /home/airflow/.local/lib/python3.8/site-packages/airflow/example_dags/tutorial.py
[2026-08-13T12:52:53.768+0000] {processor.py:840} INFO - DAG(s) 'tutorial' retrieved from /home/airflow/.local/lib/python3.8/site-packages/airflow/example_dags/tutorial.py
[2026-08-13T12:52:53.809+0000] {logging_mixin.py:188} INFO - [2026-08-13T12:52:53.808+0000] {dag.py:3036} INFO - Sync 1 DAGs
[2026-08-13T12:52:53.845+0000] {logging_mixin.py:188} INFO - [2026-08-13T12:52:53.844+0000] {dag.py:3823} INFO - Setting next_dagrun for tutorial to 2026-08-12 00:00:00+00:00, run_after=2026-08-13 00:00:00+00:00
[2026-08-13T12:52:53.877+0000] {processor.py:183} INFO - Processing /home/airflow/.local/lib/python3.8/site-packages/airflow/example_dags/tutorial.py took 0.131 seconds
[2026-08-13T12:53:24.053+0000] {processor.py:161} INFO - Started process (PID=917) to work on /home/airflow/.local/lib/python3.8/site-packages/airflow/example_dags/tutorial.py
[2026-08-13T12:53:24.059+0000] {processor.py:830} INFO - Processing file /home/airflow/.local/lib/python3.8/site-packages/airflow/example_dags/tutorial.py for tasks to queue
[2026-08-13T12:53:24.075+0000] {logging_mixin.py:188} INFO - [2026-08-13T12:53:24.072+0000] {dagbag.py:538} INFO - Filling up the DagBag from /home/airflow/.local/lib/python3.8/site-packages/airflow/example_dags/tutorial.py
[2026-08-13T12:53:24.110+0000] {processor.py:840} INFO - DAG(s) 'tutorial' retrieved from /home/airflow/.local/lib/python3.8/site-packages/airflow/example_dags/tutorial.py
[2026-08-13T12:53:24.236+0000] {logging_mixin.py:188} INFO - [2026-08-13T12:53:24.235+0000] {dag.py:3036} INFO - Sync 1 DAGs
[2026-08-13T12:53:24.364+0000] {logging_mixin.py:188} INFO - [2026-08-13T12:53:24.356+0000] {dag.py:3823} INFO - Setting next_dagrun for tutorial to 2026-08-12 00:00:00+00:00, run_after=2026-08-13 00:00:00+00:00
[2026-08-13T12:53:24.434+0000] {processor.py:183} INFO - Processing /home/airflow/.local/lib/python3.8/site-packages/airflow/example_dags/tutorial.py took 0.401 seconds
[2026-08-13T12:53:55.085+0000] {processor.py:161} INFO - Started process (PID=972) to work on /home/airflow/.local/lib/python3.8/site-packages/airflow/example_dags/tutorial.py
[2026-08-13T12:53:55.090+0000] {processor.py:830} INFO - Processing file /home/airflow/.local/lib/python3.8/site-packages/airflow/example_dags/tutorial.py for tasks to queue
[2026-08-13T12:53:55.097+0000] {logging_mixin.py:188} INFO - [2026-08-13T12:53:55.096+0000] {dagbag.py:538} INFO - Filling up the DagBag from /home/airflow/.local/lib/python3.8/site-packages/airflow/example_dags/tutorial.py
[2026-08-13T12:53:55.116+0000] {processor.py:840} INFO - DAG(s) 'tutorial' retrieved from /home/airflow/.local/lib/python3.8/site-packages/airflow/example_dags/tutorial.py
[2026-08-13T12:53:55.173+0000] {logging_mixin.py:188} INFO - [2026-08-13T12:53:55.172+0000] {dag.py:3036} INFO - Sync 1 DAGs
[2026-08-13T12:53:55.230+0000] {logging_mixin.py:188} INFO - [2026-08-13T12:53:55.228+0000] {dag.py:3823} INFO - Setting next_dagrun for tutorial to 2026-08-12 00:00:00+00:00, run_after=2026-08-13 00:00:00+00:00
[2026-08-13T12:53:55.284+0000] {processor.py:183} INFO - Processing /home/airflow/.local/lib/python3.8/site-packages/airflow/example_dags/tutorial.py took 0.210 seconds
[2026-08-13T12:54:26.300+0000] {processor.py:161} INFO - Started process (PID=1027) to work on /home/airflow/.local/lib/python3.8/site-packages/airflow/example_dags/tutorial.py
[2026-08-13T12:54:26.312+0000] {processor.py:830} INFO - Processing file /home/airflow/.local/lib/python3.8/site-packages/airflow/example_dags/tutorial.py for tasks to queue
[2026-08-13T12:54:26.316+0000] {logging_mixin.py:188} INFO - [2026-08-13T12:54:26.316+0000] {dagbag.py:538} INFO - Filling up the DagBag from /home/airflow/.local/lib/python3.8/site-packages/airflow/example_dags/tutorial.py
[2026-08-13T12:54:26.349+0000] {processor.py:840} INFO - DAG(s) 'tutorial' retrieved from /home/airflow/.local/lib/python3.8/site-packages/airflow/example_dags/tutorial.py
[2026-08-13T12:54:26.409+0000] {logging_mixin.py:188} INFO - [2026-08-13T12:54:26.408+0000] {dag.py:3036} INFO - Sync 1 DAGs
[2026-08-13T12:54:26.483+0000] {logging_mixin.py:188} INFO - [2026-08-13T12:54:26.482+0000] {dag.py:3823} INFO - Setting next_dagrun for tutorial to 2026-08-12 00:00:00+00:00, run_after=2026-08-13 00:00:00+00:00
[2026-08-13T12:54:26.552+0000] {processor.py:183} INFO - Processing /home/airflow/.local/lib/python3.8/site-packages/airflow/example_dags/tutorial.py took 0.260 seconds
[2026-08-13T12:54:57.554+0000] {processor.py:161} INFO - Started process (PID=1082) to work on /home/airflow/.local/lib/python3.8/site-packages/airflow/example_dags/tutorial.py
[2026-08-13T12:54:57.558+0000] {processor.py:830} INFO - Processing file /home/airflow/.local/lib/python3.8/site-packages/airflow/example_dags/tutorial.py for tasks to queue
[2026-08-13T12:54:57.564+0000] {logging_mixin.py:188} INFO - [2026-08-13T12:54:57.563+0000] {dagbag.py:538} INFO - Filling up the DagBag from /home/airflow/.local/lib/python3.8/site-packages/airflow/example_dags/tutorial.py
[2026-08-13T12:54:57.572+0000] {processor.py:840} INFO - DAG(s) 'tutorial' retrieved from /home/airflow/.local/lib/python3.8/site-packages/airflow/example_dags/tutorial.py
[2026-08-13T12:54:57.612+0000] {logging_mixin.py:188} INFO - [2026-08-13T12:54:57.612+0000] {dag.py:3036} INFO - Sync 1 DAGs
[2026-08-13T12:54:57.651+0000] {logging_mixin.py:188} INFO - [2026-08-13T12:54:57.651+0000] {dag.py:3823} INFO - Setting next_dagrun for tutorial to 2026-08-12 00:00:00+00:00, run_after=2026-08-13 00:00:00+00:00
[2026-08-13T12:54:57.687+0000] {processor.py:183} INFO - Processing /home/airflow/.local/lib/python3.8/site-packages/airflow/example_dags/tutorial.py took 0.138 seconds
[2026-08-13T12:55:28.178+0000] {processor.py:161} INFO - Started process (PID=1137) to work on /home/airflow/.local/lib/python3.8/site-packages/airflow/example_dags/tutorial.py
[2026-08-13T12:55:28.181+0000] {processor.py:830} INFO - Processing file /home/airflow/.local/lib/python3.8/site-packages/airflow/example_dags/tutorial.py for tasks to queue
[2026-08-13T12:55:28.189+0000] {logging_mixin.py:188} INFO - [2026-08-13T12:55:28.188+0000] {dagbag.py:538} INFO - Filling up the DagBag from /home/airflow/.local/lib/python3.8/site-packages/airflow/example_dags/tutorial.py
[2026-08-13T12:55:28.200+0000] {processor.py:840} INFO - DAG(s) 'tutorial' retrieved from /home/airflow/.local/lib/python3.8/site-packages/airflow/example_dags/tutorial.py
[2026-08-13T12:55:28.231+0000] {logging_mixin.py:188} INFO - [2026-08-13T12:55:28.231+0000] {dag.py:3036} INFO - Sync 1 DAGs
[2026-08-13T12:55:28.266+0000] {logging_mixin.py:188} INFO - [2026-08-13T12:55:28.265+0000] {dag.py:3823} INFO - Setting next_dagrun for tutorial to 2026-08-12 00:00:00+00:00, run_after=2026-08-13 00:00:00+00:00
[2026-08-13T12:55:28.303+0000] {processor.py:183} INFO - Processing /home/airflow/.local/lib/python3.8/site-packages/airflow/example_dags/tutorial.py took 0.133 seconds
[2026-08-13T12:55:58.853+0000] {processor.py:161} INFO - Started process (PID=1192) to work on /home/airflow/.local/lib/python3.8/site-packages/airflow/example_dags/tutorial.py
[2026-08-13T12:55:58.856+0000] {processor.py:830} INFO - Processing file /home/airflow/.local/lib/python3.8/site-packages/airflow/example_dags/tutorial.py for tasks to queue
[2026-08-13T12:55:58.859+0000] {logging_mixin.py:188} INFO - [2026-08-13T12:55:58.859+0000] {dagbag.py:538} INFO - Filling up the DagBag from /home/airflow/.local/lib/python3.8/site-packages/airflow/example_dags/tutorial.py
[2026-08-13T12:55:58.869+0000] {processor.py:840} INFO - DAG(s) 'tutorial' retrieved from /home/airflow/.local/lib/python3.8/site-packages/airflow/example_dags/tutorial.py
[2026-08-13T12:55:58.904+0000] {logging_mixin.py:188} INFO - [2026-08-13T12:55:58.904+0000] {dag.py:3036} INFO - Sync 1 DAGs
[2026-08-13T12:55:58.934+0000] {logging_mixin.py:188} INFO - [2026-08-13T12:55:58.934+0000] {dag.py:3823} INFO - Setting next_dagrun for tutorial to 2026-08-12 00:00:00+00:00, run_after=2026-08-13 00:00:00+00:00
[2026-08-13T12:55:58.962+0000] {processor.py:183} INFO - Processing /home/airflow/.local/lib/python3.8/site-packages/airflow/example_dags/tutorial.py took 0.117 seconds
[2026-08-13T12:56:29.153+0000] {processor.py:161} INFO - Started process (PID=1247) to work on /home/airflow/.local/lib/python3.8/site-packages/airflow/example_dags/tutorial.py
[2026-08-13T12:56:29.157+0000] {processor.py:830} INFO - Processing file /home/airflow/.local/lib/python3.8/site-packages/airflow/example_dags/tutorial.py for tasks to queue
[2026-08-13T12:56:29.161+0000] {logging_mixin.py:188} INFO - [2026-08-13T12:56:29.160+0000] {dagbag.py:538} INFO - Filling up the DagBag from /home/airflow/.local/lib/python3.8/site-packages/airflow/example_dags/tutorial.py
[2026-08-13T12:56:29.171+0000] {processor.py:840} INFO - DAG(s) 'tutorial' retrieved from /home/airflow/.local/lib/python3.8/site-packages/airflow/example_dags/tutorial.py
[2026-08-13T12:56:29.214+0000] {logging_mixin.py:188} INFO - [2026-08-13T12:56:29.213+0000] {dag.py:3036} INFO - Sync 1 DAGs
[2026-08-13T12:56:29.256+0000] {logging_mixin.py:188} INFO - [2026-08-13T12:56:29.256+0000] {dag.py:3823} INFO - Setting next_dagrun for tutorial to 2026-08-12 00:00:00+00:00, run_after=2026-08-13 00:00:00+00:00
[2026-08-13T12:56:29.292+0000] {processor.py:183} INFO - Processing /home/airflow/.local/lib/python3.8/site-packages/airflow/example_dags/tutorial.py took 0.147 seconds
[2026-08-13T12:57:00.224+0000] {processor.py:161} INFO - Started process (PID=1302) to work on /home/airflow/.local/lib/python3.8/site-packages/airflow/example_dags/tutorial.py
[2026-08-13T12:57:00.227+0000] {processor.py:830} INFO - Processing file /home/airflow/.local/lib/python3.8/site-packages/airflow/example_dags/tutorial.py for tasks to queue
[2026-08-13T12:57:00.234+0000] {logging_mixin.py:188} INFO - [2026-08-13T12:57:00.233+0000] {dagbag.py:538} INFO - Filling up the DagBag from /home/airflow/.local/lib/python3.8/site-packages/airflow/example_dags/tutorial.py
[2026-08-13T12:57:00.252+0000] {processor.py:840} INFO - DAG(s) 'tutorial' retrieved from /home/airflow/.local/lib/python3.8/site-packages/airflow/example_dags/tutorial.py
[2026-08-13T12:57:00.299+0000] {logging_mixin.py:188} INFO - [2026-08-13T12:57:00.298+0000] {dag.py:3036} INFO - Sync 1 DAGs
[2026-08-13T12:57:00.338+0000] {logging_mixin.py:188} INFO - [2026-08-13T12:57:00.338+0000] {dag.py:3823} INFO - Setting next_dagrun for tutorial to 2026-08-12 00:00:00+00:00, run_after=2026-08-13 00:00:00+00:00
[2026-08-13T12:57:00.368+0000] {processor.py:183} INFO - Processing /home/airflow/.local/lib/python3.8/site-packages/airflow/example_dags/tutorial.py took 0.150 seconds
